08-07 17:53:04.813  7881  7906 I TestRunner: started: radio_buttons_update_side_menu_subtotal(com.example.lunchtray.OrderFunctionalityTests)
08-07 17:53:04.825  7881  7906 W Settings: Setting always_finish_activities has moved from android.provider.Settings.System to android.provider.Settings.Global, returning read-only value.
08-07 17:53:04.838  1377  8717 D PhoneInterfaceManager: setDataEnabledForReason() Reason=1 Pid=952 App=system
08-07 17:53:04.840   536   536 I Zygote  : Process 4664 exited due to signal 9 (Killed)
08-07 17:53:04.849   952  1526 D ConnectivityService: ConnectivityService NetworkRequestInfo binderDied(uid/pid:10371/4664, android.os.BinderProxy@517f205)
08-07 17:53:04.849   952  1251 D ConnectivityService: releasing NetworkRequest [ REQUEST id=113249, [ Capabilities: INTERNET&NOT_RESTRICTED&TRUSTED&NOT_VCN_MANAGED Uid: 10371 RequestorUid: 10371 RequestorPkg: com.publy.news] ] (release request)
08-07 17:53:04.849   952  1251 D ConnectivityService:  Removing from current network [761 WIFI], leaving 171 requests.
08-07 17:53:04.855  1393  1393 D HidDeviceService: handleMessage(): msg.what=8
08-07 17:53:04.869   952   971 I system_server: Background young concurrent copying GC freed 214930(17MB) AllocSpace objects, 51(1824KB) LOS objects, 6% free, 174MB/187MB, paused 1.002ms,307us total 108.272ms
08-07 17:53:04.870   952  1307 D SemNscXgbMsL1: Probability - Cloud gaming: [0.102494195]
08-07 17:53:04.870   952  1307 D SemNscXgbMsL1: Probability - Real time: [0.11288818]
08-07 17:53:04.870   952  1307 D SemNscXgbMsL1: Probability - Non real time: [0.6739043]
08-07 17:53:04.870   952  1307 D SemNscXgbMsL1: 1 sample inference time: 0.212731 msecs
08-07 17:53:04.871   952  1307 D SemNscXgbL2Rt: L2 RT 1 sample inference time: 0.432424 msecs
08-07 17:53:04.871   952  1307 D SemNscXgbL2Nrt: L2 NRT 1 sample inference time: 0.381116 msecs
08-07 17:53:04.876  7881  7906 D CompatibilityChangeReporter: Compat change id reported: 160794467; UID 10704; state: ENABLED
08-07 17:53:04.895   952  2544 D PkgPredictorService-IpmAdcpController: create a new DexPreloadTask pkg:com.example.lunchtray  path:/data/app/~~6ZHKSOyH6C4aieMxQuPYLA==/com.example.lunchtray-clkp0OFoH3ds7cF62fs1rg==
08-07 17:53:04.895   952  2080 I SemDvfsHyPerManager: acquire hyper - AMS_APP_SWITCH/952@16, type = -999
08-07 17:53:04.895   568   614 I HYPER-HAL: [RequestManager.cpp]acquire(): Acquired ID : 469012  [952 / 16]    HINT : AMS_APP_SWITCH    list :
08-07 17:53:04.896  3311  3311 I SemDvfsHyPerManager: acquire hyper - APP_START_SHORT/3311@13, type = -999
08-07 17:53:04.897   628   642 I SurfaceFlinger: id=624586 createSurf (0x0),-1 flag=24004, Task=8205#0
08-07 17:53:04.903   568   614 I HYPER-HAL: [RequestManager.cpp]acquire(): Acquired ID : 5526163  [3311 / 13]    HINT : APP_START    list : [TIMEOUT / 1500]
08-07 17:53:04.907   628   642 I SurfaceFlinger: id=624587 createSurf (0x0),-1 flag=80004, ActivityRecord{beedbeb u0 com.example.lunchtray/androidx.test.core.app.InstrumentationActivityInvoker$BootstrapActivity t8205}#0
08-07 17:53:04.916   952  3302 I SemDvfsHyPerManager: acquire hyper - AMS_APP_LAUNCH/952@17, type = -999
08-07 17:53:04.916   568   614 I HYPER-HAL: [RequestManager.cpp]acquire(): Acquired ID : 469982  [952 / 17]    HINT : AMS_APP_LAUNCH    list :
08-07 17:53:04.917  3311  3311 I SemDvfsHyPerManager: acquire hyper - APP_START/3311@14, type = -999
08-07 17:53:04.918   568   614 I HYPER-HAL: [RequestManager.cpp]acquire(): Acquired ID : 5529489  [3311 / 14]    HINT : APP_START    list :
08-07 17:53:04.918   952  1313 D SemWifiSwitchForIndividualAppsService: isPackageException - result:3, com.example.lunchtray
08-07 17:53:04.918  2001  2001 I BaseActivity: removeActivityFlags, flags : 16
08-07 17:53:04.919  2001  2001 I BaseActivity: removeActivityFlags, flags : 6
08-07 17:53:04.919  2001  2001 I DragController: endDrag
08-07 17:53:04.919  2001  2001 W LauncherAppWidgetHost: setShouldListenFlag, mFlags:15 flag:resume on:false isFront:false
08-07 17:53:04.919  1411  1411 D PipMotionHelper: animateToOffset: originalBounds=Rect(533, 1828 - 1038, 2112) offset=0 callers=
08-07 17:53:04.919  1411  1411 D PipMotionHelper:     com.android.wm.shell.pip.phone.PipTouchHandler.onMovementBoundsChanged:482
08-07 17:53:04.919  1411  1411 D PipMotionHelper:     com.android.wm.shell.pip.phone.PipController.updateMovementBounds:721
08-07 17:53:04.919  1411  1411 D PipMotionHelper:     com.android.wm.shell.pip.phone.PipController.lambda$init$3:351
08-07 17:53:04.919  1411  1411 D PipMotionHelper:     com.android.wm.shell.pip.phone.PipController.$r8$lambda$u15Oj_b57njSWegfZTV6TpliGaw:0
08-07 17:53:04.919  1411  1411 D PipMotionHelper:     com.android.wm.shell.pip.phone.PipController$$ExternalSyntheticLambda0.accept:8
08-07 17:53:04.919  2001  2001 I DecorView: notifyKeepScreenOnChanged: keepScreenOn=false
08-07 17:53:04.920  2001  2001 I SPayUpdater: updateSpayHandler launcher activity is paused false
08-07 17:53:04.920   952  1526 D InputTransport: Input channel constructed: '1dd4bc7', fd=813
08-07 17:53:04.920   952  1526 D InputTransport: Input channel constructed: '1dd4bc7', fd=1445
08-07 17:53:04.920   952  1526 D InputTransport: Input channel constructed: '1dd4bc7', fd=1610
08-07 17:53:04.921   628   641 I SurfaceFlinger: id=624588 createSurf (0x0),-1 flag=80004, 1dd4bc7 Splash Screen com.example.lunchtray#0
08-07 17:53:04.922   952  1526 D InputTransport: Input channel destroyed: '1dd4bc7', fd=1610
08-07 17:53:04.923  1411  1558 I ViewRootImpl@db57abd[lunchtray]: setView = android.widget.FrameLayout@dc405b9 TM=true
08-07 17:53:04.926   952  1526 V WindowManager: Relayout Window{1dd4bc7 u0 Splash Screen com.example.lunchtray}: viewVisibility=0 req=1080x2280 d0
08-07 17:53:04.926   628   641 I SurfaceFlinger: id=624589 createSurf (1x1),-3 flag=40004, Splash Screen com.example.lunchtray$_1411#0
08-07 17:53:04.928   952  1526 V WindowManager: Relayout hash=1dd4bc7, pid=1411: mAttrs={(0,0)(fillxfill) sim={adjust=pan} ty=APPLICATION_STARTING fmt=TRANSLUCENT wanim=0x1030001
08-07 17:53:04.928   952  1526 V WindowManager:   fl=81030118
08-07 17:53:04.928   952  1526 V WindowManager:   pfl=36000010
08-07 17:53:04.928   952  1526 V WindowManager:   bhv=DEFAULT
08-07 17:53:04.928   952  1526 V WindowManager:   fitSides= naviIconColor=0}
08-07 17:53:04.929  1411  1558 I ViewRootImpl@db57abd[lunchtray]: Relayout returned: old=(0,0,1080,2280) new=(0,0,1080,2280) req=(1080,2280)0 dur=5 res=0x7 s={true 512224678896} ch=true fn=-1
08-07 17:53:04.930  1411  1640 D OpenGLRenderer: eglCreateWindowSurface
08-07 17:53:04.937   952  3285 D InputDispatcher: Focused application set to (0): beedbeb
08-07 17:53:04.944  1411  1558 I ViewRootImpl@db57abd[lunchtray]: [DP] dp(1) 0 android.view.ViewRootImpl.reportNextDraw:11442 android.view.ViewRootImpl.performTraversals:4198 android.view.ViewRootImpl.doTraversal:2924
08-07 17:53:04.944  1411  1558 D ViewRootImpl@db57abd[lunchtray]: Creating frameDrawingCallback nextDrawUseBlastSync=false reportNextDraw=true hasBlurUpdates=false
08-07 17:53:04.944  1411  1558 D ViewRootImpl@db57abd[lunchtray]: Creating frameCompleteCallback
08-07 17:53:04.944   952  3302 V WindowManager: Relayout Window{72e35ce u0 com.sec.android.app.launcher/com.sec.android.app.launcher.activities.LauncherActivity}: viewVisibility=0 req=1080x2280 d0
08-07 17:53:04.945  1411  2199 D ViewRootImpl@db57abd[lunchtray]: Received frameDrawingCallback frameNum=1. Creating transactionCompleteCallback=false
08-07 17:53:04.946   952  3302 V WindowManager: Relayout hash=72e35ce, pid=2001: mAttrs={(0,0)(fillxfill) sim={adjust=nothing} layoutInDisplayCutoutMode=shortEdges ty=BASE_APPLICATION fmt=TRANSPARENT wanim=0x10302f2
08-07 17:53:04.946   952  3302 V WindowManager:   fl=81910100
08-07 17:53:04.946   952  3302 V WindowManager:   pfl=1e020040
08-07 17:53:04.946   952  3302 V WindowManager:   vsysui=1700
08-07 17:53:04.946   952  3302 V WindowManager:   apr=LIGHT_STATUS_BARS LIGHT_NAVIGATION_BARS
08-07 17:53:04.946   952  3302 V WindowManager:   bhv=SHOW_TRANSIENT_BARS_BY_SWIPE
08-07 17:53:04.946   952  3302 V WindowManager:   fitSides= naviIconColor=0}
08-07 17:53:04.946  2001  2001 I ViewRootImpl@67bf432[LauncherActivity]: Relayout returned: old=(0,0,1080,2280) new=(0,0,1080,2280) req=(1080,2280)0 dur=3 res=0x1 s={true 512220467136} ch=false fn=7
08-07 17:53:04.948  1411  1640 D ViewRootImpl@db57abd[lunchtray]: Received frameCompleteCallback  lastAcquiredFrameNum=1 lastAttemptedDrawFrameNum=1
08-07 17:53:04.949  1411  1558 I ViewRootImpl@db57abd[lunchtray]: [DP] pdf(0) 0 android.view.ViewRootImpl.lambda$addFrameCompleteCallbackIfNeeded$3$ViewRootImpl:5000 android.view.ViewRootImpl$$ExternalSyntheticLambda16.run:6 android.os.Handler.handleCallback:938
08-07 17:53:04.949  1411  1558 I ViewRootImpl@db57abd[lunchtray]: [DP] rdf()
08-07 17:53:04.949  1411  1558 D ViewRootImpl@db57abd[lunchtray]: reportDrawFinished (fn: -1)
08-07 17:53:04.950  7881  7915 D OpenGLRenderer: RenderThread::requireGlContext()
08-07 17:53:04.959   952  3285 D InputDispatcher: Focus left window (0): 72e35ce com.sec.android.app.launcher/com.sec.android.app.launcher.activities.LauncherActivity
08-07 17:53:04.961   628   641 I SurfaceFlinger: id=624590 createSurf (0x0),-1 flag=24000, Surface(name=Task=1)/@0x71397ea - animation-leash of app_transition#0
08-07 17:53:04.961  2001  2001 I ViewRootImpl@67bf432[LauncherActivity]: MSG_WINDOW_FOCUS_CHANGED 0 1
08-07 17:53:04.961  2001  2001 I BaseActivity: removeActivityFlags, flags : 8
08-07 17:53:04.963  1411  1411 D FullscreenTaskListener: Fullscreen Task Appeared: #8205, caller=com.android.wm.shell.ShellTaskOrganizer.onTaskAppeared:387 com.android.wm.shell.ShellTaskOrganizer.onTaskAppeared:376 android.window.TaskOrganizer$1.lambda$onTaskAppeared$4$TaskOrganizer$1:297
08-07 17:53:04.963   628   641 I SurfaceFlinger: id=624591 createSurf (0x0),-1 flag=24004, Surface(name=Task=8205)/@0xf60aac1 - animation-leash of app_transition#0
08-07 17:53:04.964   628  2718 I SurfaceFlinger: id=624592 createSurf (0x0),-1 flag=24000, Surface(name=cc3f67a StatusBar)/@0x6cfa557 - animation-leash of insets_animation#1
08-07 17:53:04.965   628  2718 I SurfaceFlinger: id=624593 createSurf (0x0),-1 flag=24000, Surface(name=5b03b71 NavigationBar0)/@0xbaf262 - animation-leash of insets_animation#1
08-07 17:53:04.967   952  3302 D ApplicationPolicy: isStatusBarNotificationAllowedAsUser: packageName = com.estsoft.alyac,userId = 0
08-07 17:53:04.968  1411  1558 D InsetsSourceConsumer: ensureControlAlpha: for ITYPE_NAVIGATION_BAR on Splash Screen com.example.lunchtray
08-07 17:53:04.968   952  3302 D ApplicationPolicy: isStatusBarNotificationAllowedAsUser: packageName = com.estsoft.alyac,userId = 0
08-07 17:53:04.968  1411  1558 D InsetsSourceConsumer: ensureControlAlpha: for ITYPE_STATUS_BAR on Splash Screen com.example.lunchtray
08-07 17:53:04.969   952  1034 I SemPersonaManager: SecureFolder personaId = 150
08-07 17:53:04.971   952  2550 W NetlinkSocket: maximum read
08-07 17:53:04.972 24757 24769 I SAMSUNGWALLET: [Hint_ProcessStatusChange] fg Change, pid : 7881 , isNotify : true , isForeground : true , fg list : [2001, 7881]
08-07 17:53:04.972 24757 25074 I SAMSUNGWALLET: [ResetData] getSAResetDialogFlag : false
08-07 17:53:04.973  1411  1411 D NavigationBar: onSystemBarAttributesChanged() -  displayId:0, appearance:0, navbarColorManagedByIme:false
08-07 17:53:04.973  1411  1411 V Navbar.Store: handleEvent [EventType] GET_BOOL_REGION_SAMPLING_ENABLED [Module] LightBarController  KEYS_DEFAULT=false
08-07 17:53:04.973  1411  1411 V Navbar.Store: --[Band]COLOR_PACK_GET_REGION_SAMPLING_ENABLED
08-07 17:53:04.973  1411  1411 V Navbar.Store: ----getValue(BOOL_REGION_SAMPLING_ENABLED)=false
08-07 17:53:04.974   628   628 I Layer   : id=624581 removeFromCurrentState Surface(name=cc3f67a StatusBar)/@0x6cfa557 - animation-leash of insets_animation#0 (123)
08-07 17:53:04.974   628   628 I Layer   : id=624582 removeFromCurrentState Surface(name=5b03b71 NavigationBar0)/@0xbaf262 - animation-leash of insets_animation#0 (123)
08-07 17:53:04.974  2001  2001 I BadgeRenderer: Invalid count : 0
08-07 17:53:04.975  2001  2001 I BadgeRenderer: Invalid count : 0
08-07 17:53:04.976   628   641 I SurfaceFlinger: id=624582 Removed Surface(name=5b03b71 NavigationBar0)/@0xbaf262 - animation-leash of insets_animation#0 (123)
08-07 17:53:04.976   628  2718 I SurfaceFlinger: id=624581 Removed Surface(name=cc3f67a StatusBar)/@0x6cfa557 - animation-leash of insets_animation#0 (123)
08-07 17:53:04.978 24757 25074 I SAMSUNGWALLET: [Hint_bxa] isHomePackageRunning topPkgName = com.example.lunchtray, topClsName = androidx.test.core.app.InstrumentationActivityInvoker$BootstrapActivity, return false , se : false
08-07 17:53:04.979 24757 24757 I SAMSUNGWALLET: [Hint_PayHintService] Hint Status - HIDE : Home Package Not Running
08-07 17:53:04.979 24757 24757 I SemUiSupportService: getWindowAttributes()
08-07 17:53:04.980  2001  2013 I TouchInteractionService: onSystemUiStateChanged, stateFlags : 131072
08-07 17:53:04.980  2001  2001 I TouchInteractionService: onSystemUiFlagsChanged, userUnlocked
08-07 17:53:04.982  1411  1411 D SecLightBarControlHelper: updateStatus(WHITE icon) NumLightStacks:0, NumStacks:1, IndexLightStack:-1, StatusBarMode:0, StatusBarState:SHD, NeedDarkFontFromWallpaper:false, isWhiteKeyguardStatusBarBySettings:false
08-07 17:53:04.988  7881  7915 D OpenGLRenderer: RenderThread::setGrContext()
08-07 17:53:04.991   628   628 E SurfaceFlinger: Attempt to update InputPolicyFlags without permission ACCESS_SURFACE_FLINGER
08-07 17:53:04.991  7881  7881 D LifecycleMonitor: Lifecycle status change: androidx.test.core.app.InstrumentationActivityInvoker$BootstrapActivity@48cfd08 in: PRE_ON_CREATE
08-07 17:53:04.991   628   628 I Layer   : id=624581 Destroyed Surface(name=cc3f67a StatusBar)/@0x6cfa557 - animation-leash of insets_animation#0
08-07 17:53:04.991   628   628 I Layer   : id=624582 Destroyed Surface(name=5b03b71 NavigationBar0)/@0xbaf262 - animation-leash of insets_animation#0
08-07 17:53:04.992  7881  7881 V ActivityScenario: Activity lifecycle changed event received but ignored because the intent does not match. startActivityIntent=Intent { act=android.intent.action.MAIN cat=[android.intent.category.LAUNCHER] cmp=com.example.lunchtray/androidx.fragment.app.testing.FragmentScenario$EmptyFragmentActivity (has extras) }, activity.getIntent()=Intent { act=android.intent.action.MAIN cat=[android.intent.category.LAUNCHER] flg=0x10008000 cmp=com.example.lunchtray/androidx.test.core.app.InstrumentationActivityInvoker$BootstrapActivity (has extras) }, activity=androidx.test.core.app.InstrumentationActivityInvoker$BootstrapActivity@48cfd08
08-07 17:53:04.995   952  3302 V WindowManager: Relayout Window{82f2704 u0 com.samsung.android.spay.pay.HintService}: viewVisibility=8 req=521x63 d0
08-07 17:53:04.996   952  1034 D EnterpriseDeviceManagerService: isMdmAdminPresentInternal() : MDM Admin Found - com.samsung.knox.securefolder
08-07 17:53:04.996   628   628 D SurfaceFlinger: Display 0 HWC layers:
08-07 17:53:04.996   628   628 D SurfaceFlinger:      DEVICE | 0x78e3e0a3d0 | 0100 | RGBx_8888    |   50.0    0.0 1130.0 2280.0 |    0    0 1080 2280 | Wallpaper BBQ wrapper#0
08-07 17:53:04.996   628   628 D SurfaceFlinger:      DEVICE | 0x78e3df8f10 | 0100 | RGBA_8888    |    0.0    0.0 1080.0 2280.0 |    0    0 1080 2280 | com.sec.android.app.launcher/com.sec[...].activities.LauncherActivity$_2001#0
08-07 17:53:04.996   628   628 D SurfaceFlinger:      DEVICE | 0x78e3e0dd30 | 0100 | RGBA_8888    |    0.0    0.0 1080.0 2280.0 |   76  159 1004 2121 | Splash Screen com.example.lunchtray$_1411#0
08-07 17:53:04.996   628   628 D SurfaceFlinger:      DEVICE | 0x78e3dfd3b0 | 0100 | RGBA_8888    |    0.0    0.0 1080.0  112.0 |    0    0 1080  112 | StatusBar$_1411#0
08-07 17:53:04.996   628   628 D SurfaceFlinger:      DEVICE | 0x78e3e1bd10 | 0100 | RGBA_8888    |    0.0    0.0   67.0  457.0 |    0  410   67  867 | com.samsung.android.app.cocktailbars[...]arservice.CocktailBarService$_8085#0
08-07 17:53:04.996   628   628 D SurfaceFlinger:      DEVICE | 0x78e3e02930 | 0100 | RGBA_8888    |    0.0    0.0 1080.0  126.0 |    0 2154 1080 2280 | NavigationBar0$_1411#0
08-07 17:53:04.996   628   628 D SurfaceFlinger:      DEVICE | 0x78e3e18dd0 | 0100 | RGBA_8888    |    0.0    0.0  521.0   63.0 |  279 2217  800 2280 | com.samsung.and
08-07 17:53:04.996   628   628 D SurfaceFlinger: roid.spay.pay.HintService$_24757#0
08-07 17:53:04.996   628   628 D SurfaceFlinger:
08-07 17:53:04.998   952  3302 V WindowManager: Relayout hash=82f2704, pid=24757: mAttrs={(0,0)(521x63) gr=BOTTOM CENTER sim={adjust=pan} layoutInDisplayCutoutMode=shortEdges ty=NAVIGATION_BAR_PANEL fmt=TRANSLUCENT
08-07 17:53:04.998   952  3302 V WindowManager:   fl=1800308
08-07 17:53:04.998   952  3302 V WindowManager:   pfl=12000000
08-07 17:53:04.998   952  3302 V WindowManager:   bhv=DEFAULT
08-07 17:53:04.998   952  3302 V WindowManager:   fitTypes=NAVIGATION_BARS
08-07 17:53:04.998   952  3302 V WindowManager:   fitSides=LEFT RIGHT naviIconColor=0}
08-07 17:53:04.999   952  3285 V WindowManager: Relayout Window{13616e6 u0 NotificationShade}: viewVisibility=4 req=1080x2280 d0
08-07 17:53:05.000   952  3285 V WindowManager: Relayout hash=13616e6, pid=1411: mAttrs={(0,0)(fillxfill) gr=TOP CENTER_VERTICAL sim={adjust=resize} layoutInDisplayCutoutMode=always ty=2040 fmt=TRANSLUCENT
08-07 17:53:05.000   952  3285 V WindowManager:   fl=81840048
08-07 17:53:05.000   952  3285 V WindowManager:   pfl=1b000000
08-07 17:53:05.000   952  3285 V WindowManager:   bhv=SHOW_TRANSIENT_BARS_BY_SWIPE naviIconColor=0
08-07 17:53:05.000   952  3285 V WindowManager:   sfl=42000}
08-07 17:53:05.001  1411  1411 I ViewRootImpl@edc7ce0[NotificationShade]: Relayout returned: old=(0,0,1080,2280) new=(0,0,1080,2280) req=(1080,2280)4 dur=2 res=0x1 s={false 0} ch=false fn=-1
08-07 17:53:05.001 24757 24757 I ViewRootImpl@2325f75[HintService]: Relayout returned: old=(279,2217,800,2280) new=(279,2217,800,2280) req=(521,63)8 dur=6 res=0x5 s={false 0} ch=true fn=2
08-07 17:53:05.003  8085  8085 I Utils   : HomePackage : com.sec.android.app.launcher, resumePackageName : com.example.lunchtray
08-07 17:53:05.003   952  2595 I MediaSessionMonitor: Media session stopped : controllerList empty
08-07 17:53:05.005  1411  1411 D KeyguardBottomAreaShortcutView: updateCameraVisibility isCameraDisabled:false visible:true
08-07 17:53:05.005  1411  1411 D KeyguardUsimTextView: updateText(simState): READY
08-07 17:53:05.005  1411  1411 D KeyguardBottomAreaShortcutView: mIndicationArea margin start : 163, end : 163, bottom : 405
08-07 17:53:05.006  1411  1411 D QS      : setQSExpansion 0.0 -118.475
08-07 17:53:05.006   952  2550 W NetlinkSocket: maximum read
08-07 17:53:05.006  1411  1411 D QS      : setQSExpansion 0.0 -118.475
08-07 17:53:05.006  1411  1411 D MediaControlPanel: mActionButtonNumCollapsed = 3, mActionButtonNumExpand = 4
08-07 17:53:05.008   628   628 I Layer   : id=624579 removeFromCurrentState com.samsung.android.spay.pay.HintService$_24757#0 (121)
08-07 17:53:05.008   628   628 I SurfaceFlinger: id=624579 Removed com.samsung.android.spay.pay.HintService$_24757#0 (121)
08-07 17:53:05.008  1411  1411 D IndicatorGardenInputProperty: updateRotation() prv:-1 >> new:0
08-07 17:53:05.009  1411  1411 D DeviceState: getDeviceResolutionPixelSize - currentDensity = 420 deviceDensity = 420 initialDisplaySizeFactor = 1440 currentDisplaySizeFactor = 1080 initialDisplayDensity = 560 proportionalDensity = 420 proportionalPixel = 66
08-07 17:53:05.009  1411  1411 D DeviceState: getDeviceResolutionPixelSize - currentDensity = 420 deviceDensity = 420 initialDisplaySizeFactor = 1440 currentDisplaySizeFactor = 1080 initialDisplayDensity = 560 proportionalDensity = 420 proportionalPixel = 27
08-07 17:53:05.009  1411  1411 D DeviceState: getDeviceResolutionPixelSize - currentDensity = 420 deviceDensity = 420 initialDisplaySizeFactor = 1440 currentDisplaySizeFactor = 1080 initialDisplayDensity = 560 proportionalDensity = 420 proportionalPixel = 24
08-07 17:53:05.010   628   628 I Layer   : id=624579 Destroyed com.samsung.android.spay.pay.HintService$_24757#0
08-07 17:53:05.011  1411  1411 D MediaControlPanel: mActionButtonNumCollapsed = 3, mActionButtonNumExpand = 4
08-07 17:53:05.011   628   628 D SurfaceFlinger: Display 0 HWC layers:
08-07 17:53:05.011   628   628 D SurfaceFlinger:      DEVICE | 0x78e3e0a3d0 | 0100 | RGBx_8888    |   50.0    0.0 1130.0 2280.0 |    0    0 1080 2280 | Wallpaper BBQ wrapper#0
08-07 17:53:05.011   628   628 D SurfaceFlinger:      DEVICE | 0x78e3df8f10 | 0100 | RGBA_8888    |    0.0    0.0 1080.0 2280.0 |    0    0 1080 2280 | com.sec.android.app.launcher/com.sec[...].activities.LauncherActivity$_2001#0
08-07 17:53:05.011   628   628 D SurfaceFlinger:      DEVICE | 0x78e3e0dd30 | 0100 | RGBA_8888    |    0.0    0.0 1080.0 2280.0 |   67  141 1013 2139 | Splash Screen com.example.lunchtray$_1411#0
08-07 17:53:05.011   628   628 D SurfaceFlinger:      DEVICE | 0x78e3e110f0 | 0100 | RGBA_8888    |    0.0    0.0 1080.0  112.0 |    0    0 1080  112 | StatusBar$_1411#0
08-07 17:53:05.011   628   628 D SurfaceFlinger:      DEVICE | 0x78e3e1bd10 | 0100 | RGBA_8888    |    0.0    0.0   67.0  457.0 |    0  410   67  867 | com.samsung.android.app.cocktailbars[...]arservice.CocktailBarService$_8085#0
08-07 17:53:05.011   628   628 D SurfaceFlinger:      DEVICE | 0x78e3e19b50 | 0100 | RGBA_8888    |    0.0    0.0 1080.0  126.0 |    0 2154 1080 2280 | NavigationBar0$_1411#0
08-07 17:53:05.011   628   628 D SurfaceFlinger:
08-07 17:53:05.020  7881  7881 I DecorView: [INFO] isPopOver=false, config=true
08-07 17:53:05.020  7881  7881 I DecorView: updateCaptionType >> DecorView@378e1b4[], isFloating=false, isApplication=true, hasWindowControllerCallback=true, hasWindowDecorCaption=false
08-07 17:53:05.021  7881  7881 D DecorView: setCaptionType = 0, this = DecorView@378e1b4[]
08-07 17:53:05.030  7881  7881 I DecorView: getCurrentDensityDpi: from real metrics. densityDpi=420 msg=resources_loaded
08-07 17:53:05.031  7881  7881 D LifecycleMonitor: Lifecycle status change: androidx.test.core.app.InstrumentationActivityInvoker$BootstrapActivity@48cfd08 in: CREATED
08-07 17:53:05.032  7881  7881 V ActivityScenario: Activity lifecycle changed event received but ignored because the intent does not match. startActivityIntent=Intent { act=android.intent.action.MAIN cat=[android.intent.category.LAUNCHER] cmp=com.example.lunchtray/androidx.fragment.app.testing.FragmentScenario$EmptyFragmentActivity (has extras) }, activity.getIntent()=Intent { act=android.intent.action.MAIN cat=[android.intent.category.LAUNCHER] flg=0x10008000 cmp=com.example.lunchtray/androidx.test.core.app.InstrumentationActivityInvoker$BootstrapActivity (has extras) }, activity=androidx.test.core.app.InstrumentationActivityInvoker$BootstrapActivity@48cfd08
08-07 17:53:05.034  7881  7881 D LifecycleMonitor: Lifecycle status change: androidx.test.core.app.InstrumentationActivityInvoker$BootstrapActivity@48cfd08 in: STARTED
08-07 17:53:05.034  7881  7881 V ActivityScenario: Activity lifecycle changed event received but ignored because the intent does not match. startActivityIntent=Intent { act=android.intent.action.MAIN cat=[android.intent.category.LAUNCHER] cmp=com.example.lunchtray/androidx.fragment.app.testing.FragmentScenario$EmptyFragmentActivity (has extras) }, activity.getIntent()=Intent { act=android.intent.action.MAIN cat=[android.intent.category.LAUNCHER] flg=0x10008000 cmp=com.example.lunchtray/androidx.test.core.app.InstrumentationActivityInvoker$BootstrapActivity (has extras) }, activity=androidx.test.core.app.InstrumentationActivityInvoker$BootstrapActivity@48cfd08
08-07 17:53:05.039   628   963 I SurfaceFlinger: id=624594 createSurf (0x0),-1 flag=80004, ActivityRecord{ac375aa u0 com.example.lunchtray/androidx.fragment.app.testing.FragmentScenario$EmptyFragmentActivity t8205}#0
08-07 17:53:05.042  1411  2682 I ViewRootImpl@db57abd[lunchtray]: Resizing android.view.ViewRootImpl@9b68c7b: frame=[0,0][1080,2280] reportDraw=false forceLayout=false backDropFrame=Rect(0, 0 - 1080, 2280)
08-07 17:53:05.042   952  2550 W NetlinkSocket: maximum read
08-07 17:53:05.042  1411  1558 I ViewRootImpl@db57abd[lunchtray]: handleResized, msg = 4 frames=ClientWindowFrames{frame=[0,0][1080,2280] display=[0,0][1080,2280] backdrop=[0,0][1080,2280]} forceNextWindowRelayout=false displayId=0 frameChanged=false backdropFrameChanged=false configChanged=false displayChanged=false mNextDrawUseBlastSync=false mergedConfiguration={mGlobalConfig={1.1 450mcc8mnc [ko_KR,en_US] ldltr sw411dp w411dp h777dp 420dpi nrml long port finger -keyb/v/h -nav/h winConfig={ mBounds=Rect(0, 0 - 1080, 2280) mAppBounds=Rect(0, 112 - 1080, 2154) mMaxBounds=Rect(0, 0 - 1080, 2280) mWindowingMode=fullscreen mDisplayWindowingMode=fullscreen mActivityType=undefined mAlwaysOnTop=undefined mRotation=ROTATION_0 mPopOver=undefined mFreeformTaskPinningState=undefined} as.76 s.53109 fontWeightAdjustment=0 ff=0 bf=0 bts=0 desktop/d dm/n ?dc ?dcui ?dcaf enb/d themeSeq=0} mOverrideConfig={1.1 450mcc8mnc [ko_KR,en_US] ldltr sw411dp w411dp h777dp 420dpi nrml long port finger -keyb/v/h -nav/h winConfig={ mBounds=Rect(0, 0 - 1080, 2280) mAppBounds=Rect(0, 112 - 1080, 2154) mMaxBounds=Rect(0, 0 - 1080, 2280) mWindowingMode=fullscreen mDisplayWindowingMode=fullscreen mActivityType=standard mAlwaysOnTop=undefined mRotation=ROTATION_0 mPopOver=off mFreeformTaskPinningState=unpinned} as.76 s.1 fontWeightAdjustment=0 ff=0 bf=0 bts=0 desktop/d dm/n dc/d ?dcui ?dcaf enb/d themeSeq=0}}
08-07 17:53:05.042   952  1034 D PersonaActivityHelper: Activity not in resumed state, do not run immediate lock
08-07 17:53:05.043  7881  7881 D LifecycleMonitor: Lifecycle status change: androidx.test.core.app.InstrumentationActivityInvoker$BootstrapActivity@48cfd08 in: RESUMED
08-07 17:53:05.043   952  2550 W NetlinkSocket: maximum read
08-07 17:53:05.044  2001  2013 I RecentModel: onTaskStackChangedBackground
08-07 17:53:05.044  7881  7881 V ActivityScenario: Activity lifecycle changed event received but ignored because the intent does not match. startActivityIntent=Intent { act=android.intent.action.MAIN cat=[android.intent.category.LAUNCHER] cmp=com.example.lunchtray/androidx.fragment.app.testing.FragmentScenario$EmptyFragmentActivity (has extras) }, activity.getIntent()=Intent { act=android.intent.action.MAIN cat=[android.intent.category.LAUNCHER] flg=0x10008000 cmp=com.example.lunchtray/androidx.test.core.app.InstrumentationActivityInvoker$BootstrapActivity (has extras) }, activity=androidx.test.core.app.InstrumentationActivityInvoker$BootstrapActivity@48cfd08
08-07 17:53:05.045  2001  2013 I RecentTasksList: getTaskKeys, numTasks :3 callback : com.android.quickstep.-$$Lambda$RecentsModel$k1Mm-BV64Bc89eJHYugywZmW_Js@3e20d37
08-07 17:53:05.046  2001  2079 I RecentTasksList: loadTasksInBackground() task id : 8205
08-07 17:53:05.047  7881  7881 D LifecycleMonitor: Lifecycle status change: androidx.test.core.app.InstrumentationActivityInvoker$BootstrapActivity@48cfd08 in: PAUSED
08-07 17:53:05.048  7881  7881 V ActivityScenario: Activity lifecycle changed event received but ignored because the intent does not match. startActivityIntent=Intent { act=android.intent.action.MAIN cat=[android.intent.category.LAUNCHER] cmp=com.example.lunchtray/androidx.fragment.app.testing.FragmentScenario$EmptyFragmentActivity (has extras) }, activity.getIntent()=Intent { act=android.intent.action.MAIN cat=[android.intent.category.LAUNCHER] flg=0x10008000 cmp=com.example.lunchtray/androidx.test.core.app.InstrumentationActivityInvoker$BootstrapActivity (has extras) }, activity=androidx.test.core.app.InstrumentationActivityInvoker$BootstrapActivity@48cfd08
08-07 17:53:05.051   952  1526 D InputDispatcher: Focused application set to (0): ac375aa
08-07 17:53:05.054   952  1034 I SemPersonaManager: SecureFolder personaId = 150
08-07 17:53:05.072  7881  7881 D LifecycleMonitor: Lifecycle status change: androidx.fragment.app.testing.FragmentScenario$EmptyFragmentActivity@d24bc9b in: PRE_ON_CREATE
08-07 17:53:05.073  7881  7881 V ActivityScenario: Activity lifecycle changed event received but ignored because the reported transition was not ON_CREATE while the last known transition was PRE_ON_CREATE
08-07 17:53:05.080   952  1034 D EnterpriseDeviceManagerService: isMdmAdminPresentInternal() : MDM Admin Found - com.samsung.knox.securefolder
08-07 17:53:05.085  8085  8085 I Utils   : HomePackage : com.sec.android.app.launcher, resumePackageName : com.example.lunchtray
08-07 17:53:05.085   952  2595 I MediaSessionMonitor: Media session stopped : controllerList empty
08-07 17:53:05.096   952  2550 W NetlinkSocket: maximum read
08-07 17:53:05.096   952  2550 W NetlinkSocket: maximum read
08-07 17:53:05.099  7881  7881 I DecorView: [INFO] isPopOver=false, config=true
08-07 17:53:05.099  7881  7881 I DecorView: updateCaptionType >> DecorView@fe1c7ac[], isFloating=false, isApplication=true, hasWindowControllerCallback=true, hasWindowDecorCaption=false
08-07 17:53:05.099  7881  7881 D DecorView: setCaptionType = 0, this = DecorView@fe1c7ac[]
08-07 17:53:05.101  7881  7881 I DecorView: getCurrentDensityDpi: from real metrics. densityDpi=420 msg=resources_loaded
08-07 17:53:05.102  7881  7881 D LifecycleMonitor: Lifecycle status change: androidx.fragment.app.testing.FragmentScenario$EmptyFragmentActivity@d24bc9b in: CREATED
08-07 17:53:05.103  7881  7881 V ActivityScenario: Update currentActivityStage to CREATED, currentActivity=androidx.fragment.app.testing.FragmentScenario$EmptyFragmentActivity@d24bc9b
08-07 17:53:05.105  7881  7881 D LifecycleMonitor: Lifecycle status change: androidx.fragment.app.testing.FragmentScenario$EmptyFragmentActivity@d24bc9b in: STARTED
08-07 17:53:05.106  7881  7881 V ActivityScenario: Update currentActivityStage to STARTED, currentActivity=androidx.fragment.app.testing.FragmentScenario$EmptyFragmentActivity@d24bc9b
08-07 17:53:05.106  7881  7881 D LifecycleMonitor: Lifecycle status change: androidx.fragment.app.testing.FragmentScenario$EmptyFragmentActivity@d24bc9b in: RESUMED
08-07 17:53:05.107  7881  7881 V ActivityScenario: Update currentActivityStage to RESUMED, currentActivity=androidx.fragment.app.testing.FragmentScenario$EmptyFragmentActivity@d24bc9b
08-07 17:53:05.119   952  3285 D InputTransport: Input channel constructed: 'f9c9b8b', fd=2038
08-07 17:53:05.119   952  3285 D InputTransport: Input channel constructed: 'f9c9b8b', fd=2039
08-07 17:53:05.119   952  3285 D InputTransport: Input channel constructed: 'f9c9b8b', fd=2041
08-07 17:53:05.120   628  2111 I SurfaceFlinger: id=624595 createSurf (0x0),-1 flag=80004, f9c9b8b com.example.lunchtray/androidx.fragment.app.testing.FragmentScenario$EmptyFragmentActivity#0
08-07 17:53:05.121   952  3285 D InputTransport: Input channel destroyed: 'f9c9b8b', fd=2041
08-07 17:53:05.123  7881  7881 I ViewRootImpl@a7ce52d[FragmentScenario$EmptyFragmentActivity]: setView = com.android.internal.policy.DecorView@fe1c7ac TM=true
08-07 17:53:05.128   952  1095 D AnalyticsContainerHandler: handleMessage : { when=0 what=1 target=com.android.server.knox.KnoxAnalyticsContainer$AnalyticsHandler }
08-07 17:53:05.135   952  3285 V WindowManager: Relayout Window{f9c9b8b u0 com.example.lunchtray/androidx.fragment.app.testing.FragmentScenario$EmptyFragmentActivity}: viewVisibility=0 req=1080x2280 d0
08-07 17:53:05.136   628   963 I SurfaceFlinger: id=624596 createSurf (1x1),-3 flag=40004, com.example.lunchtray/androidx.fragment.app.testing.FragmentScenario$EmptyFragmentActivity$_7881#0
08-07 17:53:05.158   628   963 I SurfaceFlinger: id=624597 createSurf (0x0),-1 flag=24000, Surface(name=cc3f67a StatusBar)/@0x6cfa557 - animation-leash of insets_animation#0
08-07 17:53:05.161   628   642 I SurfaceFlinger: id=624598 createSurf (0x0),-1 flag=24000, Surface(name=5b03b71 NavigationBar0)/@0xbaf262 - animation-leash of insets_animation#0
08-07 17:53:05.162   952  3285 V WindowManager: Relayout hash=f9c9b8b, pid=7881: mAttrs={(0,0)(fillxfill) sim={adjust=pan forwardNavigation} ty=BASE_APPLICATION wanim=0x1030303
08-07 17:53:05.162   952  3285 V WindowManager:   fl=81810100
08-07 17:53:05.162   952  3285 V WindowManager:   pfl=12020040
08-07 17:53:05.162   952  3285 V WindowManager:   apr=LIGHT_NAVIGATION_BARS
08-07 17:53:05.162   952  3285 V WindowManager:   bhv=DEFAULT
08-07 17:53:05.162   952  3285 V WindowManager:   fitSides= naviIconColor=0
08-07 17:53:05.162   952  3285 V WindowManager:   sfl=100000}
08-07 17:53:05.163   952  2550 W NetlinkSocket: maximum read
08-07 17:53:05.163  2001  2013 I RecentModel: onTaskStackChangedBackground
08-07 17:53:05.167  7881  7881 I ViewRootImpl@a7ce52d[FragmentScenario$EmptyFragmentActivity]: Relayout returned: old=(0,0,1080,2280) new=(0,0,1080,2280) req=(1080,2280)0 dur=29 res=0x7 s={true 512216987856} ch=true fn=-1
08-07 17:53:05.169   553 13838 I display : getColorModes:: Supported color modes (3)
08-07 17:53:05.169   553 13838 I display : 	[0] mode 0
08-07 17:53:05.169   553 13838 I display : 	[1] mode 7
08-07 17:53:05.169   553 13838 I display : 	[2] mode 9
08-07 17:53:05.170   628   963 E HWComposer: getSupportedContentTypes: getSupportedContentTypes failed for display 0: Unsupported (8)
08-07 17:53:05.170  7881  7915 D hw-ProcessState: Binder ioctl to enable oneway spam detection failed: Invalid argument
08-07 17:53:05.172  7881  7915 D OpenGLRenderer: eglCreateWindowSurface
08-07 17:53:05.173  7881  7881 I ViewRootImpl@a7ce52d[FragmentScenario$EmptyFragmentActivity]: [DP] dp(1) 1 android.view.ViewRootImpl.reportNextDraw:11442 android.view.ViewRootImpl.performTraversals:4198 android.view.ViewRootImpl.doTraversal:2924
08-07 17:53:05.173  7881  7881 D ViewRootImpl@a7ce52d[FragmentScenario$EmptyFragmentActivity]: Creating frameDrawingCallback nextDrawUseBlastSync=false reportNextDraw=true hasBlurUpdates=false
08-07 17:53:05.173  7881  7881 D ViewRootImpl@a7ce52d[FragmentScenario$EmptyFragmentActivity]: Creating frameCompleteCallback
08-07 17:53:05.174   952   971 I system_server: Background young concurrent copying GC freed 205209(11MB) AllocSpace objects, 61(1832KB) LOS objects, 6% free, 175MB/187MB, paused 354us,272us total 111.696ms
08-07 17:53:05.175   418   418 I hwservicemanager: getTransport: Cannot find entry android.hardware.graphics.mapper@4.0::IMapper/default in either framework or device VINTF manifest.
08-07 17:53:05.175   952  2550 W NetlinkSocket: maximum read
08-07 17:53:05.175   628   628 I Layer   : id=624592 removeFromCurrentState Surface(name=cc3f67a StatusBar)/@0x6cfa557 - animation-leash of insets_animation#1 (125)
08-07 17:53:05.175   628   628 I Layer   : id=624593 removeFromCurrentState Surface(name=5b03b71 NavigationBar0)/@0xbaf262 - animation-leash of insets_animation#1 (125)
08-07 17:53:05.176   628   628 I SurfaceFlinger: id=624592 Removed Surface(name=cc3f67a StatusBar)/@0x6cfa557 - animation-leash of insets_animation#1 (125)
08-07 17:53:05.176   628   628 I SurfaceFlinger: id=624593 Removed Surface(name=5b03b71 NavigationBar0)/@0xbaf262 - animation-leash of insets_animation#1 (125)
08-07 17:53:05.176  2001  2013 I RecentTasksList: getTaskKeys, numTasks :3 callback : com.android.quickstep.-$$Lambda$RecentsModel$k1Mm-BV64Bc89eJHYugywZmW_Js@83f6c2f
08-07 17:53:05.176  2001  2001 I Launcher.NotificationListener: onNotificationPosted : com.estsoft.alyac number : 0
08-07 17:53:05.177  7881  7928 I Gralloc4: mapper 4.x is not supported
08-07 17:53:05.177   628   628 I Layer   : id=624592 Destroyed Surface(name=cc3f67a StatusBar)/@0x6cfa557 - animation-leash of insets_animation#1
08-07 17:53:05.177  4446  4446 I NotiProvider-Moden: NotificationListener.onNotificationPosted - com.estsoft.alyac[ 0 / 1000 ] : null
08-07 17:53:05.177   628   628 I Layer   : id=624593 Destroyed Surface(name=5b03b71 NavigationBar0)/@0xbaf262 - animation-leash of insets_animation#1
08-07 17:53:05.177   418   418 I hwservicemanager: getTransport: Cannot find entry android.hardware.graphics.mapper@3.0::IMapper/default in either framework or device VINTF manifest.
08-07 17:53:05.177  7881  7928 W Gralloc3: mapper 3.x is not supported
08-07 17:53:05.177  4446  4446 I HMApplication: getWearableConnectionMgr() - sWConnectionMgr: com.samsung.android.hostmanager.connection.WearableConnectionManager@569c783
08-07 17:53:05.177  4446  4446 I WearableConnectionManager: getConnectedBTAddress() :null
08-07 17:53:05.177  4446  4446 W NotiProvider-Moden: NotificationListener.checkAndSendNotificationAhead() [ABORT] - isIsPeerAvailable == false
08-07 17:53:05.178   952   973 W System  : A resource failed to call release.
08-07 17:53:05.178  8085  8085 I Edge.badge: updateBadge item = com.estsoft.alyac:0 1
08-07 17:53:05.178   952  1526 D InputDispatcher: Focus request (0): f9c9b8b com.example.lunchtray/androidx.fragment.app.testing.FragmentScenario$EmptyFragmentActivity but waiting because NOT_VISIBLE
08-07 17:53:05.179  1411  1411 D InterruptionStateProvider: No bubble up: not allowed to bubble: 0|com.estsoft.alyac|1000|null|10372
08-07 17:53:05.179  2001  2079 I RecentTasksList: loadTasksInBackground() task id : 8205
08-07 17:53:05.180  1411  1411 D InterruptionStateProvider:  no Heads up : edgelighting enabled app. 0|com.estsoft.alyac|1000|null|10372
08-07 17:53:05.182  7881  7928 I gralloc : Arm Module v1.0
08-07 17:53:05.183  7881  7929 D ViewRootImpl@a7ce52d[FragmentScenario$EmptyFragmentActivity]: Received frameDrawingCallback frameNum=1. Creating transactionCompleteCallback=false
08-07 17:53:05.183   418   418 I hwservicemanager: getTransport: Cannot find entry android.hardware.graphics.allocator@4.0::IAllocator/default in either framework or device VINTF manifest.
08-07 17:53:05.184  7881  7928 W Gralloc4: allocator 4.x is not supported
08-07 17:53:05.184   418   418 I hwservicemanager: getTransport: Cannot find entry android.hardware.graphics.allocator@3.0::IAllocator/default in either framework or device VINTF manifest.
08-07 17:53:05.184  7881  7928 W Gralloc3: allocator 3.x is not supported
08-07 17:53:05.200  1411  1612 D PeopleSpaceWidgetMgr: Sbn doesn't contain valid PeopleTileKey: null/0/com.estsoft.alyac
08-07 17:53:05.201  7881  7915 D ViewRootImpl@a7ce52d[FragmentScenario$EmptyFragmentActivity]: Received frameCompleteCallback  lastAcquiredFrameNum=1 lastAttemptedDrawFrameNum=1
08-07 17:53:05.201   952  1311 W SemWifiTransportLayerUtils: getApplicationCategory - IOException com.example.lunchtray
08-07 17:53:05.202   952  1311 W System.err: java.io.FileNotFoundException: https://play.google.com/store/apps/details?id=com.example.lunchtray&hl=en
08-07 17:53:05.202   952  1311 W System.err: 	at com.android.okhttp.internal.huc.HttpURLConnectionImpl.getInputStream(HttpURLConnectionImpl.java:255)
08-07 17:53:05.202   952  1311 W System.err: 	at com.android.okhttp.internal.huc.DelegatingHttpsURLConnection.getInputStream(DelegatingHttpsURLConnection.java:211)
08-07 17:53:05.202   952  1311 W System.err: 	at com.android.okhttp.internal.huc.HttpsURLConnectionImpl.getInputStream(HttpsURLConnectionImpl.java:30)
08-07 17:53:05.202   952  1311 W System.err: 	at com.samsung.android.server.wifi.tcp.SemWifiTransportLayerUtils.getApplicationCategory(SemWifiTransportLayerUtils.java:104)
08-07 17:53:05.202   952  1311 W System.err: 	at com.samsung.android.server.wifi.tcp.SemWifiTransportLayerMonitor$TcpMonitorHandler.handleMessage(SemWifiTransportLayerMonitor.java:244)
08-07 17:53:05.202   952  1311 W System.err: 	at android.os.Handler.dispatchMessage(Handler.java:106)
08-07 17:53:05.202   952  1311 W System.err: 	at android.os.Looper.loopOnce(Looper.java:226)
08-07 17:53:05.202   952  1311 W System.err: 	at android.os.Looper.loop(Looper.java:313)
08-07 17:53:05.202   952  1311 W System.err: 	at android.os.HandlerThread.run(HandlerThread.java:67)
08-07 17:53:05.202   952  1311 D SemWifiTransportLayerMonitor.TcpMonitorHandler: MSG_SAVE_PACKAGE_INFO
08-07 17:53:05.202   952  1311 D SemWifiTransportLayerFileManager: saveWifiPackageInfoToFile
08-07 17:53:05.202   952  1311 D SemWifiTransportLayerFileManager: writeWifiPackageInfoList
08-07 17:53:05.203  1411  1411 D QS      : setQSExpansion 0.0 -118.475
08-07 17:53:05.203  1411  1411 D QS      : setQSExpansion 0.0 -118.475
08-07 17:53:05.203  1411  1411 D MediaControlPanel: mActionButtonNumCollapsed = 3, mActionButtonNumExpand = 4
08-07 17:53:05.204  7881  7881 I ViewRootImpl@a7ce52d[FragmentScenario$EmptyFragmentActivity]: [DP] pdf(0) 1 android.view.ViewRootImpl.lambda$addFrameCompleteCallbackIfNeeded$3$ViewRootImpl:5000 android.view.ViewRootImpl$$ExternalSyntheticLambda16.run:6 android.os.Handler.handleCallback:938
08-07 17:53:05.204  7881  7881 I ViewRootImpl@a7ce52d[FragmentScenario$EmptyFragmentActivity]: [DP] rdf()
08-07 17:53:05.204  7881  7881 D ViewRootImpl@a7ce52d[FragmentScenario$EmptyFragmentActivity]: reportDrawFinished (fn: -1)
08-07 17:53:05.205  7881  7881 D InsetsSourceConsumer: ensureControlAlpha: for ITYPE_NAVIGATION_BAR on com.example.lunchtray/androidx.fragment.app.testing.FragmentScenario$EmptyFragmentActivity
08-07 17:53:05.206  7881  7881 D InsetsSourceConsumer: ensureControlAlpha: for ITYPE_STATUS_BAR on com.example.lunchtray/androidx.fragment.app.testing.FragmentScenario$EmptyFragmentActivity
08-07 17:53:05.208   952  1031 I PkgPredictorService-SecIpmManagerServiceImpl: reportToNAP uid:10704 com.example.lunchtray/androidx.fragment.app.testing.FragmentScenario$EmptyFragmentActivity thisTime:327
08-07 17:53:05.208   628   642 I SurfaceFlinger: id=624599 createSurf (0x0),-1 flag=24000, Surface(name=f9c9b8b com.example.lunchtray/androidx.fragment.app.testing.FragmentScenario$EmptyFragmentActivity)/@0x8819a5f - animation-leash of starting_reveal#0
08-07 17:53:05.208   952  1031 I ActivityTaskManager: Displayed com.example.lunchtray/androidx.fragment.app.testing.FragmentScenario$EmptyFragmentActivity: +327ms
08-07 17:53:05.209   628   628 E SurfaceFlinger: Attempt to update InputPolicyFlags without permission ACCESS_SURFACE_FLINGER
08-07 17:53:05.210   952  3302 D InputDispatcher: Focus entered window (0): f9c9b8b com.example.lunchtray/androidx.fragment.app.testing.FragmentScenario$EmptyFragmentActivity
08-07 17:53:05.210   952  1526 I SemDvfsHyPerManager: acquire hyper - AMS_RESUME_TAIL/952@18, type = -999
08-07 17:53:05.210   952  1526 I SemDvfsHyPerManager: acquire hyper - AMS_ACT_LAZY/952@19, type = -999
08-07 17:53:05.210   568   614 I HYPER-HAL: [RequestManager.cpp]acquire(): Acquired ID : 470953  [952 / 18]    HINT : AMS_RESUME_TAIL    list :
08-07 17:53:05.211  2654  2654 E pageboostd: Received HALT command code 2
08-07 17:53:05.212   568   614 I HYPER-HAL: [RequestManager.cpp]releaseLocked(): Released ID : 469012
08-07 17:53:05.215   628   628 D SurfaceFlinger: Display 0 HWC layers:
08-07 17:53:05.215   628   628 D SurfaceFlinger:      DEVICE | 0x78e3e0a3d0 | 0100 | RGBx_8888    |   50.0    0.0 1130.0 2280.0 |    0    0 1080 2280 | Wallpaper BBQ wrapper#0
08-07 17:53:05.215   628   628 D SurfaceFlinger:      DEVICE | 0x78e3df8f10 | 0100 | RGBA_8888    |    0.0    0.0 1080.0 2280.0 |    0    0 1080 2280 | com.sec.android.app.launcher/com.sec[...].activities.LauncherActivity$_2001#0
08-07 17:53:05.215   628   628 D SurfaceFlinger:      DEVICE | 0x78e3de8110 | 0102 | RGBA_8888    |    0.0    0.0 1080.0 2280.0 |    5   10 1075 2270 | com.example.lunchtray/androidx.fragm[...]enario$EmptyFragmentActivity$_7881#0
08-07 17:53:05.215   628   628 D SurfaceFlinger:      DEVICE | 0x78e3e0dd30 | 0100 | RGBA_8888    |    0.0    0.0 1080.0 2280.0 |    5   10 1075 2270 | Splash Screen com.example.lunchtray$_1411#0
08-07 17:53:05.215   628   628 D SurfaceFlinger:      DEVICE | 0x78e3e110f0 | 0100 | RGBA_8888    |    0.0    0.0 1080.0  112.0 |    0    0 1080  112 | StatusBar$_1411#0
08-07 17:53:05.215   628   628 D SurfaceFlinger:      DEVICE | 0x78e3e1bd10 | 0100 | RGBA_8888    |    0.0    0.0   67.0  457.0 |    0  410   67  867 | com.samsung.android.app.cocktailbars[...]arservice.CocktailBarService$_8085#0
08-07 17:53:05.215   628   628 D SurfaceFlinger:      DEVICE | 0x78e3e02930 | 0100 | RGBA_8888    |    0.0    0.
08-07 17:53:05.215   628   628 D SurfaceFlinger: 0 1080.0  126.0 |    0 2154 1080 2280 | NavigationBar0$_1411#0
08-07 17:53:05.215   628   628 D SurfaceFlinger:
08-07 17:53:05.227  1411  2198 I ViewRootImpl@db57abd[lunchtray]: mWNT: t = android.view.SurfaceControl$Transaction@2035d1f fN = 2 android.view.SyncRtSurfaceTransactionApplier.applyTransaction:94 android.view.SyncRtSurfaceTransactionApplier.lambda$scheduleApply$0$SyncRtSurfaceTransactionApplier:71 android.view.SyncRtSurfaceTransactionApplier$$ExternalSyntheticLambda0.onFrameDraw:4
08-07 17:53:05.227  1411  2198 I ViewRootImpl@db57abd[lunchtray]: mWNT: merge t to BBQ
08-07 17:53:05.227  1411  2198 I ViewRootImpl@db57abd[lunchtray]: mWNT: t = android.view.SurfaceControl$Transaction@6c8486c fN = 2 android.view.SyncRtSurfaceTransactionApplier.applyTransaction:94 android.view.SyncRtSurfaceTransactionApplier.lambda$scheduleApply$0$SyncRtSurfaceTransactionApplier:71 android.view.SyncRtSurfaceTransactionApplier$$ExternalSyntheticLambda0.onFrameDraw:4
08-07 17:53:05.227  1411  2198 I ViewRootImpl@db57abd[lunchtray]: mWNT: merge t to BBQ
08-07 17:53:05.228   534 14652 W statsd  : Pull for atom 10083 exceeds timeout 2001444537 nano seconds.
08-07 17:53:05.228   534 14652 E statsd  : Stats puller failed for tag: 10083 at 4011710653841474
08-07 17:53:05.234  7881  7881 D CompatibilityChangeReporter: Compat change id reported: 171228096; UID 10704; state: ENABLED
08-07 17:53:05.236  7881  7881 D ScrollView: initGoToTop
08-07 17:53:05.239   475 22676 E keystore2: keystore2::metrics_store: pull_metrics_callback: Error getting storage stat: In with_transaction.
08-07 17:53:05.239   475 22676 E keystore2: keystore2::metrics_store: pull_metrics_callback: Error getting storage stat: In with_transaction.
08-07 17:53:05.239   475 22676 E keystore2: keystore2::metrics_store: pull_metrics_callback: Error getting storage stat: In with_transaction.
08-07 17:53:05.239   475 22676 E keystore2: keystore2::metrics_store: pull_metrics_callback: Error getting storage stat: In with_transaction.
08-07 17:53:05.239   475 22676 E keystore2: keystore2::metrics_store: pull_metrics_callback: Error getting storage stat: In with_transaction.
08-07 17:53:05.241   475 22676 E keystore2: keystore2::metrics_store: pull_metrics_callback: Error getting storage stat: In with_transaction.
08-07 17:53:05.241   475 22676 E keystore2: keystore2::metrics_store: pull_metrics_callback: Error getting storage stat: In with_transaction.
08-07 17:53:05.242   475 22676 E keystore2: keystore2::metrics_store: pull_metrics_callback: Error getting storage stat: In with_transaction.
08-07 17:53:05.242   475 22676 E keystore2: keystore2::metrics_store: pull_metrics_callback: Error getting storage stat: In with_transaction.
08-07 17:53:05.242   475 22676 E keystore2: keystore2::metrics_store: pull_metrics_callback: Error getting storage stat: In with_transaction.
08-07 17:53:05.242   475 22676 E keystore2: keystore2::metrics_store: pull_metrics_callback: Error getting storage stat: In with_transaction.
08-07 17:53:05.242   475 22676 E keystore2: keystore2::metrics_store: pull_metrics_callback: Error getting storage stat: In with_transaction.
08-07 17:53:05.244  1411  2199 I ViewRootImpl@db57abd[lunchtray]: mWNT: t = android.view.SurfaceControl$Transaction@7a4a49c fN = 3 android.view.SyncRtSurfaceTransactionApplier.applyTransaction:94 android.view.SyncRtSurfaceTransactionApplier.lambda$scheduleApply$0$SyncRtSurfaceTransactionApplier:71 android.view.SyncRtSurfaceTransactionApplier$$ExternalSyntheticLambda0.onFrameDraw:4
08-07 17:53:05.244  1411  2199 I ViewRootImpl@db57abd[lunchtray]: mWNT: merge t to BBQ
08-07 17:53:05.261  1411  2198 I ViewRootImpl@db57abd[lunchtray]: mWNT: t = android.view.SurfaceControl$Transaction@38ed360 fN = 4 android.view.SyncRtSurfaceTransactionApplier.applyTransaction:94 android.view.SyncRtSurfaceTransactionApplier.lambda$scheduleApply$0$SyncRtSurfaceTransactionApplier:71 android.view.SyncRtSurfaceTransactionApplier$$ExternalSyntheticLambda0.onFrameDraw:4
08-07 17:53:05.261  1411  2198 I ViewRootImpl@db57abd[lunchtray]: mWNT: merge t to BBQ
08-07 17:53:05.264  1411  1411 D QS      : setQSExpansion 0.0 -118.475
08-07 17:53:05.264  1411  1411 D QS      : setQSExpansion 0.0 -118.475
08-07 17:53:05.264  1411  1411 D MediaControlPanel: mActionButtonNumCollapsed = 3, mActionButtonNumExpand = 4
08-07 17:53:05.278  1411  1640 D OpenGLRenderer: setSurface called with nullptr
08-07 17:53:05.278  1411  1640 D OpenGLRenderer: setSurface() destroyed EGLSurface
08-07 17:53:05.278  1411  1640 D OpenGLRenderer: destroyEglSurface
08-07 17:53:05.281   952  3302 V WindowManager: Relayout Window{1dd4bc7 u0 Splash Screen com.example.lunchtray}: viewVisibility=8 req=1080x2280 d0
08-07 17:53:05.282   628   963 I SurfaceFlinger: id=624600 createSurf (0x0),-1 flag=24000, Surface(name=1dd4bc7 Splash Screen com.example.lunchtray)/@0xe8f159b - animation-leash of window_animation#0
08-07 17:53:05.284   952  3302 V WindowManager: Relayout hash=1dd4bc7, pid=1411: mAttrs={(0,0)(fillxfill) sim={adjust=pan} ty=APPLICATION_STARTING fmt=TRANSLUCENT wanim=0x1030001
08-07 17:53:05.284   952  3302 V WindowManager:   fl=81030118
08-07 17:53:05.284   952  3302 V WindowManager:   pfl=36000010
08-07 17:53:05.284   952  3302 V WindowManager:   bhv=DEFAULT
08-07 17:53:05.284   952  3302 V WindowManager:   fitSides= naviIconColor=0}
08-07 17:53:05.285  1411  1558 I ViewRootImpl@db57abd[lunchtray]: Relayout returned: old=(0,0,1080,2280) new=(0,0,1080,2280) req=(1080,2280)8 dur=4 res=0x5 s={false 0} ch=true fn=5
08-07 17:53:05.285  1411  1558 I ViewRootImpl@db57abd[lunchtray]: dispatchDetachedFromWindow
