08-07 17:53:10.760  7881  7906 I TestRunner: started: subtotal_updates_in_full_order_flow(com.example.lunchtray.OrderFunctionalityTests)
08-07 17:53:10.766  7881  7881 D LifecycleMonitor: Lifecycle status change: com.example.lunchtray.MainActivity@36dc148 in: DESTROYED
08-07 17:53:10.767  7881  7881 V ActivityScenario: Update currentActivityStage to DESTROYED, currentActivity=null
08-07 17:53:10.768  7881  7915 D OpenGLRenderer: setSurface called with nullptr
08-07 17:53:10.768  7881  7881 I ViewRootImpl@d3f350c[MainActivity]: dispatchDetachedFromWindow
08-07 17:53:10.769   952  1526 D InputTransport: Input channel destroyed: '9c00d76', fd=1975
08-07 17:53:10.769   952  1526 W InputManager-JNI: Input channel object '9c00d76 com.example.lunchtray/com.example.lunchtray.MainActivity (client)' was disposed without first being removed with the input manager!
08-07 17:53:10.769   952  1526 D InputTransport: Input channel destroyed: '9c00d76', fd=1977
08-07 17:53:10.771  7881  7881 D InputTransport: Input channel destroyed: '9c00d76', fd=91
08-07 17:53:10.774   628   641 I SurfaceFlinger: id=624639 createSurf (0x0),-1 flag=24004, Task=8206#1
08-07 17:53:10.776  2001  2001 I RecentsView: onTaskRemoved() taskId : 8206
08-07 17:53:10.777  2001  2001 I RecentsView: onTaskRemoved() taskId : 8206
08-07 17:53:10.777  2001  2001 I RecentsView: onTaskRemoved() taskId : 8206
08-07 17:53:10.777  2001  2001 I RecentsView: onTaskRemoved() taskId : 8206
08-07 17:53:10.778  7881  7906 W Settings: Setting always_finish_activities has moved from android.provider.Settings.System to android.provider.Settings.Global, returning read-only value.
08-07 17:53:10.782   952  2080 I SemDvfsHyPerManager: acquire hyper - AMS_APP_SWITCH/952@16, type = -999
08-07 17:53:10.783   952  2544 D PkgPredictorService-IpmAdcpController: create a new DexPreloadTask pkg:com.example.lunchtray  path:/data/app/~~6ZHKSOyH6C4aieMxQuPYLA==/com.example.lunchtray-clkp0OFoH3ds7cF62fs1rg==
08-07 17:53:10.783   628   642 I SurfaceFlinger: id=624640 createSurf (0x0),-1 flag=24004, Task=8207#0
08-07 17:53:10.784   568   614 I HYPER-HAL: [RequestManager.cpp]acquire(): Acquired ID : 469012  [952 / 16]    HINT : AMS_APP_SWITCH    list :
08-07 17:53:10.784   628   642 I SurfaceFlinger: id=624641 createSurf (0x0),-1 flag=80004, ActivityRecord{cbdab93 u0 com.example.lunchtray/androidx.test.core.app.InstrumentationActivityInvoker$BootstrapActivity t8207}#0
08-07 17:53:10.784  3311  3311 I SemDvfsHyPerManager: acquire hyper - APP_START_SHORT/3311@13, type = -999
08-07 17:53:10.784   628   628 I Layer   : id=624623 removeFromCurrentState com.example.lunchtray/com.example.lunchtray.MainActivity$_7881#0 (131)
08-07 17:53:10.784   628   628 I Layer   : id=624622 removeFromCurrentState 9c00d76 com.example.lunchtray/com.example.lunchtray.MainActivity#0 (131)
08-07 17:53:10.784   628   628 I Layer   : id=624621 removeFromCurrentState ActivityRecord{25f59b4 u0 com.example.lunchtray/.MainActivity t8206}#0 (131)
08-07 17:53:10.785   628   628 I Layer   : id=624613 removeFromCurrentState Task=8206#0 (131)
08-07 17:53:10.785   628   628 I Layer   : id=624639 removeFromCurrentState Task=8206#1 (131)
08-07 17:53:10.785   628   628 I SurfaceFlinger: id=624621 Removed ActivityRecord{25f59b4 u0 com.example.lunchtray/.MainActivity t8206}#0 (131)
08-07 17:53:10.785   628   628 I SurfaceFlinger: id=624639 Removed Task=8206#1 (131)
08-07 17:53:10.785   628   628 I SurfaceFlinger: id=624622 Removed 9c00d76 com.example.lunchtray/com.example.lunchtray.MainActivity#0 (131)
08-07 17:53:10.785   628   628 I SurfaceFlinger: id=624623 Removed com.example.lunchtray/com.example.lunchtray.MainActivity$_7881#0 (131)
08-07 17:53:10.786   628   628 I Layer   : id=624639 Destroyed Task=8206#1
08-07 17:53:10.786   568   614 I HYPER-HAL: [RequestManager.cpp]acquire(): Acquired ID : 5526163  [3311 / 13]    HINT : APP_START    list : [TIMEOUT / 1500]
08-07 17:53:10.786   628   628 I Layer   : id=624622 Destroyed 9c00d76 com.example.lunchtray/com.example.lunchtray.MainActivity#0
08-07 17:53:10.786   628   628 I Layer   : id=624623 Destroyed com.example.lunchtray/com.example.lunchtray.MainActivity$_7881#0
08-07 17:53:10.786   534   541 E statsd  : Predicate -7037417284711607308 dropping data for dimension key (10)0x2010101->10704[I] (10)0x30000->*launch*[S]
08-07 17:53:10.786   628   628 I Layer   : id=624621 Destroyed ActivityRecord{25f59b4 u0 com.example.lunchtray/.MainActivity t8206}#0
08-07 17:53:10.787   952  3370 I SemDvfsHyPerManager: acquire hyper - AMS_APP_LAUNCH/952@17, type = -999
08-07 17:53:10.788   534   541 E statsd  : Predicate 5980654721335871649 dropping data for dimension key (10)0x2010101->10704[I] (10)0x30000->*launch*[S]
08-07 17:53:10.788  3311  3311 I SemDvfsHyPerManager: acquire hyper - APP_START/3311@14, type = -999
08-07 17:53:10.789  2001  2001 I BaseActivity: removeActivityFlags, flags : 16
08-07 17:53:10.789   568   614 I HYPER-HAL: [RequestManager.cpp]acquire(): Acquired ID : 469982  [952 / 17]    HINT : AMS_APP_LAUNCH    list :
08-07 17:53:10.789  2001  2001 I BaseActivity: removeActivityFlags, flags : 6
08-07 17:53:10.789  2001  2001 I DragController: endDrag
08-07 17:53:10.789  2001  2001 W LauncherAppWidgetHost: setShouldListenFlag, mFlags:15 flag:resume on:false isFront:false
08-07 17:53:10.789  2001  2001 I DecorView: notifyKeepScreenOnChanged: keepScreenOn=false
08-07 17:53:10.789  2001  2001 I SPayUpdater: updateSpayHandler launcher activity is paused false
08-07 17:53:10.789   568   614 I HYPER-HAL: [RequestManager.cpp]acquire(): Acquired ID : 5529489  [3311 / 14]    HINT : APP_START    list :
08-07 17:53:10.791  1411  1411 D PipMotionHelper: animateToOffset: originalBounds=Rect(533, 1828 - 1038, 2112) offset=0 callers=
08-07 17:53:10.791  1411  1411 D PipMotionHelper:     com.android.wm.shell.pip.phone.PipTouchHandler.onMovementBoundsChanged:482
08-07 17:53:10.791  1411  1411 D PipMotionHelper:     com.android.wm.shell.pip.phone.PipController.updateMovementBounds:721
08-07 17:53:10.791  1411  1411 D PipMotionHelper:     com.android.wm.shell.pip.phone.PipController.lambda$init$3:351
08-07 17:53:10.791  1411  1411 D PipMotionHelper:     com.android.wm.shell.pip.phone.PipController.$r8$lambda$u15Oj_b57njSWegfZTV6TpliGaw:0
08-07 17:53:10.791  1411  1411 D PipMotionHelper:     com.android.wm.shell.pip.phone.PipController$$ExternalSyntheticLambda0.accept:8
08-07 17:53:10.796   952  1526 D InputDispatcher: Focused application set to (0): cbdab93
08-07 17:53:10.800   952  3370 D InputTransport: Input channel constructed: '37165da', fd=1977
08-07 17:53:10.800   952  3370 D InputTransport: Input channel constructed: '37165da', fd=1991
08-07 17:53:10.800   952  3370 D InputTransport: Input channel constructed: '37165da', fd=1994
08-07 17:53:10.802   628  2718 I SurfaceFlinger: id=624642 createSurf (0x0),-1 flag=80004, 37165da Splash Screen com.example.lunchtray#0
08-07 17:53:10.803   952  3370 D InputTransport: Input channel destroyed: '37165da', fd=1994
08-07 17:53:10.803  1411  1558 I ViewRootImpl@f94ab3b[lunchtray]: setView = android.widget.FrameLayout@4af8c96 TM=true
08-07 17:53:10.804   952  1526 V WindowManager: Relayout Window{72e35ce u0 com.sec.android.app.launcher/com.sec.android.app.launcher.activities.LauncherActivity}: viewVisibility=0 req=1080x2280 d0
08-07 17:53:10.805   952   975 V WindowManager: Relayout Window{37165da u0 Splash Screen com.example.lunchtray}: viewVisibility=0 req=1080x2280 d0
08-07 17:53:10.805   952  1526 V WindowManager: Relayout hash=72e35ce, pid=2001: mAttrs={(0,0)(fillxfill) sim={adjust=nothing} layoutInDisplayCutoutMode=shortEdges ty=BASE_APPLICATION fmt=TRANSPARENT wanim=0x10302f2
08-07 17:53:10.805   952  1526 V WindowManager:   fl=81910100
08-07 17:53:10.805   952  1526 V WindowManager:   pfl=1e020040
08-07 17:53:10.805   952  1526 V WindowManager:   vsysui=1700
08-07 17:53:10.805   952  1526 V WindowManager:   apr=LIGHT_STATUS_BARS LIGHT_NAVIGATION_BARS
08-07 17:53:10.805   952  1526 V WindowManager:   bhv=SHOW_TRANSIENT_BARS_BY_SWIPE
08-07 17:53:10.805   952  1526 V WindowManager:   fitSides= naviIconColor=0}
08-07 17:53:10.805   628  2718 I SurfaceFlinger: id=624643 createSurf (1080x2280),-3 flag=40004, Splash Screen com.example.lunchtray$_1411#0
08-07 17:53:10.805  2001  2001 I ViewRootImpl@67bf432[LauncherActivity]: Relayout returned: old=(0,0,1080,2280) new=(0,0,1080,2280) req=(1080,2280)0 dur=4 res=0x1 s={true 512219359696} ch=false fn=19
08-07 17:53:10.808   952   975 V WindowManager: Relayout hash=37165da, pid=1411: mAttrs={(0,0)(fillxfill) sim={adjust=pan} ty=APPLICATION_STARTING fmt=TRANSLUCENT wanim=0x1030001
08-07 17:53:10.808   952   975 V WindowManager:   fl=81030118
08-07 17:53:10.808   952   975 V WindowManager:   pfl=36000010
08-07 17:53:10.808   952   975 V WindowManager:   bhv=DEFAULT
08-07 17:53:10.808   952   975 V WindowManager:   fitSides= naviIconColor=0}
08-07 17:53:10.809  1411  1558 I ViewRootImpl@f94ab3b[lunchtray]: Relayout returned: old=(0,0,1080,2280) new=(0,0,1080,2280) req=(1080,2280)0 dur=4 res=0x7 s={true 512224966656} ch=true fn=-1
08-07 17:53:10.809  1411  1558 I ViewRootImpl@f94ab3b[lunchtray]: [DP] dp(1) 0 android.view.ViewRootImpl.reportNextDraw:11442 android.view.ViewRootImpl.performTraversals:4198 android.view.ViewRootImpl.doTraversal:2924
08-07 17:53:10.809  1411  1558 D ViewRootImpl@f94ab3b[lunchtray]: Creating frameDrawingCallback nextDrawUseBlastSync=false reportNextDraw=true hasBlurUpdates=false
08-07 17:53:10.809  1411  1558 D ViewRootImpl@f94ab3b[lunchtray]: Creating frameCompleteCallback
08-07 17:53:10.809  1411  1640 D OpenGLRenderer: eglCreateWindowSurface
08-07 17:53:10.810   952  1034 I SemPersonaManager: SecureFolder personaId = 150
08-07 17:53:10.811  1411  2199 D ViewRootImpl@f94ab3b[lunchtray]: Received frameDrawingCallback frameNum=1. Creating transactionCompleteCallback=false
08-07 17:53:10.815  1411  1640 D ViewRootImpl@f94ab3b[lunchtray]: Received frameCompleteCallback  lastAcquiredFrameNum=1 lastAttemptedDrawFrameNum=1
08-07 17:53:10.815  7881  7881 D LifecycleMonitor: Lifecycle status change: androidx.test.core.app.InstrumentationActivityInvoker$BootstrapActivity@890f65b in: PRE_ON_CREATE
08-07 17:53:10.816  1411  1558 I ViewRootImpl@f94ab3b[lunchtray]: [DP] pdf(0) 0 android.view.ViewRootImpl.lambda$addFrameCompleteCallbackIfNeeded$3$ViewRootImpl:5000 android.view.ViewRootImpl$$ExternalSyntheticLambda16.run:6 android.os.Handler.handleCallback:938
08-07 17:53:10.816  1411  1558 I ViewRootImpl@f94ab3b[lunchtray]: [DP] rdf()
08-07 17:53:10.816  1411  1558 D ViewRootImpl@f94ab3b[lunchtray]: reportDrawFinished (fn: -1)
08-07 17:53:10.817  7881  7881 V ActivityScenario: Activity lifecycle changed event received but ignored because the intent does not match. startActivityIntent=Intent { act=android.intent.action.MAIN cat=[android.intent.category.LAUNCHER] cmp=com.example.lunchtray/.MainActivity }, activity.getIntent()=Intent { act=android.intent.action.MAIN cat=[android.intent.category.LAUNCHER] flg=0x10008000 cmp=com.example.lunchtray/androidx.test.core.app.InstrumentationActivityInvoker$BootstrapActivity (has extras) }, activity=androidx.test.core.app.InstrumentationActivityInvoker$BootstrapActivity@890f65b
08-07 17:53:10.818   628  2718 I SurfaceFlinger: id=624644 createSurf (0x0),-1 flag=24000, Surface(name=Task=1)/@0x71397ea - animation-leash of app_transition#0
08-07 17:53:10.818  1411  1411 D FullscreenTaskListener: Fullscreen Task Appeared: #8207, caller=com.android.wm.shell.ShellTaskOrganizer.onTaskAppeared:387 com.android.wm.shell.ShellTaskOrganizer.onTaskAppeared:376 android.window.TaskOrganizer$1.lambda$onTaskAppeared$4$TaskOrganizer$1:297
08-07 17:53:10.819  7881  7881 V ActivityScenario: Activity lifecycle changed event received but ignored because the intent does not match. startActivityIntent=Intent { act=android.intent.action.MAIN cat=[android.intent.category.LAUNCHER] cmp=com.example.lunchtray/.MainActivity }, activity.getIntent()=Intent { act=android.intent.action.MAIN cat=[android.intent.category.LAUNCHER] flg=0x10008000 cmp=com.example.lunchtray/androidx.test.core.app.InstrumentationActivityInvoker$BootstrapActivity (has extras) }, activity=androidx.test.core.app.InstrumentationActivityInvoker$BootstrapActivity@890f65b
08-07 17:53:10.819   628   642 I SurfaceFlinger: id=624645 createSurf (0x0),-1 flag=24004, Surface(name=Task=8207)/@0x9417418 - animation-leash of app_transition#0
08-07 17:53:10.820   952  1526 D InputDispatcher: Focus left window (0): 72e35ce com.sec.android.app.launcher/com.sec.android.app.launcher.activities.LauncherActivity
08-07 17:53:10.820  2001  2001 I ViewRootImpl@67bf432[LauncherActivity]: MSG_WINDOW_FOCUS_CHANGED 0 1
08-07 17:53:10.820  2001  2001 I BaseActivity: removeActivityFlags, flags : 8
08-07 17:53:10.821   628  2111 I SurfaceFlinger: id=624646 createSurf (0x0),-1 flag=24000, Surface(name=cc3f67a StatusBar)/@0x6cfa557 - animation-leash of insets_animation#1
08-07 17:53:10.821   628   641 I SurfaceFlinger: id=624647 createSurf (0x0),-1 flag=24000, Surface(name=5b03b71 NavigationBar0)/@0xbaf262 - animation-leash of insets_animation#1
08-07 17:53:10.824  1411  1558 D InsetsSourceConsumer: ensureControlAlpha: for ITYPE_NAVIGATION_BAR on Splash Screen com.example.lunchtray
08-07 17:53:10.826  1411  1558 D InsetsSourceConsumer: ensureControlAlpha: for ITYPE_STATUS_BAR on Splash Screen com.example.lunchtray
08-07 17:53:10.828   952  1327 D NetdEventListenerService: DNS Requested by : 761, 1000, 0
08-07 17:53:10.830 24757 24769 I SAMSUNGWALLET: [Hint_ProcessStatusChange] fg Change, pid : 7881 , isNotify : true , isForeground : true , fg list : [2001, 7881]
08-07 17:53:10.830 24757 25074 I SAMSUNGWALLET: [ResetData] getSAResetDialogFlag : false
08-07 17:53:10.831  1411  1411 D NavigationBar: onSystemBarAttributesChanged() -  displayId:0, appearance:0, navbarColorManagedByIme:false
08-07 17:53:10.832  1411  1411 V Navbar.Store: handleEvent [EventType] GET_BOOL_REGION_SAMPLING_ENABLED [Module] LightBarController  KEYS_DEFAULT=false
08-07 17:53:10.832  1411  1411 V Navbar.Store: --[Band]COLOR_PACK_GET_REGION_SAMPLING_ENABLED
08-07 17:53:10.832  1411  1411 V Navbar.Store: ----getValue(BOOL_REGION_SAMPLING_ENABLED)=false
08-07 17:53:10.834 24757 25074 I SAMSUNGWALLET: [Hint_bxa] isHomePackageRunning topPkgName = com.example.lunchtray, topClsName = androidx.test.core.app.InstrumentationActivityInvoker$BootstrapActivity, return false , se : false
08-07 17:53:10.834  2001  2013 I TouchInteractionService: onSystemUiStateChanged, stateFlags : 131072
08-07 17:53:10.834   628   628 I Layer   : id=624630 removeFromCurrentState Surface(name=cc3f67a StatusBar)/@0x6cfa557 - animation-leash of insets_animation#0 (133)
08-07 17:53:10.835   628   628 I Layer   : id=624631 removeFromCurrentState Surface(name=5b03b71 NavigationBar0)/@0xbaf262 - animation-leash of insets_animation#0 (133)
08-07 17:53:10.835 24757 24757 I SAMSUNGWALLET: [Hint_PayHintService] Hint Status - HIDE : Home Package Not Running
08-07 17:53:10.835 24757 24757 I SemUiSupportService: getWindowAttributes()
08-07 17:53:10.836  2001  2001 I BadgeRenderer: Invalid count : 0
08-07 17:53:10.836  2001  2001 I BadgeRenderer: Invalid count : 0
08-07 17:53:10.838  2001  2001 I TouchInteractionService: onSystemUiFlagsChanged, userUnlocked
08-07 17:53:10.838   628  2718 I SurfaceFlinger: id=624631 Removed Surface(name=5b03b71 NavigationBar0)/@0xbaf262 - animation-leash of insets_animation#0 (133)
08-07 17:53:10.838   628  2718 I SurfaceFlinger: id=624630 Removed Surface(name=cc3f67a StatusBar)/@0x6cfa557 - animation-leash of insets_animation#0 (133)
08-07 17:53:10.838  1411  1411 D SecLightBarControlHelper: updateStatus(WHITE icon) NumLightStacks:0, NumStacks:1, IndexLightStack:-1, StatusBarMode:0, StatusBarState:SHD, NeedDarkFontFromWallpaper:false, isWhiteKeyguardStatusBarBySettings:false
08-07 17:53:10.840   952  1034 D EnterpriseDeviceManagerService: isMdmAdminPresentInternal() : MDM Admin Found - com.samsung.knox.securefolder
08-07 17:53:10.845   952  3370 V WindowManager: Relayout Window{13616e6 u0 NotificationShade}: viewVisibility=4 req=1080x2280 d0
08-07 17:53:10.846   952  3370 V WindowManager: Relayout hash=13616e6, pid=1411: mAttrs={(0,0)(fillxfill) gr=TOP CENTER_VERTICAL sim={adjust=resize} layoutInDisplayCutoutMode=always ty=2040 fmt=TRANSLUCENT
08-07 17:53:10.846   952  3370 V WindowManager:   fl=81840048
08-07 17:53:10.846   952  3370 V WindowManager:   pfl=1b000000
08-07 17:53:10.846   952  3370 V WindowManager:   bhv=SHOW_TRANSIENT_BARS_BY_SWIPE naviIconColor=0
08-07 17:53:10.846   952  3370 V WindowManager:   sfl=42000}
08-07 17:53:10.847  1411  1411 I ViewRootImpl@edc7ce0[NotificationShade]: Relayout returned: old=(0,0,1080,2280) new=(0,0,1080,2280) req=(1080,2280)4 dur=3 res=0x1 s={false 0} ch=false fn=-1
08-07 17:53:10.848  8085  8085 I Utils   : HomePackage : com.sec.android.app.launcher, resumePackageName : com.example.lunchtray
08-07 17:53:10.849   952  2595 I MediaSessionMonitor: Media session stopped : controllerList empty
08-07 17:53:10.851  1411  1411 D KeyguardBottomAreaShortcutView: updateCameraVisibility isCameraDisabled:false visible:true
08-07 17:53:10.851   628   628 E SurfaceFlinger: Attempt to update InputPolicyFlags without permission ACCESS_SURFACE_FLINGER
08-07 17:53:10.852   628   628 I Layer   : id=624631 Destroyed Surface(name=5b03b71 NavigationBar0)/@0xbaf262 - animation-leash of insets_animation#0
08-07 17:53:10.852   628   628 I Layer   : id=624630 Destroyed Surface(name=cc3f67a StatusBar)/@0x6cfa557 - animation-leash of insets_animation#0
08-07 17:53:10.852  7881  7881 I DecorView: [INFO] isPopOver=false, config=true
08-07 17:53:10.852  7881  7881 I DecorView: updateCaptionType >> DecorView@719dfd1[], isFloating=false, isApplication=true, hasWindowControllerCallback=true, hasWindowDecorCaption=false
08-07 17:53:10.852  7881  7881 D DecorView: setCaptionType = 0, this = DecorView@719dfd1[]
08-07 17:53:10.853   952  2550 W NetlinkSocket: maximum read
08-07 17:53:10.854  7881  7881 I DecorView: getCurrentDensityDpi: from real metrics. densityDpi=420 msg=resources_loaded
08-07 17:53:10.855  7881  7881 D LifecycleMonitor: Lifecycle status change: androidx.test.core.app.InstrumentationActivityInvoker$BootstrapActivity@890f65b in: CREATED
08-07 17:53:10.855  7881  7881 V ActivityScenario: Activity lifecycle changed event received but ignored because the intent does not match. startActivityIntent=Intent { act=android.intent.action.MAIN cat=[android.intent.category.LAUNCHER] cmp=com.example.lunchtray/.MainActivity }, activity.getIntent()=Intent { act=android.intent.action.MAIN cat=[android.intent.category.LAUNCHER] flg=0x10008000 cmp=com.example.lunchtray/androidx.test.core.app.InstrumentationActivityInvoker$BootstrapActivity (has extras) }, activity=androidx.test.core.app.InstrumentationActivityInvoker$BootstrapActivity@890f65b
08-07 17:53:10.856  7881  7881 V ActivityScenario: Activity lifecycle changed event received but ignored because the intent does not match. startActivityIntent=Intent { act=android.intent.action.MAIN cat=[android.intent.category.LAUNCHER] cmp=com.example.lunchtray/.MainActivity }, activity.getIntent()=Intent { act=android.intent.action.MAIN cat=[android.intent.category.LAUNCHER] flg=0x10008000 cmp=com.example.lunchtray/androidx.test.core.app.InstrumentationActivityInvoker$BootstrapActivity (has extras) }, activity=androidx.test.core.app.InstrumentationActivityInvoker$BootstrapActivity@890f65b
08-07 17:53:10.856   628   628 D SurfaceFlinger: Display 0 HWC layers:
08-07 17:53:10.856   628   628 D SurfaceFlinger:      DEVICE | 0x78e3e0a3d0 | 0100 | RGBx_8888    |   50.0    0.0 1130.0 2280.0 |    0    0 1080 2280 | Wallpaper BBQ wrapper#0
08-07 17:53:10.856   628   628 D SurfaceFlinger:      DEVICE | 0x78e3e168b0 | 0100 | RGBA_8888    |    0.0    0.0 1080.0 2280.0 |    0    0 1080 2280 | com.sec.android.app.launcher/com.sec[...].activities.LauncherActivity$_2001#0
08-07 17:53:10.856   628   628 D SurfaceFlinger:      DEVICE | 0x78e3e1ca90 | 0100 | RGBA_8888    |    0.0    0.0 1080.0 2280.0 |   76  159 1004 2121 | Splash Screen com.example.lunchtray$_1411#0
08-07 17:53:10.856   628   628 D SurfaceFlinger:      DEVICE | 0x78e3e110f0 | 0100 | RGBA_8888    |    0.0    0.0 1080.0  112.0 |    0    0 1080  112 | StatusBar$_1411#0
08-07 17:53:10.856   628   628 D SurfaceFlinger:      DEVICE | 0x78e3e1bd10 | 0100 | RGBA_8888    |    0.0    0.0   67.0  457.0 |    0  410   67  867 | com.samsung.android.app.cocktailbars[...]arservice.CocktailBarService$_8085#0
08-07 17:53:10.856   628   628 D SurfaceFlinger:      DEVICE | 0x78e3e00f50 | 0100 | RGBA_8888    |    0.0    0.0 1080.0  126.0 |    0 2154 1080 2280 | NavigationBar0$_1411#0
08-07 17:53:10.856   628   628 D SurfaceFlinger:      DEVICE | 0x78e3e0adf0 | 0100 | RGBA_8888    |    0.0    0.0  521.0   63.0 |  279 2217  800 2280 | com.samsung.and
08-07 17:53:10.856   628   628 D SurfaceFlinger: roid.spay.pay.HintService$_24757#0
08-07 17:53:10.856   628   628 D SurfaceFlinger:
08-07 17:53:10.857  7881  7881 D LifecycleMonitor: Lifecycle status change: androidx.test.core.app.InstrumentationActivityInvoker$BootstrapActivity@890f65b in: STARTED
08-07 17:53:10.858  7881  7881 V ActivityScenario: Activity lifecycle changed event received but ignored because the intent does not match. startActivityIntent=Intent { act=android.intent.action.MAIN cat=[android.intent.category.LAUNCHER] cmp=com.example.lunchtray/.MainActivity }, activity.getIntent()=Intent { act=android.intent.action.MAIN cat=[android.intent.category.LAUNCHER] flg=0x10008000 cmp=com.example.lunchtray/androidx.test.core.app.InstrumentationActivityInvoker$BootstrapActivity (has extras) }, activity=androidx.test.core.app.InstrumentationActivityInvoker$BootstrapActivity@890f65b
08-07 17:53:10.858  7881  7881 V ActivityScenario: Activity lifecycle changed event received but ignored because the intent does not match. startActivityIntent=Intent { act=android.intent.action.MAIN cat=[android.intent.category.LAUNCHER] cmp=com.example.lunchtray/.MainActivity }, activity.getIntent()=Intent { act=android.intent.action.MAIN cat=[android.intent.category.LAUNCHER] flg=0x10008000 cmp=com.example.lunchtray/androidx.test.core.app.InstrumentationActivityInvoker$BootstrapActivity (has extras) }, activity=androidx.test.core.app.InstrumentationActivityInvoker$BootstrapActivity@890f65b
08-07 17:53:10.859  1411  1411 D KeyguardUsimTextView: updateText(simState): READY
08-07 17:53:10.859  1411  1411 D KeyguardBottomAreaShortcutView: mIndicationArea margin start : 163, end : 163, bottom : 405
08-07 17:53:10.861   628  2111 I SurfaceFlinger: id=624648 createSurf (0x0),-1 flag=80004, ActivityRecord{116c866 u0 com.example.lunchtray/.MainActivity t8207}#0
08-07 17:53:10.861  1411  1411 D QS      : setQSExpansion 0.0 -118.475
08-07 17:53:10.861  1411  1411 D QS      : setQSExpansion 0.0 -118.475
08-07 17:53:10.861  1411  1411 D MediaControlPanel: mActionButtonNumCollapsed = 3, mActionButtonNumExpand = 4
08-07 17:53:10.864  1411  1455 I ViewRootImpl@f94ab3b[lunchtray]: Resizing android.view.ViewRootImpl@c4fdc22: frame=[0,0][1080,2280] reportDraw=false forceLayout=false backDropFrame=Rect(0, 0 - 1080, 2280)
08-07 17:53:10.864  1411  1411 D IndicatorGardenInputProperty: updateRotation() prv:-1 >> new:0
08-07 17:53:10.864  1411  1411 D DeviceState: getDeviceResolutionPixelSize - currentDensity = 420 deviceDensity = 420 initialDisplaySizeFactor = 1440 currentDisplaySizeFactor = 1080 initialDisplayDensity = 560 proportionalDensity = 420 proportionalPixel = 66
08-07 17:53:10.864  1411  1411 D DeviceState: getDeviceResolutionPixelSize - currentDensity = 420 deviceDensity = 420 initialDisplaySizeFactor = 1440 currentDisplaySizeFactor = 1080 initialDisplayDensity = 560 proportionalDensity = 420 proportionalPixel = 27
08-07 17:53:10.864  1411  1411 D DeviceState: getDeviceResolutionPixelSize - currentDensity = 420 deviceDensity = 420 initialDisplaySizeFactor = 1440 currentDisplaySizeFactor = 1080 initialDisplayDensity = 560 proportionalDensity = 420 proportionalPixel = 24
08-07 17:53:10.864  1411  1558 I ViewRootImpl@f94ab3b[lunchtray]: handleResized, msg = 4 frames=ClientWindowFrames{frame=[0,0][1080,2280] display=[0,0][1080,2280] backdrop=[0,0][1080,2280]} forceNextWindowRelayout=false displayId=0 frameChanged=false backdropFrameChanged=false configChanged=false displayChanged=false mNextDrawUseBlastSync=false mergedConfiguration={mGlobalConfig={1.1 450mcc8mnc [ko_KR,en_US] ldltr sw411dp w411dp h777dp 420dpi nrml long port finger -keyb/v/h -nav/h winConfig={ mBounds=Rect(0, 0 - 1080, 2280) mAppBounds=Rect(0, 112 - 1080, 2154) mMaxBounds=Rect(0, 0 - 1080, 2280) mWindowingMode=fullscreen mDisplayWindowingMode=fullscreen mActivityType=undefined mAlwaysOnTop=undefined mRotation=ROTATION_0 mPopOver=undefined mFreeformTaskPinningState=undefined} as.76 s.53109 fontWeightAdjustment=0 ff=0 bf=0 bts=0 desktop/d dm/n ?dc ?dcui ?dcaf enb/d themeSeq=0} mOverrideConfig={1.1 450mcc8mnc [ko_KR,en_US] ldltr sw411dp w411dp h777dp 420dpi nrml long port finger -keyb/v/h -nav/h winConfig={ mBounds=Rect(0, 0 - 1080, 2280) mAppBounds=Rect(0, 112 - 1080, 2154) mMaxBounds=Rect(0, 0 - 1080, 2280) mWindowingMode=fullscreen mDisplayWindowingMode=fullscreen mActivityType=standard mAlwaysOnTop=undefined mRotation=ROTATION_0 mPopOver=off mFreeformTaskPinningState=unpinned} as.76 s.1 fontWeightAdjustment=0 ff=0 bf=0 bts=0 desktop/d dm/n dc/d ?dcui ?dcaf enb/d themeSeq=0}}
08-07 17:53:10.864  7881  7881 D LifecycleMonitor: Lifecycle status change: androidx.test.core.app.InstrumentationActivityInvoker$BootstrapActivity@890f65b in: RESUMED
08-07 17:53:10.864   952   975 V WindowManager: Relayout Window{82f2704 u0 com.samsung.android.spay.pay.HintService}: viewVisibility=8 req=521x63 d0
08-07 17:53:10.866  7881  7881 V ActivityScenario: Activity lifecycle changed event received but ignored because the intent does not match. startActivityIntent=Intent { act=android.intent.action.MAIN cat=[android.intent.category.LAUNCHER] cmp=com.example.lunchtray/.MainActivity }, activity.getIntent()=Intent { act=android.intent.action.MAIN cat=[android.intent.category.LAUNCHER] flg=0x10008000 cmp=com.example.lunchtray/androidx.test.core.app.InstrumentationActivityInvoker$BootstrapActivity (has extras) }, activity=androidx.test.core.app.InstrumentationActivityInvoker$BootstrapActivity@890f65b
08-07 17:53:10.866  1411  1411 D MediaControlPanel: mActionButtonNumCollapsed = 3, mActionButtonNumExpand = 4
08-07 17:53:10.866   952  2550 W NetlinkSocket: maximum read
08-07 17:53:10.867   952   975 V WindowManager: Relayout hash=82f2704, pid=24757: mAttrs={(0,0)(521x63) gr=BOTTOM CENTER sim={adjust=pan} layoutInDisplayCutoutMode=shortEdges ty=NAVIGATION_BAR_PANEL fmt=TRANSLUCENT
08-07 17:53:10.867   952   975 V WindowManager:   fl=1800308
08-07 17:53:10.867   952   975 V WindowManager:   pfl=12000000
08-07 17:53:10.867   952   975 V WindowManager:   bhv=DEFAULT
08-07 17:53:10.867   952   975 V WindowManager:   fitTypes=NAVIGATION_BARS
08-07 17:53:10.867   952   975 V WindowManager:   fitSides=LEFT RIGHT naviIconColor=0}
08-07 17:53:10.867  7881  7881 V ActivityScenario: Activity lifecycle changed event received but ignored because the intent does not match. startActivityIntent=Intent { act=android.intent.action.MAIN cat=[android.intent.category.LAUNCHER] cmp=com.example.lunchtray/.MainActivity }, activity.getIntent()=Intent { act=android.intent.action.MAIN cat=[android.intent.category.LAUNCHER] flg=0x10008000 cmp=com.example.lunchtray/androidx.test.core.app.InstrumentationActivityInvoker$BootstrapActivity (has extras) }, activity=androidx.test.core.app.InstrumentationActivityInvoker$BootstrapActivity@890f65b
08-07 17:53:10.867 24757 24757 I ViewRootImpl@2325f75[HintService]: Relayout returned: old=(279,2217,800,2280) new=(279,2217,800,2280) req=(521,63)8 dur=6 res=0x5 s={false 0} ch=true fn=2
08-07 17:53:10.868   628   628 I Layer   : id=624633 removeFromCurrentState com.samsung.android.spay.pay.HintService$_24757#0 (132)
08-07 17:53:10.868   628   628 I SurfaceFlinger: id=624633 Removed com.samsung.android.spay.pay.HintService$_24757#0 (132)
08-07 17:53:10.870   628   628 I Layer   : id=624633 Destroyed com.samsung.android.spay.pay.HintService$_24757#0
08-07 17:53:10.870   952  1034 D PersonaActivityHelper: Activity not in resumed state, do not run immediate lock
08-07 17:53:10.872   628   628 D SurfaceFlinger: Display 0 HWC layers:
08-07 17:53:10.872   628   628 D SurfaceFlinger:      DEVICE | 0x78e3e0a3d0 | 0100 | RGBx_8888    |   50.0    0.0 1130.0 2280.0 |    0    0 1080 2280 | Wallpaper BBQ wrapper#0
08-07 17:53:10.872   628   628 D SurfaceFlinger:      DEVICE | 0x78e3e168b0 | 0100 | RGBA_8888    |    0.0    0.0 1080.0 2280.0 |    0    0 1080 2280 | com.sec.android.app.launcher/com.sec[...].activities.LauncherActivity$_2001#0
08-07 17:53:10.872   628   628 D SurfaceFlinger:      DEVICE | 0x78e3e1ca90 | 0100 | RGBA_8888    |    0.0    0.0 1080.0 2280.0 |   67  142 1013 2138 | Splash Screen com.example.lunchtray$_1411#0
08-07 17:53:10.872   628   628 D SurfaceFlinger:      DEVICE | 0x78e3e110f0 | 0100 | RGBA_8888    |    0.0    0.0 1080.0  112.0 |    0    0 1080  112 | StatusBar$_1411#0
08-07 17:53:10.872   628   628 D SurfaceFlinger:      DEVICE | 0x78e3e1bd10 | 0100 | RGBA_8888    |    0.0    0.0   67.0  457.0 |    0  410   67  867 | com.samsung.android.app.cocktailbars[...]arservice.CocktailBarService$_8085#0
08-07 17:53:10.872   628   628 D SurfaceFlinger:      DEVICE | 0x78e3e00f50 | 0100 | RGBA_8888    |    0.0    0.0 1080.0  126.0 |    0 2154 1080 2280 | NavigationBar0$_1411#0
08-07 17:53:10.872   628   628 D SurfaceFlinger:
08-07 17:53:10.872  7881  7881 D LifecycleMonitor: Lifecycle status change: androidx.test.core.app.InstrumentationActivityInvoker$BootstrapActivity@890f65b in: PAUSED
08-07 17:53:10.873  7881  7881 V ActivityScenario: Activity lifecycle changed event received but ignored because the intent does not match. startActivityIntent=Intent { act=android.intent.action.MAIN cat=[android.intent.category.LAUNCHER] cmp=com.example.lunchtray/.MainActivity }, activity.getIntent()=Intent { act=android.intent.action.MAIN cat=[android.intent.category.LAUNCHER] flg=0x10008000 cmp=com.example.lunchtray/androidx.test.core.app.InstrumentationActivityInvoker$BootstrapActivity (has extras) }, activity=androidx.test.core.app.InstrumentationActivityInvoker$BootstrapActivity@890f65b
08-07 17:53:10.873  7881  7881 V ActivityScenario: Activity lifecycle changed event received but ignored because the intent does not match. startActivityIntent=Intent { act=android.intent.action.MAIN cat=[android.intent.category.LAUNCHER] cmp=com.example.lunchtray/.MainActivity }, activity.getIntent()=Intent { act=android.intent.action.MAIN cat=[android.intent.category.LAUNCHER] flg=0x10008000 cmp=com.example.lunchtray/androidx.test.core.app.InstrumentationActivityInvoker$BootstrapActivity (has extras) }, activity=androidx.test.core.app.InstrumentationActivityInvoker$BootstrapActivity@890f65b
08-07 17:53:10.876   952  1526 D InputDispatcher: Focused application set to (0): 116c866
08-07 17:53:10.880   952  1034 I SemPersonaManager: SecureFolder personaId = 150
08-07 17:53:10.887  7881  7881 D LifecycleMonitor: Lifecycle status change: com.example.lunchtray.MainActivity@338b3c2 in: PRE_ON_CREATE
08-07 17:53:10.888  7881  7881 V ActivityScenario: Activity lifecycle changed event received but ignored because the reported transition was not ON_CREATE while the last known transition was DESTROYED
08-07 17:53:10.888  7881  7881 V ActivityScenario: Activity lifecycle changed event received but ignored because the reported transition was not ON_CREATE while the last known transition was PRE_ON_CREATE
08-07 17:53:10.900  7881  7881 I DecorView: [INFO] isPopOver=false, config=true
08-07 17:53:10.900  7881  7881 I DecorView: updateCaptionType >> DecorView@80d3e0f[], isFloating=false, isApplication=true, hasWindowControllerCallback=true, hasWindowDecorCaption=false
08-07 17:53:10.900  7881  7881 D DecorView: setCaptionType = 0, this = DecorView@80d3e0f[]
08-07 17:53:10.901  7881  7881 I DecorView: getCurrentDensityDpi: from real metrics. densityDpi=420 msg=resources_loaded
08-07 17:53:10.903   952  1034 D EnterpriseDeviceManagerService: isMdmAdminPresentInternal() : MDM Admin Found - com.samsung.knox.securefolder
08-07 17:53:10.906  8085  8085 I Utils   : HomePackage : com.sec.android.app.launcher, resumePackageName : com.example.lunchtray
08-07 17:53:10.907   952  2595 I MediaSessionMonitor: Media session stopped : controllerList empty
08-07 17:53:10.909   952  2550 W NetlinkSocket: maximum read
08-07 17:53:10.915  7881  7881 D LifecycleMonitor: Lifecycle status change: com.example.lunchtray.MainActivity@338b3c2 in: CREATED
08-07 17:53:10.915  7881  7881 V ActivityScenario: Update currentActivityStage to CREATED, currentActivity=com.example.lunchtray.MainActivity@338b3c2
08-07 17:53:10.915  7881  7881 V ActivityScenario: Update currentActivityStage to CREATED, currentActivity=com.example.lunchtray.MainActivity@338b3c2
08-07 17:53:10.926  7881  7881 D LifecycleMonitor: Lifecycle status change: com.example.lunchtray.MainActivity@338b3c2 in: STARTED
08-07 17:53:10.927  7881  7881 V ActivityScenario: Update currentActivityStage to STARTED, currentActivity=com.example.lunchtray.MainActivity@338b3c2
08-07 17:53:10.927  7881  7881 V ActivityScenario: Update currentActivityStage to STARTED, currentActivity=com.example.lunchtray.MainActivity@338b3c2
08-07 17:53:10.928  7881  7881 D LifecycleMonitor: Lifecycle status change: com.example.lunchtray.MainActivity@338b3c2 in: RESUMED
08-07 17:53:10.929  7881  7881 V ActivityScenario: Update currentActivityStage to RESUMED, currentActivity=com.example.lunchtray.MainActivity@338b3c2
08-07 17:53:10.929  7881  7881 V ActivityScenario: Update currentActivityStage to RESUMED, currentActivity=com.example.lunchtray.MainActivity@338b3c2
08-07 17:53:10.933   952  1307 D SemNscXgbMsL1: Probability - Cloud gaming: [0.04564593]
08-07 17:53:10.934   952   975 D InputTransport: Input channel constructed: 'b14f8d8', fd=2015
08-07 17:53:10.934   952   975 D InputTransport: Input channel constructed: 'b14f8d8', fd=2016
08-07 17:53:10.934   952  1307 D SemNscXgbMsL1: Probability - Real time: [0.11715758]
08-07 17:53:10.934   952   975 D InputTransport: Input channel constructed: 'b14f8d8', fd=2017
08-07 17:53:10.934   952  1307 D SemNscXgbMsL1: Probability - Non real time: [0.9292175]
08-07 17:53:10.934   952  1307 D SemNscXgbMsL1: 1 sample inference time: 0.404 msecs
08-07 17:53:10.934   628  2718 I SurfaceFlinger: id=624649 createSurf (0x0),-1 flag=80004, b14f8d8 com.example.lunchtray/com.example.lunchtray.MainActivity#0
08-07 17:53:10.935   952   975 D InputTransport: Input channel destroyed: 'b14f8d8', fd=2017
08-07 17:53:10.935   952  1307 D SemNscXgbL2Rt: L2 RT 1 sample inference time: 0.774 msecs
08-07 17:53:10.936  7881  7881 I ViewRootImpl@3c912ad[MainActivity]: setView = com.android.internal.policy.DecorView@80d3e0f TM=true
08-07 17:53:10.936   952  1307 D SemNscXgbL2Nrt: L2 NRT 1 sample inference time: 1.392654 msecs
08-07 17:53:10.937   952  1095 D AnalyticsContainerHandler: handleMessage : { when=0 what=1 target=com.android.server.knox.KnoxAnalyticsContainer$AnalyticsHandler }
08-07 17:53:10.943   952  1526 V WindowManager: Relayout Window{b14f8d8 u0 com.example.lunchtray/com.example.lunchtray.MainActivity}: viewVisibility=0 req=1080x2280 d0
08-07 17:53:10.944   628  2718 I SurfaceFlinger: id=624650 createSurf (1x1),-3 flag=40004, com.example.lunchtray/com.example.lunchtray.MainActivity$_7881#0
08-07 17:53:10.946   628  2718 I SurfaceFlinger: id=624651 createSurf (0x0),-1 flag=24000, Surface(name=cc3f67a StatusBar)/@0x6cfa557 - animation-leash of insets_animation#0
08-07 17:53:10.947   628  2718 I SurfaceFlinger: id=624652 createSurf (0x0),-1 flag=24000, Surface(name=5b03b71 NavigationBar0)/@0xbaf262 - animation-leash of insets_animation#0
08-07 17:53:10.948   952  1526 V WindowManager: Relayout hash=b14f8d8, pid=7881: mAttrs={(0,0)(fillxfill) sim={adjust=pan forwardNavigation} ty=BASE_APPLICATION wanim=0x1030303
08-07 17:53:10.948   952  1526 V WindowManager:   fl=81810100
08-07 17:53:10.948   952  1526 V WindowManager:   pfl=12020040
08-07 17:53:10.948   952  1526 V WindowManager:   apr=LIGHT_NAVIGATION_BARS
08-07 17:53:10.948   952  1526 V WindowManager:   bhv=DEFAULT
08-07 17:53:10.948   952  1526 V WindowManager:   fitSides= naviIconColor=0
08-07 17:53:10.948   952  1526 V WindowManager:   sfl=100000}
08-07 17:53:10.950  7881  7881 I ViewRootImpl@3c912ad[MainActivity]: Relayout returned: old=(0,0,1080,2280) new=(0,0,1080,2280) req=(1080,2280)0 dur=5 res=0x7 s={true 512217327936} ch=true fn=-1
08-07 17:53:10.950  7881  7915 D OpenGLRenderer: eglCreateWindowSurface
08-07 17:53:10.953  7881  7881 I ViewRootImpl@3c912ad[MainActivity]: [DP] dp(1) 1 android.view.ViewRootImpl.reportNextDraw:11442 android.view.ViewRootImpl.performTraversals:4198 android.view.ViewRootImpl.doTraversal:2924
08-07 17:53:10.954  7881  7881 D ViewRootImpl@3c912ad[MainActivity]: Creating frameDrawingCallback nextDrawUseBlastSync=false reportNextDraw=true hasBlurUpdates=false
08-07 17:53:10.954  7881  7881 D ViewRootImpl@3c912ad[MainActivity]: Creating frameCompleteCallback
08-07 17:53:10.958  7881  7929 D ViewRootImpl@3c912ad[MainActivity]: Received frameDrawingCallback frameNum=1. Creating transactionCompleteCallback=false
08-07 17:53:10.960  7881  7915 D ViewRootImpl@3c912ad[MainActivity]: Received frameCompleteCallback  lastAcquiredFrameNum=1 lastAttemptedDrawFrameNum=1
08-07 17:53:10.961  7881  7881 I ViewRootImpl@3c912ad[MainActivity]: [DP] pdf(0) 1 android.view.ViewRootImpl.lambda$addFrameCompleteCallbackIfNeeded$3$ViewRootImpl:5000 android.view.ViewRootImpl$$ExternalSyntheticLambda16.run:6 android.os.Handler.handleCallback:938
08-07 17:53:10.961  7881  7881 I ViewRootImpl@3c912ad[MainActivity]: [DP] rdf()
08-07 17:53:10.961  7881  7881 D ViewRootImpl@3c912ad[MainActivity]: reportDrawFinished (fn: -1)
08-07 17:53:10.965   952  1031 I PkgPredictorService-SecIpmManagerServiceImpl: reportToNAP uid:10704 com.example.lunchtray/com.example.lunchtray.MainActivity thisTime:182
08-07 17:53:10.965   952  1031 I ActivityTaskManager: Displayed com.example.lunchtray/.MainActivity: +182ms
08-07 17:53:10.965   628  2718 I SurfaceFlinger: id=624653 createSurf (0x0),-1 flag=24000, Surface(name=b14f8d8 com.example.lunchtray/com.example.lunchtray.MainActivity)/@0xf7c4733 - animation-leash of starting_reveal#0
08-07 17:53:10.966  2654  2654 E pageboostd: Received HALT command code 2
08-07 17:53:10.967  7881  7881 D InsetsSourceConsumer: ensureControlAlpha: for ITYPE_NAVIGATION_BAR on com.example.lunchtray/com.example.lunchtray.MainActivity
08-07 17:53:10.967  7881  7881 D InsetsSourceConsumer: ensureControlAlpha: for ITYPE_STATUS_BAR on com.example.lunchtray/com.example.lunchtray.MainActivity
08-07 17:53:10.968  7881  7881 D RootViewPicker: Root not ready - waiting: 10ms for one to appear.
08-07 17:53:10.969   628   628 I Layer   : id=624646 removeFromCurrentState Surface(name=cc3f67a StatusBar)/@0x6cfa557 - animation-leash of insets_animation#1 (136)
08-07 17:53:10.969  1411  2198 I ViewRootImpl@f94ab3b[lunchtray]: mWNT: t = android.view.SurfaceControl$Transaction@dbdc3e9 fN = 2 android.view.SyncRtSurfaceTransactionApplier.applyTransaction:94 android.view.SyncRtSurfaceTransactionApplier.lambda$scheduleApply$0$SyncRtSurfaceTransactionApplier:71 android.view.SyncRtSurfaceTransactionApplier$$ExternalSyntheticLambda0.onFrameDraw:4
08-07 17:53:10.969  1411  2198 I ViewRootImpl@f94ab3b[lunchtray]: mWNT: merge t to BBQ
08-07 17:53:10.969   628   628 I Layer   : id=624647 removeFromCurrentState Surface(name=5b03b71 NavigationBar0)/@0xbaf262 - animation-leash of insets_animation#1 (136)
08-07 17:53:10.969   628   628 E SurfaceFlinger: Attempt to update InputPolicyFlags without permission ACCESS_SURFACE_FLINGER
08-07 17:53:10.969  1411  2198 I ViewRootImpl@f94ab3b[lunchtray]: mWNT: t = android.view.SurfaceControl$Transaction@ab3986e fN = 2 android.view.SyncRtSurfaceTransactionApplier.applyTransaction:94 android.view.SyncRtSurfaceTransactionApplier.lambda$scheduleApply$0$SyncRtSurfaceTransactionApplier:71 android.view.SyncRtSurfaceTransactionApplier$$ExternalSyntheticLambda0.onFrameDraw:4
08-07 17:53:10.969  1411  2198 I ViewRootImpl@f94ab3b[lunchtray]: mWNT: merge t to BBQ
08-07 17:53:10.970   628   628 I SurfaceFlinger: id=624646 Removed Surface(name=cc3f67a StatusBar)/@0x6cfa557 - animation-leash of insets_animation#1 (136)
08-07 17:53:10.970   628   628 I SurfaceFlinger: id=624647 Removed Surface(name=5b03b71 NavigationBar0)/@0xbaf262 - animation-leash of insets_animation#1 (136)
08-07 17:53:10.970   628   628 I Layer   : id=624646 Destroyed Surface(name=cc3f67a StatusBar)/@0x6cfa557 - animation-leash of insets_animation#1
08-07 17:53:10.970   628   628 I Layer   : id=624647 Destroyed Surface(name=5b03b71 NavigationBar0)/@0xbaf262 - animation-leash of insets_animation#1
08-07 17:53:10.971   952  3370 D InputDispatcher: Focus entered window (0): b14f8d8 com.example.lunchtray/com.example.lunchtray.MainActivity
08-07 17:53:10.971  7881  7881 I ViewRootImpl@3c912ad[MainActivity]: MSG_WINDOW_FOCUS_CHANGED 1 1
08-07 17:53:10.972   952  1526 I SemDvfsHyPerManager: acquire hyper - AMS_RESUME_TAIL/952@18, type = -999
08-07 17:53:10.972   952  1526 I SemDvfsHyPerManager: acquire hyper - AMS_ACT_LAZY/952@19, type = -999
08-07 17:53:10.973  7881  7881 D InputMethodManager: startInputInner - Id : 0
08-07 17:53:10.973  7881  7881 I InputMethodManager: startInputInner - mService.startInputOrWindowGainedFocus
08-07 17:53:10.973   568   614 I HYPER-HAL: [RequestManager.cpp]acquire(): Acquired ID : 470953  [952 / 18]    HINT : AMS_RESUME_TAIL    list :
08-07 17:53:10.973   952  3370 D InputMethodManagerService: DESKTOP MODE! : 2
08-07 17:53:10.973   952  3370 D InputMethodManagerService: NOT IN KNOX DESKTOP MODE!
08-07 17:53:10.973   952  3370 V InputMethodManagerService: getDisplayIdOfInputMethodWindowToBeAdded : 0
08-07 17:53:10.973   952  3370 D InputMethodManagerService: checkDisplayOfStartInputAndUpdateKeyboard display Id 0last 0
08-07 17:53:10.973   568   614 I HYPER-HAL: [RequestManager.cpp]releaseLocked(): Released ID : 469012
08-07 17:53:10.973   952  3370 D InputTransport: Input channel constructed: 'ClientS', fd=2021
08-07 17:53:10.974   952  3370 D InputTransport: Input channel destroyed: 'ClientS', fd=2021
08-07 17:53:10.974   534   541 E statsd  : Predicate -7037417284711607308 dropping data for dimension key (10)0x2010101->10704[I] (10)0x30000->*launch*[S]
08-07 17:53:10.974   534   541 E statsd  : Predicate 5980654721335871649 dropping data for dimension key (10)0x2010101->10704[I] (10)0x30000->*launch*[S]
08-07 17:53:10.975  6011  6011 I HBD     : HoneyBoardService onFinishInput
08-07 17:53:10.975  6011  6011 I HBD     : a IC have been unbinding,  InputConnectionWrapper{idHash=#f3fef33 mMissingMethods=}
08-07 17:53:10.975  6011  6011 I HBD     : HoneyBoardService [PF_CL][onFinishInput]  374654 ns
08-07 17:53:10.975   628  2718 I SurfaceFlinger: id=624654 createSurf (0x0),-1 flag=24004, Surface(name=7cc30f4 InputMethod)/@0xe76f292 - animation-leash of insets_animation#1
08-07 17:53:10.975  6011  6011 I HBD     : HoneyBoardService [IMI] onStartInput - caller pid : 7881 , caller uid : 10704
08-07 17:53:10.975  6011  6011 I HBD     : j updateConfigs
08-07 17:53:10.975  6011  6011 I HBD     : j isEnabledNightMode : false
08-07 17:53:10.975  6011  6011 I HBD     : a IC have been binding, InputConnectionWrapper{idHash=#f3fe069 mMissingMethods=}
08-07 17:53:10.975  6011  6011 I HBD     : h [EditorInputType]setPrivateImeOptionsToTable privateImeOptions ( null )
08-07 17:53:10.975  6011  6011 I HBD     : b incognitoMode : false
08-07 17:53:10.976  6011  6011 I HBD     : a needOff = true , isForceOff = false, isNullInputClass : true
08-07 17:53:10.976  6011  6011 I HBD     : h getDefaultInputRange : UNKNOWN
08-07 17:53:10.976  6011  6011 I HBD     : h getDefaultInputRange : UNKNOWN
08-07 17:53:10.976  6011  6011 I HBD     : h getDefaultInputRange : UNKNOWN
08-07 17:53:10.976   628   628 D SurfaceFlinger: Display 0 HWC layers:
08-07 17:53:10.976   628   628 D SurfaceFlinger:      DEVICE | 0x78e3e0a3d0 | 0100 | RGBx_8888    |   50.0    0.0 1130.0 2280.0 |    0    0 1080 2280 | Wallpaper BBQ wrapper#0
08-07 17:53:10.976   628   628 D SurfaceFlinger:      DEVICE | 0x78e3e168b0 | 0100 | RGBA_8888    |    0.0    0.0 1080.0 2280.0 |    0    0 1080 2280 | com.sec.android.app.launcher/com.sec[...].activities.LauncherActivity$_2001#0
08-07 17:53:10.976   628   628 D SurfaceFlinger:      DEVICE | 0x78e3e0dd30 | 0102 | RGBA_8888    |    0.0    0.0 1080.0 2280.0 |   22   46 1058 2234 | com.example.lunchtray/com.example.lunchtray.MainActivity$_7881#0
08-07 17:53:10.976   628   628 D SurfaceFlinger:      DEVICE | 0x78e3e1ca90 | 0100 | RGBA_8888    |    0.0    0.0 1080.0 2280.0 |   22   46 1058 2234 | Splash Screen com.example.lunchtray$_1411#0
08-07 17:53:10.976   628   628 D SurfaceFlinger:      DEVICE | 0x78e3e110f0 | 0100 | RGBA_8888    |    0.0    0.0 1080.0  112.0 |    0    0 1080  112 | StatusBar$_1411#0
08-07 17:53:10.976   628   628 D SurfaceFlinger:      DEVICE | 0x78e3e1bd10 | 0100 | RGBA_8888    |    0.0    0.0   67.0  457.0 |    0  410   67  867 | com.samsung.android.app.cocktailbars[...]arservice.CocktailBarService$_8085#0
08-07 17:53:10.976   628   628 D SurfaceFlinger:      DEVICE | 0x78e3e00f50 | 0100 | RGBA_8888    |    0.0    0.0 1080.0  126
08-07 17:53:10.976   628   628 D SurfaceFlinger: .0 |    0 2154 1080 2280 | NavigationBar0$_1411#0
08-07 17:53:10.976   628   628 D SurfaceFlinger:
08-07 17:53:10.976   952  3370 D DARUtil : Device owner status not updated yet...
08-07 17:53:10.976   952  3370 D DARUtil : Not an enterprise user : 0
08-07 17:53:10.976   952  3370 D DARUtil : Device owner status not updated yet...
08-07 17:53:10.976   952  3370 D DARUtil : Not an enterprise user : 0
08-07 17:53:10.977  6011  6011 I HBD     : a needOff = true , isForceOff = false, isNullInputClass : true
08-07 17:53:10.977  6011  6011 I HBD     : a update cached prediction status : false
08-07 17:53:10.977  6011  6011 I HBD     : h getDefaultInputRange : UNKNOWN
08-07 17:53:10.977  6011  6011 I HBD     : h getDefaultInputRange : UNKNOWN
08-07 17:53:10.978  6011  6011 I HBD     : a currentState : 0
08-07 17:53:10.980  6011  6011 I HBD     : h load selected json path : /data/user/0/com.samsung.android.honeyboard/files/selected.json
08-07 17:53:10.980  6011  6011 I HBD     : h load selected json info : {"version":"1.0","currentLanguageOrder":0,"selected":[{"activeOptionList":["auto_spacing"],"engName":"Korean","id":4521984,"inputType":"phonepad","isUsed":true},{"activeOptionList":["auto_replace","auto_spacing","writing_assistant"],"engName":"English","id":65537,"inputType":"qwerty","isUsed":true}]}
08-07 17:53:10.981  6011  6011 I HBD     : a [UpdatePolicy] [post] a: 0 cl: 4521984 kit: [1/0] vt: 0 ir: 1
08-07 17:53:10.983  6011  6011 I HBD     : HoneyBoardService [PF_OP][onStartInput]  6391654 ns
08-07 17:53:10.983   952  2550 W NetlinkSocket: maximum read
08-07 17:53:10.984  2001 19839 I RecentModel: onTaskStackChangedBackground
08-07 17:53:10.984  2001 19839 I RecentTasksList: getTaskKeys, numTasks :3 callback : com.android.quickstep.-$$Lambda$RecentsModel$k1Mm-BV64Bc89eJHYugywZmW_Js@33200f9
08-07 17:53:10.985  2001  2079 I RecentTasksList: loadTasksInBackground() task id : 8207
08-07 17:53:10.985   628   628 E SurfaceFlinger: Attempt to update InputPolicyFlags without permission ACCESS_SURFACE_FLINGER
08-07 17:53:10.986   628   628 I Layer   : id=624638 removeFromCurrentState Surface(name=7cc30f4 InputMethod)/@0xe76f292 - animation-leash of insets_animation#0 (135)
08-07 17:53:10.986   628   628 I SurfaceFlinger: id=624638 Removed Surface(name=7cc30f4 InputMethod)/@0xe76f292 - animation-leash of insets_animation#0 (135)
08-07 17:53:10.986  1411  2199 I ViewRootImpl@f94ab3b[lunchtray]: mWNT: t = android.view.SurfaceControl$Transaction@9fd9b0f fN = 3 android.view.SyncRtSurfaceTransactionApplier.applyTransaction:94 android.view.SyncRtSurfaceTransactionApplier.lambda$scheduleApply$0$SyncRtSurfaceTransactionApplier:71 android.view.SyncRtSurfaceTransactionApplier$$ExternalSyntheticLambda0.onFrameDraw:4
08-07 17:53:10.986  1411  2199 I ViewRootImpl@f94ab3b[lunchtray]: mWNT: merge t to BBQ
08-07 17:53:10.986   628   628 I Layer   : id=624638 Destroyed Surface(name=7cc30f4 InputMethod)/@0xe76f292 - animation-leash of insets_animation#0
08-07 17:53:10.989   952   975 D InputMethodManagerServicePhysicalKey: isConnectedDexOnPC false
08-07 17:53:10.990  3311  3719 I SemDvfsHyPerManager: acquire hyper - BaseTABoost/3311@22, type = 1090523139
08-07 17:53:10.990  3311  3719 I SemDvfsHyPerManager: acquire hyper - BaseTAToouchBoost/3311@24, type = 1090523139
08-07 17:53:10.990   952   975 D InputMethodManagerService: isImeSwitcherDisabledPackage : false
08-07 17:53:10.991  7881  7881 I ViewInteraction: Performing 'single click' action on view view.getId() is <2131231208/com.example.lunchtray:id/start_order_btn>
08-07 17:53:10.992   952   975 D InputDispatcher: Inject motion (7881): action=0x0, time=2262184301000000, f=0x0, d=0
08-07 17:53:10.992   952  1207 I InputDispatcher: Delivering touch to (1411): action: 0x4, f=0x0, d=0, '5b03b71', t=0
08-07 17:53:10.992   952  1207 I InputDispatcher: Delivering touch to (7881): action: 0x0, f=0x0, d=0, 'b14f8d8', t=0 +(-18,-92)*1.03
08-07 17:53:10.992   568   614 I HYPER-HAL: [RequestManager.cpp]acquire(): Acquired ID : 5556133  [3311 / 22]    HINT :      list : [TABoost / 5]
