08-07 17:53:20.296  4446  4446 I HMApplication: getWearableConnectionMgr() - sWConnectionMgr: com.samsung.android.hostmanager.connection.WearableConnectionManager@569c783
08-07 17:53:20.296  4446  4446 I WearableConnectionManager: getConnectedBTAddress() :null
08-07 17:53:20.296  4446  4446 W NotiProvider-Moden: NotificationListener.checkAndSendNotificationAhead() [ABORT] - isIsPeerAvailable == false
08-07 17:53:20.296  2001  2001 I Launcher.NotificationListener: onNotificationPosted : com.estsoft.alyac number : 0
08-07 17:53:20.302  1411  1411 D InterruptionStateProvider: No bubble up: not allowed to bubble: 0|com.estsoft.alyac|1000|null|10372
08-07 17:53:20.302  1411  1411 D InterruptionStateProvider:  no Heads up : edgelighting enabled app. 0|com.estsoft.alyac|1000|null|10372
08-07 17:53:20.314  1411  1612 D PeopleSpaceWidgetMgr: Sbn doesn't contain valid PeopleTileKey: null/0/com.estsoft.alyac
08-07 17:53:20.319  1411  1411 D QS      : setQSExpansion 0.0 -118.475
08-07 17:53:20.319  1411  1411 D QS      : setQSExpansion 0.0 -118.475
08-07 17:53:20.319  1411  1411 D MediaControlPanel: mActionButtonNumCollapsed = 3, mActionButtonNumExpand = 4
08-07 17:53:20.359  1411  1411 D QS      : setQSExpansion 0.0 -118.475
08-07 17:53:20.359  1411  1411 D QS      : setQSExpansion 0.0 -118.475
08-07 17:53:20.359  1411  1411 D MediaControlPanel: mActionButtonNumCollapsed = 3, mActionButtonNumExpand = 4
08-07 17:53:20.412   952  1032 I GestureDetector: handleMessage TAP
08-07 17:53:20.412   952   952 I GestureDetector: handleMessage TAP
08-07 17:53:20.427  7881  7881 I ViewInteraction: Performing 'single click' action on view view.getId() is <2131231138/com.example.lunchtray:id/salad>
08-07 17:53:20.430   952  3368 D InputDispatcher: Inject motion (7881): action=0x0, time=2262193738000000, f=0x0, d=0
08-07 17:53:20.431   952  1207 I InputDispatcher: Delivering touch to (1411): action: 0x4, f=0x0, d=0, '5b03b71', t=0
08-07 17:53:20.431   952  1207 I InputDispatcher: Delivering touch to (7881): action: 0x0, f=0x0, d=0, 'e036397', t=0
08-07 17:53:20.433   952  1032 I GestureDetector: obtain mCurrentDownEvent. id: -410664388 caller: com.android.server.wm.SystemGesturesPointerEventListener.onPointerEvent:179 com.android.server.wm.PointerEventDispatcher.onInputEvent:71 android.view.InputEventReceiver.dispatchInputEvent:259
08-07 17:53:20.433  7881  7881 I ViewRootImpl@3a04135[MainActivity]: ViewPostIme pointer 0
08-07 17:53:20.433   952  1032 I GestureDetector: obtain mCurrentDownEvent. id: -410664388 caller: com.android.server.wm.SystemPerformancePointerEventListener.onPointerEvent:89 com.android.server.wm.PointerEventDispatcher.onInputEvent:71 android.view.InputEventReceiver.dispatchInputEvent:259
08-07 17:53:20.435  3311  3311 I SemDvfsHyPerManager: acquire hyper - BaseTABoost/3311@22, type = 1090523139
08-07 17:53:20.435  3311  3311 I SemDvfsHyPerManager: acquire hyper - BaseTAToouchBoost/3311@24, type = 1090523139
08-07 17:53:20.437   568   614 I HYPER-HAL: [RequestManager.cpp]acquire(): Acquired ID : 5556133  [3311 / 22]    HINT :      list : [TABoost / 5]
08-07 17:53:20.437   568   614 I HYPER-HAL: [RequestManager.cpp]acquire(): Acquired ID : 5562804  [3311 / 24]    HINT :      list : [TABoost / 20] [TIMEOUT / 1500]
08-07 17:53:20.472   952  3368 D InputDispatcher: Inject motion (7881): action=0x1, time=2262193780000000, f=0x0, d=0
08-07 17:53:20.473   952  1207 I InputDispatcher: Delivering touch to (7881): action: 0x1, f=0x0, d=0, 'e036397', t=1
08-07 17:53:20.474   952  1032 I GestureDetector: obtain mCurrentMotionEventRaw. action: 1 id: -327446345
08-07 17:53:20.474   952  1032 I GestureDetector: obtain mCurrentMotionEventRaw. action: 1 id: -327446345
08-07 17:53:20.475  7881  7881 I ViewRootImpl@3a04135[MainActivity]: ViewPostIme pointer 1
08-07 17:53:20.495   628   628 E SurfaceFlinger: Attempt to update InputPolicyFlags without permission ACCESS_SURFACE_FLINGER
08-07 17:53:20.512   628   628 E SurfaceFlinger: Attempt to update InputPolicyFlags without permission ACCESS_SURFACE_FLINGER
08-07 17:53:20.528   628   628 E SurfaceFlinger: Attempt to update InputPolicyFlags without permission ACCESS_SURFACE_FLINGER
08-07 17:53:20.545   628   628 E SurfaceFlinger: Attempt to update InputPolicyFlags without permission ACCESS_SURFACE_FLINGER
08-07 17:53:20.562   628   628 E SurfaceFlinger: Attempt to update InputPolicyFlags without permission ACCESS_SURFACE_FLINGER
08-07 17:53:20.579   628   628 E SurfaceFlinger: Attempt to update InputPolicyFlags without permission ACCESS_SURFACE_FLINGER
08-07 17:53:20.595   628   628 E SurfaceFlinger: Attempt to update InputPolicyFlags without permission ACCESS_SURFACE_FLINGER
08-07 17:53:20.612   628   628 E SurfaceFlinger: Attempt to update InputPolicyFlags without permission ACCESS_SURFACE_FLINGER
08-07 17:53:20.625  1411  1423 I ndroid.systemu: Background young concurrent copying GC freed 245726(11MB) AllocSpace objects, 0(0B) LOS objects, 15% free, 62MB/74MB, paused 241us,59us total 110.171ms
08-07 17:53:20.627   628  2111 I SurfaceFlinger: id=624734 Removed Surface(name=e036397 com.example.lunchtray/com.example.lunchtray.MainActivity)/@0x94b49ee - animation-leash of starting_reveal#0 (138)
08-07 17:53:20.629   628   628 E SurfaceFlinger: Attempt to update InputPolicyFlags without permission ACCESS_SURFACE_FLINGER
08-07 17:53:20.629   628   628 I Layer   : id=624734 Destroyed Surface(name=e036397 com.example.lunchtray/com.example.lunchtray.MainActivity)/@0x94b49ee - animation-leash of starting_reveal#0
08-07 17:53:20.646  1411  1640 D OpenGLRenderer: setSurface called with nullptr
08-07 17:53:20.647   628   628 E SurfaceFlinger: Attempt to update InputPolicyFlags without permission ACCESS_SURFACE_FLINGER
08-07 17:53:20.662   628  2111 I SurfaceFlinger: id=624707 Removed Surface(name=83e2eac com.example.lunchtray/com.example.lunchtray.MainActivity)/@0x737202d - animation-leash of starting_reveal#0 (137)
08-07 17:53:20.663   628   628 E SurfaceFlinger: Attempt to update InputPolicyFlags without permission ACCESS_SURFACE_FLINGER
08-07 17:53:20.664   628   628 I Layer   : id=624707 Destroyed Surface(name=83e2eac com.example.lunchtray/com.example.lunchtray.MainActivity)/@0x737202d - animation-leash of starting_reveal#0
08-07 17:53:20.676  1411  1640 D OpenGLRenderer: setSurface called with nullptr
08-07 17:53:20.680   628   628 E SurfaceFlinger: Attempt to update InputPolicyFlags without permission ACCESS_SURFACE_FLINGER
08-07 17:53:20.693   628  2111 I SurfaceFlinger: id=624680 Removed Surface(name=935aed4 com.example.lunchtray/com.example.lunchtray.MainActivity)/@0x24c891f - animation-leash of starting_reveal#0 (136)
08-07 17:53:20.697   628   628 E SurfaceFlinger: Attempt to update InputPolicyFlags without permission ACCESS_SURFACE_FLINGER
08-07 17:53:20.699   628   628 I Layer   : id=624680 Destroyed Surface(name=935aed4 com.example.lunchtray/com.example.lunchtray.MainActivity)/@0x24c891f - animation-leash of starting_reveal#0
08-07 17:53:20.711  1411  1640 D OpenGLRenderer: setSurface called with nullptr
08-07 17:53:20.713   628   628 E SurfaceFlinger: Attempt to update InputPolicyFlags without permission ACCESS_SURFACE_FLINGER
08-07 17:53:20.730   628   628 E SurfaceFlinger: Attempt to update InputPolicyFlags without permission ACCESS_SURFACE_FLINGER
08-07 17:53:20.733   952  1032 I GestureDetector: handleMessage TAP
08-07 17:53:20.734   952   952 I GestureDetector: handleMessage TAP
08-07 17:53:20.735  7881  7881 I ViewInteraction: Performing 'single click' action on view view.getId() is <2131231081/com.example.lunchtray:id/next_button>
08-07 17:53:20.736   952  3368 D InputDispatcher: Inject motion (7881): action=0x0, time=2262194045000000, f=0x0, d=0
08-07 17:53:20.736   952  1207 I InputDispatcher: Delivering touch to (1411): action: 0x4, f=0x0, d=0, '5b03b71', t=0
08-07 17:53:20.737   952  1207 I InputDispatcher: Delivering touch to (7881): action: 0x0, f=0x0, d=0, 'e036397', t=0
08-07 17:53:20.737  7881  7881 I ViewRootImpl@3a04135[MainActivity]: ViewPostIme pointer 0
08-07 17:53:20.737   568  8027 I HYPER-HAL: [RequestManager.cpp]releaseLocked(): Released ID : 5526163
08-07 17:53:20.738   952  1032 I GestureDetector: obtain mCurrentDownEvent. id: -76988358 caller: com.android.server.wm.SystemGesturesPointerEventListener.onPointerEvent:179 com.android.server.wm.PointerEventDispatcher.onInputEvent:71 android.view.InputEventReceiver.dispatchInputEvent:259
08-07 17:53:20.738   952  1032 I GestureDetector: obtain mCurrentDownEvent. id: -76988358 caller: com.android.server.wm.SystemPerformancePointerEventListener.onPointerEvent:89 com.android.server.wm.PointerEventDispatcher.onInputEvent:71 android.view.InputEventReceiver.dispatchInputEvent:259
08-07 17:53:20.739  3311  3311 I SemDvfsHyPerManager: acquire hyper - BaseTABoost/3311@22, type = 1090523139
08-07 17:53:20.740  3311  3311 I SemDvfsHyPerManager: acquire hyper - BaseTAToouchBoost/3311@24, type = 1090523139
08-07 17:53:20.740   568   614 I HYPER-HAL: [RequestManager.cpp]acquire(): Acquired ID : 5556133  [3311 / 22]    HINT :      list : [TABoost / 5]
08-07 17:53:20.741   568   614 I HYPER-HAL: [RequestManager.cpp]acquire(): Acquired ID : 5562804  [3311 / 24]    HINT :      list : [TABoost / 20] [TIMEOUT / 1500]
08-07 17:53:20.748  1411  1427 W System  : A resource failed to call close.
08-07 17:53:20.748   628   628 E SurfaceFlinger: Attempt to update InputPolicyFlags without permission ACCESS_SURFACE_FLINGER
08-07 17:53:20.757  1411  1427 W System  : A resource failed to call release.
08-07 17:53:20.757   628  2111 I SurfaceFlinger: id=624694 Removed Task=8209#0 (135)
08-07 17:53:20.763  1411  1427 W System  : A resource failed to call close.
08-07 17:53:20.764   628   628 E SurfaceFlinger: Attempt to update InputPolicyFlags without permission ACCESS_SURFACE_FLINGER
08-07 17:53:20.764   628   628 I Layer   : id=624694 Destroyed Task=8209#0
08-07 17:53:20.771  2001  2079 I QuickstepModelDelegate: Widget predictions updated
08-07 17:53:20.776  1411  1427 W System  : A resource failed to call release.
08-07 17:53:20.776   628   963 I SurfaceFlinger: id=624667 Removed Task=8208#0 (134)
08-07 17:53:20.778   952  3368 D InputDispatcher: Inject motion (7881): action=0x1, time=2262194086000000, f=0x0, d=0
08-07 17:53:20.778   952  1207 I InputDispatcher: Delivering touch to (7881): action: 0x1, f=0x0, d=0, 'e036397', t=1
08-07 17:53:20.779  7881  7881 I ViewRootImpl@3a04135[MainActivity]: ViewPostIme pointer 1
08-07 17:53:20.779   952  1032 I GestureDetector: obtain mCurrentMotionEventRaw. action: 1 id: -158894949
08-07 17:53:20.780   952  1032 I GestureDetector: obtain mCurrentMotionEventRaw. action: 1 id: -158894949
08-07 17:53:20.780   628   628 E SurfaceFlinger: Attempt to update InputPolicyFlags without permission ACCESS_SURFACE_FLINGER
08-07 17:53:20.781   628   628 I Layer   : id=624667 Destroyed Task=8208#0
08-07 17:53:20.788  1411  1427 W System  : A resource failed to call close.
08-07 17:53:20.792  7881  7881 D ScrollView: initGoToTop
08-07 17:53:20.796  2001  2082 I WidgetsPredictionUpdateTask: execute(), info: PendingAddWidgetInfo(id=-1 type=WIDGET container=# com.android.launcher3.logger.LauncherAtom$ContainerInfo@7ba6f targetComponent=ComponentInfo{com.kakao.talk/com.kakao.talk.kakaopay.PayAppWidget} screen=-1 cell(-1,-1) span(4,2) minSpan(4,2) rank=0 rankOfList=-1 user=UserHandle{0} title=null hidden=0 screenType=0 componentName=ComponentInfo{com.kakao.talk/com.kakao.talk.kakaopay.PayAppWidget}), info: PendingAddWidgetInfo(id=-1 type=WIDGET container=# com.android.launcher3.logger.LauncherAtom$ContainerInfo@7ba6f targetComponent=ComponentInfo{com.samsung.android.app.notes/com.samsung.android.app.notes.widget.WidgetToolBarProvider} screen=-1 cell(-1,-1) span(4,1) minSpan(4,1) rank=0 rankOfList=-1 user=UserHandle{0} title=null hidden=0 screenType=0 componentName=ComponentInfo{com.samsung.android.app.notes/com.samsung.android.app.notes.widget.WidgetToolBarProvider}), info: PendingAddWidgetInfo(id=-1 type=WIDGET container=# com.android.launcher3.logger.LauncherAtom$ContainerInfo@7ba6f targetComponent=ComponentInfo{com.kbstar.kbbank/com.kbstar.kbbank.implementation.presentation.widget.KBWidget1} screen=-1 cell(-1,-1) span(4,1) minSpan(4,1) rank=0 rankOfList=-1 user=UserHandle{0} title=null hidden=0 screenType=0 componentName=ComponentInfo{com.kbstar.kbbank/com.kbstar.kbbank.implementation.presentation.widget.KBWidget1}), info: PendingAddWidgetInfo(id=-1 type=WIDGET container=# com.android.launcher3.logger.LauncherAtom$ContainerInfo@7ba6f targetComponent=ComponentInfo{viva.republica.toss/viva.republica.toss.tossfeed.widget.TossFeedWidgetProvider} screen=-1 cell(-1,-1) span(4,2) minSpan(4,2) rank=0 rankOfList=-1 user=UserHandle{0} title=null hidden=0 screenType=0 componentName=ComponentInfo{viva.republica.toss/viva.republica.toss.tossfeed.widget.TossFeedWidgetProvider}), info: PendingAddWidgetInfo(id=-1 type=WIDGET container=# com.android.launcher3.logger.LauncherAtom$ContainerInfo@7ba6f targetComponent=ComponentInfo{com.samsung.android.calendar/com.android.calendar.widget.month.MonthWidgetProvider} screen=-1 cell(-1,-1) span(4,5) minSpan(4,4) rank=0 rankOfList=-1 user=UserHandle{0} title=null hidden=0 screenType=0 componentName=ComponentInfo{com.samsung.android.calendar/com.android.calendar.widget.month.MonthWidgetProvider}), info: PendingAddWidgetInfo(id=-1 type=WIDGET container=# com.android.launcher3.logger.LauncherAtom$ContainerInfo@7ba6f targetComponent=ComponentInfo{net.daum.android.map/net.daum.ma.map.android.appwidget.busstop.BusStop1x1Type0Provider} screen=-1 cell(-1,-1) span(1,1) minSpan(1,1) rank=0 rankOfList=-1 user=UserHandle{0} title=null hidden=0 screenType=0 componentName=ComponentInfo{net.daum.android.map/net.daum.ma.map.android.appwidget.busstop.BusStop1x1Type0Provider}), info: PendingAddWidgetInfo(id=-1 type=WIDGET container=# com.android.launcher3.logger.LauncherAtom$ContainerInfo@7ba6f targetComponent=ComponentInfo{com.cgv.android.movieapp/com.cjs.cgv.movieapp.widget.kit.provider.KitOneByOneProvider} screen=-1 cell(-1,-1) span(1,1) minSpan(1,1) rank=0 rankOfList=-1 user=UserHandle{0} title=null hidden=0 screenType=0 componentName=ComponentInfo{com.cgv.android.movieapp/com.cjs.cgv.movieapp.widget.kit.provider.KitOneByOneProvider}), info: PendingAddWidgetInfo(id=-1 type=WIDGET container=# com.android.launcher3.logger.LauncherAtom$ContainerInfo@7ba6f targetComponent=ComponentInfo{com.google.android.youtube/com.google.android.apps.youtube.app.widget.YtQuickActionsWidgetProvider} screen=-1 cell(-1,-1) span(3,2) minSpan(3,1) rank=0 rankOfList=-1 user=UserHandle{0} title=null hidden=0 screenType=0 componentName=ComponentInfo{com.google.android.youtube/com.google.android.apps.youtube.app.widget.YtQuickActionsWidgetProvider}), info: PendingAddWidgetInfo(id=-1 type=WIDGET container=# com.android.launcher3.logger.LauncherAtom$ContainerInfo@7ba6f targetComponent=ComponentInfo{com.nhn.android.search/com.nhn.android.search.ui.widget.provider.SearchWidgetProvider} screen=-1 cell(-1,-1) span(4,1) minSpan(4,1) rank=0 rankOfList=-1 user=UserHandle{0} ti
08-07 17:53:20.796   628   628 E SurfaceFlinger: Attempt to update InputPolicyFlags without permission ACCESS_SURFACE_FLINGER
08-07 17:53:20.813   628   628 E SurfaceFlinger: Attempt to update InputPolicyFlags without permission ACCESS_SURFACE_FLINGER
08-07 17:53:20.818  7881  7881 D ScrollView:  onsize change changed
08-07 17:53:20.830   628   628 E SurfaceFlinger: Attempt to update InputPolicyFlags without permission ACCESS_SURFACE_FLINGER
08-07 17:53:20.846   628   628 E SurfaceFlinger: Attempt to update InputPolicyFlags without permission ACCESS_SURFACE_FLINGER
08-07 17:53:21.038   952  1032 I GestureDetector: handleMessage TAP
08-07 17:53:21.040   952   952 I GestureDetector: handleMessage TAP
08-07 17:53:21.048  7881  7881 I ViewInteraction: Performing 'single click' action on view view.getId() is <2131230835/com.example.lunchtray:id/bread>
08-07 17:53:21.051   952  3348 D InputDispatcher: Inject motion (7881): action=0x0, time=2262194358000000, f=0x0, d=0
08-07 17:53:21.051   952  1207 I InputDispatcher: Delivering touch to (1411): action: 0x4, f=0x0, d=0, '5b03b71', t=0
08-07 17:53:21.052   952  1207 I InputDispatcher: Delivering touch to (7881): action: 0x0, f=0x0, d=0, 'e036397', t=0
08-07 17:53:21.052   952  1032 I GestureDetector: obtain mCurrentDownEvent. id: -917113203 caller: com.android.server.wm.SystemGesturesPointerEventListener.onPointerEvent:179 com.android.server.wm.PointerEventDispatcher.onInputEvent:71 android.view.InputEventReceiver.dispatchInputEvent:259
08-07 17:53:21.053   952  1032 I GestureDetector: obtain mCurrentDownEvent. id: -917113203 caller: com.android.server.wm.SystemPerformancePointerEventListener.onPointerEvent:89 com.android.server.wm.PointerEventDispatcher.onInputEvent:71 android.view.InputEventReceiver.dispatchInputEvent:259
08-07 17:53:21.054  7881  7881 I ViewRootImpl@3a04135[MainActivity]: ViewPostIme pointer 0
08-07 17:53:21.055  3311  3311 I SemDvfsHyPerManager: acquire hyper - BaseTABoost/3311@22, type = 1090523139
08-07 17:53:21.055  3311  3311 I SemDvfsHyPerManager: acquire hyper - BaseTAToouchBoost/3311@24, type = 1090523139
08-07 17:53:21.056   568   614 I HYPER-HAL: [RequestManager.cpp]acquire(): Acquired ID : 5556133  [3311 / 22]    HINT :      list : [TABoost / 5]
08-07 17:53:21.056   568   614 I HYPER-HAL: [RequestManager.cpp]acquire(): Acquired ID : 5562804  [3311 / 24]    HINT :      list : [TABoost / 20] [TIMEOUT / 1500]
08-07 17:53:21.091   952  3348 D InputDispatcher: Inject motion (7881): action=0x1, time=2262194398000000, f=0x0, d=0
08-07 17:53:21.091   952  1207 I InputDispatcher: Delivering touch to (7881): action: 0x1, f=0x0, d=0, 'e036397', t=1
08-07 17:53:21.092  7881  7881 I ViewRootImpl@3a04135[MainActivity]: ViewPostIme pointer 1
08-07 17:53:21.092   952  1032 I GestureDetector: obtain mCurrentMotionEventRaw. action: 1 id: -915794965
08-07 17:53:21.093   952  1032 I GestureDetector: obtain mCurrentMotionEventRaw. action: 1 id: -915794965
08-07 17:53:21.114   628   628 E SurfaceFlinger: Attempt to update InputPolicyFlags without permission ACCESS_SURFACE_FLINGER
08-07 17:53:21.127   952  1317 D WifiConnectivityMonitor.NetworkStatsAnalyzer: Backhaul result - RSSI:-52, CE:14, PE:15, TI:23, PTI:24, TW:2, PTW:1, Tx:5, Rx:7, TxS:4, RxS:5, RESULT:true, IC:0, ICT:5, WC:0, WCT:5, R:0, RC:0, IE:0, EC:0
08-07 17:53:21.131   628   628 E SurfaceFlinger: Attempt to update InputPolicyFlags without permission ACCESS_SURFACE_FLINGER
08-07 17:53:21.148   628   628 E SurfaceFlinger: Attempt to update InputPolicyFlags without permission ACCESS_SURFACE_FLINGER
08-07 17:53:21.164   628   628 E SurfaceFlinger: Attempt to update InputPolicyFlags without permission ACCESS_SURFACE_FLINGER
08-07 17:53:21.182   628   628 E SurfaceFlinger: Attempt to update InputPolicyFlags without permission ACCESS_SURFACE_FLINGER
08-07 17:53:21.198   628   628 E SurfaceFlinger: Attempt to update InputPolicyFlags without permission ACCESS_SURFACE_FLINGER
08-07 17:53:21.215   628   628 E SurfaceFlinger: Attempt to update InputPolicyFlags without permission ACCESS_SURFACE_FLINGER
08-07 17:53:21.232   628   628 E SurfaceFlinger: Attempt to update InputPolicyFlags without permission ACCESS_SURFACE_FLINGER
08-07 17:53:21.248   628   628 E SurfaceFlinger: Attempt to update InputPolicyFlags without permission ACCESS_SURFACE_FLINGER
08-07 17:53:21.265   628   628 E SurfaceFlinger: Attempt to update InputPolicyFlags without permission ACCESS_SURFACE_FLINGER
08-07 17:53:21.282   628   628 E SurfaceFlinger: Attempt to update InputPolicyFlags without permission ACCESS_SURFACE_FLINGER
08-07 17:53:21.299   628   628 E SurfaceFlinger: Attempt to update InputPolicyFlags without permission ACCESS_SURFACE_FLINGER
08-07 17:53:21.316   628   628 E SurfaceFlinger: Attempt to update InputPolicyFlags without permission ACCESS_SURFACE_FLINGER
08-07 17:53:21.332   628   628 E SurfaceFlinger: Attempt to update InputPolicyFlags without permission ACCESS_SURFACE_FLINGER
08-07 17:53:21.349   628   628 E SurfaceFlinger: Attempt to update InputPolicyFlags without permission ACCESS_SURFACE_FLINGER
08-07 17:53:21.352   952  1032 I GestureDetector: handleMessage TAP
08-07 17:53:21.353   952   952 I GestureDetector: handleMessage TAP
08-07 17:53:21.356  7881  7881 I ViewInteraction: Performing 'single click' action on view view.getId() is <2131231081/com.example.lunchtray:id/next_button>
08-07 17:53:21.359   952  3348 D InputDispatcher: Inject motion (7881): action=0x0, time=2262194667000000, f=0x0, d=0
08-07 17:53:21.361   952  1207 I InputDispatcher: Delivering touch to (1411): action: 0x4, f=0x0, d=0, '5b03b71', t=0
08-07 17:53:21.361   952  1207 I InputDispatcher: Delivering touch to (7881): action: 0x0, f=0x0, d=0, 'e036397', t=0
08-07 17:53:21.362  7881  7881 I ViewRootImpl@3a04135[MainActivity]: ViewPostIme pointer 0
08-07 17:53:21.362   952  1032 I GestureDetector: obtain mCurrentDownEvent. id: -827825529 caller: com.android.server.wm.SystemGesturesPointerEventListener.onPointerEvent:179 com.android.server.wm.PointerEventDispatcher.onInputEvent:71 android.view.InputEventReceiver.dispatchInputEvent:259
08-07 17:53:21.362   952  1032 I GestureDetector: obtain mCurrentDownEvent. id: -827825529 caller: com.android.server.wm.SystemPerformancePointerEventListener.onPointerEvent:89 com.android.server.wm.PointerEventDispatcher.onInputEvent:71 android.view.InputEventReceiver.dispatchInputEvent:259
08-07 17:53:21.364  3311  3311 I SemDvfsHyPerManager: acquire hyper - BaseTABoost/3311@22, type = 1090523139
08-07 17:53:21.364  3311  3311 I SemDvfsHyPerManager: acquire hyper - BaseTAToouchBoost/3311@24, type = 1090523139
08-07 17:53:21.364   568   614 I HYPER-HAL: [RequestManager.cpp]acquire(): Acquired ID : 5556133  [3311 / 22]    HINT :      list : [TABoost / 5]
08-07 17:53:21.364   568   614 I HYPER-HAL: [RequestManager.cpp]acquire(): Acquired ID : 5562804  [3311 / 24]    HINT :      list : [TABoost / 20] [TIMEOUT / 1500]
08-07 17:53:21.366   628   628 E SurfaceFlinger: Attempt to update InputPolicyFlags without permission ACCESS_SURFACE_FLINGER
08-07 17:53:21.382   628   628 E SurfaceFlinger: Attempt to update InputPolicyFlags without permission ACCESS_SURFACE_FLINGER
08-07 17:53:21.399   628   628 E SurfaceFlinger: Attempt to update InputPolicyFlags without permission ACCESS_SURFACE_FLINGER
08-07 17:53:21.399   952  3348 D InputDispatcher: Inject motion (7881): action=0x1, time=2262194707000000, f=0x0, d=0
08-07 17:53:21.401   952  1207 I InputDispatcher: Delivering touch to (7881): action: 0x1, f=0x0, d=0, 'e036397', t=1
08-07 17:53:21.402   952  1032 I GestureDetector: obtain mCurrentMotionEventRaw. action: 1 id: -75932165
08-07 17:53:21.402   952  1032 I GestureDetector: obtain mCurrentMotionEventRaw. action: 1 id: -75932165
08-07 17:53:21.403  7881  7881 I ViewRootImpl@3a04135[MainActivity]: ViewPostIme pointer 1
08-07 17:53:21.416   628   628 E SurfaceFlinger: Attempt to update InputPolicyFlags without permission ACCESS_SURFACE_FLINGER
08-07 17:53:21.430  7881  7881 D ScrollView: initGoToTop
08-07 17:53:21.433   628   628 E SurfaceFlinger: Attempt to update InputPolicyFlags without permission ACCESS_SURFACE_FLINGER
08-07 17:53:21.449   628   628 E SurfaceFlinger: Attempt to update InputPolicyFlags without permission ACCESS_SURFACE_FLINGER
08-07 17:53:21.462  7881  7881 D ScrollView:  onsize change changed
08-07 17:53:21.466   628   628 E SurfaceFlinger: Attempt to update InputPolicyFlags without permission ACCESS_SURFACE_FLINGER
08-07 17:53:21.483   628   628 E SurfaceFlinger: Attempt to update InputPolicyFlags without permission ACCESS_SURFACE_FLINGER
08-07 17:53:21.500   628   628 E SurfaceFlinger: Attempt to update InputPolicyFlags without permission ACCESS_SURFACE_FLINGER
08-07 17:53:21.662   952  1032 I GestureDetector: handleMessage TAP
08-07 17:53:21.663   952   952 I GestureDetector: handleMessage TAP
08-07 17:53:21.694  7881  7881 I ViewInteraction: Checking 'MatchesViewAssertion{viewMatcher=an instance of android.widget.TextView and view.getText() with or without transformation to match: a string containing "Subtotal: 10"}' assertion on view view.getId() is <2131231217/com.example.lunchtray:id/subtotal>
08-07 17:53:21.698  7881  7881 I ViewInteraction: Checking 'MatchesViewAssertion{viewMatcher=an instance of android.widget.TextView and view.getText() with or without transformation to match: a string containing "Tax: 1"}' assertion on view view.getId() is <2131231233/com.example.lunchtray:id/tax>
08-07 17:53:21.703  7881  7881 I ViewInteraction: Checking 'MatchesViewAssertion{viewMatcher=an instance of android.widget.TextView and view.getText() with or without transformation to match: a string containing "Total: 11"}' assertion on view view.getId() is <2131231262/com.example.lunchtray:id/total>
08-07 17:53:21.705  7881  7906 I TestRunner: finished: subtotal_tax_total_in_checkout(com.example.lunchtray.OrderFunctionalityTests)
