08-07 17:53:28.426  7881  7906 I TestRunner: started: order_reset_after_cancel_from_checkout(com.example.lunchtray.OrderFunctionalityTests)
08-07 17:53:28.427  7881  7915 D OpenGLRenderer: setSurface called with nullptr
08-07 17:53:28.427  7881  7881 I ViewRootImpl@b49dec1[FragmentScenario$EmptyFragmentActivity]: dispatchDetachedFromWindow
08-07 17:53:28.427   952  3394 D InputTransport: Input channel destroyed: 'edc9819', fd=1977
08-07 17:53:28.427   952  3394 W InputManager-JNI: Input channel object 'edc9819 com.example.lunchtray/androidx.fragment.app.testing.FragmentScenario$EmptyFragmentActivity (client)' was disposed without first being removed with the input manager!
08-07 17:53:28.427   952  3394 D InputTransport: Input channel destroyed: 'edc9819', fd=1985
08-07 17:53:28.429  7881  7881 D InputTransport: Input channel destroyed: 'edc9819', fd=91
08-07 17:53:28.431   628  2111 I SurfaceFlinger: id=624828 createSurf (0x0),-1 flag=24004, Task=8213#1
08-07 17:53:28.431   628   628 I Layer   : id=624812 removeFromCurrentState com.example.lunchtray/androidx.fragment.app.testing.FragmentScenario$EmptyFragmentActivity$_7881#0 (130)
08-07 17:53:28.431   628   628 I Layer   : id=624811 removeFromCurrentState edc9819 com.example.lunchtray/androidx.fragment.app.testing.FragmentScenario$EmptyFragmentActivity#0 (130)
08-07 17:53:28.432   628   628 I SurfaceFlinger: id=624811 Removed edc9819 com.example.lunchtray/androidx.fragment.app.testing.FragmentScenario$EmptyFragmentActivity#0 (130)
08-07 17:53:28.432   628   628 I SurfaceFlinger: id=624812 Removed com.example.lunchtray/androidx.fragment.app.testing.FragmentScenario$EmptyFragmentActivity$_7881#0 (130)
08-07 17:53:28.432   628   628 I Layer   : id=624811 Destroyed edc9819 com.example.lunchtray/androidx.fragment.app.testing.FragmentScenario$EmptyFragmentActivity#0
08-07 17:53:28.432   628   628 I Layer   : id=624812 Destroyed com.example.lunchtray/androidx.fragment.app.testing.FragmentScenario$EmptyFragmentActivity$_7881#0
08-07 17:53:28.437  7881  7906 W Settings: Setting always_finish_activities has moved from android.provider.Settings.System to android.provider.Settings.Global, returning read-only value.
08-07 17:53:28.437  2001  2001 I RecentsView: onTaskRemoved() taskId : 8213
08-07 17:53:28.437  2001  2001 I RecentsView: onTaskRemoved() taskId : 8213
08-07 17:53:28.437  2001  2001 I RecentsView: onTaskRemoved() taskId : 8213
08-07 17:53:28.437  2001  2001 I RecentsView: onTaskRemoved() taskId : 8213
08-07 17:53:28.442   952  2080 I SemDvfsHyPerManager: acquire hyper - AMS_APP_SWITCH/952@16, type = -999
08-07 17:53:28.442   952  2544 D PkgPredictorService-IpmAdcpController: create a new DexPreloadTask pkg:com.example.lunchtray  path:/data/app/~~6ZHKSOyH6C4aieMxQuPYLA==/com.example.lunchtray-clkp0OFoH3ds7cF62fs1rg==
08-07 17:53:28.442   628   963 I SurfaceFlinger: id=624829 createSurf (0x0),-1 flag=24004, Task=8214#0
08-07 17:53:28.442   568   614 I HYPER-HAL: [RequestManager.cpp]acquire(): Acquired ID : 469012  [952 / 16]    HINT : AMS_APP_SWITCH    list :
08-07 17:53:28.442  3311  3311 I SemDvfsHyPerManager: acquire hyper - APP_START_SHORT/3311@13, type = -999
08-07 17:53:28.443   568   614 I HYPER-HAL: [RequestManager.cpp]acquire(): Acquired ID : 5526163  [3311 / 13]    HINT : APP_START    list : [TIMEOUT / 1500]
08-07 17:53:28.443   628   963 I SurfaceFlinger: id=624830 createSurf (0x0),-1 flag=80004, ActivityRecord{2fd4c8 u0 com.example.lunchtray/androidx.test.core.app.InstrumentationActivityInvoker$BootstrapActivity t8214}#0
08-07 17:53:28.446   534   541 E statsd  : Predicate -7037417284711607308 dropping data for dimension key (10)0x2010101->10704[I] (10)0x30000->*launch*[S]
08-07 17:53:28.447   952  1409 I SemDvfsHyPerManager: acquire hyper - AMS_APP_LAUNCH/952@17, type = -999
08-07 17:53:28.447   568   614 I HYPER-HAL: [RequestManager.cpp]acquire(): Acquired ID : 469982  [952 / 17]    HINT : AMS_APP_LAUNCH    list :
08-07 17:53:28.448   628   628 I Layer   : id=624810 removeFromCurrentState ActivityRecord{fb6d065 u0 com.example.lunchtray/androidx.fragment.app.testing.FragmentScenario$EmptyFragmentActivity t8213}#0 (130)
08-07 17:53:28.448   628   628 I Layer   : id=624802 removeFromCurrentState Task=8213#0 (130)
08-07 17:53:28.448   628   628 I Layer   : id=624828 removeFromCurrentState Task=8213#1 (130)
08-07 17:53:28.448   534   541 E statsd  : Predicate 5980654721335871649 dropping data for dimension key (10)0x2010101->10704[I] (10)0x30000->*launch*[S]
08-07 17:53:28.448   628   628 I SurfaceFlinger: id=624810 Removed ActivityRecord{fb6d065 u0 com.example.lunchtray/androidx.fragment.app.testing.FragmentScenario$EmptyFragmentActivity t8213}#0 (130)
08-07 17:53:28.448   628   628 I SurfaceFlinger: id=624828 Removed Task=8213#1 (130)
08-07 17:53:28.449   628   628 I Layer   : id=624810 Destroyed ActivityRecord{fb6d065 u0 com.example.lunchtray/androidx.fragment.app.testing.FragmentScenario$EmptyFragmentActivity t8213}#0
08-07 17:53:28.449   628   628 I Layer   : id=624828 Destroyed Task=8213#1
08-07 17:53:28.450  3311  3311 I SemDvfsHyPerManager: acquire hyper - APP_START/3311@14, type = -999
08-07 17:53:28.450  2001  2001 I BaseActivity: removeActivityFlags, flags : 16
08-07 17:53:28.450  2001  2001 I BaseActivity: removeActivityFlags, flags : 6
08-07 17:53:28.450  2001  2001 I DragController: endDrag
08-07 17:53:28.450  2001  2001 W LauncherAppWidgetHost: setShouldListenFlag, mFlags:15 flag:resume on:false isFront:false
08-07 17:53:28.451  1411  1411 D PipMotionHelper: animateToOffset: originalBounds=Rect(533, 1828 - 1038, 2112) offset=0 callers=
08-07 17:53:28.451  1411  1411 D PipMotionHelper:     com.android.wm.shell.pip.phone.PipTouchHandler.onMovementBoundsChanged:482
08-07 17:53:28.451  1411  1411 D PipMotionHelper:     com.android.wm.shell.pip.phone.PipController.updateMovementBounds:721
08-07 17:53:28.451  1411  1411 D PipMotionHelper:     com.android.wm.shell.pip.phone.PipController.lambda$init$3:351
08-07 17:53:28.451  1411  1411 D PipMotionHelper:     com.android.wm.shell.pip.phone.PipController.$r8$lambda$u15Oj_b57njSWegfZTV6TpliGaw:0
08-07 17:53:28.451  1411  1411 D PipMotionHelper:     com.android.wm.shell.pip.phone.PipController$$ExternalSyntheticLambda0.accept:8
08-07 17:53:28.451   568   614 I HYPER-HAL: [RequestManager.cpp]acquire(): Acquired ID : 5529489  [3311 / 14]    HINT : APP_START    list :
08-07 17:53:28.451  2001  2001 I DecorView: notifyKeepScreenOnChanged: keepScreenOn=false
08-07 17:53:28.452  2001  2001 I SPayUpdater: updateSpayHandler launcher activity is paused false
08-07 17:53:28.453   952  3394 D InputTransport: Input channel constructed: 'd17574 ', fd=1977
08-07 17:53:28.453   952  3394 D InputTransport: Input channel constructed: 'd17574 ', fd=1985
08-07 17:53:28.453   952  3394 D InputTransport: Input channel constructed: 'd17574 ', fd=1992
08-07 17:53:28.453   628  2111 I SurfaceFlinger: id=624831 createSurf (0x0),-1 flag=80004, d17574 Splash Screen com.example.lunchtray#0
08-07 17:53:28.454   952  3394 D InputTransport: Input channel destroyed: 'd17574 ', fd=1992
08-07 17:53:28.455  1411  1558 I ViewRootImpl@ca6572b[lunchtray]: setView = android.widget.FrameLayout@a25d46 TM=true
08-07 17:53:28.457   952  1409 D InputDispatcher: Focused application set to (0): 2fd4c8
08-07 17:53:28.462   952  1034 I SemPersonaManager: SecureFolder personaId = 150
08-07 17:53:28.466   952  3394 V WindowManager: Relayout Window{d17574 u0 Splash Screen com.example.lunchtray}: viewVisibility=0 req=1080x2280 d0
08-07 17:53:28.467  7881  7881 D LifecycleMonitor: Lifecycle status change: androidx.test.core.app.InstrumentationActivityInvoker$BootstrapActivity@61b52dc in: PRE_ON_CREATE
08-07 17:53:28.467   628  2111 I SurfaceFlinger: id=624832 createSurf (1080x2280),-3 flag=40004, Splash Screen com.example.lunchtray$_1411#0
08-07 17:53:28.468  7881  7881 V ActivityScenario: Activity lifecycle changed event received but ignored because the intent does not match. startActivityIntent=Intent { act=android.intent.action.MAIN cat=[android.intent.category.LAUNCHER] cmp=com.example.lunchtray/androidx.fragment.app.testing.FragmentScenario$EmptyFragmentActivity (has extras) }, activity.getIntent()=Intent { act=android.intent.action.MAIN cat=[android.intent.category.LAUNCHER] flg=0x10008000 cmp=com.example.lunchtray/androidx.test.core.app.InstrumentationActivityInvoker$BootstrapActivity (has extras) }, activity=androidx.test.core.app.InstrumentationActivityInvoker$BootstrapActivity@61b52dc
08-07 17:53:28.468  7881  7881 V ActivityScenario: Activity lifecycle changed event received but ignored because the intent does not match. startActivityIntent=Intent { act=android.intent.action.MAIN cat=[android.intent.category.LAUNCHER] cmp=com.example.lunchtray/.MainActivity }, activity.getIntent()=Intent { act=android.intent.action.MAIN cat=[android.intent.category.LAUNCHER] flg=0x10008000 cmp=com.example.lunchtray/androidx.test.core.app.InstrumentationActivityInvoker$BootstrapActivity (has extras) }, activity=androidx.test.core.app.InstrumentationActivityInvoker$BootstrapActivity@61b52dc
08-07 17:53:28.469   952  1409 V WindowManager: Relayout Window{72e35ce u0 com.sec.android.app.launcher/com.sec.android.app.launcher.activities.LauncherActivity}: viewVisibility=0 req=1080x2280 d0
08-07 17:53:28.470   952  3394 V WindowManager: Relayout hash=d17574, pid=1411: mAttrs={(0,0)(fillxfill) sim={adjust=pan} ty=APPLICATION_STARTING fmt=TRANSLUCENT wanim=0x1030001
08-07 17:53:28.470   952  3394 V WindowManager:   fl=81030118
08-07 17:53:28.470   952  3394 V WindowManager:   pfl=36000010
08-07 17:53:28.470   952  3394 V WindowManager:   bhv=DEFAULT
08-07 17:53:28.470   952  3394 V WindowManager:   fitSides= naviIconColor=0}
08-07 17:53:28.471  1411  1558 I ViewRootImpl@ca6572b[lunchtray]: Relayout returned: old=(0,0,1080,2280) new=(0,0,1080,2280) req=(1080,2280)0 dur=5 res=0x7 s={true 512224330096} ch=true fn=-1
08-07 17:53:28.471  1411  1640 D OpenGLRenderer: eglCreateWindowSurface
08-07 17:53:28.472  1411  1558 I ViewRootImpl@ca6572b[lunchtray]: [DP] dp(1) 0 android.view.ViewRootImpl.reportNextDraw:11442 android.view.ViewRootImpl.performTraversals:4198 android.view.ViewRootImpl.doTraversal:2924
08-07 17:53:28.472  1411  1558 D ViewRootImpl@ca6572b[lunchtray]: Creating frameDrawingCallback nextDrawUseBlastSync=false reportNextDraw=true hasBlurUpdates=false
08-07 17:53:28.472  1411  1558 D ViewRootImpl@ca6572b[lunchtray]: Creating frameCompleteCallback
08-07 17:53:28.472  1411  2199 D ViewRootImpl@ca6572b[lunchtray]: Received frameDrawingCallback frameNum=1. Creating transactionCompleteCallback=false
08-07 17:53:28.475   952  1409 V WindowManager: Relayout hash=72e35ce, pid=2001: mAttrs={(0,0)(fillxfill) sim={adjust=nothing} layoutInDisplayCutoutMode=shortEdges ty=BASE_APPLICATION fmt=TRANSPARENT wanim=0x10302f2
08-07 17:53:28.475   952  1409 V WindowManager:   fl=81910100
08-07 17:53:28.475   952  1409 V WindowManager:   pfl=1e020040
08-07 17:53:28.475   952  1409 V WindowManager:   vsysui=1700
08-07 17:53:28.475   952  1409 V WindowManager:   apr=LIGHT_STATUS_BARS LIGHT_NAVIGATION_BARS
08-07 17:53:28.475   952  1409 V WindowManager:   bhv=SHOW_TRANSIENT_BARS_BY_SWIPE
08-07 17:53:28.475   952  1409 V WindowManager:   fitSides= naviIconColor=0}
08-07 17:53:28.475  1411  1640 D ViewRootImpl@ca6572b[lunchtray]: Received frameCompleteCallback  lastAcquiredFrameNum=1 lastAttemptedDrawFrameNum=1
08-07 17:53:28.475  2001  2001 I ViewRootImpl@67bf432[LauncherActivity]: Relayout returned: old=(0,0,1080,2280) new=(0,0,1080,2280) req=(1080,2280)0 dur=10 res=0x1 s={true 512219342256} ch=false fn=26
08-07 17:53:28.476  1411  1558 I ViewRootImpl@ca6572b[lunchtray]: [DP] pdf(0) 0 android.view.ViewRootImpl.lambda$addFrameCompleteCallbackIfNeeded$3$ViewRootImpl:5000 android.view.ViewRootImpl$$ExternalSyntheticLambda16.run:6 android.os.Handler.handleCallback:938
08-07 17:53:28.476  1411  1558 I ViewRootImpl@ca6572b[lunchtray]: [DP] rdf()
08-07 17:53:28.476  1411  1558 D ViewRootImpl@ca6572b[lunchtray]: reportDrawFinished (fn: -1)
08-07 17:53:28.479 24757 25275 I SAMSUNGWALLET: [Hint_ProcessStatusChange] fg Change, pid : 7881 , isNotify : true , isForeground : true , fg list : [2001, 7881]
08-07 17:53:28.479  1411  1411 D FullscreenTaskListener: Fullscreen Task Appeared: #8214, caller=com.android.wm.shell.ShellTaskOrganizer.onTaskAppeared:387 com.android.wm.shell.ShellTaskOrganizer.onTaskAppeared:376 android.window.TaskOrganizer$1.lambda$onTaskAppeared$4$TaskOrganizer$1:297
08-07 17:53:28.480   628  2111 I SurfaceFlinger: id=624833 createSurf (0x0),-1 flag=24000, Surface(name=Task=1)/@0x71397ea - animation-leash of app_transition#0
08-07 17:53:28.480 24757 25074 I SAMSUNGWALLET: [ResetData] getSAResetDialogFlag : false
08-07 17:53:28.483   952  3366 D InputDispatcher: Focus left window (0): 72e35ce com.sec.android.app.launcher/com.sec.android.app.launcher.activities.LauncherActivity
08-07 17:53:28.483   628  2111 I SurfaceFlinger: id=624834 createSurf (0x0),-1 flag=24004, Surface(name=Task=8214)/@0x119433c - animation-leash of app_transition#0
08-07 17:53:28.483  2001  2001 I ViewRootImpl@67bf432[LauncherActivity]: MSG_WINDOW_FOCUS_CHANGED 0 1
08-07 17:53:28.483  2001  2001 I BaseActivity: removeActivityFlags, flags : 8
08-07 17:53:28.490   628  2111 I SurfaceFlinger: id=624835 createSurf (0x0),-1 flag=24000, Surface(name=cc3f67a StatusBar)/@0x6cfa557 - animation-leash of insets_animation#0
08-07 17:53:28.491   952  1034 D EnterpriseDeviceManagerService: isMdmAdminPresentInternal() : MDM Admin Found - com.samsung.knox.securefolder
08-07 17:53:28.492   628  2111 I SurfaceFlinger: id=624836 createSurf (0x0),-1 flag=24000, Surface(name=5b03b71 NavigationBar0)/@0xbaf262 - animation-leash of insets_animation#0
08-07 17:53:28.494  1411  1558 D InsetsSourceConsumer: ensureControlAlpha: for ITYPE_NAVIGATION_BAR on Splash Screen com.example.lunchtray
08-07 17:53:28.494  1411  1411 D NavigationBar: onSystemBarAttributesChanged() -  displayId:0, appearance:0, navbarColorManagedByIme:false
08-07 17:53:28.495  1411  1558 D InsetsSourceConsumer: ensureControlAlpha: for ITYPE_STATUS_BAR on Splash Screen com.example.lunchtray
08-07 17:53:28.495  1411  1411 V Navbar.Store: handleEvent [EventType] GET_BOOL_REGION_SAMPLING_ENABLED [Module] LightBarController  KEYS_DEFAULT=false
08-07 17:53:28.495  1411  1411 V Navbar.Store: --[Band]COLOR_PACK_GET_REGION_SAMPLING_ENABLED
08-07 17:53:28.495  1411  1411 V Navbar.Store: ----getValue(BOOL_REGION_SAMPLING_ENABLED)=false
08-07 17:53:28.496 24757 25074 I SAMSUNGWALLET: [Hint_bxa] isHomePackageRunning topPkgName = com.example.lunchtray, topClsName = androidx.test.core.app.InstrumentationActivityInvoker$BootstrapActivity, return false , se : false
08-07 17:53:28.496 24757 24757 I SAMSUNGWALLET: [Hint_PayHintService] Hint Status - HIDE : Home Package Not Running
08-07 17:53:28.496 24757 24757 I SemUiSupportService: getWindowAttributes()
08-07 17:53:28.497  2001  2765 I TouchInteractionService: onSystemUiStateChanged, stateFlags : 131072
08-07 17:53:28.498  1411  1411 D SecLightBarControlHelper: updateStatus(WHITE icon) NumLightStacks:0, NumStacks:1, IndexLightStack:-1, StatusBarMode:0, StatusBarState:SHD, NeedDarkFontFromWallpaper:false, isWhiteKeyguardStatusBarBySettings:false
08-07 17:53:28.498   628   628 I Layer   : id=624819 removeFromCurrentState Surface(name=cc3f67a StatusBar)/@0x6cfa557 - animation-leash of insets_animation#1 (134)
08-07 17:53:28.498   628   628 I Layer   : id=624820 removeFromCurrentState Surface(name=5b03b71 NavigationBar0)/@0xbaf262 - animation-leash of insets_animation#1 (134)
08-07 17:53:28.499  2001  2001 I BadgeRenderer: Invalid count : 0
08-07 17:53:28.499  2001  2001 I BadgeRenderer: Invalid count : 0
08-07 17:53:28.500   952  3366 V WindowManager: Relayout Window{82f2704 u0 com.samsung.android.spay.pay.HintService}: viewVisibility=8 req=521x63 d0
08-07 17:53:28.501   628  2111 I SurfaceFlinger: id=624820 Removed Surface(name=5b03b71 NavigationBar0)/@0xbaf262 - animation-leash of insets_animation#1 (134)
08-07 17:53:28.501  2001  2001 I TouchInteractionService: onSystemUiFlagsChanged, userUnlocked
08-07 17:53:28.501   628  2718 I SurfaceFlinger: id=624819 Removed Surface(name=cc3f67a StatusBar)/@0x6cfa557 - animation-leash of insets_animation#1 (134)
08-07 17:53:28.502   952  3366 V WindowManager: Relayout hash=82f2704, pid=24757: mAttrs={(0,0)(521x63) gr=BOTTOM CENTER sim={adjust=pan} layoutInDisplayCutoutMode=shortEdges ty=NAVIGATION_BAR_PANEL fmt=TRANSLUCENT
08-07 17:53:28.502   952  3366 V WindowManager:   fl=1800308
08-07 17:53:28.502   952  3366 V WindowManager:   pfl=12000000
08-07 17:53:28.502   952  3366 V WindowManager:   bhv=DEFAULT
08-07 17:53:28.502   952  3366 V WindowManager:   fitTypes=NAVIGATION_BARS
08-07 17:53:28.502   952  3366 V WindowManager:   fitSides=LEFT RIGHT naviIconColor=0}
08-07 17:53:28.504 24757 24757 I ViewRootImpl@2325f75[HintService]: Relayout returned: old=(279,2217,800,2280) new=(279,2217,800,2280) req=(521,63)8 dur=3 res=0x5 s={false 0} ch=true fn=2
08-07 17:53:28.504  8085  8085 I Utils   : HomePackage : com.sec.android.app.launcher, resumePackageName : com.example.lunchtray
08-07 17:53:28.505   952  2595 I MediaSessionMonitor: Media session stopped : controllerList empty
08-07 17:53:28.506   952   975 V WindowManager: Relayout Window{13616e6 u0 NotificationShade}: viewVisibility=4 req=1080x2280 d0
08-07 17:53:28.508   952   975 V WindowManager: Relayout hash=13616e6, pid=1411: mAttrs={(0,0)(fillxfill) gr=TOP CENTER_VERTICAL sim={adjust=resize} layoutInDisplayCutoutMode=always ty=2040 fmt=TRANSLUCENT
08-07 17:53:28.508   952   975 V WindowManager:   fl=81840048
08-07 17:53:28.508   952   975 V WindowManager:   pfl=1b000000
08-07 17:53:28.508   952   975 V WindowManager:   bhv=SHOW_TRANSIENT_BARS_BY_SWIPE naviIconColor=0
08-07 17:53:28.508   952   975 V WindowManager:   sfl=42000}
08-07 17:53:28.508  1411  1411 I ViewRootImpl@edc7ce0[NotificationShade]: Relayout returned: old=(0,0,1080,2280) new=(0,0,1080,2280) req=(1080,2280)4 dur=2 res=0x1 s={false 0} ch=false fn=-1
08-07 17:53:28.511  7881  7881 I DecorView: [INFO] isPopOver=false, config=true
08-07 17:53:28.511  7881  7881 I DecorView: updateCaptionType >> DecorView@d41ebf8[], isFloating=false, isApplication=true, hasWindowControllerCallback=true, hasWindowDecorCaption=false
08-07 17:53:28.511  7881  7881 D DecorView: setCaptionType = 0, this = DecorView@d41ebf8[]
08-07 17:53:28.512  1411  1411 D KeyguardBottomAreaShortcutView: updateCameraVisibility isCameraDisabled:false visible:true
08-07 17:53:28.513  1411  1411 D KeyguardUsimTextView: updateText(simState): READY
08-07 17:53:28.513  1411  1411 D KeyguardBottomAreaShortcutView: mIndicationArea margin start : 163, end : 163, bottom : 405
08-07 17:53:28.514  1411  1411 D QS      : setQSExpansion 0.0 -118.475
08-07 17:53:28.514  1411  1411 D QS      : setQSExpansion 0.0 -118.475
08-07 17:53:28.514  1411  1411 D MediaControlPanel: mActionButtonNumCollapsed = 3, mActionButtonNumExpand = 4
08-07 17:53:28.515   628   628 I Layer   : id=624826 removeFromCurrentState com.samsung.android.spay.pay.HintService$_24757#0 (134)
08-07 17:53:28.515   628   628 E SurfaceFlinger: Attempt to update InputPolicyFlags without permission ACCESS_SURFACE_FLINGER
08-07 17:53:28.515   628   628 I SurfaceFlinger: id=624826 Removed com.samsung.android.spay.pay.HintService$_24757#0 (134)
08-07 17:53:28.515   628   628 I Layer   : id=624819 Destroyed Surface(name=cc3f67a StatusBar)/@0x6cfa557 - animation-leash of insets_animation#1
08-07 17:53:28.515   628   628 I Layer   : id=624820 Destroyed Surface(name=5b03b71 NavigationBar0)/@0xbaf262 - animation-leash of insets_animation#1
08-07 17:53:28.517  1411  1411 D IndicatorGardenInputProperty: updateRotation() prv:-1 >> new:0
08-07 17:53:28.517  7881  7881 I DecorView: getCurrentDensityDpi: from real metrics. densityDpi=420 msg=resources_loaded
08-07 17:53:28.517  1411  1411 D DeviceState: getDeviceResolutionPixelSize - currentDensity = 420 deviceDensity = 420 initialDisplaySizeFactor = 1440 currentDisplaySizeFactor = 1080 initialDisplayDensity = 560 proportionalDensity = 420 proportionalPixel = 66
08-07 17:53:28.517  1411  1411 D DeviceState: getDeviceResolutionPixelSize - currentDensity = 420 deviceDensity = 420 initialDisplaySizeFactor = 1440 currentDisplaySizeFactor = 1080 initialDisplayDensity = 560 proportionalDensity = 420 proportionalPixel = 27
08-07 17:53:28.517  1411  1411 D DeviceState: getDeviceResolutionPixelSize - currentDensity = 420 deviceDensity = 420 initialDisplaySizeFactor = 1440 currentDisplaySizeFactor = 1080 initialDisplayDensity = 560 proportionalDensity = 420 proportionalPixel = 24
08-07 17:53:28.517   628   628 I Layer   : id=624826 Destroyed com.samsung.android.spay.pay.HintService$_24757#0
08-07 17:53:28.518  7881  7881 D LifecycleMonitor: Lifecycle status change: androidx.test.core.app.InstrumentationActivityInvoker$BootstrapActivity@61b52dc in: CREATED
08-07 17:53:28.518  7881  7881 V ActivityScenario: Activity lifecycle changed event received but ignored because the intent does not match. startActivityIntent=Intent { act=android.intent.action.MAIN cat=[android.intent.category.LAUNCHER] cmp=com.example.lunchtray/androidx.fragment.app.testing.FragmentScenario$EmptyFragmentActivity (has extras) }, activity.getIntent()=Intent { act=android.intent.action.MAIN cat=[android.intent.category.LAUNCHER] flg=0x10008000 cmp=com.example.lunchtray/androidx.test.core.app.InstrumentationActivityInvoker$BootstrapActivity (has extras) }, activity=androidx.test.core.app.InstrumentationActivityInvoker$BootstrapActivity@61b52dc
08-07 17:53:28.519  7881  7881 V ActivityScenario: Activity lifecycle changed event received but ignored because the intent does not match. startActivityIntent=Intent { act=android.intent.action.MAIN cat=[android.intent.category.LAUNCHER] cmp=com.example.lunchtray/.MainActivity }, activity.getIntent()=Intent { act=android.intent.action.MAIN cat=[android.intent.category.LAUNCHER] flg=0x10008000 cmp=com.example.lunchtray/androidx.test.core.app.InstrumentationActivityInvoker$BootstrapActivity (has extras) }, activity=androidx.test.core.app.InstrumentationActivityInvoker$BootstrapActivity@61b52dc
08-07 17:53:28.519  1411  1411 D MediaControlPanel: mActionButtonNumCollapsed = 3, mActionButtonNumExpand = 4
08-07 17:53:28.520   628   628 D SurfaceFlinger: Display 0 HWC layers:
08-07 17:53:28.520   628   628 D SurfaceFlinger:      DEVICE | 0x78e3e0a3d0 | 0100 | RGBx_8888    |   50.0    0.0 1130.0 2280.0 |    0    0 1080 2280 | Wallpaper BBQ wrapper#0
08-07 17:53:28.520   628   628 D SurfaceFlinger:      DEVICE | 0x78e3e19910 | 0100 | RGBA_8888    |    0.0    0.0 1080.0 2280.0 |    0    0 1080 2280 | com.sec.android.app.launcher/com.sec[...].activities.LauncherActivity$_2001#0
08-07 17:53:28.520   628   628 D SurfaceFlinger:      DEVICE | 0x78e3df68d0 | 0100 | RGBA_8888    |    0.0    0.0 1080.0 2280.0 |   76  159 1004 2121 | Splash Screen com.example.lunchtray$_1411#0
08-07 17:53:28.520   628   628 D SurfaceFlinger:      DEVICE | 0x78e3dfd3b0 | 0100 | RGBA_8888    |    0.0    0.0 1080.0  112.0 |    0    0 1080  112 | StatusBar$_1411#0
08-07 17:53:28.520   628   628 D SurfaceFlinger:      DEVICE | 0x78e3e1bd10 | 0100 | RGBA_8888    |    0.0    0.0   67.0  457.0 |    0  410   67  867 | com.samsung.android.app.cocktailbars[...]arservice.CocktailBarService$_8085#0
08-07 17:53:28.520   628   628 D SurfaceFlinger:      DEVICE | 0x78e3e19b50 | 0100 | RGBA_8888    |    0.0    0.0 1080.0  126.0 |    0 2154 1080 2280 | NavigationBar0$_1411#0
08-07 17:53:28.520   628   628 D SurfaceFlinger:
08-07 17:53:28.521  7881  7881 D LifecycleMonitor: Lifecycle status change: androidx.test.core.app.InstrumentationActivityInvoker$BootstrapActivity@61b52dc in: STARTED
08-07 17:53:28.521  7881  7881 V ActivityScenario: Activity lifecycle changed event received but ignored because the intent does not match. startActivityIntent=Intent { act=android.intent.action.MAIN cat=[android.intent.category.LAUNCHER] cmp=com.example.lunchtray/androidx.fragment.app.testing.FragmentScenario$EmptyFragmentActivity (has extras) }, activity.getIntent()=Intent { act=android.intent.action.MAIN cat=[android.intent.category.LAUNCHER] flg=0x10008000 cmp=com.example.lunchtray/androidx.test.core.app.InstrumentationActivityInvoker$BootstrapActivity (has extras) }, activity=androidx.test.core.app.InstrumentationActivityInvoker$BootstrapActivity@61b52dc
08-07 17:53:28.522  7881  7881 V ActivityScenario: Activity lifecycle changed event received but ignored because the intent does not match. startActivityIntent=Intent { act=android.intent.action.MAIN cat=[android.intent.category.LAUNCHER] cmp=com.example.lunchtray/.MainActivity }, activity.getIntent()=Intent { act=android.intent.action.MAIN cat=[android.intent.category.LAUNCHER] flg=0x10008000 cmp=com.example.lunchtray/androidx.test.core.app.InstrumentationActivityInvoker$BootstrapActivity (has extras) }, activity=androidx.test.core.app.InstrumentationActivityInvoker$BootstrapActivity@61b52dc
08-07 17:53:28.525   628   641 I SurfaceFlinger: id=624837 createSurf (0x0),-1 flag=80004, ActivityRecord{b07011e u0 com.example.lunchtray/.MainActivity t8214}#0
08-07 17:53:28.528  1411  1826 I ViewRootImpl@ca6572b[lunchtray]: Resizing android.view.ViewRootImpl@99c80a3: frame=[0,0][1080,2280] reportDraw=false forceLayout=false backDropFrame=Rect(0, 0 - 1080, 2280)
08-07 17:53:28.528  7881  7881 D LifecycleMonitor: Lifecycle status change: androidx.test.core.app.InstrumentationActivityInvoker$BootstrapActivity@61b52dc in: RESUMED
08-07 17:53:28.528  1411  1558 I ViewRootImpl@ca6572b[lunchtray]: handleResized, msg = 4 frames=ClientWindowFrames{frame=[0,0][1080,2280] display=[0,0][1080,2280] backdrop=[0,0][1080,2280]} forceNextWindowRelayout=false displayId=0 frameChanged=false backdropFrameChanged=false configChanged=false displayChanged=false mNextDrawUseBlastSync=false mergedConfiguration={mGlobalConfig={1.1 450mcc8mnc [ko_KR,en_US] ldltr sw411dp w411dp h777dp 420dpi nrml long port finger -keyb/v/h -nav/h winConfig={ mBounds=Rect(0, 0 - 1080, 2280) mAppBounds=Rect(0, 112 - 1080, 2154) mMaxBounds=Rect(0, 0 - 1080, 2280) mWindowingMode=fullscreen mDisplayWindowingMode=fullscreen mActivityType=undefined mAlwaysOnTop=undefined mRotation=ROTATION_0 mPopOver=undefined mFreeformTaskPinningState=undefined} as.76 s.53109 fontWeightAdjustment=0 ff=0 bf=0 bts=0 desktop/d dm/n ?dc ?dcui ?dcaf enb/d themeSeq=0} mOverrideConfig={1.1 450mcc8mnc [ko_KR,en_US] ldltr sw411dp w411dp h777dp 420dpi nrml long port finger -keyb/v/h -nav/h winConfig={ mBounds=Rect(0, 0 - 1080, 2280) mAppBounds=Rect(0, 112 - 1080, 2154) mMaxBounds=Rect(0, 0 - 1080, 2280) mWindowingMode=fullscreen mDisplayWindowingMode=fullscreen mActivityType=standard mAlwaysOnTop=undefined mRotation=ROTATION_0 mPopOver=off mFreeformTaskPinningState=unpinned} as.76 s.1 fontWeightAdjustment=0 ff=0 bf=0 bts=0 desktop/d dm/n dc/d ?dcui ?dcaf enb/d themeSeq=0}}
08-07 17:53:28.529  7881  7881 V ActivityScenario: Activity lifecycle changed event received but ignored because the intent does not match. startActivityIntent=Intent { act=android.intent.action.MAIN cat=[android.intent.category.LAUNCHER] cmp=com.example.lunchtray/androidx.fragment.app.testing.FragmentScenario$EmptyFragmentActivity (has extras) }, activity.getIntent()=Intent { act=android.intent.action.MAIN cat=[android.intent.category.LAUNCHER] flg=0x10008000 cmp=com.example.lunchtray/androidx.test.core.app.InstrumentationActivityInvoker$BootstrapActivity (has extras) }, activity=androidx.test.core.app.InstrumentationActivityInvoker$BootstrapActivity@61b52dc
08-07 17:53:28.529  7881  7881 V ActivityScenario: Activity lifecycle changed event received but ignored because the intent does not match. startActivityIntent=Intent { act=android.intent.action.MAIN cat=[android.intent.category.LAUNCHER] cmp=com.example.lunchtray/.MainActivity }, activity.getIntent()=Intent { act=android.intent.action.MAIN cat=[android.intent.category.LAUNCHER] flg=0x10008000 cmp=com.example.lunchtray/androidx.test.core.app.InstrumentationActivityInvoker$BootstrapActivity (has extras) }, activity=androidx.test.core.app.InstrumentationActivityInvoker$BootstrapActivity@61b52dc
08-07 17:53:28.529   952  2550 W NetlinkSocket: maximum read
08-07 17:53:28.530   952  1034 D PersonaActivityHelper: Activity not in resumed state, do not run immediate lock
08-07 17:53:28.530  7881  7881 D LifecycleMonitor: Lifecycle status change: androidx.test.core.app.InstrumentationActivityInvoker$BootstrapActivity@61b52dc in: PAUSED
08-07 17:53:28.531  7881  7881 V ActivityScenario: Activity lifecycle changed event received but ignored because the intent does not match. startActivityIntent=Intent { act=android.intent.action.MAIN cat=[android.intent.category.LAUNCHER] cmp=com.example.lunchtray/androidx.fragment.app.testing.FragmentScenario$EmptyFragmentActivity (has extras) }, activity.getIntent()=Intent { act=android.intent.action.MAIN cat=[android.intent.category.LAUNCHER] flg=0x10008000 cmp=com.example.lunchtray/androidx.test.core.app.InstrumentationActivityInvoker$BootstrapActivity (has extras) }, activity=androidx.test.core.app.InstrumentationActivityInvoker$BootstrapActivity@61b52dc
08-07 17:53:28.531  7881  7881 V ActivityScenario: Activity lifecycle changed event received but ignored because the intent does not match. startActivityIntent=Intent { act=android.intent.action.MAIN cat=[android.intent.category.LAUNCHER] cmp=com.example.lunchtray/.MainActivity }, activity.getIntent()=Intent { act=android.intent.action.MAIN cat=[android.intent.category.LAUNCHER] flg=0x10008000 cmp=com.example.lunchtray/androidx.test.core.app.InstrumentationActivityInvoker$BootstrapActivity (has extras) }, activity=androidx.test.core.app.InstrumentationActivityInvoker$BootstrapActivity@61b52dc
08-07 17:53:28.533   952   975 D InputDispatcher: Focused application set to (0): b07011e
08-07 17:53:28.539   952  1034 I SemPersonaManager: SecureFolder personaId = 150
08-07 17:53:28.554  7881  7881 D LifecycleMonitor: Lifecycle status change: com.example.lunchtray.MainActivity@f8ee8c2 in: PRE_ON_CREATE
08-07 17:53:28.555  7881  7881 V ActivityScenario: Activity lifecycle changed event received but ignored because the intent does not match. startActivityIntent=Intent { act=android.intent.action.MAIN cat=[android.intent.category.LAUNCHER] cmp=com.example.lunchtray/androidx.fragment.app.testing.FragmentScenario$EmptyFragmentActivity (has extras) }, activity.getIntent()=Intent { act=android.intent.action.MAIN cat=[android.intent.category.LAUNCHER] cmp=com.example.lunchtray/.MainActivity }, activity=com.example.lunchtray.MainActivity@f8ee8c2
08-07 17:53:28.555  7881  7881 V ActivityScenario: Activity lifecycle changed event received but ignored because the reported transition was not ON_CREATE while the last known transition was PRE_ON_CREATE
08-07 17:53:28.564  7881  7881 I DecorView: [INFO] isPopOver=false, config=true
08-07 17:53:28.564  7881  7881 I DecorView: updateCaptionType >> DecorView@8645f0f[], isFloating=false, isApplication=true, hasWindowControllerCallback=true, hasWindowDecorCaption=false
08-07 17:53:28.564  7881  7881 D DecorView: setCaptionType = 0, this = DecorView@8645f0f[]
08-07 17:53:28.565   952  1034 D EnterpriseDeviceManagerService: isMdmAdminPresentInternal() : MDM Admin Found - com.samsung.knox.securefolder
08-07 17:53:28.565  7881  7881 I DecorView: getCurrentDensityDpi: from real metrics. densityDpi=420 msg=resources_loaded
08-07 17:53:28.568   952  2595 I MediaSessionMonitor: Media session stopped : controllerList empty
08-07 17:53:28.568  8085  8085 I Utils   : HomePackage : com.sec.android.app.launcher, resumePackageName : com.example.lunchtray
08-07 17:53:28.570   952  2550 W NetlinkSocket: maximum read
08-07 17:53:28.576  7881  7881 D LifecycleMonitor: Lifecycle status change: com.example.lunchtray.MainActivity@f8ee8c2 in: CREATED
08-07 17:53:28.577  7881  7881 V ActivityScenario: Activity lifecycle changed event received but ignored because the intent does not match. startActivityIntent=Intent { act=android.intent.action.MAIN cat=[android.intent.category.LAUNCHER] cmp=com.example.lunchtray/androidx.fragment.app.testing.FragmentScenario$EmptyFragmentActivity (has extras) }, activity.getIntent()=Intent { act=android.intent.action.MAIN cat=[android.intent.category.LAUNCHER] cmp=com.example.lunchtray/.MainActivity }, activity=com.example.lunchtray.MainActivity@f8ee8c2
08-07 17:53:28.577  7881  7881 V ActivityScenario: Update currentActivityStage to CREATED, currentActivity=com.example.lunchtray.MainActivity@f8ee8c2
08-07 17:53:28.585  7881  7881 D LifecycleMonitor: Lifecycle status change: com.example.lunchtray.MainActivity@f8ee8c2 in: STARTED
08-07 17:53:28.586  7881  7881 V ActivityScenario: Activity lifecycle changed event received but ignored because the intent does not match. startActivityIntent=Intent { act=android.intent.action.MAIN cat=[android.intent.category.LAUNCHER] cmp=com.example.lunchtray/androidx.fragment.app.testing.FragmentScenario$EmptyFragmentActivity (has extras) }, activity.getIntent()=Intent { act=android.intent.action.MAIN cat=[android.intent.category.LAUNCHER] cmp=com.example.lunchtray/.MainActivity }, activity=com.example.lunchtray.MainActivity@f8ee8c2
08-07 17:53:28.586  7881  7881 V ActivityScenario: Update currentActivityStage to STARTED, currentActivity=com.example.lunchtray.MainActivity@f8ee8c2
08-07 17:53:28.587  7881  7881 D LifecycleMonitor: Lifecycle status change: com.example.lunchtray.MainActivity@f8ee8c2 in: RESUMED
08-07 17:53:28.587  7881  7881 V ActivityScenario: Activity lifecycle changed event received but ignored because the intent does not match. startActivityIntent=Intent { act=android.intent.action.MAIN cat=[android.intent.category.LAUNCHER] cmp=com.example.lunchtray/androidx.fragment.app.testing.FragmentScenario$EmptyFragmentActivity (has extras) }, activity.getIntent()=Intent { act=android.intent.action.MAIN cat=[android.intent.category.LAUNCHER] cmp=com.example.lunchtray/.MainActivity }, activity=com.example.lunchtray.MainActivity@f8ee8c2
08-07 17:53:28.587  7881  7881 V ActivityScenario: Update currentActivityStage to RESUMED, currentActivity=com.example.lunchtray.MainActivity@f8ee8c2
08-07 17:53:28.591   952   975 D InputTransport: Input channel constructed: 'ae70293', fd=2013
08-07 17:53:28.591   952   975 D InputTransport: Input channel constructed: 'ae70293', fd=2016
08-07 17:53:28.591   952   975 D InputTransport: Input channel constructed: 'ae70293', fd=2017
08-07 17:53:28.592   628   641 I SurfaceFlinger: id=624838 createSurf (0x0),-1 flag=80004, ae70293 com.example.lunchtray/com.example.lunchtray.MainActivity#0
08-07 17:53:28.592   952   975 D InputTransport: Input channel destroyed: 'ae70293', fd=2017
08-07 17:53:28.594  7881  7881 I ViewRootImpl@2f4648e[MainActivity]: setView = com.android.internal.policy.DecorView@8645f0f TM=true
08-07 17:53:28.595   952  1095 D AnalyticsContainerHandler: handleMessage : { when=0 what=1 target=com.android.server.knox.KnoxAnalyticsContainer$AnalyticsHandler }
08-07 17:53:28.604   952   975 V WindowManager: Relayout Window{ae70293 u0 com.example.lunchtray/com.example.lunchtray.MainActivity}: viewVisibility=0 req=1080x2280 d0
08-07 17:53:28.604   628   641 I SurfaceFlinger: id=624839 createSurf (1x1),-3 flag=40004, com.example.lunchtray/com.example.lunchtray.MainActivity$_7881#0
08-07 17:53:28.606   628   641 I SurfaceFlinger: id=624840 createSurf (0x0),-1 flag=24000, Surface(name=cc3f67a StatusBar)/@0x6cfa557 - animation-leash of insets_animation#1
08-07 17:53:28.607   628   641 I SurfaceFlinger: id=624841 createSurf (0x0),-1 flag=24000, Surface(name=5b03b71 NavigationBar0)/@0xbaf262 - animation-leash of insets_animation#1
08-07 17:53:28.608   952   975 V WindowManager: Relayout hash=ae70293, pid=7881: mAttrs={(0,0)(fillxfill) sim={adjust=pan forwardNavigation} ty=BASE_APPLICATION wanim=0x1030303
08-07 17:53:28.608   952   975 V WindowManager:   fl=81810100
08-07 17:53:28.608   952   975 V WindowManager:   pfl=12020040
08-07 17:53:28.608   952   975 V WindowManager:   apr=LIGHT_NAVIGATION_BARS
08-07 17:53:28.608   952   975 V WindowManager:   bhv=DEFAULT
08-07 17:53:28.608   952   975 V WindowManager:   fitSides= naviIconColor=0
08-07 17:53:28.608   952   975 V WindowManager:   sfl=100000}
08-07 17:53:28.610  7881  7881 I ViewRootImpl@2f4648e[MainActivity]: Relayout returned: old=(0,0,1080,2280) new=(0,0,1080,2280) req=(1080,2280)0 dur=5 res=0x7 s={true 512217493616} ch=true fn=-1
08-07 17:53:28.611  7881  7915 D OpenGLRenderer: eglCreateWindowSurface
08-07 17:53:28.613  7881  7881 I ViewRootImpl@2f4648e[MainActivity]: [DP] dp(1) 1 android.view.ViewRootImpl.reportNextDraw:11442 android.view.ViewRootImpl.performTraversals:4198 android.view.ViewRootImpl.doTraversal:2924
08-07 17:53:28.613  7881  7881 D ViewRootImpl@2f4648e[MainActivity]: Creating frameDrawingCallback nextDrawUseBlastSync=false reportNextDraw=true hasBlurUpdates=false
08-07 17:53:28.613  7881  7881 D ViewRootImpl@2f4648e[MainActivity]: Creating frameCompleteCallback
08-07 17:53:28.616  7881  7930 D ViewRootImpl@2f4648e[MainActivity]: Received frameDrawingCallback frameNum=1. Creating transactionCompleteCallback=false
08-07 17:53:28.619  7881  7915 D ViewRootImpl@2f4648e[MainActivity]: Received frameCompleteCallback  lastAcquiredFrameNum=1 lastAttemptedDrawFrameNum=1
08-07 17:53:28.621  7881  7881 I ViewRootImpl@2f4648e[MainActivity]: [DP] pdf(0) 1 android.view.ViewRootImpl.lambda$addFrameCompleteCallbackIfNeeded$3$ViewRootImpl:5000 android.view.ViewRootImpl$$ExternalSyntheticLambda16.run:6 android.os.Handler.handleCallback:938
08-07 17:53:28.621  7881  7881 I ViewRootImpl@2f4648e[MainActivity]: [DP] rdf()
08-07 17:53:28.621  7881  7881 D ViewRootImpl@2f4648e[MainActivity]: reportDrawFinished (fn: -1)
08-07 17:53:28.624   628  2718 I SurfaceFlinger: id=624842 createSurf (0x0),-1 flag=24000, Surface(name=ae70293 com.example.lunchtray/com.example.lunchtray.MainActivity)/@0xe049285 - animation-leash of starting_reveal#0
08-07 17:53:28.625   952  1031 I PkgPredictorService-SecIpmManagerServiceImpl: reportToNAP uid:10704 com.example.lunchtray/com.example.lunchtray.MainActivity thisTime:181
08-07 17:53:28.625   952  1031 I ActivityTaskManager: Displayed com.example.lunchtray/.MainActivity: +181ms
08-07 17:53:28.626  7881  7881 D InsetsSourceConsumer: ensureControlAlpha: for ITYPE_NAVIGATION_BAR on com.example.lunchtray/com.example.lunchtray.MainActivity
08-07 17:53:28.626  2654  2654 E pageboostd: Received HALT command code 2
08-07 17:53:28.627  7881  7881 D InsetsSourceConsumer: ensureControlAlpha: for ITYPE_STATUS_BAR on com.example.lunchtray/com.example.lunchtray.MainActivity
08-07 17:53:28.628  7881  7881 D RootViewPicker: Root not ready - waiting: 10ms for one to appear.
08-07 17:53:28.628   952  3348 I SemDvfsHyPerManager: acquire hyper - AMS_RESUME_TAIL/952@18, type = -999
08-07 17:53:28.628   952  3348 I SemDvfsHyPerManager: acquire hyper - AMS_ACT_LAZY/952@19, type = -999
08-07 17:53:28.629   568   614 I HYPER-HAL: [RequestManager.cpp]acquire(): Acquired ID : 470953  [952 / 18]    HINT : AMS_RESUME_TAIL    list :
08-07 17:53:28.629   534   541 E statsd  : Predicate -7037417284711607308 dropping data for dimension key (10)0x2010101->10704[I] (10)0x30000->*launch*[S]
08-07 17:53:28.630   534   541 E statsd  : Predicate 5980654721335871649 dropping data for dimension key (10)0x2010101->10704[I] (10)0x30000->*launch*[S]
08-07 17:53:28.630   568   614 I HYPER-HAL: [RequestManager.cpp]releaseLocked(): Released ID : 469012
08-07 17:53:28.632   628   628 I Layer   : id=624835 removeFromCurrentState Surface(name=cc3f67a StatusBar)/@0x6cfa557 - animation-leash of insets_animation#0 (137)
08-07 17:53:28.632   628   628 I Layer   : id=624836 removeFromCurrentState Surface(name=5b03b71 NavigationBar0)/@0xbaf262 - animation-leash of insets_animation#0 (137)
08-07 17:53:28.632   628   628 E SurfaceFlinger: Attempt to update InputPolicyFlags without permission ACCESS_SURFACE_FLINGER
08-07 17:53:28.633   628   628 I SurfaceFlinger: id=624835 Removed Surface(name=cc3f67a StatusBar)/@0x6cfa557 - animation-leash of insets_animation#0 (137)
08-07 17:53:28.633   628   628 I SurfaceFlinger: id=624836 Removed Surface(name=5b03b71 NavigationBar0)/@0xbaf262 - animation-leash of insets_animation#0 (137)
08-07 17:53:28.633   628   628 I Layer   : id=624835 Destroyed Surface(name=cc3f67a StatusBar)/@0x6cfa557 - animation-leash of insets_animation#0
08-07 17:53:28.633  1411  2198 I ViewRootImpl@ca6572b[lunchtray]: mWNT: t = android.view.SurfaceControl$Transaction@b9cf1e fN = 2 android.view.SyncRtSurfaceTransactionApplier.applyTransaction:94 android.view.SyncRtSurfaceTransactionApplier.lambda$scheduleApply$0$SyncRtSurfaceTransactionApplier:71 android.view.SyncRtSurfaceTransactionApplier$$ExternalSyntheticLambda0.onFrameDraw:4
08-07 17:53:28.633  1411  2198 I ViewRootImpl@ca6572b[lunchtray]: mWNT: merge t to BBQ
08-07 17:53:28.633   628   628 I Layer   : id=624836 Destroyed Surface(name=5b03b71 NavigationBar0)/@0xbaf262 - animation-leash of insets_animation#0
08-07 17:53:28.634  1411  2198 I ViewRootImpl@ca6572b[lunchtray]: mWNT: t = android.view.SurfaceControl$Transaction@b6c83ff fN = 2 android.view.SyncRtSurfaceTransactionApplier.applyTransaction:94 android.view.SyncRtSurfaceTransactionApplier.lambda$scheduleApply$0$SyncRtSurfaceTransactionApplier:71 android.view.SyncRtSurfaceTransactionApplier$$ExternalSyntheticLambda0.onFrameDraw:4
08-07 17:53:28.634  1411  2198 I ViewRootImpl@ca6572b[lunchtray]: mWNT: merge t to BBQ
08-07 17:53:28.635   952  3366 D InputDispatcher: Focus entered window (0): ae70293 com.example.lunchtray/com.example.lunchtray.MainActivity
08-07 17:53:28.635  7881  7881 I ViewRootImpl@2f4648e[MainActivity]: MSG_WINDOW_FOCUS_CHANGED 1 1
08-07 17:53:28.637  7881  7881 D InputMethodManager: startInputInner - Id : 0
08-07 17:53:28.637  7881  7881 I InputMethodManager: startInputInner - mService.startInputOrWindowGainedFocus
08-07 17:53:28.638   952  3348 D InputMethodManagerService: DESKTOP MODE! : 2
08-07 17:53:28.638   952  3348 D InputMethodManagerService: NOT IN KNOX DESKTOP MODE!
08-07 17:53:28.638   952  3348 V InputMethodManagerService: getDisplayIdOfInputMethodWindowToBeAdded : 0
08-07 17:53:28.638   952  3348 D InputMethodManagerService: checkDisplayOfStartInputAndUpdateKeyboard display Id 0last 0
08-07 17:53:28.638   952  3348 D InputTransport: Input channel constructed: 'ClientS', fd=2017
08-07 17:53:28.638   952  3348 D InputTransport: Input channel destroyed: 'ClientS', fd=2017
08-07 17:53:28.639   628   628 D SurfaceFlinger: Display 0 HWC layers:
08-07 17:53:28.639   628   628 D SurfaceFlinger:      DEVICE | 0x78e3e0a3d0 | 0100 | RGBx_8888    |   50.0    0.0 1130.0 2280.0 |    0    0 1080 2280 | Wallpaper BBQ wrapper#0
08-07 17:53:28.639   628   628 D SurfaceFlinger:      DEVICE | 0x78e3e19910 | 0100 | RGBA_8888    |    0.0    0.0 1080.0 2280.0 |    0    0 1080 2280 | com.sec.android.app.launcher/com.sec[...].activities.LauncherActivity$_2001#0
08-07 17:53:28.639   628   628 D SurfaceFlinger:      DEVICE | 0x78e3e036b0 | 0102 | RGBA_8888    |    0.0    0.0 1080.0 2280.0 |   21   45 1059 2235 | com.example.lunchtray/com.example.lunchtray.MainActivity$_7881#0
08-07 17:53:28.639   628   628 D SurfaceFlinger:      DEVICE | 0x78e3df68d0 | 0100 | RGBA_8888    |    0.0    0.0 1080.0 2280.0 |   21   45 1059 2235 | Splash Screen com.example.lunchtray$_1411#0
08-07 17:53:28.639   628   628 D SurfaceFlinger:      DEVICE | 0x78e3e110f0 | 0100 | RGBA_8888    |    0.0    0.0 1080.0  112.0 |    0    0 1080  112 | StatusBar$_1411#0
08-07 17:53:28.639   628   628 D SurfaceFlinger:      DEVICE | 0x78e3e1bd10 | 0100 | RGBA_8888    |    0.0    0.0   67.0  457.0 |    0  410   67  867 | com.samsung.android.app.cocktailbars[...]arservice.CocktailBarService$_8085#0
08-07 17:53:28.639   628   628 D SurfaceFlinger:      DEVICE | 0x78e3e00f50 | 0100 | RGBA_8888    |    0.0    0.0 1080.0  126
08-07 17:53:28.639   628   628 D SurfaceFlinger: .0 |    0 2154 1080 2280 | NavigationBar0$_1411#0
08-07 17:53:28.639   628   628 D SurfaceFlinger:
08-07 17:53:28.640   952  2550 W NetlinkSocket: maximum read
08-07 17:53:28.640  2001  6476 I RecentModel: onTaskStackChangedBackground
08-07 17:53:28.640  6011  6011 I HBD     : HoneyBoardService onFinishInput
08-07 17:53:28.641  6011  6011 I HBD     : a IC have been unbinding,  InputConnectionWrapper{idHash=#2317677 mMissingMethods=}
08-07 17:53:28.641  6011  6011 I HBD     : HoneyBoardService [PF_CL][onFinishInput]  483539 ns
08-07 17:53:28.641   628   641 I SurfaceFlinger: id=624843 createSurf (0x0),-1 flag=24004, Surface(name=7cc30f4 InputMethod)/@0xe76f292 - animation-leash of insets_animation#1
08-07 17:53:28.641  6011  6011 I HBD     : HoneyBoardService [IMI] onStartInput - caller pid : 7881 , caller uid : 10704
08-07 17:53:28.641  6011  6011 I HBD     : j updateConfigs
08-07 17:53:28.641  6011  6011 I HBD     : j isEnabledNightMode : false
08-07 17:53:28.642  6011  6011 I HBD     : a IC have been binding, InputConnectionWrapper{idHash=#b7434d mMissingMethods=}
08-07 17:53:28.642  6011  6011 I HBD     : h [EditorInputType]setPrivateImeOptionsToTable privateImeOptions ( null )
08-07 17:53:28.642  6011  6011 I HBD     : b incognitoMode : false
08-07 17:53:28.642  6011  6011 I HBD     : a needOff = true , isForceOff = false, isNullInputClass : true
08-07 17:53:28.642  6011  6011 I HBD     : h getDefaultInputRange : UNKNOWN
08-07 17:53:28.642  6011  6011 I HBD     : h getDefaultInputRange : UNKNOWN
08-07 17:53:28.642  6011  6011 I HBD     : h getDefaultInputRange : UNKNOWN
08-07 17:53:28.644  2001  6476 I RecentTasksList: getTaskKeys, numTasks :3 callback : com.android.quickstep.-$$Lambda$RecentsModel$k1Mm-BV64Bc89eJHYugywZmW_Js@24232f1
08-07 17:53:28.644   952  3394 D DARUtil : Device owner status not updated yet...
08-07 17:53:28.644   952  3394 D DARUtil : Not an enterprise user : 0
08-07 17:53:28.645   952  3394 D DARUtil : Device owner status not updated yet...
08-07 17:53:28.645   952  3394 D DARUtil : Not an enterprise user : 0
08-07 17:53:28.645  3311  3719 I SemDvfsHyPerManager: acquire hyper - BaseTABoost/3311@22, type = 1090523139
08-07 17:53:28.645  3311  3719 I SemDvfsHyPerManager: acquire hyper - BaseTAToouchBoost/3311@24, type = 1090523139
08-07 17:53:28.645  2001  2079 I RecentTasksList: loadTasksInBackground() task id : 8214
08-07 17:53:28.646  6011  6011 I HBD     : a needOff = true , isForceOff = false, isNullInputClass : true
08-07 17:53:28.646  6011  6011 I HBD     : a update cached prediction status : false
08-07 17:53:28.646  6011  6011 I HBD     : h getDefaultInputRange : UNKNOWN
08-07 17:53:28.646  6011  6011 I HBD     : h getDefaultInputRange : UNKNOWN
08-07 17:53:28.646  6011  6011 I HBD     : a currentState : 0
08-07 17:53:28.647   568   614 I HYPER-HAL: [RequestManager.cpp]acquire(): Acquired ID : 5556133  [3311 / 22]    HINT :      list : [TABoost / 5]
08-07 17:53:28.647  6011  6011 I HBD     : h load selected json path : /data/user/0/com.samsung.android.honeyboard/files/selected.json
08-07 17:53:28.647   568   614 I HYPER-HAL: [RequestManager.cpp]acquire(): Acquired ID : 5562804  [3311 / 24]    HINT :      list : [TABoost / 20] [TIMEOUT / 1500]
08-07 17:53:28.647  6011  6011 I HBD     : h load selected json info : {"version":"1.0","currentLanguageOrder":0,"selected":[{"activeOptionList":["auto_spacing"],"engName":"Korean","id":4521984,"inputType":"phonepad","isUsed":true},{"activeOptionList":["auto_replace","auto_spacing","writing_assistant"],"engName":"English","id":65537,"inputType":"qwerty","isUsed":true}]}
08-07 17:53:28.647  6011  6011 I HBD     : a [UpdatePolicy] [post] a: 0 cl: 4521984 kit: [1/0] vt: 0 ir: 1
08-07 17:53:28.648  6011  6011 I HBD     : HoneyBoardService [PF_OP][onStartInput]  6770153 ns
08-07 17:53:28.649   628   628 E SurfaceFlinger: Attempt to update InputPolicyFlags without permission ACCESS_SURFACE_FLINGER
08-07 17:53:28.649   628   628 I Layer   : id=624827 removeFromCurrentState Surface(name=7cc30f4 InputMethod)/@0xe76f292 - animation-leash of insets_animation#0 (136)
08-07 17:53:28.649   628   628 I SurfaceFlinger: id=624827 Removed Surface(name=7cc30f4 InputMethod)/@0xe76f292 - animation-leash of insets_animation#0 (136)
08-07 17:53:28.650  1411  2199 I ViewRootImpl@ca6572b[lunchtray]: mWNT: t = android.view.SurfaceControl$Transaction@3a615cc fN = 3 android.view.SyncRtSurfaceTransactionApplier.applyTransaction:94 android.view.SyncRtSurfaceTransactionApplier.lambda$scheduleApply$0$SyncRtSurfaceTransactionApplier:71 android.view.SyncRtSurfaceTransactionApplier$$ExternalSyntheticLambda0.onFrameDraw:4
08-07 17:53:28.650  1411  2199 I ViewRootImpl@ca6572b[lunchtray]: mWNT: merge t to BBQ
08-07 17:53:28.650   628   628 I Layer   : id=624827 Destroyed Surface(name=7cc30f4 InputMethod)/@0xe76f292 - animation-leash of insets_animation#0
08-07 17:53:28.652   952  3366 D InputMethodManagerServicePhysicalKey: isConnectedDexOnPC false
08-07 17:53:28.652   952  3366 D InputMethodManagerService: isImeSwitcherDisabledPackage : false
08-07 17:53:28.653  7881  7881 I ViewInteraction: Performing 'single click' action on view view.getId() is <2131231208/com.example.lunchtray:id/start_order_btn>
08-07 17:53:28.655   952  3394 D InputDispatcher: Inject motion (7881): action=0x0, time=2262201964000000, f=0x0, d=0
08-07 17:53:28.655   952  1207 I InputDispatcher: Delivering touch to (1411): action: 0x4, f=0x0, d=0, '5b03b71', t=0
08-07 17:53:28.655   952  1207 I InputDispatcher: Delivering touch to (7881): action: 0x0, f=0x0, d=0, 'ae70293', t=0 +(-18,-92)*1.03
