08-07 17:53:23.932   628   628 D SurfaceFlinger:      DEVICE | 0x78e3dfd3b0 | 0100 | RGBA_8888    |    0.0    0.0 1080.0  112.0 |    0    0 1080  112 | StatusBar$_1411#0
08-07 17:53:23.932   628   628 D SurfaceFlinger:      DEVICE | 0x78e3e1bd10 | 0100 | RGBA_8888    |    0.0    0.0   67.0  457.0 |    0  410   67  867 | com.samsung.android.app.cocktailbars[...]arservice.CocktailBarService$_8085#0
08-07 17:53:23.932   628   628 D SurfaceFlinger:      DEVICE | 0x78e3e00f50 | 0100 | RGBA_8888    |    0.0    0.0 1080.0  126.0 |    0 2154 1080 2280 | NavigationBar0$_1411#0
08-07 17:53:23.932   628   628 D SurfaceFlinger:
08-07 17:53:23.934  1411  1411 D MediaControlPanel: mActionButtonNumCollapsed = 3, mActionButtonNumExpand = 4
08-07 17:53:23.936   952  1034 D EnterpriseDeviceManagerService: isMdmAdminPresentInternal() : MDM Admin Found - com.samsung.knox.securefolder
08-07 17:53:23.939  8085  8085 I Utils   : HomePackage : com.sec.android.app.launcher, resumePackageName : com.example.lunchtray
08-07 17:53:23.940  7881  7881 D LifecycleMonitor: Lifecycle status change: com.example.lunchtray.MainActivity@4a6513a in: CREATED
08-07 17:53:23.940  7881  7881 V ActivityScenario: Update currentActivityStage to CREATED, currentActivity=com.example.lunchtray.MainActivity@4a6513a
08-07 17:53:23.940  7881  7881 V ActivityScenario: Update currentActivityStage to CREATED, currentActivity=com.example.lunchtray.MainActivity@4a6513a
08-07 17:53:23.940  7881  7881 V ActivityScenario: Update currentActivityStage to CREATED, currentActivity=com.example.lunchtray.MainActivity@4a6513a
08-07 17:53:23.940  7881  7881 V ActivityScenario: Update currentActivityStage to CREATED, currentActivity=com.example.lunchtray.MainActivity@4a6513a
08-07 17:53:23.941  7881  7881 V ActivityScenario: Update currentActivityStage to CREATED, currentActivity=com.example.lunchtray.MainActivity@4a6513a
08-07 17:53:23.941  7881  7881 V ActivityScenario: Activity lifecycle changed event received but ignored because the intent does not match. startActivityIntent=Intent { act=android.intent.action.MAIN cat=[android.intent.category.LAUNCHER] cmp=com.example.lunchtray/androidx.fragment.app.testing.FragmentScenario$EmptyFragmentActivity (has extras) }, activity.getIntent()=Intent { act=android.intent.action.MAIN cat=[android.intent.category.LAUNCHER] cmp=com.example.lunchtray/.MainActivity }, activity=com.example.lunchtray.MainActivity@4a6513a
08-07 17:53:23.941  7881  7881 V ActivityScenario: Update currentActivityStage to CREATED, currentActivity=com.example.lunchtray.MainActivity@4a6513a
08-07 17:53:23.941   952  2595 I MediaSessionMonitor: Media session stopped : controllerList empty
08-07 17:53:23.948  7881  7881 D LifecycleMonitor: Lifecycle status change: com.example.lunchtray.MainActivity@4a6513a in: STARTED
08-07 17:53:23.949  7881  7881 V ActivityScenario: Update currentActivityStage to STARTED, currentActivity=com.example.lunchtray.MainActivity@4a6513a
08-07 17:53:23.949   952  2550 W NetlinkSocket: maximum read
08-07 17:53:23.949  7881  7881 V ActivityScenario: Update currentActivityStage to STARTED, currentActivity=com.example.lunchtray.MainActivity@4a6513a
08-07 17:53:23.949  7881  7881 V ActivityScenario: Update currentActivityStage to STARTED, currentActivity=com.example.lunchtray.MainActivity@4a6513a
08-07 17:53:23.949  7881  7881 V ActivityScenario: Update currentActivityStage to STARTED, currentActivity=com.example.lunchtray.MainActivity@4a6513a
08-07 17:53:23.949  7881  7881 V ActivityScenario: Update currentActivityStage to STARTED, currentActivity=com.example.lunchtray.MainActivity@4a6513a
08-07 17:53:23.949  7881  7881 V ActivityScenario: Activity lifecycle changed event received but ignored because the intent does not match. startActivityIntent=Intent { act=android.intent.action.MAIN cat=[android.intent.category.LAUNCHER] cmp=com.example.lunchtray/androidx.fragment.app.testing.FragmentScenario$EmptyFragmentActivity (has extras) }, activity.getIntent()=Intent { act=android.intent.action.MAIN cat=[android.intent.category.LAUNCHER] cmp=com.example.lunchtray/.MainActivity }, activity=com.example.lunchtray.MainActivity@4a6513a
08-07 17:53:23.950  7881  7881 V ActivityScenario: Update currentActivityStage to STARTED, currentActivity=com.example.lunchtray.MainActivity@4a6513a
08-07 17:53:23.951  7881  7881 D LifecycleMonitor: Lifecycle status change: com.example.lunchtray.MainActivity@4a6513a in: RESUMED
08-07 17:53:23.951  7881  7881 V ActivityScenario: Update currentActivityStage to RESUMED, currentActivity=com.example.lunchtray.MainActivity@4a6513a
08-07 17:53:23.951  7881  7881 V ActivityScenario: Update currentActivityStage to RESUMED, currentActivity=com.example.lunchtray.MainActivity@4a6513a
08-07 17:53:23.951  7881  7881 V ActivityScenario: Update currentActivityStage to RESUMED, currentActivity=com.example.lunchtray.MainActivity@4a6513a
08-07 17:53:23.951  7881  7881 V ActivityScenario: Update currentActivityStage to RESUMED, currentActivity=com.example.lunchtray.MainActivity@4a6513a
08-07 17:53:23.951  7881  7881 V ActivityScenario: Update currentActivityStage to RESUMED, currentActivity=com.example.lunchtray.MainActivity@4a6513a
08-07 17:53:23.951  7881  7881 V ActivityScenario: Activity lifecycle changed event received but ignored because the intent does not match. startActivityIntent=Intent { act=android.intent.action.MAIN cat=[android.intent.category.LAUNCHER] cmp=com.example.lunchtray/androidx.fragment.app.testing.FragmentScenario$EmptyFragmentActivity (has extras) }, activity.getIntent()=Intent { act=android.intent.action.MAIN cat=[android.intent.category.LAUNCHER] cmp=com.example.lunchtray/.MainActivity }, activity=com.example.lunchtray.MainActivity@4a6513a
08-07 17:53:23.952  7881  7881 V ActivityScenario: Update currentActivityStage to RESUMED, currentActivity=com.example.lunchtray.MainActivity@4a6513a
08-07 17:53:23.956   952  3348 D InputTransport: Input channel constructed: '58b0cdb', fd=2013
08-07 17:53:23.956   952  3348 D InputTransport: Input channel constructed: '58b0cdb', fd=2022
08-07 17:53:23.956   952  3348 D InputTransport: Input channel constructed: '58b0cdb', fd=2023
08-07 17:53:23.956   628  2111 I SurfaceFlinger: id=624784 createSurf (0x0),-1 flag=80004, 58b0cdb com.example.lunchtray/com.example.lunchtray.MainActivity#0
08-07 17:53:23.957   952  3348 D InputTransport: Input channel destroyed: '58b0cdb', fd=2023
08-07 17:53:23.959  7881  7881 I ViewRootImpl@8807f05[MainActivity]: setView = com.android.internal.policy.DecorView@2d02fa7 TM=true
08-07 17:53:23.960   952  1095 D AnalyticsContainerHandler: handleMessage : { when=0 what=1 target=com.android.server.knox.KnoxAnalyticsContainer$AnalyticsHandler }
08-07 17:53:23.967   952  3348 V WindowManager: Relayout Window{58b0cdb u0 com.example.lunchtray/com.example.lunchtray.MainActivity}: viewVisibility=0 req=1080x2280 d0
08-07 17:53:23.967   628  2111 I SurfaceFlinger: id=624785 createSurf (1x1),-3 flag=40004, com.example.lunchtray/com.example.lunchtray.MainActivity$_7881#0
08-07 17:53:23.970   628  2718 I SurfaceFlinger: id=624786 createSurf (0x0),-1 flag=24000, Surface(name=cc3f67a StatusBar)/@0x6cfa557 - animation-leash of insets_animation#1
08-07 17:53:23.971   628  2718 I SurfaceFlinger: id=624787 createSurf (0x0),-1 flag=24000, Surface(name=5b03b71 NavigationBar0)/@0xbaf262 - animation-leash of insets_animation#1
08-07 17:53:23.972   952  3348 V WindowManager: Relayout hash=58b0cdb, pid=7881: mAttrs={(0,0)(fillxfill) sim={adjust=pan forwardNavigation} ty=BASE_APPLICATION wanim=0x1030303
08-07 17:53:23.972   952  3348 V WindowManager:   fl=81810100
08-07 17:53:23.972   952  3348 V WindowManager:   pfl=12020040
08-07 17:53:23.972   952  3348 V WindowManager:   apr=LIGHT_NAVIGATION_BARS
08-07 17:53:23.972   952  3348 V WindowManager:   bhv=DEFAULT
08-07 17:53:23.972   952  3348 V WindowManager:   fitSides= naviIconColor=0
08-07 17:53:23.972   952  3348 V WindowManager:   sfl=100000}
08-07 17:53:23.974  7881  7881 I ViewRootImpl@8807f05[MainActivity]: Relayout returned: old=(0,0,1080,2280) new=(0,0,1080,2280) req=(1080,2280)0 dur=7 res=0x7 s={true 512217266896} ch=true fn=-1
08-07 17:53:23.975  7881  7915 D OpenGLRenderer: eglCreateWindowSurface
08-07 17:53:23.977  7881  7881 I ViewRootImpl@8807f05[MainActivity]: [DP] dp(1) 1 android.view.ViewRootImpl.reportNextDraw:11442 android.view.ViewRootImpl.performTraversals:4198 android.view.ViewRootImpl.doTraversal:2924
08-07 17:53:23.977  7881  7881 D ViewRootImpl@8807f05[MainActivity]: Creating frameDrawingCallback nextDrawUseBlastSync=false reportNextDraw=true hasBlurUpdates=false
08-07 17:53:23.977  7881  7881 D ViewRootImpl@8807f05[MainActivity]: Creating frameCompleteCallback
08-07 17:53:23.980  7881  7930 D ViewRootImpl@8807f05[MainActivity]: Received frameDrawingCallback frameNum=1. Creating transactionCompleteCallback=false
08-07 17:53:23.981  7881  7915 D ViewRootImpl@8807f05[MainActivity]: Received frameCompleteCallback  lastAcquiredFrameNum=1 lastAttemptedDrawFrameNum=1
08-07 17:53:23.983  7881  7881 I ViewRootImpl@8807f05[MainActivity]: [DP] pdf(0) 1 android.view.ViewRootImpl.lambda$addFrameCompleteCallbackIfNeeded$3$ViewRootImpl:5000 android.view.ViewRootImpl$$ExternalSyntheticLambda16.run:6 android.os.Handler.handleCallback:938
08-07 17:53:23.983  7881  7881 I ViewRootImpl@8807f05[MainActivity]: [DP] rdf()
08-07 17:53:23.983  7881  7881 D ViewRootImpl@8807f05[MainActivity]: reportDrawFinished (fn: -1)
08-07 17:53:23.986   952  1031 I PkgPredictorService-SecIpmManagerServiceImpl: reportToNAP uid:10704 com.example.lunchtray/com.example.lunchtray.MainActivity thisTime:160
08-07 17:53:23.987   952  1031 I ActivityTaskManager: Displayed com.example.lunchtray/.MainActivity: +160ms
08-07 17:53:23.987   628   642 I SurfaceFlinger: id=624788 createSurf (0x0),-1 flag=24000, Surface(name=58b0cdb com.example.lunchtray/com.example.lunchtray.MainActivity)/@0x24c3c53 - animation-leash of starting_reveal#0
08-07 17:53:23.988  2654  2654 E pageboostd: Received HALT command code 2
08-07 17:53:23.988  7881  7881 D InsetsSourceConsumer: ensureControlAlpha: for ITYPE_NAVIGATION_BAR on com.example.lunchtray/com.example.lunchtray.MainActivity
08-07 17:53:23.989  7881  7881 D InsetsSourceConsumer: ensureControlAlpha: for ITYPE_STATUS_BAR on com.example.lunchtray/com.example.lunchtray.MainActivity
08-07 17:53:23.990  7881  7881 D RootViewPicker: Root not ready - waiting: 10ms for one to appear.
08-07 17:53:23.990   952  3348 I SemDvfsHyPerManager: acquire hyper - AMS_RESUME_TAIL/952@18, type = -999
08-07 17:53:23.990   952  3348 I SemDvfsHyPerManager: acquire hyper - AMS_ACT_LAZY/952@19, type = -999
08-07 17:53:23.990   568   614 I HYPER-HAL: [RequestManager.cpp]acquire(): Acquired ID : 470953  [952 / 18]    HINT : AMS_RESUME_TAIL    list :
08-07 17:53:23.991   568   614 I HYPER-HAL: [RequestManager.cpp]releaseLocked(): Released ID : 469012
08-07 17:53:23.992   534   541 E statsd  : Predicate -7037417284711607308 dropping data for dimension key (10)0x2010101->10704[I] (10)0x30000->*launch*[S]
08-07 17:53:23.992   534   541 E statsd  : Predicate 5980654721335871649 dropping data for dimension key (10)0x2010101->10704[I] (10)0x30000->*launch*[S]
08-07 17:53:23.994   628   628 I Layer   : id=624781 removeFromCurrentState Surface(name=cc3f67a StatusBar)/@0x6cfa557 - animation-leash of insets_animation#0 (136)
08-07 17:53:23.994   628   628 I Layer   : id=624782 removeFromCurrentState Surface(name=5b03b71 NavigationBar0)/@0xbaf262 - animation-leash of insets_animation#0 (136)
08-07 17:53:23.994   628   628 E SurfaceFlinger: Attempt to update InputPolicyFlags without permission ACCESS_SURFACE_FLINGER
08-07 17:53:23.995   628   628 I SurfaceFlinger: id=624781 Removed Surface(name=cc3f67a StatusBar)/@0x6cfa557 - animation-leash of insets_animation#0 (136)
08-07 17:53:23.995   628   628 I SurfaceFlinger: id=624782 Removed Surface(name=5b03b71 NavigationBar0)/@0xbaf262 - animation-leash of insets_animation#0 (136)
08-07 17:53:23.995   628   628 I Layer   : id=624781 Destroyed Surface(name=cc3f67a StatusBar)/@0x6cfa557 - animation-leash of insets_animation#0
08-07 17:53:23.995   628   628 I Layer   : id=624782 Destroyed Surface(name=5b03b71 NavigationBar0)/@0xbaf262 - animation-leash of insets_animation#0
08-07 17:53:23.996   952  1409 D InputDispatcher: Focus entered window (0): 58b0cdb com.example.lunchtray/com.example.lunchtray.MainActivity
08-07 17:53:23.996  1411  2198 I ViewRootImpl@95abb0d[lunchtray]: mWNT: t = android.view.SurfaceControl$Transaction@b83574b fN = 2 android.view.SyncRtSurfaceTransactionApplier.applyTransaction:94 android.view.SyncRtSurfaceTransactionApplier.lambda$scheduleApply$0$SyncRtSurfaceTransactionApplier:71 android.view.SyncRtSurfaceTransactionApplier$$ExternalSyntheticLambda0.onFrameDraw:4
08-07 17:53:23.996  1411  2198 I ViewRootImpl@95abb0d[lunchtray]: mWNT: merge t to BBQ
08-07 17:53:23.996  1411  2198 I ViewRootImpl@95abb0d[lunchtray]: mWNT: t = android.view.SurfaceControl$Transaction@a873528 fN = 2 android.view.SyncRtSurfaceTransactionApplier.applyTransaction:94 android.view.SyncRtSurfaceTransactionApplier.lambda$scheduleApply$0$SyncRtSurfaceTransactionApplier:71 android.view.SyncRtSurfaceTransactionApplier$$ExternalSyntheticLambda0.onFrameDraw:4
08-07 17:53:23.996  1411  2198 I ViewRootImpl@95abb0d[lunchtray]: mWNT: merge t to BBQ
08-07 17:53:23.997  7881  7881 I ViewRootImpl@8807f05[MainActivity]: MSG_WINDOW_FOCUS_CHANGED 1 1
08-07 17:53:23.999  7881  7881 D InputMethodManager: startInputInner - Id : 0
08-07 17:53:24.000  7881  7881 I InputMethodManager: startInputInner - mService.startInputOrWindowGainedFocus
08-07 17:53:24.001   952  1409 D InputMethodManagerService: DESKTOP MODE! : 2
08-07 17:53:24.001   952  1409 D InputMethodManagerService: NOT IN KNOX DESKTOP MODE!
08-07 17:53:24.001   952  1409 V InputMethodManagerService: getDisplayIdOfInputMethodWindowToBeAdded : 0
08-07 17:53:24.001   952  1409 D InputMethodManagerService: checkDisplayOfStartInputAndUpdateKeyboard display Id 0last 0
08-07 17:53:24.001   952  1409 D InputTransport: Input channel constructed: 'ClientS', fd=2023
08-07 17:53:24.001   952  1409 D InputTransport: Input channel destroyed: 'ClientS', fd=2023
08-07 17:53:24.002   628   628 D SurfaceFlinger: Display 0 HWC layers:
08-07 17:53:24.002   628   628 D SurfaceFlinger:      DEVICE | 0x78e3e0a3d0 | 0100 | RGBx_8888    |   50.0    0.0 1130.0 2280.0 |    0    0 1080 2280 | Wallpaper BBQ wrapper#0
08-07 17:53:24.002   628   628 D SurfaceFlinger:      DEVICE | 0x78e3e0c7d0 | 0100 | RGBA_8888    |    0.0    0.0 1080.0 2280.0 |    0    0 1080 2280 | com.sec.android.app.launcher/com.sec[...].activities.LauncherActivity$_2001#0
08-07 17:53:24.002   628   628 D SurfaceFlinger:      DEVICE | 0x78e3e1efb0 | 0102 | RGBA_8888    |    0.0    0.0 1080.0 2280.0 |   39   82 1041 2198 | com.example.lunchtray/com.example.lunchtray.MainActivity$_7881#0
08-07 17:53:24.002   628   628 D SurfaceFlinger:      DEVICE | 0x78e3e16550 | 0100 | RGBA_8888    |    0.0    0.0 1080.0 2280.0 |   39   82 1041 2198 | Splash Screen com.example.lunchtray$_1411#0
08-07 17:53:24.002   628   628 D SurfaceFlinger:      DEVICE | 0x78e3e110f0 | 0100 | RGBA_8888    |    0.0    0.0 1080.0  112.0 |    0    0 1080  112 | StatusBar$_1411#0
08-07 17:53:24.002   628   628 D SurfaceFlinger:      DEVICE | 0x78e3e1bd10 | 0100 | RGBA_8888    |    0.0    0.0   67.0  457.0 |    0  410   67  867 | com.samsung.android.app.cocktailbars[...]arservice.CocktailBarService$_8085#0
08-07 17:53:24.002   628   628 D SurfaceFlinger:      DEVICE | 0x78e3e02930 | 0100 | RGBA_8888    |    0.0    0.0 1080.0  126
08-07 17:53:24.002   628   628 D SurfaceFlinger: .0 |    0 2154 1080 2280 | NavigationBar0$_1411#0
08-07 17:53:24.002   628   628 D SurfaceFlinger:
08-07 17:53:24.003  6011  6011 I HBD     : HoneyBoardService onFinishInput
08-07 17:53:24.004  6011  6011 I HBD     : a IC have been unbinding,  InputConnectionWrapper{idHash=#fd1367f mMissingMethods=}
08-07 17:53:24.004  6011  6011 I HBD     : HoneyBoardService [PF_CL][onFinishInput]  393384 ns
08-07 17:53:24.004   628   641 I SurfaceFlinger: id=624789 createSurf (0x0),-1 flag=24004, Surface(name=7cc30f4 InputMethod)/@0xe76f292 - animation-leash of insets_animation#1
08-07 17:53:24.004  6011  6011 I HBD     : HoneyBoardService [IMI] onStartInput - caller pid : 7881 , caller uid : 10704
08-07 17:53:24.004  6011  6011 I HBD     : j updateConfigs
08-07 17:53:24.004  6011  6011 I HBD     : j isEnabledNightMode : false
08-07 17:53:24.004  6011  6011 I HBD     : a IC have been binding, InputConnectionWrapper{idHash=#5d1d695 mMissingMethods=}
08-07 17:53:24.004  6011  6011 I HBD     : h [EditorInputType]setPrivateImeOptionsToTable privateImeOptions ( null )
08-07 17:53:24.004  6011  6011 I HBD     : b incognitoMode : false
08-07 17:53:24.005  6011  6011 I HBD     : a needOff = true , isForceOff = false, isNullInputClass : true
08-07 17:53:24.005  6011  6011 I HBD     : h getDefaultInputRange : UNKNOWN
08-07 17:53:24.005  6011  6011 I HBD     : h getDefaultInputRange : UNKNOWN
08-07 17:53:24.005  6011  6011 I HBD     : h getDefaultInputRange : UNKNOWN
08-07 17:53:24.005   952  1409 D DARUtil : Device owner status not updated yet...
08-07 17:53:24.005   952  1409 D DARUtil : Not an enterprise user : 0
08-07 17:53:24.005   952  1409 D DARUtil : Device owner status not updated yet...
08-07 17:53:24.005   952  1409 D DARUtil : Not an enterprise user : 0
08-07 17:53:24.005  6011  6011 I HBD     : a needOff = true , isForceOff = false, isNullInputClass : true
08-07 17:53:24.005  6011  6011 I HBD     : a update cached prediction status : false
08-07 17:53:24.005  6011  6011 I HBD     : h getDefaultInputRange : UNKNOWN
08-07 17:53:24.006  6011  6011 I HBD     : h getDefaultInputRange : UNKNOWN
08-07 17:53:24.006  6011  6011 I HBD     : a currentState : 0
08-07 17:53:24.007  2001 19839 I RecentModel: onTaskStackChangedBackground
08-07 17:53:24.007  6011  6011 I HBD     : h load selected json path : /data/user/0/com.samsung.android.honeyboard/files/selected.json
08-07 17:53:24.007  6011  6011 I HBD     : h load selected json info : {"version":"1.0","currentLanguageOrder":0,"selected":[{"activeOptionList":["auto_spacing"],"engName":"Korean","id":4521984,"inputType":"phonepad","isUsed":true},{"activeOptionList":["auto_replace","auto_spacing","writing_assistant"],"engName":"English","id":65537,"inputType":"qwerty","isUsed":true}]}
08-07 17:53:24.007  2001 19839 I RecentTasksList: getTaskKeys, numTasks :3 callback : com.android.quickstep.-$$Lambda$RecentsModel$k1Mm-BV64Bc89eJHYugywZmW_Js@7b4559f
08-07 17:53:24.008  6011  6011 I HBD     : a [UpdatePolicy] [post] a: 0 cl: 4521984 kit: [1/0] vt: 0 ir: 1
08-07 17:53:24.008  2001  2079 I RecentTasksList: loadTasksInBackground() task id : 8212
08-07 17:53:24.008  3311  3719 I SemDvfsHyPerManager: acquire hyper - BaseTABoost/3311@22, type = 1090523139
08-07 17:53:24.008  3311  3719 I SemDvfsHyPerManager: acquire hyper - BaseTAToouchBoost/3311@24, type = 1090523139
08-07 17:53:24.008  6011  6011 I HBD     : HoneyBoardService [PF_OP][onStartInput]  4297000 ns
08-07 17:53:24.009   568   614 I HYPER-HAL: [RequestManager.cpp]acquire(): Acquired ID : 5556133  [3311 / 22]    HINT :      list : [TABoost / 5]
08-07 17:53:24.010   568   614 I HYPER-HAL: [RequestManager.cpp]acquire(): Acquired ID : 5562804  [3311 / 24]    HINT :      list : [TABoost / 20] [TIMEOUT / 1500]
08-07 17:53:24.011   628   628 E SurfaceFlinger: Attempt to update InputPolicyFlags without permission ACCESS_SURFACE_FLINGER
08-07 17:53:24.011   628   628 I Layer   : id=624773 removeFromCurrentState Surface(name=7cc30f4 InputMethod)/@0xe76f292 - animation-leash of insets_animation#0 (135)
08-07 17:53:24.011   628   628 I SurfaceFlinger: id=624773 Removed Surface(name=7cc30f4 InputMethod)/@0xe76f292 - animation-leash of insets_animation#0 (135)
08-07 17:53:24.012   628   628 I Layer   : id=624773 Destroyed Surface(name=7cc30f4 InputMethod)/@0xe76f292 - animation-leash of insets_animation#0
08-07 17:53:24.012  1411  2199 I ViewRootImpl@95abb0d[lunchtray]: mWNT: t = android.view.SurfaceControl$Transaction@2b40241 fN = 3 android.view.SyncRtSurfaceTransactionApplier.applyTransaction:94 android.view.SyncRtSurfaceTransactionApplier.lambda$scheduleApply$0$SyncRtSurfaceTransactionApplier:71 android.view.SyncRtSurfaceTransactionApplier$$ExternalSyntheticLambda0.onFrameDraw:4
08-07 17:53:24.012  1411  2199 I ViewRootImpl@95abb0d[lunchtray]: mWNT: merge t to BBQ
08-07 17:53:24.014   952  3348 D InputMethodManagerServicePhysicalKey: isConnectedDexOnPC false
08-07 17:53:24.015   952  3348 D InputMethodManagerService: isImeSwitcherDisabledPackage : false
08-07 17:53:24.016  7881  7881 I ViewInteraction: Performing 'single click' action on view view.getId() is <2131231208/com.example.lunchtray:id/start_order_btn>
08-07 17:53:24.018   952  1409 D InputDispatcher: Inject motion (7881): action=0x0, time=2262197327000000, f=0x0, d=0
08-07 17:53:24.018   952  1207 I InputDispatcher: Delivering touch to (1411): action: 0x4, f=0x0, d=0, '5b03b71', t=0
08-07 17:53:24.018   952  1207 I InputDispatcher: Delivering touch to (7881): action: 0x0, f=0x0, d=0, '58b0cdb', t=0 +(-34,-125)*1.06
08-07 17:53:24.018  7881  7881 I ViewRootImpl@8807f05[MainActivity]: ViewPostIme pointer 0
08-07 17:53:24.018   952  1032 I GestureDetector: obtain mCurrentDownEvent. id: -398989616 caller: com.android.server.wm.SystemGesturesPointerEventListener.onPointerEvent:179 com.android.server.wm.PointerEventDispatcher.onInputEvent:71 android.view.InputEventReceiver.dispatchInputEvent:259
08-07 17:53:24.019  3311  3311 I SemDvfsHyPerManager: acquire hyper - BaseTABoost/3311@22, type = 1090523139
08-07 17:53:24.019  3311  3311 I SemDvfsHyPerManager: acquire hyper - BaseTAToouchBoost/3311@24, type = 1090523139
08-07 17:53:24.019   952  1032 I GestureDetector: obtain mCurrentDownEvent. id: -398989616 caller: com.android.server.wm.SystemPerformancePointerEventListener.onPointerEvent:89 com.android.server.wm.PointerEventDispatcher.onInputEvent:71 android.view.InputEventReceiver.dispatchInputEvent:259
08-07 17:53:24.019   568   614 I HYPER-HAL: [RequestManager.cpp]acquire(): Acquired ID : 5556133  [3311 / 22]    HINT :      list : [TABoost / 5]
08-07 17:53:24.019   568   614 I HYPER-HAL: [RequestManager.cpp]acquire(): Acquired ID : 5562804  [3311 / 24]    HINT :      list : [TABoost / 20] [TIMEOUT / 1500]
08-07 17:53:24.028   628   628 E SurfaceFlinger: Attempt to update InputPolicyFlags without permission ACCESS_SURFACE_FLINGER
08-07 17:53:24.028  1411  2198 I ViewRootImpl@95abb0d[lunchtray]: mWNT: t = android.view.SurfaceControl$Transaction@e9af3e6 fN = 4 android.view.SyncRtSurfaceTransactionApplier.applyTransaction:94 android.view.SyncRtSurfaceTransactionApplier.lambda$scheduleApply$0$SyncRtSurfaceTransactionApplier:71 android.view.SyncRtSurfaceTransactionApplier$$ExternalSyntheticLambda0.onFrameDraw:4
08-07 17:53:24.028  1411  2198 I ViewRootImpl@95abb0d[lunchtray]: mWNT: merge t to BBQ
08-07 17:53:24.044   628   628 E SurfaceFlinger: Attempt to update InputPolicyFlags without permission ACCESS_SURFACE_FLINGER
08-07 17:53:24.045  1411  1640 D OpenGLRenderer: setSurface called with nullptr
08-07 17:53:24.045  1411  1640 D OpenGLRenderer: setSurface() destroyed EGLSurface
08-07 17:53:24.045  1411  1640 D OpenGLRenderer: destroyEglSurface
08-07 17:53:24.046   952  1409 V WindowManager: Relayout Window{dc1650f u0 Splash Screen com.example.lunchtray}: viewVisibility=8 req=1080x2280 d0
08-07 17:53:24.047   628   641 I SurfaceFlinger: id=624790 createSurf (0x0),-1 flag=24000, Surface(name=dc1650f Splash Screen com.example.lunchtray)/@0x36a38cf - animation-leash of window_animation#0
08-07 17:53:24.050   952  1409 V WindowManager: Relayout hash=dc1650f, pid=1411: mAttrs={(0,0)(fillxfill) sim={adjust=pan} ty=APPLICATION_STARTING fmt=TRANSLUCENT wanim=0x1030001
08-07 17:53:24.050   952  1409 V WindowManager:   fl=81030118
08-07 17:53:24.050   952  1409 V WindowManager:   pfl=36000010
08-07 17:53:24.050   952  1409 V WindowManager:   bhv=DEFAULT
08-07 17:53:24.050   952  1409 V WindowManager:   fitSides= naviIconColor=0}
08-07 17:53:24.051  1411  1558 I ViewRootImpl@95abb0d[lunchtray]: Relayout returned: old=(0,0,1080,2280) new=(0,0,1080,2280) req=(1080,2280)8 dur=5 res=0x5 s={false 0} ch=true fn=5
08-07 17:53:24.051  1411  1558 I ViewRootImpl@95abb0d[lunchtray]: dispatchDetachedFromWindow
08-07 17:53:24.051   952  1409 D InputTransport: Input channel destroyed: 'dc1650f', fd=1977
08-07 17:53:24.051   952  1409 W InputManager-JNI: Input channel object 'dc1650f Splash Screen com.example.lunchtray (client)' was disposed without first being removed with the input manager!
08-07 17:53:24.051   952  1409 D InputTransport: Input channel destroyed: 'dc1650f', fd=1987
08-07 17:53:24.052  1411  1558 D InputTransport: Input channel destroyed: 'dc1650f', fd=194
08-07 17:53:24.059   952  1409 D InputDispatcher: Inject motion (7881): action=0x1, time=2262197368000000, f=0x0, d=0
08-07 17:53:24.059   952  1207 I InputDispatcher: Delivering touch to (7881): action: 0x1, f=0x0, d=0, '58b0cdb', t=1 +(-21,-49)*1.04
08-07 17:53:24.059  7881  7881 I ViewRootImpl@8807f05[MainActivity]: ViewPostIme pointer 1
08-07 17:53:24.059   952  1032 I GestureDetector: obtain mCurrentMotionEventRaw. action: 1 id: -930408483
08-07 17:53:24.059   952  1032 I GestureDetector: obtain mCurrentMotionEventRaw. action: 1 id: -930408483
08-07 17:53:24.061   628   628 E SurfaceFlinger: Attempt to update InputPolicyFlags without permission ACCESS_SURFACE_FLINGER
08-07 17:53:24.061   628   628 I Layer   : id=624788 removeFromCurrentState Surface(name=58b0cdb com.example.lunchtray/com.example.lunchtray.MainActivity)/@0x24c3c53 - animation-leash of starting_reveal#0 (135)
08-07 17:53:24.065  7881  7881 D ScrollView: initGoToTop
08-07 17:53:24.093   952  1409 V WindowManager: Relayout Window{58b0cdb u0 com.example.lunchtray/com.example.lunchtray.MainActivity}: viewVisibility=0 req=1080x2280 d0
08-07 17:53:24.095   628   628 E SurfaceFlinger: Attempt to update InputPolicyFlags without permission ACCESS_SURFACE_FLINGER
08-07 17:53:24.095   952  1409 V WindowManager: Relayout hash=58b0cdb, pid=7881: mAttrs={(0,0)(fillxfill) sim={adjust=resize} ty=BASE_APPLICATION wanim=0x1030303
08-07 17:53:24.095   952  1409 V WindowManager:   fl=81810100
08-07 17:53:24.095   952  1409 V WindowManager:   pfl=12020040
08-07 17:53:24.095   952  1409 V WindowManager:   apr=LIGHT_NAVIGATION_BARS
08-07 17:53:24.095   952  1409 V WindowManager:   bhv=DEFAULT
08-07 17:53:24.095   952  1409 V WindowManager:   fitSides= naviIconColor=0
08-07 17:53:24.095   952  1409 V WindowManager:   sfl=100000}
08-07 17:53:24.097  7881  7881 I ViewRootImpl@8807f05[MainActivity]: Relayout returned: old=(0,0,1080,2280) new=(0,0,1080,2280) req=(1080,2280)0 dur=3 res=0x1 s={true 512217266896} ch=false fn=7
08-07 17:53:24.098  7881  7881 D ScrollView:  onsize change changed
08-07 17:53:24.112   628   628 E SurfaceFlinger: Attempt to update InputPolicyFlags without permission ACCESS_SURFACE_FLINGER
08-07 17:53:24.115  1411  1411 D NavigationBar: onSystemBarAttributesChanged() -  displayId:0, appearance:16 (APPEARANCE_LIGHT_NAVIGATION_BARS ), navbarColorManagedByIme:false
08-07 17:53:24.115  1411  1411 V Navbar.Store: handleEvent [EventType] GET_BOOL_REGION_SAMPLING_ENABLED [Module] LightBarController  KEYS_DEFAULT=false
08-07 17:53:24.115  1411  1411 V Navbar.Store: --[Band]COLOR_PACK_GET_REGION_SAMPLING_ENABLED
08-07 17:53:24.115  1411  1411 V Navbar.Store: ----getValue(BOOL_REGION_SAMPLING_ENABLED)=false
08-07 17:53:24.129   628   628 I Layer   : id=624778 removeFromCurrentState Splash Screen com.example.lunchtray$_1411#0 (135)
08-07 17:53:24.129   628   628 I Layer   : id=624777 removeFromCurrentState dc1650f Splash Screen com.example.lunchtray#0 (135)
08-07 17:53:24.129   628   628 I Layer   : id=624790 removeFromCurrentState Surface(name=dc1650f Splash Screen com.example.lunchtray)/@0x36a38cf - animation-leash of window_animation#0 (135)
08-07 17:53:24.129   628   628 E SurfaceFlinger: Attempt to update InputPolicyFlags without permission ACCESS_SURFACE_FLINGER
08-07 17:53:24.129   628   628 I SurfaceFlinger: id=624777 Removed dc1650f Splash Screen com.example.lunchtray#0 (135)
08-07 17:53:24.129   628   628 I SurfaceFlinger: id=624778 Removed Splash Screen com.example.lunchtray$_1411#0 (135)
08-07 17:53:24.129   628   628 I SurfaceFlinger: id=624790 Removed Surface(name=dc1650f Splash Screen com.example.lunchtray)/@0x36a38cf - animation-leash of window_animation#0 (135)
08-07 17:53:24.130   628   628 I Layer   : id=624790 Destroyed Surface(name=dc1650f Splash Screen com.example.lunchtray)/@0x36a38cf - animation-leash of window_animation#0
08-07 17:53:24.130   628   628 I Layer   : id=624777 Destroyed dc1650f Splash Screen com.example.lunchtray#0
08-07 17:53:24.131   628   628 I Layer   : id=624778 Destroyed Splash Screen com.example.lunchtray$_1411#0
08-07 17:53:24.132   628   628 D SurfaceFlinger: Display 0 HWC layers:
08-07 17:53:24.132   628   628 D SurfaceFlinger:      DEVICE | 0x78e3e0a3d0 | 0100 | RGBx_8888    |   50.0    0.0 1130.0 2280.0 |    0    0 1080 2280 | Wallpaper BBQ wrapper#0
08-07 17:53:24.132   628   628 D SurfaceFlinger:      DEVICE | 0x78e3e0c7d0 | 0100 | RGBA_8888    |    0.0    0.0 1080.0 2280.0 |    0    0 1080 2280 | com.sec.android.app.launcher/com.sec[...].activities.LauncherActivity$_2001#0
08-07 17:53:24.132   628   628 D SurfaceFlinger:      DEVICE | 0x78e3e171b0 | 0102 | RGBA_8888    |    0.0    0.0 1080.0 2280.0 |    6   14 1074 2266 | com.example.lunchtray/com.example.lunchtray.MainActivity$_7881#0
08-07 17:53:24.132   628   628 D SurfaceFlinger:      DEVICE | 0x78e3e0f170 | 0100 | RGBA_8888    |    0.0    0.0 1080.0  112.0 |    0    0 1080  112 | StatusBar$_1411#0
08-07 17:53:24.132   628   628 D SurfaceFlinger:      DEVICE | 0x78e3e1bd10 | 0100 | RGBA_8888    |    0.0    0.0   67.0  457.0 |    0  410   67  867 | com.samsung.android.app.cocktailbars[...]arservice.CocktailBarService$_8085#0
08-07 17:53:24.132   628   628 D SurfaceFlinger:      DEVICE | 0x78e3e19b50 | 0100 | RGBA_8888    |    0.0    0.0 1080.0  126.0 |    0 2154 1080 2280 | NavigationBar0$_1411#0
08-07 17:53:24.132   628   628 D SurfaceFlinger:
08-07 17:53:24.223   568  8058 I HYPER-HAL: [RequestManager.cpp]releaseLocked(): Released ID : 473872
08-07 17:53:24.240  8085  8085 I Utils   : isCurrentUser current = 0, ownerId = 0
08-07 17:53:24.241  8085  8085 I TrayVisibilityController: getComputedTrayVisible : keyguardState = 1
08-07 17:53:24.241  8085  8085 I TrayVisibilityController: updateTrayVisible: State=1 visible=1 mCurrentVisible=1 specificMode=0
08-07 17:53:24.241  8085  8085 I TrayStateController: onNotifyUpdateTray: state=0
08-07 17:53:24.247  2001  2001 I ViewRootImpl@67bf432[LauncherActivity]: handleAppVisibility mAppVisible=true visible=false
08-07 17:53:24.247  1411  1455 D WallpaperService: dispatchAppVisibility onVisibilityChanged(): false
08-07 17:53:24.247  1411  1411 D WallpaperService: reportVisibility onVisibilityChanged visible: false
08-07 17:53:24.247  1411  1635 I ImageWallpaper:  onVisibilityChanged false , 0
08-07 17:53:24.249   628   628 D SurfaceFlinger: Display 0 HWC layers:
08-07 17:53:24.249   628   628 D SurfaceFlinger:      DEVICE | 0x78e3e171b0 | 0102 | RGBA_8888    |    0.0    0.0 1080.0 2280.0 |    0    0 1080 2280 | com.example.lunchtray/com.example.lunchtray.MainActivity$_7881#0
08-07 17:53:24.249   628   628 D SurfaceFlinger:      DEVICE | 0x78e3e0f170 | 0100 | RGBA_8888    |    0.0    0.0 1080.0  112.0 |    0    0 1080  112 | StatusBar$_1411#0
08-07 17:53:24.249   628   628 D SurfaceFlinger:      DEVICE | 0x78e3e1bd10 | 0100 | RGBA_8888    |    0.0    0.0   67.0  457.0 |    0  410   67  867 | com.samsung.android.app.cocktailbars[...]arservice.CocktailBarService$_8085#0
08-07 17:53:24.249   628   628 D SurfaceFlinger:      DEVICE | 0x78e3e00f50 | 0100 | RGBA_8888    |    0.0    0.0 1080.0  126.0 |    0 2154 1080 2280 | NavigationBar0$_1411#0
08-07 17:53:24.249   628   628 D SurfaceFlinger:
08-07 17:53:24.256  7881  7881 D LifecycleMonitor: Lifecycle status change: androidx.test.core.app.InstrumentationActivityInvoker$BootstrapActivity@b5171c4 in: STOPPED
08-07 17:53:24.257  7881  7881 V ActivityScenario: Activity lifecycle changed event received but ignored because the intent does not match. startActivityIntent=Intent { act=android.intent.action.MAIN cat=[android.intent.category.LAUNCHER] cmp=com.example.lunchtray/.MainActivity }, activity.getIntent()=Intent { act=android.intent.action.MAIN cat=[android.intent.category.LAUNCHER] flg=0x10008000 cmp=com.example.lunchtray/androidx.test.core.app.InstrumentationActivityInvoker$BootstrapActivity (has extras) }, activity=androidx.test.core.app.InstrumentationActivityInvoker$BootstrapActivity@b5171c4
08-07 17:53:24.257  7881  7881 V ActivityScenario: Activity lifecycle changed event received but ignored because the intent does not match. startActivityIntent=Intent { act=android.intent.action.MAIN cat=[android.intent.category.LAUNCHER] cmp=com.example.lunchtray/.MainActivity }, activity.getIntent()=Intent { act=android.intent.action.MAIN cat=[android.intent.category.LAUNCHER] flg=0x10008000 cmp=com.example.lunchtray/androidx.test.core.app.InstrumentationActivityInvoker$BootstrapActivity (has extras) }, activity=androidx.test.core.app.InstrumentationActivityInvoker$BootstrapActivity@b5171c4
08-07 17:53:24.257  7881  7881 V ActivityScenario: Activity lifecycle changed event received but ignored because the intent does not match. startActivityIntent=Intent { act=android.intent.action.MAIN cat=[android.intent.category.LAUNCHER] cmp=com.example.lunchtray/.MainActivity }, activity.getIntent()=Intent { act=android.intent.action.MAIN cat=[android.intent.category.LAUNCHER] flg=0x10008000 cmp=com.example.lunchtray/androidx.test.core.app.InstrumentationActivityInvoker$BootstrapActivity (has extras) }, activity=androidx.test.core.app.InstrumentationActivityInvoker$BootstrapActivity@b5171c4
08-07 17:53:24.258  7881  7881 V ActivityScenario: Activity lifecycle changed event received but ignored because the intent does not match. startActivityIntent=Intent { act=android.intent.action.MAIN cat=[android.intent.category.LAUNCHER] cmp=com.example.lunchtray/.MainActivity }, activity.getIntent()=Intent { act=android.intent.action.MAIN cat=[android.intent.category.LAUNCHER] flg=0x10008000 cmp=com.example.lunchtray/androidx.test.core.app.InstrumentationActivityInvoker$BootstrapActivity (has extras) }, activity=androidx.test.core.app.InstrumentationActivityInvoker$BootstrapActivity@b5171c4
08-07 17:53:24.258  7881  7881 V ActivityScenario: Activity lifecycle changed event received but ignored because the intent does not match. startActivityIntent=Intent { act=android.intent.action.MAIN cat=[android.intent.category.LAUNCHER] cmp=com.example.lunchtray/.MainActivity }, activity.getIntent()=Intent { act=android.intent.action.MAIN cat=[android.intent.category.LAUNCHER] flg=0x10008000 cmp=com.example.lunchtray/androidx.test.core.app.InstrumentationActivityInvoker$BootstrapActivity (has extras) }, activity=androidx.test.core.app.InstrumentationActivityInvoker$BootstrapActivity@b5171c4
08-07 17:53:24.258  7881  7881 V ActivityScenario: Activity lifecycle changed event received but ignored because the intent does not match. startActivityIntent=Intent { act=android.intent.action.MAIN cat=[android.intent.category.LAUNCHER] cmp=com.example.lunchtray/androidx.fragment.app.testing.FragmentScenario$EmptyFragmentActivity (has extras) }, activity.getIntent()=Intent { act=android.intent.action.MAIN cat=[android.intent.category.LAUNCHER] flg=0x10008000 cmp=com.example.lunchtray/androidx.test.core.app.InstrumentationActivityInvoker$BootstrapActivity (has extras) }, activity=androidx.test.core.app.InstrumentationActivityInvoker$BootstrapActivity@b5171c4
08-07 17:53:24.259  7881  7881 V ActivityScenario: Activity lifecycle changed event received but ignored because the intent does not match. startActivityIntent=Intent { act=android.intent.action.MAIN cat=[android.intent.category.LAUNCHER] cmp=com.example.lunchtray/.MainActivity }, activity.getIntent()=Intent { act=android.intent.action.MAIN cat=[android.intent.category.LAUNCHER] flg=0x10008000 cmp=com.example.lunchtray/androidx.test.core.app.InstrumentationActivityInvoker$BootstrapActivity (has extras) }, activity=androidx.test.core.app.InstrumentationActivityInvoker$BootstrapActivity@b5171c4
08-07 17:53:24.263   628   628 I Layer   : id=624779 removeFromCurrentState Surface(name=Task=1)/@0x71397ea - animation-leash of app_transition#0 (132)
08-07 17:53:24.263   628   628 I Layer   : id=624780 removeFromCurrentState Surface(name=Task=8212)/@0x30e368a - animation-leash of app_transition#0 (132)
08-07 17:53:24.263   628   628 I SurfaceFlinger: id=624780 Removed Surface(name=Task=8212)/@0x30e368a - animation-leash of app_transition#0 (132)
08-07 17:53:24.263   628   628 I SurfaceFlinger: id=624779 Removed Surface(name=Task=1)/@0x71397ea - animation-leash of app_transition#0 (132)
08-07 17:53:24.263   628   628 I Layer   : id=624779 Destroyed Surface(name=Task=1)/@0x71397ea - animation-leash of app_transition#0
08-07 17:53:24.263   628   628 I Layer   : id=624780 Destroyed Surface(name=Task=8212)/@0x30e368a - animation-leash of app_transition#0
08-07 17:53:24.268   952  1409 V WindowManager: Relayout Window{72e35ce u0 com.sec.android.app.launcher/com.sec.android.app.launcher.activities.LauncherActivity}: viewVisibility=8 req=1080x2280 d0
08-07 17:53:24.270   952  1409 V WindowManager: Relayout hash=72e35ce, pid=2001: mAttrs={(0,0)(fillxfill) sim={adjust=nothing} layoutInDisplayCutoutMode=shortEdges ty=BASE_APPLICATION fmt=TRANSPARENT wanim=0x10302f2
08-07 17:53:24.270   952  1409 V WindowManager:   fl=81910100
08-07 17:53:24.270   952  1409 V WindowManager:   pfl=1e020040
08-07 17:53:24.270   952  1409 V WindowManager:   vsysui=1700
08-07 17:53:24.270   952  1409 V WindowManager:   apr=LIGHT_STATUS_BARS LIGHT_NAVIGATION_BARS
08-07 17:53:24.270   952  1409 V WindowManager:   bhv=SHOW_TRANSIENT_BARS_BY_SWIPE
08-07 17:53:24.270   952  1409 V WindowManager:   fitSides= naviIconColor=0}
08-07 17:53:24.271  2001  2001 I ViewRootImpl@67bf432[LauncherActivity]: Relayout returned: old=(0,0,1080,2280) new=(0,0,1080,2280) req=(1080,2280)8 dur=3 res=0x5 s={false 0} ch=true fn=20
08-07 17:53:24.271  2001  2001 I ViewRootImpl@67bf432[LauncherActivity]: stopped(true) old=false
08-07 17:53:24.271  2001  2001 I BaseActivity: removeActivityFlags, flags : 17
08-07 17:53:24.271  2001  2001 I StateManager: goToState isInState Normal
08-07 17:53:24.271  2001  2001 W LauncherAppWidgetHost: setShouldListenFlag, mFlags:7 flag:start on:false isFront:false
08-07 17:53:24.271  2001  2079 I IMM_LC  : hsifw() - flags=0, caller=android.view.inputmethod.InputMethodManager.hideSoftInputFromWindow:1858 android.view.inputmethod.InputMethodManager.hideSoftInputFromWindow:1827 com.android.launcher3.util.UiThreadHelper$UiCallbacks.handleMessage:103 android.os.Handler.dispatchMessage:102 android.os.Looper.loopOnce:226
08-07 17:53:24.271  2001  2079 I IMM_LC  : hideSoftInputFromWindow - mService.hideSoftInput
08-07 17:53:24.272   952  3348 I AppWidgetServiceImpl: stopListening callbacks : null
08-07 17:53:24.272  2001  2001 W LauncherAppWidgetHost: stopListening, mFlags:2 isFront:false
08-07 17:53:24.272  2001  2001 W Launcher.NotificationListener: removeNotificationsChangedListener
08-07 17:53:24.272  2001  2001 I BadgeCountUpdaterImpl: onNotificationsChangedDisConnected
08-07 17:53:24.272  2001  2001 I Launcher.NotificationListener: unregisterObserver, this is not notificationService!!
08-07 17:53:24.272  2001  2079 I LiveIconUpdateEventHandler: LiveIcon onStop
08-07 17:53:24.279   628   628 I SurfaceFlinger: id=624767 Removed OneUiHome-BlurLayer#0 (130)
08-07 17:53:24.291   568  8069 I HYPER-HAL: [RequestManager.cpp]releaseLocked(): Released ID : 470953
08-07 17:53:24.295  2001  2079 I LiveIconUpdateEventHandler: cancelMinuteChangeAlarm
08-07 17:53:24.297  2001  2079 I LiveIconUpdateEventHandler: cancelDateChangeAlarm
08-07 17:53:24.297  2001  2079 I LiveIconUpdateEventHandler: unregisterReceiver
08-07 17:53:24.319   952   952 I GestureDetector: handleMessage TAP
08-07 17:53:24.319   952  1032 I GestureDetector: handleMessage TAP
08-07 17:53:24.319 24757 25275 I SAMSUNGWALLET: [Hint_ProcessStatusChange] fg Change, pid : 2001 , isNotify : true , isForeground : false , fg list : [7881]
08-07 17:53:24.320 24757 25074 I SAMSUNGWALLET: [ResetData] getSAResetDialogFlag : false
08-07 17:53:24.323 24757 25074 I SAMSUNGWALLET: [Hint_bxa] isHomePackageRunning topPkgName = com.example.lunchtray, topClsName = com.example.lunchtray.MainActivity, return false , se : false
08-07 17:53:24.323 24757 24757 I SAMSUNGWALLET: [Hint_PayHintService] Hint Status - already invisible, skip hide : Home Package Not Running
08-07 17:53:24.327  7881  7881 I ViewInteraction: Performing 'single click' action on view view.getId() is <2131230844/com.example.lunchtray:id/cauliflower>
08-07 17:53:24.328   952  1409 D InputDispatcher: Inject motion (7881): action=0x0, time=2262197637000000, f=0x0, d=0
08-07 17:53:24.328   952  1207 I InputDispatcher: Delivering touch to (1411): action: 0x4, f=0x0, d=0, '5b03b71', t=0
08-07 17:53:24.328   952  1207 I InputDispatcher: Delivering touch to (7881): action: 0x0, f=0x0, d=0, '58b0cdb', t=0
08-07 17:53:24.329   952  1032 I GestureDetector: obtain mCurrentDownEvent. id: -626954222 caller: com.android.server.wm.SystemGesturesPointerEventListener.onPointerEvent:179 com.android.server.wm.PointerEventDispatcher.onInputEvent:71 android.view.InputEventReceiver.dispatchInputEvent:259
08-07 17:53:24.329   628   628 I Layer   : id=624764 removeFromCurrentState com.sec.android.app.launcher/com.sec.android.app.launcher.activities.LauncherActivity$_2001#0 (130)
08-07 17:53:24.329  7881  7881 I ViewRootImpl@8807f05[MainActivity]: ViewPostIme pointer 0
08-07 17:53:24.330   952  1032 I GestureDetector: obtain mCurrentDownEvent. id: -626954222 caller: com.android.server.wm.SystemPerformancePointerEventListener.onPointerEvent:89 com.android.server.wm.PointerEventDispatcher.onInputEvent:71 android.view.InputEventReceiver.dispatchInputEvent:259
08-07 17:53:24.330   628   628 I Layer   : id=624767 removeFromCurrentState OneUiHome-BlurLayer#0 (130)
08-07 17:53:24.330   628   628 I SurfaceFlinger: id=624764 Removed com.sec.android.app.launcher/com.sec.android.app.launcher.activities.LauncherActivity$_2001#0 (130)
08-07 17:53:24.330  3311  3311 I SemDvfsHyPerManager: acquire hyper - BaseTABoost/3311@22, type = 1090523139
08-07 17:53:24.330  3311  3311 I SemDvfsHyPerManager: acquire hyper - BaseTAToouchBoost/3311@24, type = 1090523139
08-07 17:53:24.330   628   628 I Layer   : id=624764 Destroyed com.sec.android.app.launcher/com.sec.android.app.launcher.activities.LauncherActivity$_2001#0
08-07 17:53:24.330   628   628 I Layer   : id=624767 Destroyed OneUiHome-BlurLayer#0
08-07 17:53:24.330   568   614 I HYPER-HAL: [RequestManager.cpp]acquire(): Acquired ID : 5556133  [3311 / 22]    HINT :      list : [TABoost / 5]
08-07 17:53:24.330   568   614 I HYPER-HAL: [RequestManager.cpp]acquire(): Acquired ID : 5562804  [3311 / 24]    HINT :      list : [TABoost / 20] [TIMEOUT / 1500]
08-07 17:53:24.336  5104  5104 I dnwd    : onPause
08-07 17:53:24.339  8447  8447 I gkox    : (REDACTED) received broadcast: %s
08-07 17:53:24.340  8447  8605 I gkpa    : (REDACTED) received broadcast: %s
08-07 17:53:24.340  8447  8605 I gkkn    : (REDACTED) #onConfigUpdate. requester: %s
08-07 17:53:24.340  8447  8605 I gkkn    : #onConfigUpdate inside sequencer
08-07 17:53:24.340  8447  8605 I gkhl    : (REDACTED) Voice Match (Speaker-id) supported : %b
08-07 17:53:24.340  8447  8605 I gkhl    : (REDACTED) hotword enrollment state is enrolled:  %b, speakerId model exist: %b. Voice Match supported : %b
08-07 17:53:24.340  8447  8605 I gkhl    : (REDACTED) isHotwordAvailable():  %b, isHotwordEnabled() %b
08-07 17:53:24.340  8447  8605 I gkhl    : (REDACTED) isHotwordAvailable():  %b, isHotwordEnabled() %b
08-07 17:53:24.340  8447  8605 I gkhl    : (REDACTED) Hotword enrollment state : %s.
08-07 17:53:24.340  8447  8605 I gkhl    : (REDACTED) Voice Match (Speaker-id) supported : %b
08-07 17:53:24.340  8447  8605 I gkhl    : (REDACTED) Voice Match (Speaker-id) supported : %b
08-07 17:53:24.340  8447  8605 I gkhl    : (REDACTED) hotword enrollment state is enrolled:  %b, speakerId model exist: %b, voice match supported : %b
08-07 17:53:24.340  8447  8605 I gkhl    : (REDACTED) Hotword isNonVoiceMatchHotwordEnabled: %b, isHotwordAvailable : %b, isHotwordEnabled : %b, isVoiceMatchSupported: %b, isHotwordEnrolled: %b.
08-07 17:53:24.340  8447  8605 I gkkn    : (REDACTED) Ignore the legacy hotword request. voice match enabled %b, isHotwordSupported %b, isIncompleteEnrollmentState %b, nonVoiceMatchHotwordEnabled %b
08-07 17:53:24.369   952  1409 D InputDispatcher: Inject motion (7881): action=0x1, time=2262197679000000, f=0x0, d=0
08-07 17:53:24.370   952  1207 I InputDispatcher: Delivering touch to (7881): action: 0x1, f=0x0, d=0, '58b0cdb', t=1
08-07 17:53:24.370  7881  7881 I ViewRootImpl@8807f05[MainActivity]: ViewPostIme pointer 1
08-07 17:53:24.370   952  1032 I GestureDetector: obtain mCurrentMotionEventRaw. action: 1 id: -172287796
08-07 17:53:24.370   952  1032 I GestureDetector: obtain mCurrentMotionEventRaw. action: 1 id: -172287796
08-07 17:53:24.396   628   628 E SurfaceFlinger: Attempt to update InputPolicyFlags without permission ACCESS_SURFACE_FLINGER
08-07 17:53:24.409   952   973 W System  : A resource failed to call release.
08-07 17:53:24.409   952   973 W System  : A resource failed to call close.
08-07 17:53:24.411   952   973 W System  : A resource failed to call release.
08-07 17:53:24.411   952   973 W System  : A resource failed to call close.
08-07 17:53:24.413   628   628 E SurfaceFlinger: Attempt to update InputPolicyFlags without permission ACCESS_SURFACE_FLINGER
08-07 17:53:24.430   628   628 E SurfaceFlinger: Attempt to update InputPolicyFlags without permission ACCESS_SURFACE_FLINGER
08-07 17:53:24.446   628   628 E SurfaceFlinger: Attempt to update InputPolicyFlags without permission ACCESS_SURFACE_FLINGER
08-07 17:53:24.463   628   628 E SurfaceFlinger: Attempt to update InputPolicyFlags without permission ACCESS_SURFACE_FLINGER
08-07 17:53:24.476   952  1157 I SensorService: [REARLIGHT] lux value : 788, code value : 0
08-07 17:53:24.480   628   628 E SurfaceFlinger: Attempt to update InputPolicyFlags without permission ACCESS_SURFACE_FLINGER
08-07 17:53:24.497   628   628 E SurfaceFlinger: Attempt to update InputPolicyFlags without permission ACCESS_SURFACE_FLINGER
08-07 17:53:24.513   628   628 E SurfaceFlinger: Attempt to update InputPolicyFlags without permission ACCESS_SURFACE_FLINGER
08-07 17:53:24.530   628   628 E SurfaceFlinger: Attempt to update InputPolicyFlags without permission ACCESS_SURFACE_FLINGER
08-07 17:53:24.547   628   628 E SurfaceFlinger: Attempt to update InputPolicyFlags without permission ACCESS_SURFACE_FLINGER
08-07 17:53:24.563   628   628 E SurfaceFlinger: Attempt to update InputPolicyFlags without permission ACCESS_SURFACE_FLINGER
08-07 17:53:24.580   628   628 E SurfaceFlinger: Attempt to update InputPolicyFlags without permission ACCESS_SURFACE_FLINGER
08-07 17:53:24.597   628   628 E SurfaceFlinger: Attempt to update InputPolicyFlags without permission ACCESS_SURFACE_FLINGER
08-07 17:53:24.614   628   628 E SurfaceFlinger: Attempt to update InputPolicyFlags without permission ACCESS_SURFACE_FLINGER
08-07 17:53:24.629   952  1032 I GestureDetector: handleMessage TAP
08-07 17:53:24.630   952   952 I GestureDetector: handleMessage TAP
08-07 17:53:24.630  7881  7881 I ViewInteraction: Performing 'single click' action on view view.getId() is <2131231081/com.example.lunchtray:id/next_button>
08-07 17:53:24.630   628   628 E SurfaceFlinger: Attempt to update InputPolicyFlags without permission ACCESS_SURFACE_FLINGER
08-07 17:53:24.633   952  3348 D InputDispatcher: Inject motion (7881): action=0x0, time=2262197941000000, f=0x0, d=0
08-07 17:53:24.633   952  1207 I InputDispatcher: Delivering touch to (1411): action: 0x4, f=0x0, d=0, '5b03b71', t=0
08-07 17:53:24.633   952  1207 I InputDispatcher: Delivering touch to (7881): action: 0x0, f=0x0, d=0, '58b0cdb', t=0
08-07 17:53:24.634  7881  7881 I ViewRootImpl@8807f05[MainActivity]: ViewPostIme pointer 0
08-07 17:53:24.634   952  1032 I GestureDetector: obtain mCurrentDownEvent. id: -694471980 caller: com.android.server.wm.SystemGesturesPointerEventListener.onPointerEvent:179 com.android.server.wm.PointerEventDispatcher.onInputEvent:71 android.view.InputEventReceiver.dispatchInputEvent:259
08-07 17:53:24.634  3311  3311 I SemDvfsHyPerManager: acquire hyper - BaseTABoost/3311@22, type = 1090523139
08-07 17:53:24.634   952  1032 I GestureDetector: obtain mCurrentDownEvent. id: -694471980 caller: com.android.server.wm.SystemPerformancePointerEventListener.onPointerEvent:89 com.android.server.wm.PointerEventDispatcher.onInputEvent:71 android.view.InputEventReceiver.dispatchInputEvent:259
08-07 17:53:24.634  3311  3311 I SemDvfsHyPerManager: acquire hyper - BaseTAToouchBoost/3311@24, type = 1090523139
08-07 17:53:24.635   568   614 I HYPER-HAL: [RequestManager.cpp]acquire(): Acquired ID : 5556133  [3311 / 22]    HINT :      list : [TABoost / 5]
08-07 17:53:24.635   568   614 I HYPER-HAL: [RequestManager.cpp]acquire(): Acquired ID : 5562804  [3311 / 24]    HINT :      list : [TABoost / 20] [TIMEOUT / 1500]
08-07 17:53:24.647   628   628 E SurfaceFlinger: Attempt to update InputPolicyFlags without permission ACCESS_SURFACE_FLINGER
