08-07 17:53:28.655   952  1032 I GestureDetector: obtain mCurrentDownEvent. id: -914110398 caller: com.android.server.wm.SystemGesturesPointerEventListener.onPointerEvent:179 com.android.server.wm.PointerEventDispatcher.onInputEvent:71 android.view.InputEventReceiver.dispatchInputEvent:259
08-07 17:53:28.655   952  1032 I GestureDetector: obtain mCurrentDownEvent. id: -914110398 caller: com.android.server.wm.SystemPerformancePointerEventListener.onPointerEvent:89 com.android.server.wm.PointerEventDispatcher.onInputEvent:71 android.view.InputEventReceiver.dispatchInputEvent:259
08-07 17:53:28.656  7881  7881 I ViewRootImpl@2f4648e[MainActivity]: ViewPostIme pointer 0
08-07 17:53:28.656  3311  3311 I SemDvfsHyPerManager: acquire hyper - BaseTABoost/3311@22, type = 1090523139
08-07 17:53:28.656  3311  3311 I SemDvfsHyPerManager: acquire hyper - BaseTAToouchBoost/3311@24, type = 1090523139
08-07 17:53:28.656   568   614 I HYPER-HAL: [RequestManager.cpp]acquire(): Acquired ID : 5556133  [3311 / 22]    HINT :      list : [TABoost / 5]
08-07 17:53:28.656   568   614 I HYPER-HAL: [RequestManager.cpp]acquire(): Acquired ID : 5562804  [3311 / 24]    HINT :      list : [TABoost / 20] [TIMEOUT / 1500]
08-07 17:53:28.666   628   628 E SurfaceFlinger: Attempt to update InputPolicyFlags without permission ACCESS_SURFACE_FLINGER
08-07 17:53:28.667  1411  2198 I ViewRootImpl@ca6572b[lunchtray]: mWNT: t = android.view.SurfaceControl$Transaction@23a015 fN = 4 android.view.SyncRtSurfaceTransactionApplier.applyTransaction:94 android.view.SyncRtSurfaceTransactionApplier.lambda$scheduleApply$0$SyncRtSurfaceTransactionApplier:71 android.view.SyncRtSurfaceTransactionApplier$$ExternalSyntheticLambda0.onFrameDraw:4
08-07 17:53:28.667  1411  2198 I ViewRootImpl@ca6572b[lunchtray]: mWNT: merge t to BBQ
08-07 17:53:28.670  1411  1411 D NetworkController.WifiSignalController: notifyListener: visible=true, enabled=true, connected=true, inetCondition=1, isDefault=true, receivedCR=true, receivedIC=-1, shouldForceHide=false, emptyConnected=false
08-07 17:53:28.682   628   628 E SurfaceFlinger: Attempt to update InputPolicyFlags without permission ACCESS_SURFACE_FLINGER
08-07 17:53:28.683  1411  1640 D OpenGLRenderer: setSurface called with nullptr
08-07 17:53:28.683  1411  1640 D OpenGLRenderer: setSurface() destroyed EGLSurface
08-07 17:53:28.683  1411  1640 D OpenGLRenderer: destroyEglSurface
08-07 17:53:28.684   952   975 V WindowManager: Relayout Window{d17574 u0 Splash Screen com.example.lunchtray}: viewVisibility=8 req=1080x2280 d0
08-07 17:53:28.685   628  2718 I SurfaceFlinger: id=624844 createSurf (0x0),-1 flag=24000, Surface(name=d17574 Splash Screen com.example.lunchtray)/@0xf86cdff - animation-leash of window_animation#0
08-07 17:53:28.687   952   975 V WindowManager: Relayout hash=d17574, pid=1411: mAttrs={(0,0)(fillxfill) sim={adjust=pan} ty=APPLICATION_STARTING fmt=TRANSLUCENT wanim=0x1030001
08-07 17:53:28.687   952   975 V WindowManager:   fl=81030118
08-07 17:53:28.687   952   975 V WindowManager:   pfl=36000010
08-07 17:53:28.687   952   975 V WindowManager:   bhv=DEFAULT
08-07 17:53:28.687   952   975 V WindowManager:   fitSides= naviIconColor=0}
08-07 17:53:28.688  1411  1558 I ViewRootImpl@ca6572b[lunchtray]: Relayout returned: old=(0,0,1080,2280) new=(0,0,1080,2280) req=(1080,2280)8 dur=4 res=0x5 s={false 0} ch=true fn=5
08-07 17:53:28.688  1411  1558 I ViewRootImpl@ca6572b[lunchtray]: dispatchDetachedFromWindow
08-07 17:53:28.688   952   975 D InputTransport: Input channel destroyed: 'd17574 ', fd=1977
08-07 17:53:28.688   952   975 W InputManager-JNI: Input channel object 'd17574 Splash Screen com.example.lunchtray (client)' was disposed without first being removed with the input manager!
08-07 17:53:28.688   952   975 D InputTransport: Input channel destroyed: 'd17574 ', fd=1985
08-07 17:53:28.689  1411  1558 D InputTransport: Input channel destroyed: 'd17574 ', fd=206
08-07 17:53:28.696   952   975 D InputDispatcher: Inject motion (7881): action=0x1, time=2262202005000000, f=0x0, d=0
08-07 17:53:28.697   952  1207 I InputDispatcher: Delivering touch to (7881): action: 0x1, f=0x0, d=0, 'ae70293', t=1 +(-11,-25)*1.02
08-07 17:53:28.697  7881  7881 I ViewRootImpl@2f4648e[MainActivity]: ViewPostIme pointer 1
08-07 17:53:28.697   952  1032 I GestureDetector: obtain mCurrentMotionEventRaw. action: 1 id: -292423590
08-07 17:53:28.697   952  1032 I GestureDetector: obtain mCurrentMotionEventRaw. action: 1 id: -292423590
08-07 17:53:28.699   628   628 E SurfaceFlinger: Attempt to update InputPolicyFlags without permission ACCESS_SURFACE_FLINGER
08-07 17:53:28.700   628   628 I Layer   : id=624842 removeFromCurrentState Surface(name=ae70293 com.example.lunchtray/com.example.lunchtray.MainActivity)/@0xe049285 - animation-leash of starting_reveal#0 (136)
08-07 17:53:28.705  7881  7881 D ScrollView: initGoToTop
08-07 17:53:28.716   628   628 E SurfaceFlinger: Attempt to update InputPolicyFlags without permission ACCESS_SURFACE_FLINGER
08-07 17:53:28.733   628   628 E SurfaceFlinger: Attempt to update InputPolicyFlags without permission ACCESS_SURFACE_FLINGER
08-07 17:53:28.733   568  8098 I HYPER-HAL: [RequestManager.cpp]releaseLocked(): Released ID : 473872
08-07 17:53:28.740   952   975 V WindowManager: Relayout Window{ae70293 u0 com.example.lunchtray/com.example.lunchtray.MainActivity}: viewVisibility=0 req=1080x2280 d0
08-07 17:53:28.742   952   975 V WindowManager: Relayout hash=ae70293, pid=7881: mAttrs={(0,0)(fillxfill) sim={adjust=resize} ty=BASE_APPLICATION wanim=0x1030303
08-07 17:53:28.742   952   975 V WindowManager:   fl=81810100
08-07 17:53:28.742   952   975 V WindowManager:   pfl=12020040
08-07 17:53:28.742   952   975 V WindowManager:   apr=LIGHT_NAVIGATION_BARS
08-07 17:53:28.742   952   975 V WindowManager:   bhv=DEFAULT
08-07 17:53:28.742   952   975 V WindowManager:   fitSides= naviIconColor=0
08-07 17:53:28.742   952   975 V WindowManager:   sfl=100000}
08-07 17:53:28.743  7881  7881 I ViewRootImpl@2f4648e[MainActivity]: Relayout returned: old=(0,0,1080,2280) new=(0,0,1080,2280) req=(1080,2280)0 dur=2 res=0x1 s={true 512217493616} ch=false fn=9
08-07 17:53:28.743  7881  7881 D ScrollView:  onsize change changed
08-07 17:53:28.750   628   628 E SurfaceFlinger: Attempt to update InputPolicyFlags without permission ACCESS_SURFACE_FLINGER
08-07 17:53:28.752  1411  1411 D NavigationBar: onSystemBarAttributesChanged() -  displayId:0, appearance:16 (APPEARANCE_LIGHT_NAVIGATION_BARS ), navbarColorManagedByIme:false
08-07 17:53:28.752  1411  1411 V Navbar.Store: handleEvent [EventType] GET_BOOL_REGION_SAMPLING_ENABLED [Module] LightBarController  KEYS_DEFAULT=false
08-07 17:53:28.752  1411  1411 V Navbar.Store: --[Band]COLOR_PACK_GET_REGION_SAMPLING_ENABLED
08-07 17:53:28.752  1411  1411 V Navbar.Store: ----getValue(BOOL_REGION_SAMPLING_ENABLED)=false
08-07 17:53:28.766   628   628 I Layer   : id=624832 removeFromCurrentState Splash Screen com.example.lunchtray$_1411#0 (136)
08-07 17:53:28.767   628   628 I Layer   : id=624831 removeFromCurrentState d17574 Splash Screen com.example.lunchtray#0 (136)
08-07 17:53:28.767   628   628 I Layer   : id=624844 removeFromCurrentState Surface(name=d17574 Splash Screen com.example.lunchtray)/@0xf86cdff - animation-leash of window_animation#0 (136)
08-07 17:53:28.767   628   628 E SurfaceFlinger: Attempt to update InputPolicyFlags without permission ACCESS_SURFACE_FLINGER
08-07 17:53:28.767   628   628 I SurfaceFlinger: id=624831 Removed d17574 Splash Screen com.example.lunchtray#0 (136)
08-07 17:53:28.767   628   628 I SurfaceFlinger: id=624832 Removed Splash Screen com.example.lunchtray$_1411#0 (136)
08-07 17:53:28.767   628   628 I SurfaceFlinger: id=624844 Removed Surface(name=d17574 Splash Screen com.example.lunchtray)/@0xf86cdff - animation-leash of window_animation#0 (136)
08-07 17:53:28.767   628   628 I Layer   : id=624844 Destroyed Surface(name=d17574 Splash Screen com.example.lunchtray)/@0xf86cdff - animation-leash of window_animation#0
08-07 17:53:28.767   628   628 I Layer   : id=624831 Destroyed d17574 Splash Screen com.example.lunchtray#0
08-07 17:53:28.769   628   628 I Layer   : id=624832 Destroyed Splash Screen com.example.lunchtray$_1411#0
08-07 17:53:28.770   628   628 D SurfaceFlinger: Display 0 HWC layers:
08-07 17:53:28.770   628   628 D SurfaceFlinger:      DEVICE | 0x78e3e0a3d0 | 0100 | RGBx_8888    |   50.0    0.0 1130.0 2280.0 |    0    0 1080 2280 | Wallpaper BBQ wrapper#0
08-07 17:53:28.770   628   628 D SurfaceFlinger:      DEVICE | 0x78e3e19910 | 0100 | RGBA_8888    |    0.0    0.0 1080.0 2280.0 |    0    0 1080 2280 | com.sec.android.app.launcher/com.sec[...].activities.LauncherActivity$_2001#0
08-07 17:53:28.770   628   628 D SurfaceFlinger:      DEVICE | 0x78e3e0e1b0 | 0102 | RGBA_8888    |    0.0    0.0 1080.0 2280.0 |    2    5 1078 2275 | com.example.lunchtray/com.example.lunchtray.MainActivity$_7881#0
08-07 17:53:28.770   628   628 D SurfaceFlinger:      DEVICE | 0x78e3dfd3b0 | 0100 | RGBA_8888    |    0.0    0.0 1080.0  112.0 |    0    0 1080  112 | StatusBar$_1411#0
08-07 17:53:28.770   628   628 D SurfaceFlinger:      DEVICE | 0x78e3e1bd10 | 0100 | RGBA_8888    |    0.0    0.0   67.0  457.0 |    0  410   67  867 | com.samsung.android.app.cocktailbars[...]arservice.CocktailBarService$_8085#0
08-07 17:53:28.770   628   628 D SurfaceFlinger:      DEVICE | 0x78e3e02930 | 0100 | RGBA_8888    |    0.0    0.0 1080.0  126.0 |    0 2154 1080 2280 | NavigationBar0$_1411#0
08-07 17:53:28.770   628   628 D SurfaceFlinger:
08-07 17:53:28.835  2001  2001 I ViewRootImpl@67bf432[LauncherActivity]: handleAppVisibility mAppVisible=true visible=false
08-07 17:53:28.835  1411  1429 D WallpaperService: dispatchAppVisibility onVisibilityChanged(): false
08-07 17:53:28.835  1411  1411 D WallpaperService: reportVisibility onVisibilityChanged visible: false
08-07 17:53:28.835  1411  1635 I ImageWallpaper:  onVisibilityChanged false , 0
08-07 17:53:28.836   628   628 D SurfaceFlinger: Display 0 HWC layers:
08-07 17:53:28.836   628   628 D SurfaceFlinger:      DEVICE | 0x78e3e0e1b0 | 0102 | RGBA_8888    |    0.0    0.0 1080.0 2280.0 |    0    0 1080 2280 | com.example.lunchtray/com.example.lunchtray.MainActivity$_7881#0
08-07 17:53:28.836   628   628 D SurfaceFlinger:      DEVICE | 0x78e3dfd3b0 | 0100 | RGBA_8888    |    0.0    0.0 1080.0  112.0 |    0    0 1080  112 | StatusBar$_1411#0
08-07 17:53:28.836   628   628 D SurfaceFlinger:      DEVICE | 0x78e3e1bd10 | 0100 | RGBA_8888    |    0.0    0.0   67.0  457.0 |    0  410   67  867 | com.samsung.android.app.cocktailbars[...]arservice.CocktailBarService$_8085#0
08-07 17:53:28.836   628   628 D SurfaceFlinger:      DEVICE | 0x78e3e19b50 | 0100 | RGBA_8888    |    0.0    0.0 1080.0  126.0 |    0 2154 1080 2280 | NavigationBar0$_1411#0
08-07 17:53:28.836   628   628 D SurfaceFlinger:
08-07 17:53:28.845  7881  7881 D LifecycleMonitor: Lifecycle status change: androidx.test.core.app.InstrumentationActivityInvoker$BootstrapActivity@61b52dc in: STOPPED
08-07 17:53:28.846  7881  7881 V ActivityScenario: Activity lifecycle changed event received but ignored because the intent does not match. startActivityIntent=Intent { act=android.intent.action.MAIN cat=[android.intent.category.LAUNCHER] cmp=com.example.lunchtray/androidx.fragment.app.testing.FragmentScenario$EmptyFragmentActivity (has extras) }, activity.getIntent()=Intent { act=android.intent.action.MAIN cat=[android.intent.category.LAUNCHER] flg=0x10008000 cmp=com.example.lunchtray/androidx.test.core.app.InstrumentationActivityInvoker$BootstrapActivity (has extras) }, activity=androidx.test.core.app.InstrumentationActivityInvoker$BootstrapActivity@61b52dc
08-07 17:53:28.846  7881  7881 V ActivityScenario: Activity lifecycle changed event received but ignored because the intent does not match. startActivityIntent=Intent { act=android.intent.action.MAIN cat=[android.intent.category.LAUNCHER] cmp=com.example.lunchtray/.MainActivity }, activity.getIntent()=Intent { act=android.intent.action.MAIN cat=[android.intent.category.LAUNCHER] flg=0x10008000 cmp=com.example.lunchtray/androidx.test.core.app.InstrumentationActivityInvoker$BootstrapActivity (has extras) }, activity=androidx.test.core.app.InstrumentationActivityInvoker$BootstrapActivity@61b52dc
08-07 17:53:28.850   628   628 I Layer   : id=624833 removeFromCurrentState Surface(name=Task=1)/@0x71397ea - animation-leash of app_transition#0 (133)
08-07 17:53:28.850   628   628 I Layer   : id=624834 removeFromCurrentState Surface(name=Task=8214)/@0x119433c - animation-leash of app_transition#0 (133)
08-07 17:53:28.850   628   628 I SurfaceFlinger: id=624834 Removed Surface(name=Task=8214)/@0x119433c - animation-leash of app_transition#0 (133)
08-07 17:53:28.850   628   628 I SurfaceFlinger: id=624833 Removed Surface(name=Task=1)/@0x71397ea - animation-leash of app_transition#0 (133)
08-07 17:53:28.851   628   628 I Layer   : id=624833 Destroyed Surface(name=Task=1)/@0x71397ea - animation-leash of app_transition#0
08-07 17:53:28.851   628   628 I Layer   : id=624834 Destroyed Surface(name=Task=8214)/@0x119433c - animation-leash of app_transition#0
08-07 17:53:28.855   952   975 V WindowManager: Relayout Window{72e35ce u0 com.sec.android.app.launcher/com.sec.android.app.launcher.activities.LauncherActivity}: viewVisibility=8 req=1080x2280 d0
08-07 17:53:28.856   952   975 V WindowManager: Relayout hash=72e35ce, pid=2001: mAttrs={(0,0)(fillxfill) sim={adjust=nothing} layoutInDisplayCutoutMode=shortEdges ty=BASE_APPLICATION fmt=TRANSPARENT wanim=0x10302f2
08-07 17:53:28.856   952   975 V WindowManager:   fl=81910100
08-07 17:53:28.856   952   975 V WindowManager:   pfl=1e020040
08-07 17:53:28.856   952   975 V WindowManager:   vsysui=1700
08-07 17:53:28.856   952   975 V WindowManager:   apr=LIGHT_STATUS_BARS LIGHT_NAVIGATION_BARS
08-07 17:53:28.856   952   975 V WindowManager:   bhv=SHOW_TRANSIENT_BARS_BY_SWIPE
08-07 17:53:28.856   952   975 V WindowManager:   fitSides= naviIconColor=0}
08-07 17:53:28.857  2001  2001 I ViewRootImpl@67bf432[LauncherActivity]: Relayout returned: old=(0,0,1080,2280) new=(0,0,1080,2280) req=(1080,2280)8 dur=1 res=0x5 s={false 0} ch=true fn=27
08-07 17:53:28.857  2001  2001 I ViewRootImpl@67bf432[LauncherActivity]: stopped(true) old=false
08-07 17:53:28.857  2001  2001 I BaseActivity: removeActivityFlags, flags : 17
08-07 17:53:28.858  2001  2001 I StateManager: goToState isInState Normal
08-07 17:53:28.858  2001  2001 W LauncherAppWidgetHost: setShouldListenFlag, mFlags:7 flag:start on:false isFront:false
08-07 17:53:28.858  2001  2079 I IMM_LC  : hsifw() - flags=0, caller=android.view.inputmethod.InputMethodManager.hideSoftInputFromWindow:1858 android.view.inputmethod.InputMethodManager.hideSoftInputFromWindow:1827 com.android.launcher3.util.UiThreadHelper$UiCallbacks.handleMessage:103 android.os.Handler.dispatchMessage:102 android.os.Looper.loopOnce:226
08-07 17:53:28.858  2001  2079 I IMM_LC  : hideSoftInputFromWindow - mService.hideSoftInput
08-07 17:53:28.858   952   975 I AppWidgetServiceImpl: stopListening callbacks : null
08-07 17:53:28.858  2001  2001 W LauncherAppWidgetHost: stopListening, mFlags:2 isFront:false
08-07 17:53:28.858  2001  2001 W Launcher.NotificationListener: removeNotificationsChangedListener
08-07 17:53:28.858  2001  2001 I BadgeCountUpdaterImpl: onNotificationsChangedDisConnected
08-07 17:53:28.858  2001  2001 I Launcher.NotificationListener: unregisterObserver, this is not notificationService!!
08-07 17:53:28.859  2001  2079 I LiveIconUpdateEventHandler: LiveIcon onStop
08-07 17:53:28.859  2001  2079 I LiveIconUpdateEventHandler: cancelMinuteChangeAlarm
08-07 17:53:28.860  2001  2079 I LiveIconUpdateEventHandler: cancelDateChangeAlarm
08-07 17:53:28.860  2001  2079 I LiveIconUpdateEventHandler: unregisterReceiver
08-07 17:53:28.867   628   628 I SurfaceFlinger: id=624821 Removed OneUiHome-BlurLayer#0 (131)
08-07 17:53:28.869  8085  8085 I Utils   : isCurrentUser current = 0, ownerId = 0
08-07 17:53:28.869  8085  8085 I TrayVisibilityController: getComputedTrayVisible : keyguardState = 1
08-07 17:53:28.869  8085  8085 I TrayVisibilityController: updateTrayVisible: State=1 visible=1 mCurrentVisible=1 specificMode=0
08-07 17:53:28.869  8085  8085 I TrayStateController: onNotifyUpdateTray: state=0
08-07 17:53:28.873 24757 25275 I SAMSUNGWALLET: [Hint_ProcessStatusChange] fg Change, pid : 2001 , isNotify : true , isForeground : false , fg list : [7881]
08-07 17:53:28.873 24757 25074 I SAMSUNGWALLET: [ResetData] getSAResetDialogFlag : false
08-07 17:53:28.875 24757 25074 I SAMSUNGWALLET: [Hint_bxa] isHomePackageRunning topPkgName = com.example.lunchtray, topClsName = com.example.lunchtray.MainActivity, return false , se : false
08-07 17:53:28.876 24757 24757 I SAMSUNGWALLET: [Hint_PayHintService] Hint Status - already invisible, skip hide : Home Package Not Running
08-07 17:53:28.884   628   628 I Layer   : id=624818 removeFromCurrentState com.sec.android.app.launcher/com.sec.android.app.launcher.activities.LauncherActivity$_2001#0 (131)
08-07 17:53:28.884   628   628 I Layer   : id=624821 removeFromCurrentState OneUiHome-BlurLayer#0 (131)
08-07 17:53:28.884   628   628 I SurfaceFlinger: id=624818 Removed com.sec.android.app.launcher/com.sec.android.app.launcher.activities.LauncherActivity$_2001#0 (131)
08-07 17:53:28.885   628   628 I Layer   : id=624818 Destroyed com.sec.android.app.launcher/com.sec.android.app.launcher.activities.LauncherActivity$_2001#0
08-07 17:53:28.885   628   628 I Layer   : id=624821 Destroyed OneUiHome-BlurLayer#0
08-07 17:53:28.930   568  8114 I HYPER-HAL: [RequestManager.cpp]releaseLocked(): Released ID : 470953
08-07 17:53:28.951  5104  5104 I dnwd    : onPause
08-07 17:53:28.954  8447  8447 I gkox    : (REDACTED) received broadcast: %s
08-07 17:53:28.954  8447  8600 I gkpa    : (REDACTED) received broadcast: %s
08-07 17:53:28.954  8447  8600 I gkkn    : (REDACTED) #onConfigUpdate. requester: %s
08-07 17:53:28.954  8447  8586 I gkkn    : #onConfigUpdate inside sequencer
08-07 17:53:28.955  8447  8586 I gkhl    : (REDACTED) Voice Match (Speaker-id) supported : %b
08-07 17:53:28.955  8447  8586 I gkhl    : (REDACTED) hotword enrollment state is enrolled:  %b, speakerId model exist: %b. Voice Match supported : %b
08-07 17:53:28.955  8447  8586 I gkhl    : (REDACTED) isHotwordAvailable():  %b, isHotwordEnabled() %b
08-07 17:53:28.955  8447  8586 I gkhl    : (REDACTED) isHotwordAvailable():  %b, isHotwordEnabled() %b
08-07 17:53:28.955  8447  8586 I gkhl    : (REDACTED) Hotword enrollment state : %s.
08-07 17:53:28.955  8447  8586 I gkhl    : (REDACTED) Voice Match (Speaker-id) supported : %b
08-07 17:53:28.955  8447  8586 I gkhl    : (REDACTED) Voice Match (Speaker-id) supported : %b
08-07 17:53:28.955  8447  8586 I gkhl    : (REDACTED) hotword enrollment state is enrolled:  %b, speakerId model exist: %b, voice match supported : %b
08-07 17:53:28.955  8447  8586 I gkhl    : (REDACTED) Hotword isNonVoiceMatchHotwordEnabled: %b, isHotwordAvailable : %b, isHotwordEnabled : %b, isVoiceMatchSupported: %b, isHotwordEnrolled: %b.
08-07 17:53:28.955  8447  8586 I gkkn    : (REDACTED) Ignore the legacy hotword request. voice match enabled %b, isHotwordSupported %b, isIncompleteEnrollmentState %b, nonVoiceMatchHotwordEnabled %b
08-07 17:53:28.955   952   952 I GestureDetector: handleMessage TAP
08-07 17:53:28.956   952  1032 I GestureDetector: handleMessage TAP
08-07 17:53:28.969  7881  7881 I ViewInteraction: Performing 'single click' action on view view.getId() is <2131230844/com.example.lunchtray:id/cauliflower>
08-07 17:53:28.971   952   975 D InputDispatcher: Inject motion (7881): action=0x0, time=2262202279000000, f=0x0, d=0
08-07 17:53:28.971   952  1207 I InputDispatcher: Delivering touch to (1411): action: 0x4, f=0x0, d=0, '5b03b71', t=0
08-07 17:53:28.971   952  1207 I InputDispatcher: Delivering touch to (7881): action: 0x0, f=0x0, d=0, 'ae70293', t=0
08-07 17:53:28.971   952  1032 I GestureDetector: obtain mCurrentDownEvent. id: -838018060 caller: com.android.server.wm.SystemGesturesPointerEventListener.onPointerEvent:179 com.android.server.wm.PointerEventDispatcher.onInputEvent:71 android.view.InputEventReceiver.dispatchInputEvent:259
08-07 17:53:28.972   952  1032 I GestureDetector: obtain mCurrentDownEvent. id: -838018060 caller: com.android.server.wm.SystemPerformancePointerEventListener.onPointerEvent:89 com.android.server.wm.PointerEventDispatcher.onInputEvent:71 android.view.InputEventReceiver.dispatchInputEvent:259
08-07 17:53:28.972  7881  7881 I ViewRootImpl@2f4648e[MainActivity]: ViewPostIme pointer 0
08-07 17:53:28.972  3311  3311 I SemDvfsHyPerManager: acquire hyper - BaseTABoost/3311@22, type = 1090523139
08-07 17:53:28.972  3311  3311 I SemDvfsHyPerManager: acquire hyper - BaseTAToouchBoost/3311@24, type = 1090523139
08-07 17:53:28.972   568   614 I HYPER-HAL: [RequestManager.cpp]acquire(): Acquired ID : 5556133  [3311 / 22]    HINT :      list : [TABoost / 5]
08-07 17:53:28.972   568   614 I HYPER-HAL: [RequestManager.cpp]acquire(): Acquired ID : 5562804  [3311 / 24]    HINT :      list : [TABoost / 20] [TIMEOUT / 1500]
08-07 17:53:28.974   952  1313 D SemWifiSwitchForIndividualAppsService: isPackageException - result:3, com.example.lunchtray
08-07 17:53:29.011   952   975 D InputDispatcher: Inject motion (7881): action=0x1, time=2262202320000000, f=0x0, d=0
08-07 17:53:29.011   952  1207 I InputDispatcher: Delivering touch to (7881): action: 0x1, f=0x0, d=0, 'ae70293', t=1
08-07 17:53:29.012   952  1032 I GestureDetector: obtain mCurrentMotionEventRaw. action: 1 id: -663586732
08-07 17:53:29.012   952  1032 I GestureDetector: obtain mCurrentMotionEventRaw. action: 1 id: -663586732
08-07 17:53:29.012  7881  7881 I ViewRootImpl@2f4648e[MainActivity]: ViewPostIme pointer 1
08-07 17:53:29.034   628   628 E SurfaceFlinger: Attempt to update InputPolicyFlags without permission ACCESS_SURFACE_FLINGER
08-07 17:53:29.051   628   628 E SurfaceFlinger: Attempt to update InputPolicyFlags without permission ACCESS_SURFACE_FLINGER
08-07 17:53:29.067   628   628 E SurfaceFlinger: Attempt to update InputPolicyFlags without permission ACCESS_SURFACE_FLINGER
08-07 17:53:29.084   628   628 E SurfaceFlinger: Attempt to update InputPolicyFlags without permission ACCESS_SURFACE_FLINGER
08-07 17:53:29.101   628   628 E SurfaceFlinger: Attempt to update InputPolicyFlags without permission ACCESS_SURFACE_FLINGER
08-07 17:53:29.118   628   628 E SurfaceFlinger: Attempt to update InputPolicyFlags without permission ACCESS_SURFACE_FLINGER
08-07 17:53:29.134   628   628 E SurfaceFlinger: Attempt to update InputPolicyFlags without permission ACCESS_SURFACE_FLINGER
08-07 17:53:29.151   628   628 E SurfaceFlinger: Attempt to update InputPolicyFlags without permission ACCESS_SURFACE_FLINGER
08-07 17:53:29.168   628   628 E SurfaceFlinger: Attempt to update InputPolicyFlags without permission ACCESS_SURFACE_FLINGER
08-07 17:53:29.185   628   628 E SurfaceFlinger: Attempt to update InputPolicyFlags without permission ACCESS_SURFACE_FLINGER
08-07 17:53:29.201   628   628 E SurfaceFlinger: Attempt to update InputPolicyFlags without permission ACCESS_SURFACE_FLINGER
08-07 17:53:29.218   628   628 E SurfaceFlinger: Attempt to update InputPolicyFlags without permission ACCESS_SURFACE_FLINGER
08-07 17:53:29.235   628   628 E SurfaceFlinger: Attempt to update InputPolicyFlags without permission ACCESS_SURFACE_FLINGER
08-07 17:53:29.251   628   628 E SurfaceFlinger: Attempt to update InputPolicyFlags without permission ACCESS_SURFACE_FLINGER
08-07 17:53:29.259  5104  5104 I dnwd    : onStop
08-07 17:53:29.268   628   628 E SurfaceFlinger: Attempt to update InputPolicyFlags without permission ACCESS_SURFACE_FLINGER
08-07 17:53:29.268  7881  7881 I ViewInteraction: Performing 'single click' action on view view.getId() is <2131231081/com.example.lunchtray:id/next_button>
08-07 17:53:29.269   952   975 D InputDispatcher: Inject motion (7881): action=0x0, time=2262202579000000, f=0x0, d=0
08-07 17:53:29.270   952  1207 I InputDispatcher: Delivering touch to (1411): action: 0x4, f=0x0, d=0, '5b03b71', t=0
08-07 17:53:29.270   952  1207 I InputDispatcher: Delivering touch to (7881): action: 0x0, f=0x0, d=0, 'ae70293', t=0
08-07 17:53:29.270  7881  7881 I ViewRootImpl@2f4648e[MainActivity]: ViewPostIme pointer 0
08-07 17:53:29.270   952  1032 I GestureDetector: obtain mCurrentDownEvent. id: -875264885 caller: com.android.server.wm.SystemGesturesPointerEventListener.onPointerEvent:179 com.android.server.wm.PointerEventDispatcher.onInputEvent:71 android.view.InputEventReceiver.dispatchInputEvent:259
08-07 17:53:29.271   952  1032 I GestureDetector: obtain mCurrentDownEvent. id: -875264885 caller: com.android.server.wm.SystemPerformancePointerEventListener.onPointerEvent:89 com.android.server.wm.PointerEventDispatcher.onInputEvent:71 android.view.InputEventReceiver.dispatchInputEvent:259
08-07 17:53:29.271  3311  3311 I SemDvfsHyPerManager: acquire hyper - BaseTABoost/3311@22, type = 1090523139
08-07 17:53:29.271  3311  3311 I SemDvfsHyPerManager: acquire hyper - BaseTAToouchBoost/3311@24, type = 1090523139
08-07 17:53:29.271   568   614 I HYPER-HAL: [RequestManager.cpp]acquire(): Acquired ID : 5556133  [3311 / 22]    HINT :      list : [TABoost / 5]
08-07 17:53:29.271   568   614 I HYPER-HAL: [RequestManager.cpp]acquire(): Acquired ID : 5562804  [3311 / 24]    HINT :      list : [TABoost / 20] [TIMEOUT / 1500]
08-07 17:53:29.285   628   628 E SurfaceFlinger: Attempt to update InputPolicyFlags without permission ACCESS_SURFACE_FLINGER
08-07 17:53:29.302   628   628 E SurfaceFlinger: Attempt to update InputPolicyFlags without permission ACCESS_SURFACE_FLINGER
08-07 17:53:29.311   952   975 D InputDispatcher: Inject motion (7881): action=0x1, time=2262202620000000, f=0x0, d=0
08-07 17:53:29.311   952  1207 I InputDispatcher: Delivering touch to (7881): action: 0x1, f=0x0, d=0, 'ae70293', t=1
08-07 17:53:29.311  7881  7881 I ViewRootImpl@2f4648e[MainActivity]: ViewPostIme pointer 1
08-07 17:53:29.312   952  1032 I GestureDetector: obtain mCurrentMotionEventRaw. action: 1 id: -778564742
08-07 17:53:29.312   952  1032 I GestureDetector: obtain mCurrentMotionEventRaw. action: 1 id: -778564742
08-07 17:53:29.319   628   628 E SurfaceFlinger: Attempt to update InputPolicyFlags without permission ACCESS_SURFACE_FLINGER
08-07 17:53:29.325  7881  7881 D ScrollView: initGoToTop
08-07 17:53:29.335   628   628 E SurfaceFlinger: Attempt to update InputPolicyFlags without permission ACCESS_SURFACE_FLINGER
08-07 17:53:29.350  7881  7881 D ScrollView:  onsize change changed
08-07 17:53:29.369   628   628 E SurfaceFlinger: Attempt to update InputPolicyFlags without permission ACCESS_SURFACE_FLINGER
08-07 17:53:29.385   628   628 E SurfaceFlinger: Attempt to update InputPolicyFlags without permission ACCESS_SURFACE_FLINGER
08-07 17:53:29.403   952  1297 D SemCellularStateManager: onSignalStrengthsChanged: mCellularSignalLevel=4
08-07 17:53:29.403  1411  1612 D MobileStatusTracker(0/2): onSignalStrengthsChanged signalStrength=SignalStrength:{mCdma=Invalid,mGsm=Invalid,mWcdma=Invalid,mTdscdma=Invalid,mLte=CellSignalStrengthLte: rssi=-65 rsrp=-79 rsrq=-8 rssnr=9 cqiTableIndex=2147483647 cqi=15 ta=2147483647 level=4 parametersUseForLevel=0,mNr=Invalid,SignalBarInfo{ lteLevel=4 },rat=14,primary=CellSignalStrengthLte} level=4
08-07 17:53:29.404  1411  1612 D NetworkController: SignalStrength from intent slotId=0
08-07 17:53:29.455   568  8110 I HYPER-HAL: [RequestManager.cpp]releaseLocked(): Released ID : 469982
08-07 17:53:29.571   952   952 I GestureDetector: handleMessage TAP
08-07 17:53:29.571   952  1032 I GestureDetector: handleMessage TAP
08-07 17:53:29.578  7881  7881 I ViewInteraction: Performing 'single click' action on view view.getId() is <2131231138/com.example.lunchtray:id/salad>
08-07 17:53:29.580   952   975 D InputDispatcher: Inject motion (7881): action=0x0, time=2262202888000000, f=0x0, d=0
08-07 17:53:29.581   952  1207 I InputDispatcher: Delivering touch to (1411): action: 0x4, f=0x0, d=0, '5b03b71', t=0
08-07 17:53:29.581   952  1207 I InputDispatcher: Delivering touch to (7881): action: 0x0, f=0x0, d=0, 'ae70293', t=0
08-07 17:53:29.582  7881  7881 I ViewRootImpl@2f4648e[MainActivity]: ViewPostIme pointer 0
08-07 17:53:29.583   952  1032 I GestureDetector: obtain mCurrentDownEvent. id: -901890219 caller: com.android.server.wm.SystemGesturesPointerEventListener.onPointerEvent:179 com.android.server.wm.PointerEventDispatcher.onInputEvent:71 android.view.InputEventReceiver.dispatchInputEvent:259
08-07 17:53:29.583   952  1032 I GestureDetector: obtain mCurrentDownEvent. id: -901890219 caller: com.android.server.wm.SystemPerformancePointerEventListener.onPointerEvent:89 com.android.server.wm.PointerEventDispatcher.onInputEvent:71 android.view.InputEventReceiver.dispatchInputEvent:259
08-07 17:53:29.584  3311  3311 I SemDvfsHyPerManager: acquire hyper - BaseTABoost/3311@22, type = 1090523139
08-07 17:53:29.584  3311  3311 I SemDvfsHyPerManager: acquire hyper - BaseTAToouchBoost/3311@24, type = 1090523139
08-07 17:53:29.584   568   614 I HYPER-HAL: [RequestManager.cpp]acquire(): Acquired ID : 5556133  [3311 / 22]    HINT :      list : [TABoost / 5]
08-07 17:53:29.584   568   614 I HYPER-HAL: [RequestManager.cpp]acquire(): Acquired ID : 5562804  [3311 / 24]    HINT :      list : [TABoost / 20] [TIMEOUT / 1500]
08-07 17:53:29.619   952   975 D InputDispatcher: Inject motion (7881): action=0x1, time=2262202928000000, f=0x0, d=0
08-07 17:53:29.620   952  1207 I InputDispatcher: Delivering touch to (7881): action: 0x1, f=0x0, d=0, 'ae70293', t=1
08-07 17:53:29.620  7881  7881 I ViewRootImpl@2f4648e[MainActivity]: ViewPostIme pointer 1
08-07 17:53:29.622   952  1032 I GestureDetector: obtain mCurrentMotionEventRaw. action: 1 id: -392385990
08-07 17:53:29.622   952  1032 I GestureDetector: obtain mCurrentMotionEventRaw. action: 1 id: -392385990
08-07 17:53:29.654   628   628 E SurfaceFlinger: Attempt to update InputPolicyFlags without permission ACCESS_SURFACE_FLINGER
08-07 17:53:29.670   628   628 E SurfaceFlinger: Attempt to update InputPolicyFlags without permission ACCESS_SURFACE_FLINGER
08-07 17:53:29.687   628   628 E SurfaceFlinger: Attempt to update InputPolicyFlags without permission ACCESS_SURFACE_FLINGER
08-07 17:53:29.704   628   628 E SurfaceFlinger: Attempt to update InputPolicyFlags without permission ACCESS_SURFACE_FLINGER
08-07 17:53:29.721   628   628 E SurfaceFlinger: Attempt to update InputPolicyFlags without permission ACCESS_SURFACE_FLINGER
08-07 17:53:29.738   628   628 E SurfaceFlinger: Attempt to update InputPolicyFlags without permission ACCESS_SURFACE_FLINGER
08-07 17:53:29.754   628   628 E SurfaceFlinger: Attempt to update InputPolicyFlags without permission ACCESS_SURFACE_FLINGER
08-07 17:53:29.771   628   628 E SurfaceFlinger: Attempt to update InputPolicyFlags without permission ACCESS_SURFACE_FLINGER
08-07 17:53:29.788   628   628 E SurfaceFlinger: Attempt to update InputPolicyFlags without permission ACCESS_SURFACE_FLINGER
08-07 17:53:29.805   628   628 E SurfaceFlinger: Attempt to update InputPolicyFlags without permission ACCESS_SURFACE_FLINGER
08-07 17:53:29.822   628   628 E SurfaceFlinger: Attempt to update InputPolicyFlags without permission ACCESS_SURFACE_FLINGER
08-07 17:53:29.838   628   628 E SurfaceFlinger: Attempt to update InputPolicyFlags without permission ACCESS_SURFACE_FLINGER
08-07 17:53:29.855   628   628 E SurfaceFlinger: Attempt to update InputPolicyFlags without permission ACCESS_SURFACE_FLINGER
08-07 17:53:29.871   628   628 E SurfaceFlinger: Attempt to update InputPolicyFlags without permission ACCESS_SURFACE_FLINGER
08-07 17:53:29.884   952  1032 I GestureDetector: handleMessage TAP
08-07 17:53:29.887   952   952 I GestureDetector: handleMessage TAP
08-07 17:53:29.888   628   628 E SurfaceFlinger: Attempt to update InputPolicyFlags without permission ACCESS_SURFACE_FLINGER
08-07 17:53:29.905   628   628 E SurfaceFlinger: Attempt to update InputPolicyFlags without permission ACCESS_SURFACE_FLINGER
08-07 17:53:29.907  7881  7881 I ViewInteraction: Performing 'single click' action on view view.getId() is <2131231081/com.example.lunchtray:id/next_button>
08-07 17:53:29.909   952   975 D InputDispatcher: Inject motion (7881): action=0x0, time=2262203217000000, f=0x0, d=0
08-07 17:53:29.910   952  1207 I InputDispatcher: Delivering touch to (1411): action: 0x4, f=0x0, d=0, '5b03b71', t=0
08-07 17:53:29.910   952  1207 I InputDispatcher: Delivering touch to (7881): action: 0x0, f=0x0, d=0, 'ae70293', t=0
08-07 17:53:29.912   952  1032 I GestureDetector: obtain mCurrentDownEvent. id: -422065697 caller: com.android.server.wm.SystemGesturesPointerEventListener.onPointerEvent:179 com.android.server.wm.PointerEventDispatcher.onInputEvent:71 android.view.InputEventReceiver.dispatchInputEvent:259
08-07 17:53:29.912  7881  7881 I ViewRootImpl@2f4648e[MainActivity]: ViewPostIme pointer 0
08-07 17:53:29.912   952  1032 I GestureDetector: obtain mCurrentDownEvent. id: -422065697 caller: com.android.server.wm.SystemPerformancePointerEventListener.onPointerEvent:89 com.android.server.wm.PointerEventDispatcher.onInputEvent:71 android.view.InputEventReceiver.dispatchInputEvent:259
08-07 17:53:29.914  3311  3311 I SemDvfsHyPerManager: acquire hyper - BaseTABoost/3311@22, type = 1090523139
08-07 17:53:29.915  3311  3311 I SemDvfsHyPerManager: acquire hyper - BaseTAToouchBoost/3311@24, type = 1090523139
08-07 17:53:29.915   568   614 I HYPER-HAL: [RequestManager.cpp]acquire(): Acquired ID : 5556133  [3311 / 22]    HINT :      list : [TABoost / 5]
08-07 17:53:29.915   568   614 I HYPER-HAL: [RequestManager.cpp]acquire(): Acquired ID : 5562804  [3311 / 24]    HINT :      list : [TABoost / 20] [TIMEOUT / 1500]
08-07 17:53:29.922   628   628 E SurfaceFlinger: Attempt to update InputPolicyFlags without permission ACCESS_SURFACE_FLINGER
08-07 17:53:29.938   628   628 E SurfaceFlinger: Attempt to update InputPolicyFlags without permission ACCESS_SURFACE_FLINGER
08-07 17:53:29.944   568  8103 I HYPER-HAL: [RequestManager.cpp]releaseLocked(): Released ID : 5526163
08-07 17:53:29.948   952   975 D InputDispatcher: Inject motion (7881): action=0x1, time=2262203257000000, f=0x0, d=0
08-07 17:53:29.949   952  1207 I InputDispatcher: Delivering touch to (7881): action: 0x1, f=0x0, d=0, 'ae70293', t=1
08-07 17:53:29.949  7881  7881 I ViewRootImpl@2f4648e[MainActivity]: ViewPostIme pointer 1
08-07 17:53:29.950   952  1032 I GestureDetector: obtain mCurrentMotionEventRaw. action: 1 id: -305742786
08-07 17:53:29.950   952  1032 I GestureDetector: obtain mCurrentMotionEventRaw. action: 1 id: -305742786
08-07 17:53:29.955   628   628 I SurfaceFlinger: SFWD update time=2262203264831438
08-07 17:53:29.955   628   628 E SurfaceFlinger: Attempt to update InputPolicyFlags without permission ACCESS_SURFACE_FLINGER
08-07 17:53:29.967  7881  7881 D ScrollView: initGoToTop
08-07 17:53:29.972   628   628 E SurfaceFlinger: Attempt to update InputPolicyFlags without permission ACCESS_SURFACE_FLINGER
08-07 17:53:29.988   628   628 E SurfaceFlinger: Attempt to update InputPolicyFlags without permission ACCESS_SURFACE_FLINGER
08-07 17:53:29.994  2001  2079 I QuickstepModelDelegate: Widget predictions updated
08-07 17:53:30.000  7881  7881 D ScrollView:  onsize change changed
08-07 17:53:30.005   628   628 E SurfaceFlinger: Attempt to update InputPolicyFlags without permission ACCESS_SURFACE_FLINGER
08-07 17:53:30.014  2001  2082 I WidgetsPredictionUpdateTask: execute(), info: PendingAddWidgetInfo(id=-1 type=WIDGET container=# com.android.launcher3.logger.LauncherAtom$ContainerInfo@7ba6f targetComponent=ComponentInfo{com.kakao.talk/com.kakao.talk.kakaopay.PayAppWidget} screen=-1 cell(-1,-1) span(4,2) minSpan(4,2) rank=0 rankOfList=-1 user=UserHandle{0} title=null hidden=0 screenType=0 componentName=ComponentInfo{com.kakao.talk/com.kakao.talk.kakaopay.PayAppWidget}), info: PendingAddWidgetInfo(id=-1 type=WIDGET container=# com.android.launcher3.logger.LauncherAtom$ContainerInfo@7ba6f targetComponent=ComponentInfo{com.samsung.android.app.notes/com.samsung.android.app.notes.widget.WidgetToolBarProvider} screen=-1 cell(-1,-1) span(4,1) minSpan(4,1) rank=0 rankOfList=-1 user=UserHandle{0} title=null hidden=0 screenType=0 componentName=ComponentInfo{com.samsung.android.app.notes/com.samsung.android.app.notes.widget.WidgetToolBarProvider}), info: PendingAddWidgetInfo(id=-1 type=WIDGET container=# com.android.launcher3.logger.LauncherAtom$ContainerInfo@7ba6f targetComponent=ComponentInfo{com.kbstar.kbbank/com.kbstar.kbbank.implementation.presentation.widget.KBWidget1} screen=-1 cell(-1,-1) span(4,1) minSpan(4,1) rank=0 rankOfList=-1 user=UserHandle{0} title=null hidden=0 screenType=0 componentName=ComponentInfo{com.kbstar.kbbank/com.kbstar.kbbank.implementation.presentation.widget.KBWidget1}), info: PendingAddWidgetInfo(id=-1 type=WIDGET container=# com.android.launcher3.logger.LauncherAtom$ContainerInfo@7ba6f targetComponent=ComponentInfo{viva.republica.toss/viva.republica.toss.tossfeed.widget.TossFeedWidgetProvider} screen=-1 cell(-1,-1) span(4,2) minSpan(4,2) rank=0 rankOfList=-1 user=UserHandle{0} title=null hidden=0 screenType=0 componentName=ComponentInfo{viva.republica.toss/viva.republica.toss.tossfeed.widget.TossFeedWidgetProvider}), info: PendingAddWidgetInfo(id=-1 type=WIDGET container=# com.android.launcher3.logger.LauncherAtom$ContainerInfo@7ba6f targetComponent=ComponentInfo{com.samsung.android.calendar/com.android.calendar.widget.month.MonthWidgetProvider} screen=-1 cell(-1,-1) span(4,5) minSpan(4,4) rank=0 rankOfList=-1 user=UserHandle{0} title=null hidden=0 screenType=0 componentName=ComponentInfo{com.samsung.android.calendar/com.android.calendar.widget.month.MonthWidgetProvider}), info: PendingAddWidgetInfo(id=-1 type=WIDGET container=# com.android.launcher3.logger.LauncherAtom$ContainerInfo@7ba6f targetComponent=ComponentInfo{net.daum.android.map/net.daum.ma.map.android.appwidget.busstop.BusStop1x1Type0Provider} screen=-1 cell(-1,-1) span(1,1) minSpan(1,1) rank=0 rankOfList=-1 user=UserHandle{0} title=null hidden=0 screenType=0 componentName=ComponentInfo{net.daum.android.map/net.daum.ma.map.android.appwidget.busstop.BusStop1x1Type0Provider}), info: PendingAddWidgetInfo(id=-1 type=WIDGET container=# com.android.launcher3.logger.LauncherAtom$ContainerInfo@7ba6f targetComponent=ComponentInfo{com.cgv.android.movieapp/com.cjs.cgv.movieapp.widget.kit.provider.KitOneByOneProvider} screen=-1 cell(-1,-1) span(1,1) minSpan(1,1) rank=0 rankOfList=-1 user=UserHandle{0} title=null hidden=0 screenType=0 componentName=ComponentInfo{com.cgv.android.movieapp/com.cjs.cgv.movieapp.widget.kit.provider.KitOneByOneProvider}), info: PendingAddWidgetInfo(id=-1 type=WIDGET container=# com.android.launcher3.logger.LauncherAtom$ContainerInfo@7ba6f targetComponent=ComponentInfo{com.google.android.youtube/com.google.android.apps.youtube.app.widget.YtQuickActionsWidgetProvider} screen=-1 cell(-1,-1) span(3,2) minSpan(3,1) rank=0 rankOfList=-1 user=UserHandle{0} title=null hidden=0 screenType=0 componentName=ComponentInfo{com.google.android.youtube/com.google.android.apps.youtube.app.widget.YtQuickActionsWidgetProvider}), info: PendingAddWidgetInfo(id=-1 type=WIDGET container=# com.android.launcher3.logger.LauncherAtom$ContainerInfo@7ba6f targetComponent=ComponentInfo{com.nhn.android.search/com.nhn.android.search.ui.widget.provider.SearchWidgetProvider} screen=-1 cell(-1,-1) span(4,1) minSpan(4,1) rank=0 rankOfList=-1 user=UserHandle{0} ti
08-07 17:53:30.022   628   628 E SurfaceFlinger: Attempt to update InputPolicyFlags without permission ACCESS_SURFACE_FLINGER
08-07 17:53:30.212   952   952 I GestureDetector: handleMessage TAP
08-07 17:53:30.213   952  1032 I GestureDetector: handleMessage TAP
08-07 17:53:30.227   556   579 D BatteryDump: wait_for_battery_event : occurred : change@/devices/platform/battery/power_supply/battery
08-07 17:53:30.228  7881  7881 I ViewInteraction: Performing 'single click' action on view view.getId() is <2131230835/com.example.lunchtray:id/bread>
08-07 17:53:30.230   952   975 D InputDispatcher: Inject motion (7881): action=0x0, time=2262203539000000, f=0x0, d=0
08-07 17:53:30.231   952  1207 I InputDispatcher: Delivering touch to (1411): action: 0x4, f=0x0, d=0, '5b03b71', t=0
08-07 17:53:30.231   952  1207 I InputDispatcher: Delivering touch to (7881): action: 0x0, f=0x0, d=0, 'ae70293', t=0
08-07 17:53:30.232  7881  7881 I ViewRootImpl@2f4648e[MainActivity]: ViewPostIme pointer 0
08-07 17:53:30.232   952  1032 I GestureDetector: obtain mCurrentDownEvent. id: -1024396185 caller: com.android.server.wm.SystemGesturesPointerEventListener.onPointerEvent:179 com.android.server.wm.PointerEventDispatcher.onInputEvent:71 android.view.InputEventReceiver.dispatchInputEvent:259
08-07 17:53:30.233   952  1032 I GestureDetector: obtain mCurrentDownEvent. id: -1024396185 caller: com.android.server.wm.SystemPerformancePointerEventListener.onPointerEvent:89 com.android.server.wm.PointerEventDispatcher.onInputEvent:71 android.view.InputEventReceiver.dispatchInputEvent:259
08-07 17:53:30.234  3311  3311 I SemDvfsHyPerManager: acquire hyper - BaseTABoost/3311@22, type = 1090523139
08-07 17:53:30.235  3311  3311 I SemDvfsHyPerManager: acquire hyper - BaseTAToouchBoost/3311@24, type = 1090523139
08-07 17:53:30.235   568   614 I HYPER-HAL: [RequestManager.cpp]acquire(): Acquired ID : 5556133  [3311 / 22]    HINT :      list : [TABoost / 5]
08-07 17:53:30.235   568   614 I HYPER-HAL: [RequestManager.cpp]acquire(): Acquired ID : 5562804  [3311 / 24]    HINT :      list : [TABoost / 20] [TIMEOUT / 1500]
08-07 17:53:30.248   556   556 I android.hardware.health@2.1-service-samsung: updateLrpSysfs: write: 310
08-07 17:53:30.253   952  1198 D MotionRecognitionService: [SAR]  onReceive : ACTION_BATTERY_CHANGED, Plugged: 2
08-07 17:53:30.253   952  1198 I MotionRecognitionService: [TA] In/out: true, curr state: 1
08-07 17:53:30.253   952  1198 I MotionRecognitionService: [TA] Before receiving the SAR request for Main. Return.
08-07 17:53:30.255  1377  1377 D SemBigDataInfoController: Intent : android.intent.action.BATTERY_CHANGED
08-07 17:53:30.258   952   952 D SemWifiApBroadcastReceiver: Received : android.intent.action.BATTERY_CHANGED
08-07 17:53:30.259 24757 24757 I SAMSUNGWALLET: [ld1] onReceive() action=android.intent.action.BATTERY_CHANGED
08-07 17:53:30.259  1411  1411 I AODBatteryManager: updateBatteryData: ACTION_BATTERY_CHANGED
08-07 17:53:30.272   952  1163 D InputDispatcher: Inject motion (7881): action=0x1, time=2262203580000000, f=0x0, d=0
08-07 17:53:30.273   952  1207 I InputDispatcher: Delivering touch to (7881): action: 0x1, f=0x0, d=0, 'ae70293', t=1
08-07 17:53:30.273  7881  7881 I ViewRootImpl@2f4648e[MainActivity]: ViewPostIme pointer 1
08-07 17:53:30.274   952  1032 I GestureDetector: obtain mCurrentMotionEventRaw. action: 1 id: -895636919
08-07 17:53:30.274   952  1032 I GestureDetector: obtain mCurrentMotionEventRaw. action: 1 id: -895636919
08-07 17:53:30.280   536   536 D Zygote  : Forked child process 8119
08-07 17:53:30.287   952  1163 D ApplicationPolicy: isStatusBarNotificationAllowedAsUser: packageName = com.estsoft.alyac,userId = 0
08-07 17:53:30.287   952  1163 D ApplicationPolicy: isStatusBarNotificationAllowedAsUser: packageName = com.estsoft.alyac,userId = 0
08-07 17:53:30.291   952  1053 E system_server: Cannot read thread CPU times for PID 952
08-07 17:53:30.294  1411  1411 I AODBatteryManager: saveBatteryData : AOD BatteryData [mBatteryLevel=91, mBatteryStatus=CHARGING, mBatteryPlugType=USB, mBatteryPlugged=true, mRemainingChargeTime=2976000, mBatteryChargingType=1, mBatteryChargerType=NORMAL, mBatteryOnline=NOT_DEFINED, mBatterySwellingMode=NONE, mBatteryProtectMode=false]
08-07 17:53:30.295  1411  1411 I ChargingInfoManager: updateChargingInfo: newState = AOD ChargingInfo [mState=BATTERY_AND_REMAIN_TIME, mIsCharging=true, mIsFullyCharged=false, mIsBatteryProtectMode=false], oldState = AOD ChargingInfo [mState=BATTERY_AND_REMAIN_TIME, mIsCharging=true, mIsFullyCharged=false, mIsBatteryProtectMode=false]
08-07 17:53:30.296  1411  1411 D KeyguardUpdateMonitor: received broadcast android.intent.action.BATTERY_CHANGED
08-07 17:53:30.296  1411  1411 I PowerUI : mBootCompleted = true |  mFullyConnected = true
08-07 17:53:30.296  1411  1411 D PowerUI : priorPlugType = 2 mPlugType = 2 priorBatteryStatus = 2 mBatteryStatus = 2
08-07 17:53:30.296  1411  1411 I PowerUI : oldMisalign : false, curMisalign : false
08-07 17:53:30.299  1411  1411 D PowerUI.Notification: showChargingNotice oldChargingType : 8 / currentChargingType : 8, oldChargingTime : 2940000 / mChargingTime : 2976000
08-07 17:53:30.299  1411  1411 D PowerUI.Notification: showChargingNotification()
08-07 17:53:30.300  1411 10508 D PowerUI.Notification: 1. restoreScreenTimeOut - saved_value : :
08-07 17:53:30.300  1411 10508 E PowerUI.Notification: no saved value, so we do nothing !!
08-07 17:53:30.303  8119  8119 E roid.apps.turb: Not starting debugger since process cannot load the jdwp agent.
08-07 17:53:30.303   952  1163 D ApplicationPolicy: isStatusBarNotificationAllowedAsUser: packageName = com.android.systemui,userId = 0
08-07 17:53:30.303   952  1163 D ApplicationPolicy: isStatusBarNotificationAllowedAsUser: packageName = com.android.systemui,userId = -1
08-07 17:53:30.303   952  1163 D ApplicationPolicy: isStatusBarNotificationAllowedAsUser: converting userId from USER_ALLto 0
08-07 17:53:30.306   628   628 E SurfaceFlinger: Attempt to update InputPolicyFlags without permission ACCESS_SURFACE_FLINGER
08-07 17:53:30.306  1411  1411 D PowerUI : Battery swelling mode - priorBatterySwellingMode = 0 mBatterySwellingMode = 0 mBatteryStatus = 2
08-07 17:53:30.306  1411  1411 I PowerUI : mBatteryMiscEvent = 65536
08-07 17:53:30.307  1411  1411 D KeyguardUpdateMonitor: handleBatteryUpdate
08-07 17:53:30.309  8085  8085 I Edge.badge: onNotificationRankingUpdate
08-07 17:53:30.309  8085  8085 I Edge.badge: onNotificationFullRefresh mIsRegister=true,forceNotify=true
08-07 17:53:30.312  1411  1411 D KeyguardSecIndicationController: addIndicationTimeout() returned - unlocking
08-07 17:53:30.312  1411  1411 D KeyguardSecIndicationController: addIndication() returned - unlocking
08-07 17:53:30.313  1411  1411 D KeyguardSecIndicationController: addBatteryIndication() status = BatteryStatus{status=2,level=91,plugged=2,health=2,maxChargingWattage=-1,remaining=2976000ultraFastCharger=0}
08-07 17:53:30.315  8119  8119 E USNET   : USNET: appName: com.google.android.apps.turbo
08-07 17:53:30.316  8119  8119 D ProcessState: Binder ioctl to enable oneway spam detection failed: Invalid argument
08-07 17:53:30.319  1411  1411 D QS      : setQSExpansion 0.0 -118.475
08-07 17:53:30.320  1411  1411 D QS      : setQSExpansion 0.0 -118.475
08-07 17:53:30.320  1411  1411 V SecQSFragmentAnimatorBase: setQsExpansionPosition 0.0
08-07 17:53:30.320  1411  1411 V QsExpandAnimator: setQsExpansionPosition 0.0 0
08-07 17:53:30.320  1411  1411 D QS      : setQSExpansion 0.0 -118.475
08-07 17:53:30.321  1411  1411 D MediaControlPanel: mActionButtonNumCollapsed = 3, mActionButtonNumExpand = 4
08-07 17:53:30.323   628   628 E SurfaceFlinger: Attempt to update InputPolicyFlags without permission ACCESS_SURFACE_FLINGER
08-07 17:53:30.326  8119  8119 D ActivityThread: setConscryptValidator
08-07 17:53:30.326  8119  8119 D ActivityThread: setConscryptValidator - put
08-07 17:53:30.340   628   628 E SurfaceFlinger: Attempt to update InputPolicyFlags without permission ACCESS_SURFACE_FLINGER
08-07 17:53:30.345  1393  1393 D HidDeviceService: handleMessage(): msg.what=8
08-07 17:53:30.357   628   628 E SurfaceFlinger: Attempt to update InputPolicyFlags without permission ACCESS_SURFACE_FLINGER
08-07 17:53:30.360  8119  8119 D CompatibilityChangeReporter: Compat change id reported: 171979766; UID 10109; state: ENABLED
08-07 17:53:30.373   628   628 E SurfaceFlinger: Attempt to update InputPolicyFlags without permission ACCESS_SURFACE_FLINGER
08-07 17:53:30.378  1411  1411 D InterruptionStateProvider: No alerting: suppressed due to group alert behavior
08-07 17:53:30.378  1411  1411 D InterruptionStateProvider: Group alert behavior is suppressed but we want to alert bubble
08-07 17:53:30.378  1411  1411 D InterruptionStateProvider: No bubble up: not allowed to bubble: 0|com.kakao.talk|1|null|10234
08-07 17:53:30.378  1411  1411 D InterruptionStateProvider: No bubble up: not allowed to bubble: 0|com.kakao.talk|2|4844260372986911|10234
08-07 17:53:30.378  1411  1411 D InterruptionStateProvider: No bubble up: not allowed to bubble: 0|com.instagram.android|64278|direct|5751180847;thread_id:340282366841710301281160859759409935135|10320
08-07 17:53:30.378  1411  1411 D InterruptionStateProvider: No bubble up: not allowed to bubble: 0|com.mcnc.parecis.nsgw|-820371603|null|10564
08-07 17:53:30.378  1411  1411 D InterruptionStateProvider: No bubble up: not allowed to bubble: 0|com.google.android.calendar|-631410222|V2AEventKey|100425666509135743732|bbtfly98@gmail.com|ckrjioj6c4q6ab9h6csj4b9k6cpmcb9p6hj68b9h65gj6c9oc4rmadj66c_20230808-1-1|10147
08-07 17:53:30.378  1411  1411 D InterruptionStateProvider: No alerting: suppressed due to group alert behavior
08-07 17:53:30.378  1411  1411 D InterruptionStateProvider: Group alert behavior is suppressed but we want to alert bubble
08-07 17:53:30.378  1411  1411 D InterruptionStateProvider: No bubble up: not allowed to bubble: 0|viva.republica.toss|511393872|null|10236
08-07 17:53:30.378  1411  1411 D InterruptionStateProvider: No bubble up: not allowed to bubble: 0|viva.republica.toss|-2030520347|null|10236
08-07 17:53:30.378  1411  1411 D InterruptionStateProvider: No bubble up: not allowed to bubble: 0|viva.republica.toss|1858199998|null|10236
