08-07 17:53:07.188  7881  7906 I TestRunner: started: order_reset_after_cancel_from_accompaniment_menu(com.example.lunchtray.OrderFunctionalityTests)
08-07 17:53:07.189  2001  2001 I RecentsView: onTaskRemoved() taskId : 8205
08-07 17:53:07.189  2001  2001 I RecentsView: onTaskRemoved() taskId : 8205
08-07 17:53:07.190  2001  2001 I RecentsView: onTaskRemoved() taskId : 8205
08-07 17:53:07.190  2001  2001 I RecentsView: onTaskRemoved() taskId : 8205
08-07 17:53:07.201   628   628 I Layer   : id=624594 removeFromCurrentState ActivityRecord{ac375aa u0 com.example.lunchtray/androidx.fragment.app.testing.FragmentScenario$EmptyFragmentActivity t8205}#0 (122)
08-07 17:53:07.201   628   628 I Layer   : id=624586 removeFromCurrentState Task=8205#0 (122)
08-07 17:53:07.201   628   628 I Layer   : id=624612 removeFromCurrentState Task=8205#1 (122)
08-07 17:53:07.201   628   628 I SurfaceFlinger: id=624594 Removed ActivityRecord{ac375aa u0 com.example.lunchtray/androidx.fragment.app.testing.FragmentScenario$EmptyFragmentActivity t8205}#0 (122)
08-07 17:53:07.201  7881  7906 W Settings: Setting always_finish_activities has moved from android.provider.Settings.System to android.provider.Settings.Global, returning read-only value.
08-07 17:53:07.202   628   628 I SurfaceFlinger: id=624612 Removed Task=8205#1 (122)
08-07 17:53:07.202   628   628 I Layer   : id=624612 Destroyed Task=8205#1
08-07 17:53:07.202   628   628 I Layer   : id=624594 Destroyed ActivityRecord{ac375aa u0 com.example.lunchtray/androidx.fragment.app.testing.FragmentScenario$EmptyFragmentActivity t8205}#0
08-07 17:53:07.208   952  2080 I SemDvfsHyPerManager: acquire hyper - AMS_APP_SWITCH/952@16, type = -999
08-07 17:53:07.209   628  2718 I SurfaceFlinger: id=624613 createSurf (0x0),-1 flag=24004, Task=8206#0
08-07 17:53:07.209   952  2544 D PkgPredictorService-IpmAdcpController: create a new DexPreloadTask pkg:com.example.lunchtray  path:/data/app/~~6ZHKSOyH6C4aieMxQuPYLA==/com.example.lunchtray-clkp0OFoH3ds7cF62fs1rg==
08-07 17:53:07.209  3311  3311 I SemDvfsHyPerManager: acquire hyper - APP_START_SHORT/3311@13, type = -999
08-07 17:53:07.210   568   614 I HYPER-HAL: [RequestManager.cpp]acquire(): Acquired ID : 469012  [952 / 16]    HINT : AMS_APP_SWITCH    list :
08-07 17:53:07.211   568   614 I HYPER-HAL: [RequestManager.cpp]acquire(): Acquired ID : 5526163  [3311 / 13]    HINT : APP_START    list : [TIMEOUT / 1500]
08-07 17:53:07.211   628   963 I SurfaceFlinger: id=624614 createSurf (0x0),-1 flag=80004, ActivityRecord{a9c83a9 u0 com.example.lunchtray/androidx.test.core.app.InstrumentationActivityInvoker$BootstrapActivity t8206}#0
08-07 17:53:07.216   534   541 E statsd  : Predicate -7037417284711607308 dropping data for dimension key (10)0x2010101->10704[I] (10)0x30000->*launch*[S]
08-07 17:53:07.217   534   541 E statsd  : Predicate 5980654721335871649 dropping data for dimension key (10)0x2010101->10704[I] (10)0x30000->*launch*[S]
08-07 17:53:07.218   952  1409 I SemDvfsHyPerManager: acquire hyper - AMS_APP_LAUNCH/952@17, type = -999
08-07 17:53:07.218   568   614 I HYPER-HAL: [RequestManager.cpp]acquire(): Acquired ID : 469982  [952 / 17]    HINT : AMS_APP_LAUNCH    list :
08-07 17:53:07.218  3311  3311 I SemDvfsHyPerManager: acquire hyper - APP_START/3311@14, type = -999
08-07 17:53:07.219   568   614 I HYPER-HAL: [RequestManager.cpp]acquire(): Acquired ID : 5529489  [3311 / 14]    HINT : APP_START    list :
08-07 17:53:07.219  2001  2001 I BaseActivity: removeActivityFlags, flags : 16
08-07 17:53:07.219  2001  2001 I BaseActivity: removeActivityFlags, flags : 6
08-07 17:53:07.219  2001  2001 I DragController: endDrag
08-07 17:53:07.219  2001  2001 W LauncherAppWidgetHost: setShouldListenFlag, mFlags:15 flag:resume on:false isFront:false
08-07 17:53:07.220  2001  2001 I DecorView: notifyKeepScreenOnChanged: keepScreenOn=false
08-07 17:53:07.221  2001  2001 I SPayUpdater: updateSpayHandler launcher activity is paused false
08-07 17:53:07.221  1411  1411 D PipMotionHelper: animateToOffset: originalBounds=Rect(533, 1828 - 1038, 2112) offset=0 callers=
08-07 17:53:07.221  1411  1411 D PipMotionHelper:     com.android.wm.shell.pip.phone.PipTouchHandler.onMovementBoundsChanged:482
08-07 17:53:07.221  1411  1411 D PipMotionHelper:     com.android.wm.shell.pip.phone.PipController.updateMovementBounds:721
08-07 17:53:07.221  1411  1411 D PipMotionHelper:     com.android.wm.shell.pip.phone.PipController.lambda$init$3:351
08-07 17:53:07.221  1411  1411 D PipMotionHelper:     com.android.wm.shell.pip.phone.PipController.$r8$lambda$u15Oj_b57njSWegfZTV6TpliGaw:0
08-07 17:53:07.221  1411  1411 D PipMotionHelper:     com.android.wm.shell.pip.phone.PipController$$ExternalSyntheticLambda0.accept:8
08-07 17:53:07.221   952  3366 D InputTransport: Input channel constructed: '410b165', fd=1713
08-07 17:53:07.221   952  3366 D InputTransport: Input channel constructed: '410b165', fd=1763
08-07 17:53:07.222   952  3366 D InputTransport: Input channel constructed: '410b165', fd=1778
08-07 17:53:07.222   628   963 I SurfaceFlinger: id=624615 createSurf (0x0),-1 flag=80004, 410b165 Splash Screen com.example.lunchtray#0
08-07 17:53:07.222   952  3366 D InputTransport: Input channel destroyed: '410b165', fd=1778
08-07 17:53:07.223  1411  1558 I ViewRootImpl@7be0951[lunchtray]: setView = android.widget.FrameLayout@bc53a24 TM=true
08-07 17:53:07.225   952  1409 D InputDispatcher: Focused application set to (0): a9c83a9
08-07 17:53:07.228   952  3366 V WindowManager: Relayout Window{410b165 u0 Splash Screen com.example.lunchtray}: viewVisibility=0 req=1080x2280 d0
08-07 17:53:07.228   628   963 I SurfaceFlinger: id=624616 createSurf (1080x2280),-3 flag=40004, Splash Screen com.example.lunchtray$_1411#0
08-07 17:53:07.230   952  3366 V WindowManager: Relayout hash=410b165, pid=1411: mAttrs={(0,0)(fillxfill) sim={adjust=pan} ty=APPLICATION_STARTING fmt=TRANSLUCENT wanim=0x1030001
08-07 17:53:07.230   952  3366 V WindowManager:   fl=81030118
08-07 17:53:07.230   952  3366 V WindowManager:   pfl=36000010
08-07 17:53:07.230   952  3366 V WindowManager:   bhv=DEFAULT
08-07 17:53:07.230   952  3366 V WindowManager:   fitSides= naviIconColor=0}
08-07 17:53:07.231  1411  1558 I ViewRootImpl@7be0951[lunchtray]: Relayout returned: old=(0,0,1080,2280) new=(0,0,1080,2280) req=(1080,2280)0 dur=7 res=0x7 s={true 512224678896} ch=true fn=-1
08-07 17:53:07.231  1411  1558 I ViewRootImpl@7be0951[lunchtray]: [DP] dp(1) 0 android.view.ViewRootImpl.reportNextDraw:11442 android.view.ViewRootImpl.performTraversals:4198 android.view.ViewRootImpl.doTraversal:2924
08-07 17:53:07.231  1411  1558 D ViewRootImpl@7be0951[lunchtray]: Creating frameDrawingCallback nextDrawUseBlastSync=false reportNextDraw=true hasBlurUpdates=false
08-07 17:53:07.231  1411  1558 D ViewRootImpl@7be0951[lunchtray]: Creating frameCompleteCallback
08-07 17:53:07.234  1411  1640 D OpenGLRenderer: eglCreateWindowSurface
08-07 17:53:07.236   952  3366 V WindowManager: Relayout Window{72e35ce u0 com.sec.android.app.launcher/com.sec.android.app.launcher.activities.LauncherActivity}: viewVisibility=0 req=1080x2280 d0
08-07 17:53:07.237  1411  2199 D ViewRootImpl@7be0951[lunchtray]: Received frameDrawingCallback frameNum=1. Creating transactionCompleteCallback=false
08-07 17:53:07.239   952  3366 V WindowManager: Relayout hash=72e35ce, pid=2001: mAttrs={(0,0)(fillxfill) sim={adjust=nothing} layoutInDisplayCutoutMode=shortEdges ty=BASE_APPLICATION fmt=TRANSPARENT wanim=0x10302f2
08-07 17:53:07.239   952  3366 V WindowManager:   fl=81910100
08-07 17:53:07.239   952  3366 V WindowManager:   pfl=1e020040
08-07 17:53:07.239   952  3366 V WindowManager:   vsysui=1700
08-07 17:53:07.239   952  3366 V WindowManager:   apr=LIGHT_STATUS_BARS LIGHT_NAVIGATION_BARS
08-07 17:53:07.239   952  3366 V WindowManager:   bhv=SHOW_TRANSIENT_BARS_BY_SWIPE
08-07 17:53:07.239   952  3366 V WindowManager:   fitSides= naviIconColor=0}
08-07 17:53:07.240  2001  2001 I ViewRootImpl@67bf432[LauncherActivity]: Relayout returned: old=(0,0,1080,2280) new=(0,0,1080,2280) req=(1080,2280)0 dur=4 res=0x1 s={true 512220650256} ch=false fn=18
08-07 17:53:07.241   952  1034 I SemPersonaManager: SecureFolder personaId = 150
08-07 17:53:07.241  1411  1640 D ViewRootImpl@7be0951[lunchtray]: Received frameCompleteCallback  lastAcquiredFrameNum=1 lastAttemptedDrawFrameNum=1
08-07 17:53:07.242  1411  1558 I ViewRootImpl@7be0951[lunchtray]: [DP] pdf(0) 0 android.view.ViewRootImpl.lambda$addFrameCompleteCallbackIfNeeded$3$ViewRootImpl:5000 android.view.ViewRootImpl$$ExternalSyntheticLambda16.run:6 android.os.Handler.handleCallback:938
08-07 17:53:07.242  1411  1558 I ViewRootImpl@7be0951[lunchtray]: [DP] rdf()
08-07 17:53:07.242  1411  1558 D ViewRootImpl@7be0951[lunchtray]: reportDrawFinished (fn: -1)
08-07 17:53:07.244   952  1327 D NetdEventListenerService: DNS Requested by : 761, 1000, 0
08-07 17:53:07.246  1411  1411 D FullscreenTaskListener: Fullscreen Task Appeared: #8206, caller=com.android.wm.shell.ShellTaskOrganizer.onTaskAppeared:387 com.android.wm.shell.ShellTaskOrganizer.onTaskAppeared:376 android.window.TaskOrganizer$1.lambda$onTaskAppeared$4$TaskOrganizer$1:297
08-07 17:53:07.247   628   963 I SurfaceFlinger: id=624617 createSurf (0x0),-1 flag=24000, Surface(name=Task=1)/@0x71397ea - animation-leash of app_transition#0
08-07 17:53:07.251   628   963 I SurfaceFlinger: id=624618 createSurf (0x0),-1 flag=24004, Surface(name=Task=8206)/@0x232724 - animation-leash of app_transition#0
08-07 17:53:07.252   952  1409 D InputDispatcher: Focus left window (0): 72e35ce com.sec.android.app.launcher/com.sec.android.app.launcher.activities.LauncherActivity
08-07 17:53:07.253  2001  2001 I ViewRootImpl@67bf432[LauncherActivity]: MSG_WINDOW_FOCUS_CHANGED 0 1
08-07 17:53:07.253   628   963 I SurfaceFlinger: id=624619 createSurf (0x0),-1 flag=24000, Surface(name=cc3f67a StatusBar)/@0x6cfa557 - animation-leash of insets_animation#0
08-07 17:53:07.253  2001  2001 I BaseActivity: removeActivityFlags, flags : 8
08-07 17:53:07.254   628   963 I SurfaceFlinger: id=624620 createSurf (0x0),-1 flag=24000, Surface(name=5b03b71 NavigationBar0)/@0xbaf262 - animation-leash of insets_animation#0
08-07 17:53:07.259  1411  1558 D InsetsSourceConsumer: ensureControlAlpha: for ITYPE_NAVIGATION_BAR on Splash Screen com.example.lunchtray
08-07 17:53:07.260  7881  7881 D LifecycleMonitor: Lifecycle status change: androidx.test.core.app.InstrumentationActivityInvoker$BootstrapActivity@200a1fb in: PRE_ON_CREATE
08-07 17:53:07.260  1411  1558 D InsetsSourceConsumer: ensureControlAlpha: for ITYPE_STATUS_BAR on Splash Screen com.example.lunchtray
08-07 17:53:07.261   952  1034 D EnterpriseDeviceManagerService: isMdmAdminPresentInternal() : MDM Admin Found - com.samsung.knox.securefolder
08-07 17:53:07.262  7881  7881 V ActivityScenario: Activity lifecycle changed event received but ignored because the intent does not match. startActivityIntent=Intent { act=android.intent.action.MAIN cat=[android.intent.category.LAUNCHER] cmp=com.example.lunchtray/.MainActivity }, activity.getIntent()=Intent { act=android.intent.action.MAIN cat=[android.intent.category.LAUNCHER] flg=0x10008000 cmp=com.example.lunchtray/androidx.test.core.app.InstrumentationActivityInvoker$BootstrapActivity (has extras) }, activity=androidx.test.core.app.InstrumentationActivityInvoker$BootstrapActivity@200a1fb
08-07 17:53:07.267   952  2595 I MediaSessionMonitor: Media session stopped : controllerList empty
08-07 17:53:07.268   628   628 I Layer   : id=624604 removeFromCurrentState Surface(name=5b03b71 NavigationBar0)/@0xbaf262 - animation-leash of insets_animation#1 (128)
08-07 17:53:07.268   628   628 I Layer   : id=69 removeFromCurrentState 5b03b71 NavigationBar0#0 (128)
08-07 17:53:07.268   628   628 I Layer   : id=83 removeFromCurrentState NavigationBar0$_1411#0 (128)
08-07 17:53:07.269   628   628 I Layer   : id=624603 removeFromCurrentState Surface(name=cc3f67a StatusBar)/@0x6cfa557 - animation-leash of insets_animation#1 (128)
08-07 17:53:07.269   628   628 I Layer   : id=69 addToCurrentState 5b03b71 NavigationBar0#0 (128)
08-07 17:53:07.269   628   628 I Layer   : id=83 addToCurrentState NavigationBar0$_1411#0 (128)
08-07 17:53:07.269  2001  2001 I BadgeRenderer: Invalid count : 0
08-07 17:53:07.269  2001  2001 I BadgeRenderer: Invalid count : 0
08-07 17:53:07.271   628   963 I SurfaceFlinger: id=624604 Removed Surface(name=5b03b71 NavigationBar0)/@0xbaf262 - animation-leash of insets_animation#1 (128)
08-07 17:53:07.271   628   963 I SurfaceFlinger: id=624603 Removed Surface(name=cc3f67a StatusBar)/@0x6cfa557 - animation-leash of insets_animation#1 (128)
08-07 17:53:07.277  7881  7881 I DecorView: [INFO] isPopOver=false, config=true
08-07 17:53:07.277  7881  7881 I DecorView: updateCaptionType >> DecorView@b1f50a9[], isFloating=false, isApplication=true, hasWindowControllerCallback=true, hasWindowDecorCaption=false
08-07 17:53:07.278  7881  7881 D DecorView: setCaptionType = 0, this = DecorView@b1f50a9[]
08-07 17:53:07.280  8085  8085 I Utils   : HomePackage : com.sec.android.app.launcher, resumePackageName : com.example.lunchtray
08-07 17:53:07.280 24757 24769 I SAMSUNGWALLET: [Hint_ProcessStatusChange] fg Change, pid : 7881 , isNotify : true , isForeground : true , fg list : [2001, 7881]
08-07 17:53:07.281 24757 25074 I SAMSUNGWALLET: [ResetData] getSAResetDialogFlag : false
08-07 17:53:07.282  1411  1411 D NavigationBar: onSystemBarAttributesChanged() -  displayId:0, appearance:0, navbarColorManagedByIme:false
08-07 17:53:07.282  1411  1411 V Navbar.Store: handleEvent [EventType] GET_BOOL_REGION_SAMPLING_ENABLED [Module] LightBarController  KEYS_DEFAULT=false
08-07 17:53:07.282  1411  1411 V Navbar.Store: --[Band]COLOR_PACK_GET_REGION_SAMPLING_ENABLED
08-07 17:53:07.282  1411  1411 V Navbar.Store: ----getValue(BOOL_REGION_SAMPLING_ENABLED)=false
08-07 17:53:07.283  7881  7881 I DecorView: getCurrentDensityDpi: from real metrics. densityDpi=420 msg=resources_loaded
08-07 17:53:07.283  2001 19839 I TouchInteractionService: onSystemUiStateChanged, stateFlags : 131072
08-07 17:53:07.284  7881  7881 D LifecycleMonitor: Lifecycle status change: androidx.test.core.app.InstrumentationActivityInvoker$BootstrapActivity@200a1fb in: CREATED
08-07 17:53:07.284 24757 25074 I SAMSUNGWALLET: [Hint_bxa] isHomePackageRunning topPkgName = com.example.lunchtray, topClsName = androidx.test.core.app.InstrumentationActivityInvoker$BootstrapActivity, return false , se : false
08-07 17:53:07.284  1411  1411 D SecLightBarControlHelper: updateStatus(WHITE icon) NumLightStacks:0, NumStacks:1, IndexLightStack:-1, StatusBarMode:0, StatusBarState:SHD, NeedDarkFontFromWallpaper:false, isWhiteKeyguardStatusBarBySettings:false
08-07 17:53:07.284  2001  2001 I TouchInteractionService: onSystemUiFlagsChanged, userUnlocked
08-07 17:53:07.284 24757 24757 I SAMSUNGWALLET: [Hint_PayHintService] Hint Status - HIDE : Home Package Not Running
08-07 17:53:07.285 24757 24757 I SemUiSupportService: getWindowAttributes()
08-07 17:53:07.285   628   628 E SurfaceFlinger: Attempt to update InputPolicyFlags without permission ACCESS_SURFACE_FLINGER
08-07 17:53:07.285   628   628 I Layer   : id=624603 Destroyed Surface(name=cc3f67a StatusBar)/@0x6cfa557 - animation-leash of insets_animation#1
08-07 17:53:07.285   628   628 I Layer   : id=624604 Destroyed Surface(name=5b03b71 NavigationBar0)/@0xbaf262 - animation-leash of insets_animation#1
08-07 17:53:07.285  7881  7881 V ActivityScenario: Activity lifecycle changed event received but ignored because the intent does not match. startActivityIntent=Intent { act=android.intent.action.MAIN cat=[android.intent.category.LAUNCHER] cmp=com.example.lunchtray/.MainActivity }, activity.getIntent()=Intent { act=android.intent.action.MAIN cat=[android.intent.category.LAUNCHER] flg=0x10008000 cmp=com.example.lunchtray/androidx.test.core.app.InstrumentationActivityInvoker$BootstrapActivity (has extras) }, activity=androidx.test.core.app.InstrumentationActivityInvoker$BootstrapActivity@200a1fb
08-07 17:53:07.287   952  1409 V WindowManager: Relayout Window{82f2704 u0 com.samsung.android.spay.pay.HintService}: viewVisibility=8 req=521x63 d0
08-07 17:53:07.288  7881  7881 D LifecycleMonitor: Lifecycle status change: androidx.test.core.app.InstrumentationActivityInvoker$BootstrapActivity@200a1fb in: STARTED
08-07 17:53:07.289  7881  7881 V ActivityScenario: Activity lifecycle changed event received but ignored because the intent does not match. startActivityIntent=Intent { act=android.intent.action.MAIN cat=[android.intent.category.LAUNCHER] cmp=com.example.lunchtray/.MainActivity }, activity.getIntent()=Intent { act=android.intent.action.MAIN cat=[android.intent.category.LAUNCHER] flg=0x10008000 cmp=com.example.lunchtray/androidx.test.core.app.InstrumentationActivityInvoker$BootstrapActivity (has extras) }, activity=androidx.test.core.app.InstrumentationActivityInvoker$BootstrapActivity@200a1fb
08-07 17:53:07.289   628   628 D SurfaceFlinger: Display 0 HWC layers:
08-07 17:53:07.289   628   628 D SurfaceFlinger:      DEVICE | 0x78e3e0a3d0 | 0100 | RGBx_8888    |   50.0    0.0 1130.0 2280.0 |    0    0 1080 2280 | Wallpaper BBQ wrapper#0
08-07 17:53:07.289   628   628 D SurfaceFlinger:      DEVICE | 0x78e3de3010 | 0100 | RGBA_8888    |    0.0    0.0 1080.0 2280.0 |    0    0 1080 2280 | com.sec.android.app.launcher/com.sec[...].activities.LauncherActivity$_2001#0
08-07 17:53:07.289   628   628 D SurfaceFlinger:      DEVICE | 0x78e3e20cf0 | 0100 | RGBA_8888    |    0.0    0.0 1080.0 2280.0 |   76  159 1004 2121 | Splash Screen com.example.lunchtray$_1411#0
08-07 17:53:07.289   628   628 D SurfaceFlinger:      DEVICE | 0x78e3e110f0 | 0100 | RGBA_8888    |    0.0    0.0 1080.0  112.0 |    0    0 1080  112 | StatusBar$_1411#0
08-07 17:53:07.289   628   628 D SurfaceFlinger:      DEVICE | 0x78e3e1bd10 | 0100 | RGBA_8888    |    0.0    0.0   67.0  457.0 |    0  410   67  867 | com.samsung.android.app.cocktailbars[...]arservice.CocktailBarService$_8085#0
08-07 17:53:07.289   628   628 D SurfaceFlinger:      DEVICE | 0x78e3e02930 | 0100 | RGBA_8888    |    0.0    0.0 1080.0  126.0 |    0 2154 1080 2280 | NavigationBar0$_1411#0
08-07 17:53:07.289   628   628 D SurfaceFlinger:      DEVICE | 0x78e3dfb310 | 0100 | RGBA_8888    |    0.0    0.0  521.0   63.0 |  279 2217  800 2280 | com.samsung.and
08-07 17:53:07.289   628   628 D SurfaceFlinger: roid.spay.pay.HintService$_24757#0
08-07 17:53:07.289   628   628 D SurfaceFlinger:
08-07 17:53:07.292   952  3368 V WindowManager: Relayout Window{13616e6 u0 NotificationShade}: viewVisibility=4 req=1080x2280 d0
08-07 17:53:07.293   952  1409 V WindowManager: Relayout hash=82f2704, pid=24757: mAttrs={(0,0)(521x63) gr=BOTTOM CENTER sim={adjust=pan} layoutInDisplayCutoutMode=shortEdges ty=NAVIGATION_BAR_PANEL fmt=TRANSLUCENT
08-07 17:53:07.293   952  1409 V WindowManager:   fl=1800308
08-07 17:53:07.293   952  1409 V WindowManager:   pfl=12000000
08-07 17:53:07.293   952  1409 V WindowManager:   bhv=DEFAULT
08-07 17:53:07.293   952  1409 V WindowManager:   fitTypes=NAVIGATION_BARS
08-07 17:53:07.293   952  1409 V WindowManager:   fitSides=LEFT RIGHT naviIconColor=0}
08-07 17:53:07.294   952  3368 V WindowManager: Relayout hash=13616e6, pid=1411: mAttrs={(0,0)(fillxfill) gr=TOP CENTER_VERTICAL sim={adjust=resize} layoutInDisplayCutoutMode=always ty=2040 fmt=TRANSLUCENT
08-07 17:53:07.294   952  3368 V WindowManager:   fl=81840048
08-07 17:53:07.294   952  3368 V WindowManager:   pfl=1b000000
08-07 17:53:07.294   952  3368 V WindowManager:   bhv=SHOW_TRANSIENT_BARS_BY_SWIPE naviIconColor=0
08-07 17:53:07.294   952  3368 V WindowManager:   sfl=42000}
08-07 17:53:07.294  1411  1411 I ViewRootImpl@edc7ce0[NotificationShade]: Relayout returned: old=(0,0,1080,2280) new=(0,0,1080,2280) req=(1080,2280)4 dur=3 res=0x1 s={false 0} ch=false fn=-1
08-07 17:53:07.295   628   642 I SurfaceFlinger: id=624621 createSurf (0x0),-1 flag=80004, ActivityRecord{25f59b4 u0 com.example.lunchtray/.MainActivity t8206}#0
08-07 17:53:07.296 24757 24757 I ViewRootImpl@2325f75[HintService]: Relayout returned: old=(279,2217,800,2280) new=(279,2217,800,2280) req=(521,63)8 dur=7 res=0x5 s={false 0} ch=true fn=2
08-07 17:53:07.298  1411  1430 I ViewRootImpl@7be0951[lunchtray]: Resizing android.view.ViewRootImpl@3bcb353: frame=[0,0][1080,2280] reportDraw=false forceLayout=false backDropFrame=Rect(0, 0 - 1080, 2280)
08-07 17:53:07.298  1411  1558 I ViewRootImpl@7be0951[lunchtray]: handleResized, msg = 4 frames=ClientWindowFrames{frame=[0,0][1080,2280] display=[0,0][1080,2280] backdrop=[0,0][1080,2280]} forceNextWindowRelayout=false displayId=0 frameChanged=false backdropFrameChanged=false configChanged=false displayChanged=false mNextDrawUseBlastSync=false mergedConfiguration={mGlobalConfig={1.1 450mcc8mnc [ko_KR,en_US] ldltr sw411dp w411dp h777dp 420dpi nrml long port finger -keyb/v/h -nav/h winConfig={ mBounds=Rect(0, 0 - 1080, 2280) mAppBounds=Rect(0, 112 - 1080, 2154) mMaxBounds=Rect(0, 0 - 1080, 2280) mWindowingMode=fullscreen mDisplayWindowingMode=fullscreen mActivityType=undefined mAlwaysOnTop=undefined mRotation=ROTATION_0 mPopOver=undefined mFreeformTaskPinningState=undefined} as.76 s.53109 fontWeightAdjustment=0 ff=0 bf=0 bts=0 desktop/d dm/n ?dc ?dcui ?dcaf enb/d themeSeq=0} mOverrideConfig={1.1 450mcc8mnc [ko_KR,en_US] ldltr sw411dp w411dp h777dp 420dpi nrml long port finger -keyb/v/h -nav/h winConfig={ mBounds=Rect(0, 0 - 1080, 2280) mAppBounds=Rect(0, 112 - 1080, 2154) mMaxBounds=Rect(0, 0 - 1080, 2280) mWindowingMode=fullscreen mDisplayWindowingMode=fullscreen mActivityType=standard mAlwaysOnTop=undefined mRotation=ROTATION_0 mPopOver=off mFreeformTaskPinningState=unpinned} as.76 s.1 fontWeightAdjustment=0 ff=0 bf=0 bts=0 desktop/d dm/n dc/d ?dcui ?dcaf enb/d themeSeq=0}}
08-07 17:53:07.299   952  2550 W NetlinkSocket: maximum read
08-07 17:53:07.299  7881  7881 D LifecycleMonitor: Lifecycle status change: androidx.test.core.app.InstrumentationActivityInvoker$BootstrapActivity@200a1fb in: RESUMED
08-07 17:53:07.299   952  1034 D PersonaActivityHelper: Activity not in resumed state, do not run immediate lock
08-07 17:53:07.299  1411  1411 D KeyguardBottomAreaShortcutView: updateCameraVisibility isCameraDisabled:false visible:true
08-07 17:53:07.300  1411  1411 D KeyguardUsimTextView: updateText(simState): READY
08-07 17:53:07.300  1411  1411 D KeyguardBottomAreaShortcutView: mIndicationArea margin start : 163, end : 163, bottom : 405
08-07 17:53:07.300  1411  1411 D QS      : setQSExpansion 0.0 -118.475
08-07 17:53:07.300  1411  1411 D QS      : setQSExpansion 0.0 -118.475
08-07 17:53:07.301  1411  1411 D MediaControlPanel: mActionButtonNumCollapsed = 3, mActionButtonNumExpand = 4
08-07 17:53:07.301  7881  7881 V ActivityScenario: Activity lifecycle changed event received but ignored because the intent does not match. startActivityIntent=Intent { act=android.intent.action.MAIN cat=[android.intent.category.LAUNCHER] cmp=com.example.lunchtray/.MainActivity }, activity.getIntent()=Intent { act=android.intent.action.MAIN cat=[android.intent.category.LAUNCHER] flg=0x10008000 cmp=com.example.lunchtray/androidx.test.core.app.InstrumentationActivityInvoker$BootstrapActivity (has extras) }, activity=androidx.test.core.app.InstrumentationActivityInvoker$BootstrapActivity@200a1fb
08-07 17:53:07.302   628   628 I Layer   : id=624610 removeFromCurrentState com.samsung.android.spay.pay.HintService$_24757#0 (127)
08-07 17:53:07.302  1411  1411 D IndicatorGardenInputProperty: updateRotation() prv:-1 >> new:0
08-07 17:53:07.302  1411  1411 D DeviceState: getDeviceResolutionPixelSize - currentDensity = 420 deviceDensity = 420 initialDisplaySizeFactor = 1440 currentDisplaySizeFactor = 1080 initialDisplayDensity = 560 proportionalDensity = 420 proportionalPixel = 66
08-07 17:53:07.302  1411  1411 D DeviceState: getDeviceResolutionPixelSize - currentDensity = 420 deviceDensity = 420 initialDisplaySizeFactor = 1440 currentDisplaySizeFactor = 1080 initialDisplayDensity = 560 proportionalDensity = 420 proportionalPixel = 27
08-07 17:53:07.302  1411  1411 D DeviceState: getDeviceResolutionPixelSize - currentDensity = 420 deviceDensity = 420 initialDisplaySizeFactor = 1440 currentDisplaySizeFactor = 1080 initialDisplayDensity = 560 proportionalDensity = 420 proportionalPixel = 24
08-07 17:53:07.302   628   628 I SurfaceFlinger: id=624610 Removed com.samsung.android.spay.pay.HintService$_24757#0 (127)
08-07 17:53:07.303  1411  1411 D MediaControlPanel: mActionButtonNumCollapsed = 3, mActionButtonNumExpand = 4
08-07 17:53:07.304   628   628 I Layer   : id=624610 Destroyed com.samsung.android.spay.pay.HintService$_24757#0
08-07 17:53:07.304  7881  7881 D LifecycleMonitor: Lifecycle status change: androidx.test.core.app.InstrumentationActivityInvoker$BootstrapActivity@200a1fb in: PAUSED
08-07 17:53:07.305  7881  7881 V ActivityScenario: Activity lifecycle changed event received but ignored because the intent does not match. startActivityIntent=Intent { act=android.intent.action.MAIN cat=[android.intent.category.LAUNCHER] cmp=com.example.lunchtray/.MainActivity }, activity.getIntent()=Intent { act=android.intent.action.MAIN cat=[android.intent.category.LAUNCHER] flg=0x10008000 cmp=com.example.lunchtray/androidx.test.core.app.InstrumentationActivityInvoker$BootstrapActivity (has extras) }, activity=androidx.test.core.app.InstrumentationActivityInvoker$BootstrapActivity@200a1fb
08-07 17:53:07.305   628   628 D SurfaceFlinger: Display 0 HWC layers:
08-07 17:53:07.305   628   628 D SurfaceFlinger:      DEVICE | 0x78e3e0a3d0 | 0100 | RGBx_8888    |   50.0    0.0 1130.0 2280.0 |    0    0 1080 2280 | Wallpaper BBQ wrapper#0
08-07 17:53:07.305   628   628 D SurfaceFlinger:      DEVICE | 0x78e3de3010 | 0100 | RGBA_8888    |    0.0    0.0 1080.0 2280.0 |    0    0 1080 2280 | com.sec.android.app.launcher/com.sec[...].activities.LauncherActivity$_2001#0
08-07 17:53:07.305   628   628 D SurfaceFlinger:      DEVICE | 0x78e3e20cf0 | 0100 | RGBA_8888    |    0.0    0.0 1080.0 2280.0 |   67  141 1013 2139 | Splash Screen com.example.lunchtray$_1411#0
08-07 17:53:07.305   628   628 D SurfaceFlinger:      DEVICE | 0x78e3e0f170 | 0100 | RGBA_8888    |    0.0    0.0 1080.0  112.0 |    0    0 1080  112 | StatusBar$_1411#0
08-07 17:53:07.305   628   628 D SurfaceFlinger:      DEVICE | 0x78e3e1bd10 | 0100 | RGBA_8888    |    0.0    0.0   67.0  457.0 |    0  410   67  867 | com.samsung.android.app.cocktailbars[...]arservice.CocktailBarService$_8085#0
08-07 17:53:07.305   628   628 D SurfaceFlinger:      DEVICE | 0x78e3e19b50 | 0100 | RGBA_8888    |    0.0    0.0 1080.0  126.0 |    0 2154 1080 2280 | NavigationBar0$_1411#0
08-07 17:53:07.305   628   628 D SurfaceFlinger:
08-07 17:53:07.309   952  3368 D InputDispatcher: Focused application set to (0): 25f59b4
08-07 17:53:07.314   952  1034 I SemPersonaManager: SecureFolder personaId = 150
08-07 17:53:07.333   952  1034 D EnterpriseDeviceManagerService: isMdmAdminPresentInternal() : MDM Admin Found - com.samsung.knox.securefolder
08-07 17:53:07.337  7881  7881 D LifecycleMonitor: Lifecycle status change: com.example.lunchtray.MainActivity@36dc148 in: PRE_ON_CREATE
08-07 17:53:07.338  8085  8085 I Utils   : HomePackage : com.sec.android.app.launcher, resumePackageName : com.example.lunchtray
08-07 17:53:07.338   952  2595 I MediaSessionMonitor: Media session stopped : controllerList empty
08-07 17:53:07.338  7881  7881 V ActivityScenario: Activity lifecycle changed event received but ignored because the reported transition was not ON_CREATE while the last known transition was PRE_ON_CREATE
08-07 17:53:07.341   952  2550 W NetlinkSocket: maximum read
08-07 17:53:07.398   952  1307 D SemNscXgbMsL1: Probability - Cloud gaming: [0.121774174]
08-07 17:53:07.398   952  1307 D SemNscXgbMsL1: Probability - Real time: [0.11398742]
08-07 17:53:07.398   952  1307 D SemNscXgbMsL1: Probability - Non real time: [0.9165544]
08-07 17:53:07.398   952  1307 D SemNscXgbMsL1: 1 sample inference time: 0.212962 msecs
08-07 17:53:07.399   952  1307 D SemNscXgbL2Rt: L2 RT 1 sample inference time: 0.453577 msecs
08-07 17:53:07.399   952  1307 D SemNscXgbL2Nrt: L2 NRT 1 sample inference time: 0.406346 msecs
08-07 17:53:07.408  7881  7881 I DecorView: [INFO] isPopOver=false, config=true
08-07 17:53:07.408  7881  7881 I DecorView: updateCaptionType >> DecorView@a0077ec[], isFloating=false, isApplication=true, hasWindowControllerCallback=true, hasWindowDecorCaption=false
08-07 17:53:07.408  7881  7881 D DecorView: setCaptionType = 0, this = DecorView@a0077ec[]
08-07 17:53:07.410  7881  7881 I DecorView: getCurrentDensityDpi: from real metrics. densityDpi=420 msg=resources_loaded
08-07 17:53:07.411  2001 19839 I RecentModel: onTaskStackChangedBackground
08-07 17:53:07.411   952  2550 W NetlinkSocket: maximum read
08-07 17:53:07.412  2001 19839 I RecentTasksList: getTaskKeys, numTasks :3 callback : com.android.quickstep.-$$Lambda$RecentsModel$k1Mm-BV64Bc89eJHYugywZmW_Js@919ed60
08-07 17:53:07.414  2001  2079 I RecentTasksList: loadTasksInBackground() task id : 8206
08-07 17:53:07.414  3311  3719 I SemDvfsHyPerManager: acquire hyper - BaseTABoost/3311@22, type = 1090523139
08-07 17:53:07.414  3311  3719 I SemDvfsHyPerManager: acquire hyper - BaseTAToouchBoost/3311@24, type = 1090523139
08-07 17:53:07.416   568   614 I HYPER-HAL: [RequestManager.cpp]acquire(): Acquired ID : 5556133  [3311 / 22]    HINT :      list : [TABoost / 5]
08-07 17:53:07.416   568   614 I HYPER-HAL: [RequestManager.cpp]acquire(): Acquired ID : 5562804  [3311 / 24]    HINT :      list : [TABoost / 20] [TIMEOUT / 1500]
08-07 17:53:07.435  7881  7881 W ample.lunchtra: Accessing hidden method Landroid/view/View;->computeFitSystemWindows(Landroid/graphics/Rect;Landroid/graphics/Rect;)Z (unsupported, reflection, allowed)
08-07 17:53:07.435  7881  7881 W ample.lunchtra: Accessing hidden method Landroid/view/ViewGroup;->makeOptionalFitsSystemWindows()V (unsupported, reflection, allowed)
08-07 17:53:07.443  7881  7881 D LifecycleMonitor: Lifecycle status change: com.example.lunchtray.MainActivity@36dc148 in: CREATED
08-07 17:53:07.444  7881  7881 V ActivityScenario: Update currentActivityStage to CREATED, currentActivity=com.example.lunchtray.MainActivity@36dc148
08-07 17:53:07.468  7881  7881 D LifecycleMonitor: Lifecycle status change: com.example.lunchtray.MainActivity@36dc148 in: STARTED
08-07 17:53:07.469  7881  7881 V ActivityScenario: Update currentActivityStage to STARTED, currentActivity=com.example.lunchtray.MainActivity@36dc148
08-07 17:53:07.470  7881  7881 D LifecycleMonitor: Lifecycle status change: com.example.lunchtray.MainActivity@36dc148 in: RESUMED
08-07 17:53:07.470  7881  7881 V ActivityScenario: Update currentActivityStage to RESUMED, currentActivity=com.example.lunchtray.MainActivity@36dc148
08-07 17:53:07.477   952  3368 D InputTransport: Input channel constructed: '9c00d76', fd=1975
08-07 17:53:07.477   952  3368 D InputTransport: Input channel constructed: '9c00d76', fd=1977
08-07 17:53:07.477   952  3368 D InputTransport: Input channel constructed: '9c00d76', fd=1985
08-07 17:53:07.478   628  2111 I SurfaceFlinger: id=624622 createSurf (0x0),-1 flag=80004, 9c00d76 com.example.lunchtray/com.example.lunchtray.MainActivity#0
08-07 17:53:07.478   952  3368 D InputTransport: Input channel destroyed: '9c00d76', fd=1985
08-07 17:53:07.480  7881  7881 I ViewRootImpl@d3f350c[MainActivity]: setView = com.android.internal.policy.DecorView@a0077ec TM=true
08-07 17:53:07.481   952  1095 D AnalyticsContainerHandler: handleMessage : { when=0 what=1 target=com.android.server.knox.KnoxAnalyticsContainer$AnalyticsHandler }
08-07 17:53:07.497   952  3368 V WindowManager: Relayout Window{9c00d76 u0 com.example.lunchtray/com.example.lunchtray.MainActivity}: viewVisibility=0 req=1080x2280 d0
08-07 17:53:07.497   628  2111 I SurfaceFlinger: id=624623 createSurf (1x1),-3 flag=40004, com.example.lunchtray/com.example.lunchtray.MainActivity$_7881#0
08-07 17:53:07.500   628  2111 I SurfaceFlinger: id=624624 createSurf (0x0),-1 flag=24000, Surface(name=cc3f67a StatusBar)/@0x6cfa557 - animation-leash of insets_animation#1
08-07 17:53:07.500   628  2111 I SurfaceFlinger: id=624625 createSurf (0x0),-1 flag=24000, Surface(name=5b03b71 NavigationBar0)/@0xbaf262 - animation-leash of insets_animation#1
08-07 17:53:07.501   952  3368 V WindowManager: Relayout hash=9c00d76, pid=7881: mAttrs={(0,0)(fillxfill) sim={adjust=pan forwardNavigation} ty=BASE_APPLICATION wanim=0x1030303
08-07 17:53:07.501   952  3368 V WindowManager:   fl=81810100
08-07 17:53:07.501   952  3368 V WindowManager:   pfl=12020040
08-07 17:53:07.501   952  3368 V WindowManager:   apr=LIGHT_NAVIGATION_BARS
08-07 17:53:07.501   952  3368 V WindowManager:   bhv=DEFAULT
08-07 17:53:07.501   952  3368 V WindowManager:   fitSides= naviIconColor=0
08-07 17:53:07.501   952  3368 V WindowManager:   sfl=100000}
08-07 17:53:07.503  7881  7881 I ViewRootImpl@d3f350c[MainActivity]: Relayout returned: old=(0,0,1080,2280) new=(0,0,1080,2280) req=(1080,2280)0 dur=6 res=0x7 s={true 512217319216} ch=true fn=-1
08-07 17:53:07.504  7881  7915 D OpenGLRenderer: eglCreateWindowSurface
08-07 17:53:07.508  7881  7881 I ViewRootImpl@d3f350c[MainActivity]: [DP] dp(1) 1 android.view.ViewRootImpl.reportNextDraw:11442 android.view.ViewRootImpl.performTraversals:4198 android.view.ViewRootImpl.doTraversal:2924
08-07 17:53:07.508  7881  7881 D ViewRootImpl@d3f350c[MainActivity]: Creating frameDrawingCallback nextDrawUseBlastSync=false reportNextDraw=true hasBlurUpdates=false
08-07 17:53:07.508  7881  7881 D ViewRootImpl@d3f350c[MainActivity]: Creating frameCompleteCallback
08-07 17:53:07.514  7881  7930 D ViewRootImpl@d3f350c[MainActivity]: Received frameDrawingCallback frameNum=1. Creating transactionCompleteCallback=false
08-07 17:53:07.517  7881  7915 D ViewRootImpl@d3f350c[MainActivity]: Received frameCompleteCallback  lastAcquiredFrameNum=1 lastAttemptedDrawFrameNum=1
08-07 17:53:07.518  7881  7881 I ViewRootImpl@d3f350c[MainActivity]: [DP] pdf(0) 1 android.view.ViewRootImpl.lambda$addFrameCompleteCallbackIfNeeded$3$ViewRootImpl:5000 android.view.ViewRootImpl$$ExternalSyntheticLambda16.run:6 android.os.Handler.handleCallback:938
08-07 17:53:07.518  7881  7881 I ViewRootImpl@d3f350c[MainActivity]: [DP] rdf()
08-07 17:53:07.518  7881  7881 D ViewRootImpl@d3f350c[MainActivity]: reportDrawFinished (fn: -1)
08-07 17:53:07.519   628   628 I Layer   : id=624619 removeFromCurrentState Surface(name=cc3f67a StatusBar)/@0x6cfa557 - animation-leash of insets_animation#0 (130)
08-07 17:53:07.519   628   628 I Layer   : id=624620 removeFromCurrentState Surface(name=5b03b71 NavigationBar0)/@0xbaf262 - animation-leash of insets_animation#0 (130)
08-07 17:53:07.519   628   628 E SurfaceFlinger: Attempt to update InputPolicyFlags without permission ACCESS_SURFACE_FLINGER
08-07 17:53:07.519   628   628 I SurfaceFlinger: id=624619 Removed Surface(name=cc3f67a StatusBar)/@0x6cfa557 - animation-leash of insets_animation#0 (130)
08-07 17:53:07.520   628   628 I SurfaceFlinger: id=624620 Removed Surface(name=5b03b71 NavigationBar0)/@0xbaf262 - animation-leash of insets_animation#0 (130)
08-07 17:53:07.520   628   628 I Layer   : id=624619 Destroyed Surface(name=cc3f67a StatusBar)/@0x6cfa557 - animation-leash of insets_animation#0
08-07 17:53:07.520   628   628 I Layer   : id=624620 Destroyed Surface(name=5b03b71 NavigationBar0)/@0xbaf262 - animation-leash of insets_animation#0
08-07 17:53:07.521   952  1031 I PkgPredictorService-SecIpmManagerServiceImpl: reportToNAP uid:10704 com.example.lunchtray/com.example.lunchtray.MainActivity thisTime:312
08-07 17:53:07.521   952  3366 D InputDispatcher: Focus request (0): 9c00d76 com.example.lunchtray/com.example.lunchtray.MainActivity but waiting because NOT_VISIBLE
08-07 17:53:07.522   628   963 I SurfaceFlinger: id=624626 createSurf (0x0),-1 flag=24000, Surface(name=9c00d76 com.example.lunchtray/com.example.lunchtray.MainActivity)/@0xe21466f - animation-leash of starting_reveal#0
08-07 17:53:07.522   952  1031 I ActivityTaskManager: Displayed com.example.lunchtray/.MainActivity: +312ms
08-07 17:53:07.523  2654  2654 E pageboostd: Received HALT command code 2
08-07 17:53:07.533  7881  7881 D InsetsSourceConsumer: ensureControlAlpha: for ITYPE_NAVIGATION_BAR on com.example.lunchtray/com.example.lunchtray.MainActivity
08-07 17:53:07.533  7881  7881 D InsetsSourceConsumer: ensureControlAlpha: for ITYPE_STATUS_BAR on com.example.lunchtray/com.example.lunchtray.MainActivity
08-07 17:53:07.535  7881  7881 D RootViewPicker: Root not ready - waiting: 10ms for one to appear.
08-07 17:53:07.535   952  3368 I SemDvfsHyPerManager: acquire hyper - AMS_RESUME_TAIL/952@18, type = -999
08-07 17:53:07.535   952  3368 I SemDvfsHyPerManager: acquire hyper - AMS_ACT_LAZY/952@19, type = -999
08-07 17:53:07.535   568   614 I HYPER-HAL: [RequestManager.cpp]acquire(): Acquired ID : 470953  [952 / 18]    HINT : AMS_RESUME_TAIL    list :
08-07 17:53:07.536   628   628 E SurfaceFlinger: Attempt to update InputPolicyFlags without permission ACCESS_SURFACE_FLINGER
08-07 17:53:07.536   568   614 I HYPER-HAL: [RequestManager.cpp]releaseLocked(): Released ID : 469012
08-07 17:53:07.537   952  3366 D InputDispatcher: Focus entered window (0): 9c00d76 com.example.lunchtray/com.example.lunchtray.MainActivity
08-07 17:53:07.537  1411  2198 I ViewRootImpl@7be0951[lunchtray]: mWNT: t = android.view.SurfaceControl$Transaction@d531af fN = 2 android.view.SyncRtSurfaceTransactionApplier.applyTransaction:94 android.view.SyncRtSurfaceTransactionApplier.lambda$scheduleApply$0$SyncRtSurfaceTransactionApplier:71 android.view.SyncRtSurfaceTransactionApplier$$ExternalSyntheticLambda0.onFrameDraw:4
08-07 17:53:07.538  1411  2198 I ViewRootImpl@7be0951[lunchtray]: mWNT: merge t to BBQ
08-07 17:53:07.538  1411  2198 I ViewRootImpl@7be0951[lunchtray]: mWNT: t = android.view.SurfaceControl$Transaction@c43a9bc fN = 2 android.view.SyncRtSurfaceTransactionApplier.applyTransaction:94 android.view.SyncRtSurfaceTransactionApplier.lambda$scheduleApply$0$SyncRtSurfaceTransactionApplier:71 android.view.SyncRtSurfaceTransactionApplier$$ExternalSyntheticLambda0.onFrameDraw:4
08-07 17:53:07.538  1411  2198 I ViewRootImpl@7be0951[lunchtray]: mWNT: merge t to BBQ
08-07 17:53:07.536   534   541 E statsd  : Predicate -7037417284711607308 dropping data for dimension key (10)0x2010101->10704[I] (10)0x30000->*launch*[S]
08-07 17:53:07.538   534   541 E statsd  : Predicate 5980654721335871649 dropping data for dimension key (10)0x2010101->10704[I] (10)0x30000->*launch*[S]
08-07 17:53:07.542  7881  7881 I ViewRootImpl@d3f350c[MainActivity]: MSG_WINDOW_FOCUS_CHANGED 1 1
08-07 17:53:07.542   628   628 D SurfaceFlinger: Display 0 HWC layers:
08-07 17:53:07.542   628   628 D SurfaceFlinger:      DEVICE | 0x78e3e0a3d0 | 0100 | RGBx_8888    |   50.0    0.0 1130.0 2280.0 |    0    0 1080 2280 | Wallpaper BBQ wrapper#0
08-07 17:53:07.542   628   628 D SurfaceFlinger:      DEVICE | 0x78e3de3010 | 0100 | RGBA_8888    |    0.0    0.0 1080.0 2280.0 |    0    0 1080 2280 | com.sec.android.app.launcher/com.sec[...].activities.LauncherActivity$_2001#0
08-07 17:53:07.542   628   628 D SurfaceFlinger:      DEVICE | 0x78e3e0d790 | 0102 | RGBA_8888    |    0.0    0.0 1080.0 2280.0 |    2    5 1078 2275 | com.example.lunchtray/com.example.lunchtray.MainActivity$_7881#0
08-07 17:53:07.542   628   628 D SurfaceFlinger:      DEVICE | 0x78e3e20cf0 | 0100 | RGBA_8888    |    0.0    0.0 1080.0 2280.0 |    2    5 1078 2275 | Splash Screen com.example.lunchtray$_1411#0
08-07 17:53:07.542   628   628 D SurfaceFlinger:      DEVICE | 0x78e3e110f0 | 0100 | RGBA_8888    |    0.0    0.0 1080.0  112.0 |    0    0 1080  112 | StatusBar$_1411#0
08-07 17:53:07.542   628   628 D SurfaceFlinger:      DEVICE | 0x78e3e1bd10 | 0100 | RGBA_8888    |    0.0    0.0   67.0  457.0 |    0  410   67  867 | com.samsung.android.app.cocktailbars[...]arservice.CocktailBarService$_8085#0
08-07 17:53:07.542   628   628 D SurfaceFlinger:      DEVICE | 0x78e3e02930 | 0100 | RGBA_8888    |    0.0    0.0 1080.0  126
08-07 17:53:07.542   628   628 D SurfaceFlinger: .0 |    0 2154 1080 2280 | NavigationBar0$_1411#0
08-07 17:53:07.542   628   628 D SurfaceFlinger:
08-07 17:53:07.544  7881  7881 D InputMethodManager: startInputInner - Id : 0
08-07 17:53:07.544  7881  7881 I InputMethodManager: startInputInner - mService.startInputOrWindowGainedFocus
08-07 17:53:07.545   952  3366 D InputMethodManagerService: DESKTOP MODE! : 2
08-07 17:53:07.545   952  3366 D InputMethodManagerService: NOT IN KNOX DESKTOP MODE!
08-07 17:53:07.545   952  3366 V InputMethodManagerService: getDisplayIdOfInputMethodWindowToBeAdded : 0
08-07 17:53:07.545   952  3366 D InputMethodManagerService: checkDisplayOfStartInputAndUpdateKeyboard display Id 0last 0
08-07 17:53:07.546   952  3366 D InputTransport: Input channel constructed: 'ClientS', fd=1987
08-07 17:53:07.546   952  3366 D InputTransport: Input channel destroyed: 'ClientS', fd=1987
08-07 17:53:07.546   952  1311 W SemWifiTransportLayerUtils: getApplicationCategory - IOException com.example.lunchtray
08-07 17:53:07.546   952  1311 W System.err: java.io.FileNotFoundException: https://play.google.com/store/apps/details?id=com.example.lunchtray&hl=en
08-07 17:53:07.546   952  1311 W System.err: 	at com.android.okhttp.internal.huc.HttpURLConnectionImpl.getInputStream(HttpURLConnectionImpl.java:255)
08-07 17:53:07.546   952  1311 W System.err: 	at com.android.okhttp.internal.huc.DelegatingHttpsURLConnection.getInputStream(DelegatingHttpsURLConnection.java:211)
08-07 17:53:07.546   952  1311 W System.err: 	at com.android.okhttp.internal.huc.HttpsURLConnectionImpl.getInputStream(HttpsURLConnectionImpl.java:30)
08-07 17:53:07.546   952  1311 W System.err: 	at com.samsung.android.server.wifi.tcp.SemWifiTransportLayerUtils.getApplicationCategory(SemWifiTransportLayerUtils.java:104)
08-07 17:53:07.546   952  1311 W System.err: 	at com.samsung.android.server.wifi.tcp.SemWifiTransportLayerMonitor$TcpMonitorHandler.handleMessage(SemWifiTransportLayerMonitor.java:244)
08-07 17:53:07.546   952  1311 W System.err: 	at android.os.Handler.dispatchMessage(Handler.java:106)
08-07 17:53:07.546   952  1311 W System.err: 	at android.os.Looper.loopOnce(Looper.java:226)
08-07 17:53:07.546   952  1311 W System.err: 	at android.os.Looper.loop(Looper.java:313)
08-07 17:53:07.546   952  1311 W System.err: 	at android.os.HandlerThread.run(HandlerThread.java:67)
08-07 17:53:07.546  6011  6011 I HBD     : HoneyBoardService onFinishInput
08-07 17:53:07.546   952  1311 D SemWifiTransportLayerMonitor.TcpMonitorHandler: MSG_SAVE_PACKAGE_INFO
08-07 17:53:07.546   952  1311 D SemWifiTransportLayerFileManager: saveWifiPackageInfoToFile
08-07 17:53:07.546   952  1311 D SemWifiTransportLayerFileManager: writeWifiPackageInfoList
08-07 17:53:07.547  6011  6011 I HBD     : a IC have been unbinding,  InputConnectionWrapper{idHash=#467e097 mMissingMethods=}
08-07 17:53:07.547  6011  6011 I HBD     : HoneyBoardService [PF_CL][onFinishInput]  349000 ns
08-07 17:53:07.547  6011  6011 I HBD     : HoneyBoardService [IMI] onStartInput - caller pid : 7881 , caller uid : 10704
08-07 17:53:07.547  6011  6011 I HBD     : j updateConfigs
08-07 17:53:07.547  6011  6011 I HBD     : j isEnabledNightMode : false
08-07 17:53:07.547  6011  6011 I HBD     : a IC have been binding, InputConnectionWrapper{idHash=#d200a6d mMissingMethods=}
08-07 17:53:07.547  6011  6011 I HBD     : h [EditorInputType]setPrivateImeOptionsToTable privateImeOptions ( null )
08-07 17:53:07.547  6011  6011 I HBD     : b incognitoMode : false
08-07 17:53:07.547  6011  6011 I HBD     : a needOff = true , isForceOff = false, isNullInputClass : true
08-07 17:53:07.547  6011  6011 I HBD     : h getDefaultInputRange : UNKNOWN
08-07 17:53:07.547  6011  6011 I HBD     : h getDefaultInputRange : UNKNOWN
08-07 17:53:07.547  6011  6011 I HBD     : h getDefaultInputRange : UNKNOWN
08-07 17:53:07.547   952  3368 D DARUtil : Device owner status not updated yet...
08-07 17:53:07.547   952  3368 D DARUtil : Not an enterprise user : 0
08-07 17:53:07.548   952  3368 D DARUtil : Device owner status not updated yet...
08-07 17:53:07.548   952  3368 D DARUtil : Not an enterprise user : 0
08-07 17:53:07.548  6011  6011 I HBD     : a needOff = true , isForceOff = false, isNullInputClass : true
08-07 17:53:07.548  6011  6011 I HBD     : a update cached prediction status : false
08-07 17:53:07.548  6011  6011 I HBD     : h getDefaultInputRange : UNKNOWN
08-07 17:53:07.548  6011  6011 I HBD     : h getDefaultInputRange : UNKNOWN
08-07 17:53:07.548  6011  6011 I HBD     : a currentState : 0
08-07 17:53:07.549  6011  6011 I HBD     : h load selected json path : /data/user/0/com.samsung.android.honeyboard/files/selected.json
08-07 17:53:07.549  6011  6011 I HBD     : h load selected json info : {"version":"1.0","currentLanguageOrder":0,"selected":[{"activeOptionList":["auto_spacing"],"engName":"Korean","id":4521984,"inputType":"phonepad","isUsed":true},{"activeOptionList":["auto_replace","auto_spacing","writing_assistant"],"engName":"English","id":65537,"inputType":"qwerty","isUsed":true}]}
08-07 17:53:07.551   628  2111 I SurfaceFlinger: id=624627 createSurf (0x0),-1 flag=24004, Surface(name=7cc30f4 InputMethod)/@0xe76f292 - animation-leash of insets_animation#1
08-07 17:53:07.551  6011  6011 I HBD     : a [UpdatePolicy] [post] a: 0 cl: 4521984 kit: [1/0] vt: 0 ir: 1
08-07 17:53:07.552  6011  6011 I HBD     : HoneyBoardService [PF_OP][onStartInput]  5376539 ns
08-07 17:53:07.554  1411  2199 I ViewRootImpl@7be0951[lunchtray]: mWNT: t = android.view.SurfaceControl$Transaction@9eebd45 fN = 3 android.view.SyncRtSurfaceTransactionApplier.applyTransaction:94 android.view.SyncRtSurfaceTransactionApplier.lambda$scheduleApply$0$SyncRtSurfaceTransactionApplier:71 android.view.SyncRtSurfaceTransactionApplier$$ExternalSyntheticLambda0.onFrameDraw:4
08-07 17:53:07.554  1411  2199 I ViewRootImpl@7be0951[lunchtray]: mWNT: merge t to BBQ
08-07 17:53:07.557   952  3366 D InputMethodManagerServicePhysicalKey: isConnectedDexOnPC false
08-07 17:53:07.558   952  3366 D InputMethodManagerService: isImeSwitcherDisabledPackage : false
08-07 17:53:07.559  7881  7881 I ViewInteraction: Performing 'single click' action on view view.getId() is <2131231208/com.example.lunchtray:id/start_order_btn>
08-07 17:53:07.561   952  3366 D InputDispatcher: Inject motion (7881): action=0x0, time=2262180870000000, f=0x0, d=0
08-07 17:53:07.561   952  1207 I InputDispatcher: Delivering touch to (1411): action: 0x4, f=0x0, d=0, '5b03b71', t=0
08-07 17:53:07.561   952  1207 I InputDispatcher: Delivering touch to (7881): action: 0x0, f=0x0, d=0, '9c00d76', t=0 +(-1,-56)*1.00
08-07 17:53:07.561   952  1032 I GestureDetector: obtain mCurrentDownEvent. id: -812310394 caller: com.android.server.wm.SystemGesturesPointerEventListener.onPointerEvent:179 com.android.server.wm.PointerEventDispatcher.onInputEvent:71 android.view.InputEventReceiver.dispatchInputEvent:259
08-07 17:53:07.561   952  1032 I GestureDetector: obtain mCurrentDownEvent. id: -812310394 caller: com.android.server.wm.SystemPerformancePointerEventListener.onPointerEvent:89 com.android.server.wm.PointerEventDispatcher.onInputEvent:71 android.view.InputEventReceiver.dispatchInputEvent:259
08-07 17:53:07.562  3311  3311 I SemDvfsHyPerManager: acquire hyper - BaseTABoost/3311@22, type = 1090523139
08-07 17:53:07.562  3311  3311 I SemDvfsHyPerManager: acquire hyper - BaseTAToouchBoost/3311@24, type = 1090523139
08-07 17:53:07.562  7881  7881 I ViewRootImpl@d3f350c[MainActivity]: ViewPostIme pointer 0
08-07 17:53:07.562   568   614 I HYPER-HAL: [RequestManager.cpp]acquire(): Acquired ID : 5556133  [3311 / 22]    HINT :      list : [TABoost / 5]
08-07 17:53:07.562   568   614 I HYPER-HAL: [RequestManager.cpp]acquire(): Acquired ID : 5562804  [3311 / 24]    HINT :      list : [TABoost / 20] [TIMEOUT / 1500]
08-07 17:53:07.569   628   628 I Layer   : id=624611 removeFromCurrentState Surface(name=7cc30f4 InputMethod)/@0xe76f292 - animation-leash of insets_animation#0 (130)
08-07 17:53:07.570   628   628 E SurfaceFlinger: Attempt to update InputPolicyFlags without permission ACCESS_SURFACE_FLINGER
08-07 17:53:07.570   628   628 I SurfaceFlinger: id=624611 Removed Surface(name=7cc30f4 InputMethod)/@0xe76f292 - animation-leash of insets_animation#0 (130)
08-07 17:53:07.570  1411  2198 I ViewRootImpl@7be0951[lunchtray]: mWNT: t = android.view.SurfaceControl$Transaction@afcc9a fN = 4 android.view.SyncRtSurfaceTransactionApplier.applyTransaction:94 android.view.SyncRtSurfaceTransactionApplier.lambda$scheduleApply$0$SyncRtSurfaceTransactionApplier:71 android.view.SyncRtSurfaceTransactionApplier$$ExternalSyntheticLambda0.onFrameDraw:4
08-07 17:53:07.570  1411  2198 I ViewRootImpl@7be0951[lunchtray]: mWNT: merge t to BBQ
08-07 17:53:07.570   628   628 I Layer   : id=624611 Destroyed Surface(name=7cc30f4 InputMethod)/@0xe76f292 - animation-leash of insets_animation#0
08-07 17:53:07.589  1411  1640 D OpenGLRenderer: setSurface called with nullptr
08-07 17:53:07.589  1411  1640 D OpenGLRenderer: setSurface() destroyed EGLSurface
08-07 17:53:07.589  1411  1640 D OpenGLRenderer: destroyEglSurface
08-07 17:53:07.591   952  3366 V WindowManager: Relayout Window{410b165 u0 Splash Screen com.example.lunchtray}: viewVisibility=8 req=1080x2280 d0
08-07 17:53:07.591   628  2718 I SurfaceFlinger: id=624628 createSurf (0x0),-1 flag=24000, Surface(name=410b165 Splash Screen com.example.lunchtray)/@0x52639dd - animation-leash of window_animation#0
08-07 17:53:07.593   952  3366 V WindowManager: Relayout hash=410b165, pid=1411: mAttrs={(0,0)(fillxfill) sim={adjust=pan} ty=APPLICATION_STARTING fmt=TRANSLUCENT wanim=0x1030001
08-07 17:53:07.593   952  3366 V WindowManager:   fl=81030118
