08-07 17:53:05.285   952  3302 D InputTransport: Input channel destroyed: '1dd4bc7', fd=813
08-07 17:53:05.285   952  3302 W InputManager-JNI: Input channel object '1dd4bc7 Splash Screen com.example.lunchtray (client)' was disposed without first being removed with the input manager!
08-07 17:53:05.285   952  3302 D InputTransport: Input channel destroyed: '1dd4bc7', fd=1445
08-07 17:53:05.288  1411  1558 D InputTransport: Input channel destroyed: '1dd4bc7', fd=358
08-07 17:53:05.292   628   628 I Layer   : id=624599 removeFromCurrentState Surface(name=f9c9b8b com.example.lunchtray/androidx.fragment.app.testing.FragmentScenario$EmptyFragmentActivity)/@0x8819a5f - animation-leash of starting_reveal#0 (125)
08-07 17:53:05.296   475 22676 E keystore2: keystore2::metrics_store: In pull_attestation_pool_stats: Failed to retrieve pool status for security level: SecurityLevel(2)
08-07 17:53:05.311  2001  2001 I ViewRootImpl@67bf432[LauncherActivity]: handleAppVisibility mAppVisible=true visible=false
08-07 17:53:05.312   628   628 D SurfaceFlinger: Display 0 HWC layers:
08-07 17:53:05.312   628   628 D SurfaceFlinger:      DEVICE | 0x78e3de8110 | 0102 | RGBA_8888    |    0.0    0.0 1080.0 2280.0 |    0    0 1080 2280 | com.example.lunchtray/androidx.fragm[...]enario$EmptyFragmentActivity$_7881#0
08-07 17:53:05.312   628   628 D SurfaceFlinger:      DEVICE | 0x78e3e0dd30 | 0100 | RGBA_8888    |    0.0    0.0 1080.0 2280.0 |    0    0 1080 2280 | Splash Screen com.example.lunchtray$_1411#0
08-07 17:53:05.312   628   628 D SurfaceFlinger:      DEVICE | 0x78e3e110f0 | 0100 | RGBA_8888    |    0.0    0.0 1080.0  112.0 |    0    0 1080  112 | StatusBar$_1411#0
08-07 17:53:05.312   628   628 D SurfaceFlinger:      DEVICE | 0x78e3e1bd10 | 0100 | RGBA_8888    |    0.0    0.0   67.0  457.0 |    0  410   67  867 | com.samsung.android.app.cocktailbars[...]arservice.CocktailBarService$_8085#0
08-07 17:53:05.312   628   628 D SurfaceFlinger:      DEVICE | 0x78e3e02930 | 0100 | RGBA_8888    |    0.0    0.0 1080.0  126.0 |    0 2154 1080 2280 | NavigationBar0$_1411#0
08-07 17:53:05.312   628   628 D SurfaceFlinger:
08-07 17:53:05.312  1411  1429 D WallpaperService: dispatchAppVisibility onVisibilityChanged(): false
08-07 17:53:05.312  1411  1635 I ImageWallpaper:  onVisibilityChanged false , 0
08-07 17:53:05.313  1411  1411 D WallpaperService: reportVisibility onVisibilityChanged visible: false
08-07 17:53:05.326   628   628 I Layer   : id=624590 removeFromCurrentState Surface(name=Task=1)/@0x71397ea - animation-leash of app_transition#0 (125)
08-07 17:53:05.326   628   628 I SurfaceFlinger: id=624590 Removed Surface(name=Task=1)/@0x71397ea - animation-leash of app_transition#0 (125)
08-07 17:53:05.326   628   628 I Layer   : id=624590 Destroyed Surface(name=Task=1)/@0x71397ea - animation-leash of app_transition#0
08-07 17:53:05.333   952  1163 V WindowManager: Relayout Window{72e35ce u0 com.sec.android.app.launcher/com.sec.android.app.launcher.activities.LauncherActivity}: viewVisibility=8 req=1080x2280 d0
08-07 17:53:05.338   952  1163 V WindowManager: Relayout hash=72e35ce, pid=2001: mAttrs={(0,0)(fillxfill) sim={adjust=nothing} layoutInDisplayCutoutMode=shortEdges ty=BASE_APPLICATION fmt=TRANSPARENT wanim=0x10302f2
08-07 17:53:05.338   952  1163 V WindowManager:   fl=81910100
08-07 17:53:05.338   952  1163 V WindowManager:   pfl=1e020040
08-07 17:53:05.338   952  1163 V WindowManager:   vsysui=1700
08-07 17:53:05.338   952  1163 V WindowManager:   apr=LIGHT_STATUS_BARS LIGHT_NAVIGATION_BARS
08-07 17:53:05.338   952  1163 V WindowManager:   bhv=SHOW_TRANSIENT_BARS_BY_SWIPE
08-07 17:53:05.338   952  1163 V WindowManager:   fitSides= naviIconColor=0}
08-07 17:53:05.340  2001  2001 I ViewRootImpl@67bf432[LauncherActivity]: Relayout returned: old=(0,0,1080,2280) new=(0,0,1080,2280) req=(1080,2280)8 dur=7 res=0x5 s={false 0} ch=true fn=8
08-07 17:53:05.340  2001  2001 I ViewRootImpl@67bf432[LauncherActivity]: stopped(true) old=false
08-07 17:53:05.341  2001  2001 I BaseActivity: removeActivityFlags, flags : 17
08-07 17:53:05.341  2001  2001 I StateManager: goToState isInState Normal
08-07 17:53:05.342   952  1163 V WindowManager: Relayout Window{f9c9b8b u0 com.example.lunchtray/androidx.fragment.app.testing.FragmentScenario$EmptyFragmentActivity}: viewVisibility=0 req=1080x2280 d0
08-07 17:53:05.342  2001  2079 I IMM_LC  : hsifw() - flags=0, caller=android.view.inputmethod.InputMethodManager.hideSoftInputFromWindow:1858 android.view.inputmethod.InputMethodManager.hideSoftInputFromWindow:1827 com.android.launcher3.util.UiThreadHelper$UiCallbacks.handleMessage:103 android.os.Handler.dispatchMessage:102 android.os.Looper.loopOnce:226
08-07 17:53:05.342  2001  2079 I IMM_LC  : hideSoftInputFromWindow - mService.hideSoftInput
08-07 17:53:05.342   628   628 I Layer   : id=624591 removeFromCurrentState Surface(name=Task=8205)/@0xf60aac1 - animation-leash of app_transition#0 (124)
08-07 17:53:05.343   628   628 I SurfaceFlinger: id=624583 Removed OneUiHome-BlurLayer#0 (124)
08-07 17:53:05.343   628   628 I SurfaceFlinger: id=624591 Removed Surface(name=Task=8205)/@0xf60aac1 - animation-leash of app_transition#0 (124)
08-07 17:53:05.343   628   628 I Layer   : id=624591 Destroyed Surface(name=Task=8205)/@0xf60aac1 - animation-leash of app_transition#0
08-07 17:53:05.345  7881  7906 D EventInjectionStrategy: Creating injection strategy with input manager.
08-07 17:53:05.346  7881  7906 W ample.lunchtra: Accessing hidden method Landroid/hardware/input/InputManager;->getInstance()Landroid/hardware/input/InputManager; (unsupported, reflection, allowed)
08-07 17:53:05.346  7881  7906 W ample.lunchtra: Accessing hidden method Landroid/hardware/input/InputManager;->injectInputEvent(Landroid/view/InputEvent;I)Z (unsupported, reflection, allowed)
08-07 17:53:05.346  7881  7906 W ample.lunchtra: Accessing hidden field Landroid/hardware/input/InputManager;->INJECT_INPUT_EVENT_MODE_WAIT_FOR_FINISH:I (unsupported, reflection, allowed)
08-07 17:53:05.347  2001  2001 W LauncherAppWidgetHost: setShouldListenFlag, mFlags:7 flag:start on:false isFront:false
08-07 17:53:05.348   952  3366 I AppWidgetServiceImpl: stopListening callbacks : null
08-07 17:53:05.348   952  1163 V WindowManager: Relayout hash=f9c9b8b, pid=7881: mAttrs={(0,0)(fillxfill) sim={adjust=resize forwardNavigation} ty=BASE_APPLICATION wanim=0x1030303
08-07 17:53:05.348   952  1163 V WindowManager:   fl=81810100
08-07 17:53:05.348   952  1163 V WindowManager:   pfl=12020040
08-07 17:53:05.348   952  1163 V WindowManager:   apr=LIGHT_NAVIGATION_BARS
08-07 17:53:05.348   952  1163 V WindowManager:   bhv=DEFAULT
08-07 17:53:05.348   952  1163 V WindowManager:   fitSides= naviIconColor=0
08-07 17:53:05.348   952  1163 V WindowManager:   sfl=100000}
08-07 17:53:05.349  2001  2001 W LauncherAppWidgetHost: stopListening, mFlags:2 isFront:false
08-07 17:53:05.349  2001  2001 W Launcher.NotificationListener: removeNotificationsChangedListener
08-07 17:53:05.349  2001  2001 I BadgeCountUpdaterImpl: onNotificationsChangedDisConnected
08-07 17:53:05.349  2001  2001 I Launcher.NotificationListener: unregisterObserver, this is not notificationService!!
08-07 17:53:05.350  2001  2079 I LiveIconUpdateEventHandler: LiveIcon onStop
08-07 17:53:05.350  7881  7881 I ViewRootImpl@a7ce52d[FragmentScenario$EmptyFragmentActivity]: Relayout returned: old=(0,0,1080,2280) new=(0,0,1080,2280) req=(1080,2280)0 dur=8 res=0x1 s={true 512216987856} ch=false fn=2
08-07 17:53:05.350  2001  2079 I LiveIconUpdateEventHandler: cancelMinuteChangeAlarm
08-07 17:53:05.352  7881  7881 D ScrollView:  onsize change changed
08-07 17:53:05.352  2001  2079 I LiveIconUpdateEventHandler: cancelDateChangeAlarm
08-07 17:53:05.353  2001  2079 I LiveIconUpdateEventHandler: unregisterReceiver
08-07 17:53:05.354  1411  1411 D NavigationBar: onSystemBarAttributesChanged() -  displayId:0, appearance:16 (APPEARANCE_LIGHT_NAVIGATION_BARS ), navbarColorManagedByIme:false
08-07 17:53:05.354  1411  1411 V Navbar.Store: handleEvent [EventType] GET_BOOL_REGION_SAMPLING_ENABLED [Module] LightBarController  KEYS_DEFAULT=false
08-07 17:53:05.354  1411  1411 V Navbar.Store: --[Band]COLOR_PACK_GET_REGION_SAMPLING_ENABLED
08-07 17:53:05.354  1411  1411 V Navbar.Store: ----getValue(BOOL_REGION_SAMPLING_ENABLED)=false
08-07 17:53:05.360   628   628 I Layer   : id=624589 removeFromCurrentState Splash Screen com.example.lunchtray$_1411#0 (123)
08-07 17:53:05.360   628   628 I Layer   : id=624588 removeFromCurrentState 1dd4bc7 Splash Screen com.example.lunchtray#0 (123)
08-07 17:53:05.360   628   628 I Layer   : id=624600 removeFromCurrentState Surface(name=1dd4bc7 Splash Screen com.example.lunchtray)/@0xe8f159b - animation-leash of window_animation#0 (123)
08-07 17:53:05.360   628   628 I SurfaceFlinger: id=624588 Removed 1dd4bc7 Splash Screen com.example.lunchtray#0 (123)
08-07 17:53:05.360   628   628 I SurfaceFlinger: id=624589 Removed Splash Screen com.example.lunchtray$_1411#0 (123)
08-07 17:53:05.360   628   628 I SurfaceFlinger: id=624600 Removed Surface(name=1dd4bc7 Splash Screen com.example.lunchtray)/@0xe8f159b - animation-leash of window_animation#0 (123)
08-07 17:53:05.361   628   628 I Layer   : id=624600 Destroyed Surface(name=1dd4bc7 Splash Screen com.example.lunchtray)/@0xe8f159b - animation-leash of window_animation#0
08-07 17:53:05.361   628   628 I Layer   : id=624588 Destroyed 1dd4bc7 Splash Screen com.example.lunchtray#0
08-07 17:53:05.363   628   628 I Layer   : id=624589 Destroyed Splash Screen com.example.lunchtray$_1411#0
08-07 17:53:05.364  7881  7881 D LifecycleMonitor: Lifecycle status change: androidx.test.core.app.InstrumentationActivityInvoker$BootstrapActivity@48cfd08 in: STOPPED
08-07 17:53:05.365   628   628 D SurfaceFlinger: Display 0 HWC layers:
08-07 17:53:05.365   628   628 D SurfaceFlinger:      DEVICE | 0x78e3de8110 | 0102 | RGBA_8888    |    0.0    0.0 1080.0 2280.0 |    0    0 1080 2280 | com.example.lunchtray/androidx.fragm[...]enario$EmptyFragmentActivity$_7881#0
08-07 17:53:05.365   628   628 D SurfaceFlinger:      DEVICE | 0x78e3e110f0 | 0100 | RGBA_8888    |    0.0    0.0 1080.0  112.0 |    0    0 1080  112 | StatusBar$_1411#0
08-07 17:53:05.365   628   628 D SurfaceFlinger:      DEVICE | 0x78e3e1bd10 | 0100 | RGBA_8888    |    0.0    0.0   67.0  457.0 |    0  410   67  867 | com.samsung.android.app.cocktailbars[...]arservice.CocktailBarService$_8085#0
08-07 17:53:05.365   628   628 D SurfaceFlinger:      DEVICE | 0x78e3e00f50 | 0100 | RGBA_8888    |    0.0    0.0 1080.0  126.0 |    0 2154 1080 2280 | NavigationBar0$_1411#0
08-07 17:53:05.365   628   628 D SurfaceFlinger:
08-07 17:53:05.365  7881  7881 V ActivityScenario: Activity lifecycle changed event received but ignored because the intent does not match. startActivityIntent=Intent { act=android.intent.action.MAIN cat=[android.intent.category.LAUNCHER] cmp=com.example.lunchtray/androidx.fragment.app.testing.FragmentScenario$EmptyFragmentActivity (has extras) }, activity.getIntent()=Intent { act=android.intent.action.MAIN cat=[android.intent.category.LAUNCHER] flg=0x10008000 cmp=com.example.lunchtray/androidx.test.core.app.InstrumentationActivityInvoker$BootstrapActivity (has extras) }, activity=androidx.test.core.app.InstrumentationActivityInvoker$BootstrapActivity@48cfd08
08-07 17:53:05.368  7881  7881 I ViewRootImpl@a7ce52d[FragmentScenario$EmptyFragmentActivity]: MSG_WINDOW_FOCUS_CHANGED 1 1
08-07 17:53:05.372 24757 24769 I SAMSUNGWALLET: [Hint_ProcessStatusChange] fg Change, pid : 2001 , isNotify : true , isForeground : false , fg list : [7881]
08-07 17:53:05.372 24757 25074 I SAMSUNGWALLET: [ResetData] getSAResetDialogFlag : false
08-07 17:53:05.373  7881  7881 D InputMethodManager: startInputInner - Id : 0
08-07 17:53:05.373  7881  7881 I InputMethodManager: startInputInner - mService.startInputOrWindowGainedFocus
08-07 17:53:05.373   952  1307 D SemNscXgbMsL1: Probability - Cloud gaming: [0.10841189]
08-07 17:53:05.374   952  1307 D SemNscXgbMsL1: Probability - Real time: [0.08435496]
08-07 17:53:05.374   952  3366 D InputMethodManagerService: DESKTOP MODE! : 2
08-07 17:53:05.374   952  3366 D InputMethodManagerService: NOT IN KNOX DESKTOP MODE!
08-07 17:53:05.374   952  3366 V InputMethodManagerService: getDisplayIdOfInputMethodWindowToBeAdded : 0
08-07 17:53:05.374   952  1307 D SemNscXgbMsL1: Probability - Non real time: [0.8614715]
08-07 17:53:05.374   952  1307 D SemNscXgbMsL1: 1 sample inference time: 0.687154 msecs
08-07 17:53:05.374   952  3366 D InputTransport: Input channel constructed: 'ClientS', fd=1445
08-07 17:53:05.374   952  3366 D InputTransport: Input channel constructed: 'ClientS', fd=1610
08-07 17:53:05.374   952  3366 D InputTransport: Input channel destroyed: 'ClientS', fd=1610
08-07 17:53:05.376   628   628 I Layer   : id=624580 removeFromCurrentState com.sec.android.app.launcher/com.sec.android.app.launcher.activities.LauncherActivity$_2001#0 (120)
08-07 17:53:05.376   628   628 I Layer   : id=624583 removeFromCurrentState OneUiHome-BlurLayer#0 (120)
08-07 17:53:05.377   628   628 I SurfaceFlinger: id=624580 Removed com.sec.android.app.launcher/com.sec.android.app.launcher.activities.LauncherActivity$_2001#0 (120)
08-07 17:53:05.377   628   628 I Layer   : id=624580 Destroyed com.sec.android.app.launcher/com.sec.android.app.launcher.activities.LauncherActivity$_2001#0
08-07 17:53:05.377   628   628 I Layer   : id=624583 Destroyed OneUiHome-BlurLayer#0
08-07 17:53:05.379   952  1163 W InputMethodManagerService: onSessionCreated
08-07 17:53:05.380   952  1163 D InputMethodManagerService: checkDisplayOfStartInputAndUpdateKeyboard display Id 0last 0
08-07 17:53:05.380   952  1163 D InputTransport: Input channel constructed: 'ClientS', fd=1610
08-07 17:53:05.381 24757 25074 I SAMSUNGWALLET: [Hint_bxa] isHomePackageRunning topPkgName = com.example.lunchtray, topClsName = androidx.fragment.app.testing.FragmentScenario$EmptyFragmentActivity, return false , se : false
08-07 17:53:05.381   952  1163 D InputTransport: Input channel destroyed: 'ClientS', fd=1610
08-07 17:53:05.382 24757 24757 I SAMSUNGWALLET: [Hint_PayHintService] Hint Status - already invisible, skip hide : Home Package Not Running
08-07 17:53:05.382   952  1307 D SemNscXgbL2Rt: L2 RT 1 sample inference time: 7.962616 msecs
08-07 17:53:05.382   952  1307 D SemNscXgbL2Nrt: L2 NRT 1 sample inference time: 0.399807 msecs
08-07 17:53:05.383  6011  6011 I HBD     : HoneyBoardService onFinishInput
08-07 17:53:05.383  6011  6011 I HBD     : a IC have been unbinding,  InputConnectionWrapper{idHash=#8dac3bb mMissingMethods=}
08-07 17:53:05.383  6011  6011 I HBD     : HoneyBoardService [PF_CL][onFinishInput]  675462 ns
08-07 17:53:05.384  6011  6011 I HBD     : HoneyBoardService [IMI] onStartInput - caller pid : 7881 , caller uid : 10704
08-07 17:53:05.384  6011  6011 I HBD     : j updateConfigs
08-07 17:53:05.384  6011  6011 I HBD     : j isEnabledNightMode : false
08-07 17:53:05.384  6011  6011 I HBD     : a IC have been binding, InputConnectionWrapper{idHash=#1aadc31 mMissingMethods=}
08-07 17:53:05.384  6011  6011 I HBD     : h [EditorInputType]setPrivateImeOptionsToTable privateImeOptions ( null )
08-07 17:53:05.384  6011  6011 I HBD     : b incognitoMode : false
08-07 17:53:05.384  6011  6011 I HBD     : a needOff = true , isForceOff = false, isNullInputClass : true
08-07 17:53:05.384  6011  6011 I HBD     : h getDefaultInputRange : UNKNOWN
08-07 17:53:05.384  6011  6011 I HBD     : h getDefaultInputRange : UNKNOWN
08-07 17:53:05.385  6011  6011 I HBD     : h getDefaultInputRange : UNKNOWN
08-07 17:53:05.385   628  2718 I SurfaceFlinger: id=624601 createSurf (0x0),-1 flag=24004, Surface(name=7cc30f4 InputMethod)/@0xe76f292 - animation-leash of insets_animation#1
08-07 17:53:05.385   952  1163 D DARUtil : Device owner status not updated yet...
08-07 17:53:05.385   952  1163 D DARUtil : Not an enterprise user : 0
08-07 17:53:05.385   952  1163 D DARUtil : Device owner status not updated yet...
08-07 17:53:05.385   952  1163 D DARUtil : Not an enterprise user : 0
08-07 17:53:05.386  8085  8085 I Utils   : isCurrentUser current = 0, ownerId = 0
08-07 17:53:05.386  8085  8085 I TrayVisibilityController: getComputedTrayVisible : keyguardState = 1
08-07 17:53:05.386  8085  8085 I TrayVisibilityController: updateTrayVisible: State=1 visible=1 mCurrentVisible=1 specificMode=0
08-07 17:53:05.386  8085  8085 I TrayStateController: onNotifyUpdateTray: state=0
08-07 17:53:05.388  6011  6011 I HBD     : a needOff = true , isForceOff = false, isNullInputClass : true
08-07 17:53:05.388  6011  6011 I HBD     : a update cached prediction status : false
08-07 17:53:05.388  6011  6011 I HBD     : h getDefaultInputRange : UNKNOWN
08-07 17:53:05.388  6011  6011 I HBD     : h getDefaultInputRange : UNKNOWN
08-07 17:53:05.388  6011  6011 I HBD     : a currentState : 0
08-07 17:53:05.390  6011  6011 I HBD     : h load selected json path : /data/user/0/com.samsung.android.honeyboard/files/selected.json
08-07 17:53:05.391  6011  6011 I HBD     : h load selected json info : {"version":"1.0","currentLanguageOrder":0,"selected":[{"activeOptionList":["auto_spacing"],"engName":"Korean","id":4521984,"inputType":"phonepad","isUsed":true},{"activeOptionList":["auto_replace","auto_spacing","writing_assistant"],"engName":"English","id":65537,"inputType":"qwerty","isUsed":true}]}
08-07 17:53:05.392  6011  6011 I HBD     : a [UpdatePolicy] [post] a: 0 cl: 4521984 kit: [1/0] vt: 0 ir: 1
08-07 17:53:05.393   628   628 I Layer   : id=624585 removeFromCurrentState Surface(name=7cc30f4 InputMethod)/@0xe76f292 - animation-leash of insets_animation#0 (119)
08-07 17:53:05.393   628   628 I SurfaceFlinger: id=624585 Removed Surface(name=7cc30f4 InputMethod)/@0xe76f292 - animation-leash of insets_animation#0 (119)
08-07 17:53:05.394   628   628 I Layer   : id=624585 Destroyed Surface(name=7cc30f4 InputMethod)/@0xe76f292 - animation-leash of insets_animation#0
08-07 17:53:05.398  6011  6011 I HBD     : HoneyBoardService [PF_OP][onStartInput]  14208154 ns
08-07 17:53:05.418  5104  5104 I dnwd    : onPause
08-07 17:53:05.421  8447  8447 I gkox    : (REDACTED) received broadcast: %s
08-07 17:53:05.421  8447  8606 I gkpa    : (REDACTED) received broadcast: %s
08-07 17:53:05.421  8447  8606 I gkkn    : (REDACTED) #onConfigUpdate. requester: %s
08-07 17:53:05.421  8447  8606 I gkkn    : #onConfigUpdate inside sequencer
08-07 17:53:05.421  8447  8606 I gkhl    : (REDACTED) Voice Match (Speaker-id) supported : %b
08-07 17:53:05.421  8447  8606 I gkhl    : (REDACTED) hotword enrollment state is enrolled:  %b, speakerId model exist: %b. Voice Match supported : %b
08-07 17:53:05.421  8447  8606 I gkhl    : (REDACTED) isHotwordAvailable():  %b, isHotwordEnabled() %b
08-07 17:53:05.421  8447  8606 I gkhl    : (REDACTED) isHotwordAvailable():  %b, isHotwordEnabled() %b
08-07 17:53:05.421  8447  8606 I gkhl    : (REDACTED) Hotword enrollment state : %s.
08-07 17:53:05.421  8447  8606 I gkhl    : (REDACTED) Voice Match (Speaker-id) supported : %b
08-07 17:53:05.421  8447  8606 I gkhl    : (REDACTED) Voice Match (Speaker-id) supported : %b
08-07 17:53:05.422  8447  8606 I gkhl    : (REDACTED) hotword enrollment state is enrolled:  %b, speakerId model exist: %b, voice match supported : %b
08-07 17:53:05.422  8447  8606 I gkhl    : (REDACTED) Hotword isNonVoiceMatchHotwordEnabled: %b, isHotwordAvailable : %b, isHotwordEnabled : %b, isVoiceMatchSupported: %b, isHotwordEnrolled: %b.
08-07 17:53:05.422  8447  8606 I gkkn    : (REDACTED) Ignore the legacy hotword request. voice match enabled %b, isHotwordSupported %b, isIncompleteEnrollmentState %b, nonVoiceMatchHotwordEnabled %b
08-07 17:53:05.425  7881  7881 D InputMethodManager: startInputInner - Id : 0
08-07 17:53:05.426   628   628 E SurfaceFlinger: Attempt to update InputPolicyFlags without permission ACCESS_SURFACE_FLINGER
08-07 17:53:05.427   952  1526 D InputMethodManagerServicePhysicalKey: isConnectedDexOnPC false
08-07 17:53:05.427   952  1526 D InputMethodManagerService: isImeSwitcherDisabledPackage : false
08-07 17:53:05.434   535   660 D IptablesRestoreController: [iptables debug]iptables-restore execute *filter
08-07 17:53:05.434   535   660 D IptablesRestoreController: -nvx -L tetherctrl_counters
08-07 17:53:05.434   535   660 D IptablesRestoreController: COMMIT
08-07 17:53:05.436   535   660 D IptablesRestoreController: [iptables debug]iptables-restore execute done, res : 0
08-07 17:53:05.436   535   660 D IptablesRestoreController: [iptables debug]iptables-restore execute *filter
08-07 17:53:05.436   535   660 D IptablesRestoreController: -nvx -L tetherctrl_counters
08-07 17:53:05.436   535   660 D IptablesRestoreController: COMMIT
08-07 17:53:05.437   535   660 D IptablesRestoreController: [iptables debug]iptables-restore execute done, res : 0
08-07 17:53:05.441  7881  7906 W ample.lunchtra: Accessing hidden method Landroid/view/ViewConfiguration;->getDoubleTapMinTime()I (unsupported, reflection, allowed)
08-07 17:53:05.443   628   628 E SurfaceFlinger: Attempt to update InputPolicyFlags without permission ACCESS_SURFACE_FLINGER
08-07 17:53:05.448  7881  7881 W ample.lunchtra: Accessing hidden method Landroid/os/MessageQueue;->next()Landroid/os/Message; (unsupported, reflection, allowed)
08-07 17:53:05.449  7881  7881 W ample.lunchtra: Accessing hidden field Landroid/os/MessageQueue;->mMessages:Landroid/os/Message; (unsupported, reflection, allowed)
08-07 17:53:05.449  7881  7881 W ample.lunchtra: Accessing hidden method Landroid/os/Message;->recycleUnchecked()V (unsupported, reflection, allowed)
08-07 17:53:05.452  7881  7881 W ample.lunchtra: Accessing hidden method Landroid/view/WindowManagerGlobal;->getInstance()Landroid/view/WindowManagerGlobal; (unsupported, reflection, allowed)
08-07 17:53:05.452  7881  7881 W ample.lunchtra: Accessing hidden field Landroid/view/WindowManagerGlobal;->mViews:Ljava/util/ArrayList; (unsupported, reflection, allowed)
08-07 17:53:05.452  7881  7881 W ample.lunchtra: Accessing hidden field Landroid/view/WindowManagerGlobal;->mParams:Ljava/util/ArrayList; (unsupported, reflection, allowed)
08-07 17:53:05.455  7881  7881 I ViewInteraction: Performing 'single click' action on view view.getId() is <2131231138/com.example.lunchtray:id/salad>
08-07 17:53:05.458   952  1526 D InputDispatcher: Inject motion (7881): action=0x0, time=2262178766000000, f=0x0, d=0
08-07 17:53:05.459   952  1207 I InputDispatcher: Delivering touch to (1411): action: 0x4, f=0x0, d=0, '5b03b71', t=0
08-07 17:53:05.459   952  1207 I InputDispatcher: Delivering touch to (7881): action: 0x0, f=0x0, d=0, 'f9c9b8b', t=0
08-07 17:53:05.461  7881  7881 I ViewRootImpl@a7ce52d[FragmentScenario$EmptyFragmentActivity]: ViewPostIme pointer 0
08-07 17:53:05.461  3311  3311 I SemDvfsHyPerManager: acquire hyper - BaseTABoost/3311@22, type = 1090523139
08-07 17:53:05.461  3311  3311 I SemDvfsHyPerManager: acquire hyper - BaseTAToouchBoost/3311@24, type = 1090523139
08-07 17:53:05.462   568   614 I HYPER-HAL: [RequestManager.cpp]acquire(): Acquired ID : 5556133  [3311 / 22]    HINT :      list : [TABoost / 5]
08-07 17:53:05.462   568   614 I HYPER-HAL: [RequestManager.cpp]acquire(): Acquired ID : 5562804  [3311 / 24]    HINT :      list : [TABoost / 20] [TIMEOUT / 1500]
08-07 17:53:05.462   952  1032 I GestureDetector: obtain mCurrentDownEvent. id: -59106721 caller: com.android.server.wm.SystemGesturesPointerEventListener.onPointerEvent:179 com.android.server.wm.PointerEventDispatcher.onInputEvent:71 android.view.InputEventReceiver.dispatchInputEvent:259
08-07 17:53:05.462   952  1032 I GestureDetector: obtain mCurrentDownEvent. id: -59106721 caller: com.android.server.wm.SystemPerformancePointerEventListener.onPointerEvent:89 com.android.server.wm.PointerEventDispatcher.onInputEvent:71 android.view.InputEventReceiver.dispatchInputEvent:259
08-07 17:53:05.470   628  2111 D TimeStats: Cleared global stats
08-07 17:53:05.472   952  3302 W Settings: Setting notification_bubbles has moved from android.provider.Settings.Global to android.provider.Settings.Secure, returning read-only value.
08-07 17:53:05.481   534   541 E statsd  : Predicate 5980654721335871649 dropping data for dimension key (10)0x2010101->10385[I] (10)0x30000->*job*/com.samsung.android.smartsuggestions/.extservice.util.LocalPackageJobService[S]
08-07 17:53:05.482   534   541 E statsd  : Predicate 5980654721335871649 dropping data for dimension key (10)0x2010101->10385[I] (10)0x30000->*job*/com.samsung.android.smartsuggestions/.extservice.util.LocalPackageJobService[S]
08-07 17:53:05.484   534   541 E statsd  : Predicate -7037417284711607308 dropping data for dimension key (10)0x2010101->10041[I] (10)0x30000->IntentOp:.common.broadcast.BackgroundBroadcastReceiverSupport$GmsReceiverIntentOperation[S]
08-07 17:53:05.484   534   541 E statsd  : Predicate 5980654721335871649 dropping data for dimension key (10)0x2010101->10041[I] (10)0x30000->IntentOp:.common.broadcast.BackgroundBroadcastReceiverSupport$GmsReceiverIntentOperation[S]
08-07 17:53:05.485   952  1238 W system_server: Long monitor contention with owner android.bg (1041) at void com.android.server.net.NetworkStatsService.performPoll(int)(NetworkStatsService.java:1513) waiters=0 in void com.android.server.net.NetworkStatsService.setUidForeground(int, boolean) for 160ms
08-07 17:53:05.493  1377  8717 D PhoneInterfaceManager: setDataEnabledForReason() Reason=1 Pid=952 App=system
08-07 17:53:05.494   534   541 E statsd  : Predicate -7037417284711607308 dropping data for dimension key (10)0x2010101->10704[I] (10)0x30000->Icing[S]
08-07 17:53:05.495   534   541 E statsd  : Predicate 5980654721335871649 dropping data for dimension key (10)0x2010101->10704[I] (10)0x30000->Icing[S]
08-07 17:53:05.498   952  3302 D InputDispatcher: Inject motion (7881): action=0x1, time=2262178807000000, f=0x0, d=0
08-07 17:53:05.499   952  1207 I InputDispatcher: Delivering touch to (7881): action: 0x1, f=0x0, d=0, 'f9c9b8b', t=1
08-07 17:53:05.499   952  1032 I GestureDetector: obtain mCurrentMotionEventRaw. action: 1 id: -912364296
08-07 17:53:05.499   952  1032 I GestureDetector: obtain mCurrentMotionEventRaw. action: 1 id: -912364296
08-07 17:53:05.499  7881  7881 I ViewRootImpl@a7ce52d[FragmentScenario$EmptyFragmentActivity]: ViewPostIme pointer 1
08-07 17:53:05.500   534   541 E statsd  : Predicate -7037417284711607308 dropping data for dimension key (10)0x2010101->10704[I] (10)0x30000->Icing[S]
08-07 17:53:05.500   534   541 E statsd  : Predicate 5980654721335871649 dropping data for dimension key (10)0x2010101->10704[I] (10)0x30000->Icing[S]
08-07 17:53:05.500   534   541 E statsd  : Predicate -7037417284711607308 dropping data for dimension key (10)0x2010101->10041[I] (10)0x30000->IntentOp:.common.broadcast.BackgroundBroadcastReceiverSupport$GmsReceiverIntentOperation[S]
08-07 17:53:05.501   534   541 E statsd  : Predicate 5980654721335871649 dropping data for dimension key (10)0x2010101->10041[I] (10)0x30000->IntentOp:.common.broadcast.BackgroundBroadcastReceiverSupport$GmsReceiverIntentOperation[S]
08-07 17:53:05.505   534   541 E statsd  : Predicate -7037417284711607308 dropping data for dimension key (10)0x2010101->10041[I] (10)0x30000->IntentOp:.common.broadcast.BackgroundBroadcastReceiverSupport$GmsReceiverIntentOperation[S]
08-07 17:53:05.505   534   541 E statsd  : Predicate 5980654721335871649 dropping data for dimension key (10)0x2010101->10041[I] (10)0x30000->IntentOp:.common.broadcast.BackgroundBroadcastReceiverSupport$GmsReceiverIntentOperation[S]
08-07 17:53:05.512   568  7934 I HYPER-HAL: [RequestManager.cpp]releaseLocked(): Released ID : 470953
08-07 17:53:05.514   534   541 E statsd  : Predicate -7037417284711607308 dropping data for dimension key (10)0x2010101->10704[I] (10)0x30000->Icing[S]
08-07 17:53:05.515   534   541 E statsd  : Predicate 5980654721335871649 dropping data for dimension key (10)0x2010101->10704[I] (10)0x30000->Icing[S]
08-07 17:53:05.517   534   541 E statsd  : Predicate -7037417284711607308 dropping data for dimension key (10)0x2010101->10704[I] (10)0x30000->Icing[S]
08-07 17:53:05.518   534   541 E statsd  : Predicate 5980654721335871649 dropping data for dimension key (10)0x2010101->10704[I] (10)0x30000->Icing[S]
08-07 17:53:05.519   534   541 E statsd  : Predicate -7037417284711607308 dropping data for dimension key (10)0x2010101->10704[I] (10)0x30000->Icing[S]
08-07 17:53:05.519   534   541 E statsd  : Predicate 5980654721335871649 dropping data for dimension key (10)0x2010101->10704[I] (10)0x30000->Icing[S]
08-07 17:53:05.522   534   541 E statsd  : Predicate -7037417284711607308 dropping data for dimension key (10)0x2010101->10704[I] (10)0x30000->Icing[S]
08-07 17:53:05.523   534   541 E statsd  : Predicate 5980654721335871649 dropping data for dimension key (10)0x2010101->10704[I] (10)0x30000->Icing[S]
08-07 17:53:05.523   534   541 E statsd  : Predicate -7037417284711607308 dropping data for dimension key (10)0x2010101->10704[I] (10)0x30000->Icing[S]
08-07 17:53:05.524   534   541 E statsd  : Predicate 5980654721335871649 dropping data for dimension key (10)0x2010101->10704[I] (10)0x30000->Icing[S]
08-07 17:53:05.525   534   541 E statsd  : Predicate -7037417284711607308 dropping data for dimension key (10)0x2010101->10704[I] (10)0x30000->Icing[S]
08-07 17:53:05.525   534   541 E statsd  : Predicate 5980654721335871649 dropping data for dimension key (10)0x2010101->10704[I] (10)0x30000->Icing[S]
08-07 17:53:05.527   628   628 E SurfaceFlinger: Attempt to update InputPolicyFlags without permission ACCESS_SURFACE_FLINGER
08-07 17:53:05.531   534   541 E statsd  : Predicate -7037417284711607308 dropping data for dimension key (10)0x2010101->10704[I] (10)0x30000->Icing[S]
08-07 17:53:05.531   534   541 E statsd  : Predicate 5980654721335871649 dropping data for dimension key (10)0x2010101->10704[I] (10)0x30000->Icing[S]
08-07 17:53:05.536   534   541 E statsd  : Predicate -7037417284711607308 dropping data for dimension key (10)0x2010101->10704[I] (10)0x30000->Icing[S]
08-07 17:53:05.537   534   541 E statsd  : Predicate 5980654721335871649 dropping data for dimension key (10)0x2010101->10704[I] (10)0x30000->Icing[S]
08-07 17:53:05.543   534   541 E statsd  : Predicate 5980654721335871649 dropping data for dimension key (10)0x2010101->10385[I] (10)0x30000->*job*/com.samsung.android.smartsuggestions/com.samsung.android.app.deepsky.donation.receiver.PackageChangeJobService[S]
08-07 17:53:05.543   628   628 E SurfaceFlinger: Attempt to update InputPolicyFlags without permission ACCESS_SURFACE_FLINGER
08-07 17:53:05.544   534   541 E statsd  : Predicate 5980654721335871649 dropping data for dimension key (10)0x2010101->10385[I] (10)0x30000->*job*/com.samsung.android.smartsuggestions/com.samsung.android.app.deepsky.donation.receiver.PackageChangeJobService[S]
08-07 17:53:05.553   534   541 E statsd  : Predicate 5980654721335871649 dropping data for dimension key (10)0x2010101->10385[I] (10)0x30000->*job*/com.samsung.android.smartsuggestions/com.samsung.android.app.deepsky.donation.receiver.PackageChangeJobService[S]
08-07 17:53:05.554   534   541 E statsd  : Predicate 5980654721335871649 dropping data for dimension key (10)0x2010101->10385[I] (10)0x30000->*job*/com.samsung.android.smartsuggestions/com.samsung.android.app.deepsky.donation.receiver.PackageChangeJobService[S]
08-07 17:53:05.555   534   541 E statsd  : Predicate 5980654721335871649 dropping data for dimension key (10)0x2010101->10385[I] (10)0x30000->*job*/com.samsung.android.smartsuggestions/com.samsung.android.app.deepsky.donation.receiver.PackageChangeJobService[S]
08-07 17:53:05.556   534   541 E statsd  : Predicate 5980654721335871649 dropping data for dimension key (10)0x2010101->10385[I] (10)0x30000->*job*/com.samsung.android.smartsuggestions/com.samsung.android.app.deepsky.donation.receiver.PackageChangeJobService[S]
08-07 17:53:05.560  8863 10899 I FontLog : (REDACTED) Received query %s, URI %s
08-07 17:53:05.560  8863 10899 I FontLog : (REDACTED) Query [%s] resolved to %s
08-07 17:53:05.560   628   628 E SurfaceFlinger: Attempt to update InputPolicyFlags without permission ACCESS_SURFACE_FLINGER
08-07 17:53:05.563  8863 10899 I FontLog : (REDACTED) Fetch %s end status %s
08-07 17:53:05.569  8863 10899 I FontLog : (REDACTED) Pulling font file for id = %d, cache size = %d
08-07 17:53:05.573  8863 10899 I FontLog : (REDACTED) Pulling font file for id = %d, cache size = %d
08-07 17:53:05.576   534   541 E statsd  : Predicate -7037417284711607308 dropping data for dimension key (10)0x2010101->10704[I] (10)0x30000->*launch*[S]
08-07 17:53:05.577   534   541 E statsd  : Predicate 5980654721335871649 dropping data for dimension key (10)0x2010101->10704[I] (10)0x30000->*launch*[S]
08-07 17:53:05.577   628   628 E SurfaceFlinger: Attempt to update InputPolicyFlags without permission ACCESS_SURFACE_FLINGER
08-07 17:53:05.582   952  1157 I SensorService: [REARLIGHT] lux value : 786, code value : 0
08-07 17:53:05.582   534   541 E statsd  : Predicate -7037417284711607308 dropping data for dimension key (10)0x2010101->10704[I] (10)0x30000->*launch*[S]
08-07 17:53:05.583   534   541 E statsd  : Predicate 5980654721335871649 dropping data for dimension key (10)0x2010101->10704[I] (10)0x30000->*launch*[S]
08-07 17:53:05.594   628   628 E SurfaceFlinger: Attempt to update InputPolicyFlags without permission ACCESS_SURFACE_FLINGER
08-07 17:53:05.610   628   628 E SurfaceFlinger: Attempt to update InputPolicyFlags without permission ACCESS_SURFACE_FLINGER
08-07 17:53:05.627   628   628 E SurfaceFlinger: Attempt to update InputPolicyFlags without permission ACCESS_SURFACE_FLINGER
08-07 17:53:05.644   628   628 E SurfaceFlinger: Attempt to update InputPolicyFlags without permission ACCESS_SURFACE_FLINGER
08-07 17:53:05.661   628   628 E SurfaceFlinger: Attempt to update InputPolicyFlags without permission ACCESS_SURFACE_FLINGER
08-07 17:53:05.677   628   628 E SurfaceFlinger: Attempt to update InputPolicyFlags without permission ACCESS_SURFACE_FLINGER
08-07 17:53:05.694   628   628 E SurfaceFlinger: Attempt to update InputPolicyFlags without permission ACCESS_SURFACE_FLINGER
08-07 17:53:05.711   628   628 E SurfaceFlinger: Attempt to update InputPolicyFlags without permission ACCESS_SURFACE_FLINGER
08-07 17:53:05.728   628   628 E SurfaceFlinger: Attempt to update InputPolicyFlags without permission ACCESS_SURFACE_FLINGER
08-07 17:53:05.744   628   628 E SurfaceFlinger: Attempt to update InputPolicyFlags without permission ACCESS_SURFACE_FLINGER
08-07 17:53:05.750   952   971 I system_server: Background concurrent copying GC freed 643379(36MB) AllocSpace objects, 149(6712KB) LOS objects, 13% free, 160MB/184MB, paused 185us,205us total 394.043ms
08-07 17:53:05.751  5104  5104 I dnwd    : onStop
08-07 17:53:05.756   952   973 W System  : A resource failed to call end.
08-07 17:53:05.761   628   628 E SurfaceFlinger: Attempt to update InputPolicyFlags without permission ACCESS_SURFACE_FLINGER
08-07 17:53:05.762   952  1032 I GestureDetector: handleMessage TAP
08-07 17:53:05.762   952   952 I GestureDetector: handleMessage TAP
08-07 17:53:05.768  7881  7881 I ViewInteraction: Checking 'MatchesViewAssertion{viewMatcher=an instance of android.widget.TextView and view.getText() with or without transformation to match: a string containing "Subtotal: 2"}' assertion on view view.getId() is <2131231217/com.example.lunchtray:id/subtotal>
08-07 17:53:05.770  7881  7881 I ViewInteraction: Performing 'single click' action on view view.getId() is <2131231187/com.example.lunchtray:id/soup>
08-07 17:53:05.771   952  3302 D InputDispatcher: Inject motion (7881): action=0x0, time=2262179080000000, f=0x0, d=0
08-07 17:53:05.772   952  1207 I InputDispatcher: Delivering touch to (1411): action: 0x4, f=0x0, d=0, '5b03b71', t=0
08-07 17:53:05.772   952  1207 I InputDispatcher: Delivering touch to (7881): action: 0x0, f=0x0, d=0, 'f9c9b8b', t=0
08-07 17:53:05.772  7881  7881 I ViewRootImpl@a7ce52d[FragmentScenario$EmptyFragmentActivity]: ViewPostIme pointer 0
08-07 17:53:05.772   952  1032 I GestureDetector: obtain mCurrentDownEvent. id: -158532747 caller: com.android.server.wm.SystemGesturesPointerEventListener.onPointerEvent:179 com.android.server.wm.PointerEventDispatcher.onInputEvent:71 android.view.InputEventReceiver.dispatchInputEvent:259
08-07 17:53:05.773   952  1032 I GestureDetector: obtain mCurrentDownEvent. id: -158532747 caller: com.android.server.wm.SystemPerformancePointerEventListener.onPointerEvent:89 com.android.server.wm.PointerEventDispatcher.onInputEvent:71 android.view.InputEventReceiver.dispatchInputEvent:259
08-07 17:53:05.773  3311  3311 I SemDvfsHyPerManager: acquire hyper - BaseTABoost/3311@22, type = 1090523139
08-07 17:53:05.773  3311  3311 I SemDvfsHyPerManager: acquire hyper - BaseTAToouchBoost/3311@24, type = 1090523139
08-07 17:53:05.773   568   614 I HYPER-HAL: [RequestManager.cpp]acquire(): Acquired ID : 5556133  [3311 / 22]    HINT :      list : [TABoost / 5]
08-07 17:53:05.773   568   614 I HYPER-HAL: [RequestManager.cpp]acquire(): Acquired ID : 5562804  [3311 / 24]    HINT :      list : [TABoost / 20] [TIMEOUT / 1500]
08-07 17:53:05.778   628   628 E SurfaceFlinger: Attempt to update InputPolicyFlags without permission ACCESS_SURFACE_FLINGER
08-07 17:53:05.794   628   628 E SurfaceFlinger: Attempt to update InputPolicyFlags without permission ACCESS_SURFACE_FLINGER
08-07 17:53:05.811   628   628 E SurfaceFlinger: Attempt to update InputPolicyFlags without permission ACCESS_SURFACE_FLINGER
08-07 17:53:05.814   952  3302 D InputDispatcher: Inject motion (7881): action=0x1, time=2262179123000000, f=0x0, d=0
08-07 17:53:05.814   952  1207 I InputDispatcher: Delivering touch to (7881): action: 0x1, f=0x0, d=0, 'f9c9b8b', t=1
08-07 17:53:05.815  7881  7881 I ViewRootImpl@a7ce52d[FragmentScenario$EmptyFragmentActivity]: ViewPostIme pointer 1
08-07 17:53:05.815   952  1032 I GestureDetector: obtain mCurrentMotionEventRaw. action: 1 id: -270814668
08-07 17:53:05.815   952  1032 I GestureDetector: obtain mCurrentMotionEventRaw. action: 1 id: -270814668
08-07 17:53:05.845   628   628 E SurfaceFlinger: Attempt to update InputPolicyFlags without permission ACCESS_SURFACE_FLINGER
08-07 17:53:05.883   952  1307 D SemNscXgbMsL1: Probability - Cloud gaming: [0.12973577]
08-07 17:53:05.884   952  1307 D SemNscXgbMsL1: Probability - Real time: [0.065643705]
08-07 17:53:05.884   952  1307 D SemNscXgbMsL1: Probability - Non real time: [0.92332214]
08-07 17:53:05.884   952  1307 D SemNscXgbMsL1: 1 sample inference time: 0.212654 msecs
08-07 17:53:05.884   952  1307 D SemNscXgbL2Rt: L2 RT 1 sample inference time: 0.423654 msecs
08-07 17:53:05.884   952  1307 D SemNscXgbL2Nrt: L2 NRT 1 sample inference time: 0.384693 msecs
08-07 17:53:05.895   628   628 E SurfaceFlinger: Attempt to update InputPolicyFlags without permission ACCESS_SURFACE_FLINGER
08-07 17:53:05.912   628   628 E SurfaceFlinger: Attempt to update InputPolicyFlags without permission ACCESS_SURFACE_FLINGER
08-07 17:53:05.920   568  7911 I HYPER-HAL: [RequestManager.cpp]releaseLocked(): Released ID : 469982
08-07 17:53:05.930   628   628 E SurfaceFlinger: Attempt to update InputPolicyFlags without permission ACCESS_SURFACE_FLINGER
08-07 17:53:05.947   628   628 E SurfaceFlinger: Attempt to update InputPolicyFlags without permission ACCESS_SURFACE_FLINGER
08-07 17:53:05.964   628   628 E SurfaceFlinger: Attempt to update InputPolicyFlags without permission ACCESS_SURFACE_FLINGER
08-07 17:53:05.980   628   628 E SurfaceFlinger: Attempt to update InputPolicyFlags without permission ACCESS_SURFACE_FLINGER
08-07 17:53:05.996   628   628 E SurfaceFlinger: Attempt to update InputPolicyFlags without permission ACCESS_SURFACE_FLINGER
08-07 17:53:06.013   628   628 E SurfaceFlinger: Attempt to update InputPolicyFlags without permission ACCESS_SURFACE_FLINGER
08-07 17:53:06.030   628   628 E SurfaceFlinger: Attempt to update InputPolicyFlags without permission ACCESS_SURFACE_FLINGER
08-07 17:53:06.047   628   628 E SurfaceFlinger: Attempt to update InputPolicyFlags without permission ACCESS_SURFACE_FLINGER
08-07 17:53:06.063   628   628 E SurfaceFlinger: Attempt to update InputPolicyFlags without permission ACCESS_SURFACE_FLINGER
08-07 17:53:06.072   952   952 I GestureDetector: handleMessage TAP
08-07 17:53:06.073   952  1032 I GestureDetector: handleMessage TAP
08-07 17:53:06.080   628   628 E SurfaceFlinger: Attempt to update InputPolicyFlags without permission ACCESS_SURFACE_FLINGER
08-07 17:53:06.097   628   628 E SurfaceFlinger: Attempt to update InputPolicyFlags without permission ACCESS_SURFACE_FLINGER
08-07 17:53:06.114   628   628 E SurfaceFlinger: Attempt to update InputPolicyFlags without permission ACCESS_SURFACE_FLINGER
08-07 17:53:06.119  7881  7881 I ViewInteraction: Checking 'MatchesViewAssertion{viewMatcher=an instance of android.widget.TextView and view.getText() with or without transformation to match: a string containing "Subtotal: 3"}' assertion on view view.getId() is <2131231217/com.example.lunchtray:id/subtotal>
08-07 17:53:06.123  7881  7881 I ViewInteraction: Performing 'single click' action on view view.getId() is <2131231121/com.example.lunchtray:id/potatoes>
08-07 17:53:06.125   952  3302 D InputDispatcher: Inject motion (7881): action=0x0, time=2262179433000000, f=0x0, d=0
08-07 17:53:06.127   952  1207 I InputDispatcher: Delivering touch to (1411): action: 0x4, f=0x0, d=0, '5b03b71', t=0
08-07 17:53:06.127   952  1207 I InputDispatcher: Delivering touch to (7881): action: 0x0, f=0x0, d=0, 'f9c9b8b', t=0
08-07 17:53:06.128  7881  7881 I ViewRootImpl@a7ce52d[FragmentScenario$EmptyFragmentActivity]: ViewPostIme pointer 0
08-07 17:53:06.128   952  1032 I GestureDetector: obtain mCurrentDownEvent. id: -764361943 caller: com.android.server.wm.SystemGesturesPointerEventListener.onPointerEvent:179 com.android.server.wm.PointerEventDispatcher.onInputEvent:71 android.view.InputEventReceiver.dispatchInputEvent:259
08-07 17:53:06.129   952  1032 I GestureDetector: obtain mCurrentDownEvent. id: -764361943 caller: com.android.server.wm.SystemPerformancePointerEventListener.onPointerEvent:89 com.android.server.wm.PointerEventDispatcher.onInputEvent:71 android.view.InputEventReceiver.dispatchInputEvent:259
08-07 17:53:06.129  3311  3311 I SemDvfsHyPerManager: acquire hyper - BaseTABoost/3311@22, type = 1090523139
08-07 17:53:06.130  3311  3311 I SemDvfsHyPerManager: acquire hyper - BaseTAToouchBoost/3311@24, type = 1090523139
08-07 17:53:06.130   568   614 I HYPER-HAL: [RequestManager.cpp]acquire(): Acquired ID : 5556133  [3311 / 22]    HINT :      list : [TABoost / 5]
08-07 17:53:06.131   568   614 I HYPER-HAL: [RequestManager.cpp]acquire(): Acquired ID : 5562804  [3311 / 24]    HINT :      list : [TABoost / 20] [TIMEOUT / 1500]
08-07 17:53:06.131   628   628 E SurfaceFlinger: Attempt to update InputPolicyFlags without permission ACCESS_SURFACE_FLINGER
08-07 17:53:06.148   628   628 E SurfaceFlinger: Attempt to update InputPolicyFlags without permission ACCESS_SURFACE_FLINGER
08-07 17:53:06.165   952  3302 D InputDispatcher: Inject motion (7881): action=0x1, time=2262179473000000, f=0x0, d=0
08-07 17:53:06.165   628   628 E SurfaceFlinger: Attempt to update InputPolicyFlags without permission ACCESS_SURFACE_FLINGER
08-07 17:53:06.166   952  1207 I InputDispatcher: Delivering touch to (7881): action: 0x1, f=0x0, d=0, 'f9c9b8b', t=1
08-07 17:53:06.166  7881  7881 I ViewRootImpl@a7ce52d[FragmentScenario$EmptyFragmentActivity]: ViewPostIme pointer 1
08-07 17:53:06.167   952  1032 I GestureDetector: obtain mCurrentMotionEventRaw. action: 1 id: -387878818
08-07 17:53:06.167   952  1032 I GestureDetector: obtain mCurrentMotionEventRaw. action: 1 id: -387878818
08-07 17:53:06.181   628   628 E SurfaceFlinger: Attempt to update InputPolicyFlags without permission ACCESS_SURFACE_FLINGER
08-07 17:53:06.198   628   628 E SurfaceFlinger: Attempt to update InputPolicyFlags without permission ACCESS_SURFACE_FLINGER
08-07 17:53:06.214   628   628 E SurfaceFlinger: Attempt to update InputPolicyFlags without permission ACCESS_SURFACE_FLINGER
08-07 17:53:06.231   628   628 E SurfaceFlinger: Attempt to update InputPolicyFlags without permission ACCESS_SURFACE_FLINGER
08-07 17:53:06.248   628   628 E SurfaceFlinger: Attempt to update InputPolicyFlags without permission ACCESS_SURFACE_FLINGER
08-07 17:53:06.263   628   628 E SurfaceFlinger: Attempt to update InputPolicyFlags without permission ACCESS_SURFACE_FLINGER
08-07 17:53:06.280   628   628 E SurfaceFlinger: Attempt to update InputPolicyFlags without permission ACCESS_SURFACE_FLINGER
08-07 17:53:06.297   628   628 E SurfaceFlinger: Attempt to update InputPolicyFlags without permission ACCESS_SURFACE_FLINGER
08-07 17:53:06.314   628   628 E SurfaceFlinger: Attempt to update InputPolicyFlags without permission ACCESS_SURFACE_FLINGER
08-07 17:53:06.331   628   628 E SurfaceFlinger: Attempt to update InputPolicyFlags without permission ACCESS_SURFACE_FLINGER
08-07 17:53:06.347   628   628 E SurfaceFlinger: Attempt to update InputPolicyFlags without permission ACCESS_SURFACE_FLINGER
08-07 17:53:06.364   628   628 E SurfaceFlinger: Attempt to update InputPolicyFlags without permission ACCESS_SURFACE_FLINGER
08-07 17:53:06.381   628   628 E SurfaceFlinger: Attempt to update InputPolicyFlags without permission ACCESS_SURFACE_FLINGER
08-07 17:53:06.391   952  1307 D SemNscXgbMsL1: Probability - Cloud gaming: [0.19470847]
08-07 17:53:06.392   952  1307 D SemNscXgbMsL1: Probability - Real time: [0.062462777]
08-07 17:53:06.392   952  1307 D SemNscXgbMsL1: Probability - Non real time: [0.9497182]
08-07 17:53:06.392   952  1307 D SemNscXgbMsL1: 1 sample inference time: 1.036615 msecs
08-07 17:53:06.393   952  1307 D SemNscXgbL2Rt: L2 RT 1 sample inference time: 1.438192 msecs
08-07 17:53:06.395   952  1307 D SemNscXgbL2Nrt: L2 NRT 1 sample inference time: 1.202577 msecs
08-07 17:53:06.398   628   628 E SurfaceFlinger: Attempt to update InputPolicyFlags without permission ACCESS_SURFACE_FLINGER
08-07 17:53:06.404   568  7910 I HYPER-HAL: [RequestManager.cpp]releaseLocked(): Released ID : 5526163
08-07 17:53:06.414   628   628 E SurfaceFlinger: Attempt to update InputPolicyFlags without permission ACCESS_SURFACE_FLINGER
08-07 17:53:06.429   952   952 I GestureDetector: handleMessage TAP
08-07 17:53:06.430   952  1032 I GestureDetector: handleMessage TAP
08-07 17:53:06.431   628   628 E SurfaceFlinger: Attempt to update InputPolicyFlags without permission ACCESS_SURFACE_FLINGER
08-07 17:53:06.435  7881  7881 I ViewInteraction: Checking 'MatchesViewAssertion{viewMatcher=an instance of android.widget.TextView and view.getText() with or without transformation to match: a string containing "Subtotal: 2"}' assertion on view view.getId() is <2131231217/com.example.lunchtray:id/subtotal>
08-07 17:53:06.439  7881  7881 I ViewInteraction: Performing 'single click' action on view view.getId() is <2131231128/com.example.lunchtray:id/rice>
08-07 17:53:06.442   952  3302 D InputDispatcher: Inject motion (7881): action=0x0, time=2262179750000000, f=0x0, d=0
08-07 17:53:06.442   952  1207 I InputDispatcher: Delivering touch to (1411): action: 0x4, f=0x0, d=0, '5b03b71', t=0
08-07 17:53:06.443   952  1207 I InputDispatcher: Delivering touch to (7881): action: 0x0, f=0x0, d=0, 'f9c9b8b', t=0
08-07 17:53:06.443  7881  7881 I ViewRootImpl@a7ce52d[FragmentScenario$EmptyFragmentActivity]: ViewPostIme pointer 0
08-07 17:53:06.444   952  1032 I GestureDetector: obtain mCurrentDownEvent. id: -168728752 caller: com.android.server.wm.SystemGesturesPointerEventListener.onPointerEvent:179 com.android.server.wm.PointerEventDispatcher.onInputEvent:71 android.view.InputEventReceiver.dispatchInputEvent:259
08-07 17:53:06.445   952  1032 I GestureDetector: obtain mCurrentDownEvent. id: -168728752 caller: com.android.server.wm.SystemPerformancePointerEventListener.onPointerEvent:89 com.android.server.wm.PointerEventDispatcher.onInputEvent:71 android.view.InputEventReceiver.dispatchInputEvent:259
08-07 17:53:06.445  3311  3311 I SemDvfsHyPerManager: acquire hyper - BaseTABoost/3311@22, type = 1090523139
08-07 17:53:06.445  3311  3311 I SemDvfsHyPerManager: acquire hyper - BaseTAToouchBoost/3311@24, type = 1090523139
08-07 17:53:06.446   568   614 I HYPER-HAL: [RequestManager.cpp]acquire(): Acquired ID : 5556133  [3311 / 22]    HINT :      list : [TABoost / 5]
08-07 17:53:06.446   568   614 I HYPER-HAL: [RequestManager.cpp]acquire(): Acquired ID : 5562804  [3311 / 24]    HINT :      list : [TABoost / 20] [TIMEOUT / 1500]
08-07 17:53:06.448   628   628 E SurfaceFlinger: Attempt to update InputPolicyFlags without permission ACCESS_SURFACE_FLINGER
08-07 17:53:06.465   628   628 E SurfaceFlinger: Attempt to update InputPolicyFlags without permission ACCESS_SURFACE_FLINGER
08-07 17:53:06.481   628   628 E SurfaceFlinger: Attempt to update InputPolicyFlags without permission ACCESS_SURFACE_FLINGER
08-07 17:53:06.483   952  3302 D InputDispatcher: Inject motion (7881): action=0x1, time=2262179792000000, f=0x0, d=0
08-07 17:53:06.484   952  1207 I InputDispatcher: Delivering touch to (7881): action: 0x1, f=0x0, d=0, 'f9c9b8b', t=1
08-07 17:53:06.484  7881  7881 I ViewRootImpl@a7ce52d[FragmentScenario$EmptyFragmentActivity]: ViewPostIme pointer 1
08-07 17:53:06.485   952  1032 I GestureDetector: obtain mCurrentMotionEventRaw. action: 1 id: -1032548597
08-07 17:53:06.485   952  1032 I GestureDetector: obtain mCurrentMotionEventRaw. action: 1 id: -1032548597
08-07 17:53:06.498   628   628 E SurfaceFlinger: Attempt to update InputPolicyFlags without permission ACCESS_SURFACE_FLINGER
08-07 17:53:06.515   628   628 E SurfaceFlinger: Attempt to update InputPolicyFlags without permission ACCESS_SURFACE_FLINGER
