08-07 17:53:12.802   952  1409 D InputDispatcher: Inject motion (7881): action=0x1, time=2262186111000000, f=0x0, d=0
08-07 17:53:12.803   952  1207 I InputDispatcher: Delivering touch to (7881): action: 0x1, f=0x0, d=0, 'b14f8d8', t=1
08-07 17:53:12.803  7881  7881 I ViewRootImpl@3c912ad[MainActivity]: ViewPostIme pointer 1
08-07 17:53:12.804   952  1032 I GestureDetector: obtain mCurrentMotionEventRaw. action: 1 id: -180448050
08-07 17:53:12.804   952  1032 I GestureDetector: obtain mCurrentMotionEventRaw. action: 1 id: -180448050
08-07 17:53:12.804  3311  3311 I SemDvfsHyPerManager: acquire hyper - BaseTABoost/3311@22, type = 1090523139
08-07 17:53:12.805  3311  3311 I SemDvfsHyPerManager: acquire hyper - BaseTAToouchBoost/3311@24, type = 1090523139
08-07 17:53:12.805   568   614 I HYPER-HAL: [RequestManager.cpp]acquire(): Acquired ID : 5556133  [3311 / 22]    HINT :      list : [TABoost / 5]
08-07 17:53:12.805   568   614 I HYPER-HAL: [RequestManager.cpp]acquire(): Acquired ID : 5562804  [3311 / 24]    HINT :      list : [TABoost / 20] [TIMEOUT / 1500]
08-07 17:53:12.827   628   628 E SurfaceFlinger: Attempt to update InputPolicyFlags without permission ACCESS_SURFACE_FLINGER
08-07 17:53:12.843   628   628 E SurfaceFlinger: Attempt to update InputPolicyFlags without permission ACCESS_SURFACE_FLINGER
08-07 17:53:12.860   628   628 E SurfaceFlinger: Attempt to update InputPolicyFlags without permission ACCESS_SURFACE_FLINGER
08-07 17:53:12.877   628   628 E SurfaceFlinger: Attempt to update InputPolicyFlags without permission ACCESS_SURFACE_FLINGER
08-07 17:53:12.894   628   628 E SurfaceFlinger: Attempt to update InputPolicyFlags without permission ACCESS_SURFACE_FLINGER
08-07 17:53:12.911   628   628 E SurfaceFlinger: Attempt to update InputPolicyFlags without permission ACCESS_SURFACE_FLINGER
08-07 17:53:12.927   628   628 E SurfaceFlinger: Attempt to update InputPolicyFlags without permission ACCESS_SURFACE_FLINGER
08-07 17:53:12.944   628   628 E SurfaceFlinger: Attempt to update InputPolicyFlags without permission ACCESS_SURFACE_FLINGER
08-07 17:53:12.956   952  1307 D SemNscXgbMsL1: Probability - Cloud gaming: [0.052532163]
08-07 17:53:12.956   952  1307 D SemNscXgbMsL1: Probability - Real time: [0.12781861]
08-07 17:53:12.957   952  1307 D SemNscXgbMsL1: Probability - Non real time: [0.88039565]
08-07 17:53:12.957   952  1307 D SemNscXgbMsL1: 1 sample inference time: 1.104693 msecs
08-07 17:53:12.959   952  1307 D SemNscXgbL2Rt: L2 RT 1 sample inference time: 2.115077 msecs
08-07 17:53:12.961   952  1307 D SemNscXgbL2Nrt: L2 NRT 1 sample inference time: 1.584346 msecs
08-07 17:53:12.961   628   628 E SurfaceFlinger: Attempt to update InputPolicyFlags without permission ACCESS_SURFACE_FLINGER
08-07 17:53:12.978   628   628 E SurfaceFlinger: Attempt to update InputPolicyFlags without permission ACCESS_SURFACE_FLINGER
08-07 17:53:12.994   628   628 E SurfaceFlinger: Attempt to update InputPolicyFlags without permission ACCESS_SURFACE_FLINGER
08-07 17:53:13.011   628   628 E SurfaceFlinger: Attempt to update InputPolicyFlags without permission ACCESS_SURFACE_FLINGER
08-07 17:53:13.028   628   628 E SurfaceFlinger: Attempt to update InputPolicyFlags without permission ACCESS_SURFACE_FLINGER
08-07 17:53:13.039   628  2718 I SurfaceFlinger: [SEC_SF_EFFECTS] [capture x2 ]: captureDisplay(): size 1080 x 2280, raSourceCrop [0 0 1080 2280] 1080 x 2280
08-07 17:53:13.050   628   628 E SurfaceFlinger: Attempt to update InputPolicyFlags without permission ACCESS_SURFACE_FLINGER
08-07 17:53:13.052   952  9601 D system_server: mAFPC_Read - w = 1080, h = 2280, s = 8, f = 4, s_size = 9922560, luminance = 230, count = 1030, captureOrientation = 0
08-07 17:53:13.062   628   628 E SurfaceFlinger: Attempt to update InputPolicyFlags without permission ACCESS_SURFACE_FLINGER
08-07 17:53:13.064  7881  7881 I ViewInteraction: Checking 'MatchesViewAssertion{viewMatcher=an instance of android.widget.TextView and view.getText() with or without transformation to match: a string containing "Subtotal: 10"}' assertion on view view.getId() is <2131231217/com.example.lunchtray:id/subtotal>
08-07 17:53:13.065  7881  7881 I ViewInteraction: Performing 'single click' action on view view.getId() is <2131231081/com.example.lunchtray:id/next_button>
08-07 17:53:13.078   628   628 E SurfaceFlinger: Attempt to update InputPolicyFlags without permission ACCESS_SURFACE_FLINGER
08-07 17:53:13.080   952  1409 D InputDispatcher: Inject motion (7881): action=0x0, time=2262186376000000, f=0x0, d=0
08-07 17:53:13.081   952  1207 I InputDispatcher: Delivering touch to (1411): action: 0x4, f=0x0, d=0, '5b03b71', t=0
08-07 17:53:13.081   952  1207 I InputDispatcher: Delivering touch to (7881): action: 0x0, f=0x0, d=0, 'b14f8d8', t=0
08-07 17:53:13.081  7881  7881 I ViewRootImpl@3c912ad[MainActivity]: ViewPostIme pointer 0
08-07 17:53:13.082   952  1032 I GestureDetector: obtain mCurrentDownEvent. id: -77871752 caller: com.android.server.wm.SystemGesturesPointerEventListener.onPointerEvent:179 com.android.server.wm.PointerEventDispatcher.onInputEvent:71 android.view.InputEventReceiver.dispatchInputEvent:259
08-07 17:53:13.082   952  1032 I GestureDetector: obtain mCurrentDownEvent. id: -77871752 caller: com.android.server.wm.SystemPerformancePointerEventListener.onPointerEvent:89 com.android.server.wm.PointerEventDispatcher.onInputEvent:71 android.view.InputEventReceiver.dispatchInputEvent:259
08-07 17:53:13.083  3311  3311 I SemDvfsHyPerManager: acquire hyper - BaseTABoost/3311@22, type = 1090523139
08-07 17:53:13.083  3311  3311 I SemDvfsHyPerManager: acquire hyper - BaseTAToouchBoost/3311@24, type = 1090523139
08-07 17:53:13.083   568   614 I HYPER-HAL: [RequestManager.cpp]acquire(): Acquired ID : 5556133  [3311 / 22]    HINT :      list : [TABoost / 5]
08-07 17:53:13.083   568   614 I HYPER-HAL: [RequestManager.cpp]acquire(): Acquired ID : 5562804  [3311 / 24]    HINT :      list : [TABoost / 20] [TIMEOUT / 1500]
08-07 17:53:13.095   628   628 E SurfaceFlinger: Attempt to update InputPolicyFlags without permission ACCESS_SURFACE_FLINGER
08-07 17:53:13.108   952  1409 D InputDispatcher: Inject motion (7881): action=0x1, time=2262186416000000, f=0x0, d=0
08-07 17:53:13.108   952  1207 I InputDispatcher: Delivering touch to (7881): action: 0x1, f=0x0, d=0, 'b14f8d8', t=1
08-07 17:53:13.108  7881  7881 I ViewRootImpl@3c912ad[MainActivity]: ViewPostIme pointer 1
08-07 17:53:13.111   628   628 E SurfaceFlinger: Attempt to update InputPolicyFlags without permission ACCESS_SURFACE_FLINGER
08-07 17:53:13.120  7881  7881 D ScrollView: initGoToTop
08-07 17:53:13.128   628   628 E SurfaceFlinger: Attempt to update InputPolicyFlags without permission ACCESS_SURFACE_FLINGER
08-07 17:53:13.131   952  1032 I GestureDetector: obtain mCurrentMotionEventRaw. action: 1 id: -822923779
08-07 17:53:13.131   952  1032 I GestureDetector: obtain mCurrentMotionEventRaw. action: 1 id: -822923779
08-07 17:53:13.145   628   628 E SurfaceFlinger: Attempt to update InputPolicyFlags without permission ACCESS_SURFACE_FLINGER
08-07 17:53:13.148  7881  7881 D ScrollView:  onsize change changed
08-07 17:53:13.162   628   628 E SurfaceFlinger: Attempt to update InputPolicyFlags without permission ACCESS_SURFACE_FLINGER
08-07 17:53:13.179   628   628 E SurfaceFlinger: Attempt to update InputPolicyFlags without permission ACCESS_SURFACE_FLINGER
08-07 17:53:13.376  7881  7881 I ViewInteraction: Checking 'MatchesViewAssertion{viewMatcher=an instance of android.widget.TextView and view.getText() with or without transformation to match: a string containing "Subtotal: 10"}' assertion on view view.getId() is <2131231217/com.example.lunchtray:id/subtotal>
08-07 17:53:13.377  7881  7906 I TestRunner: finished: subtotal_updates_in_full_order_flow(com.example.lunchtray.OrderFunctionalityTests)
