08-07 17:53:07.593   952  3366 V WindowManager:   pfl=36000010
08-07 17:53:07.593   952  3366 V WindowManager:   bhv=DEFAULT
08-07 17:53:07.593   952  3366 V WindowManager:   fitSides= naviIconColor=0}
08-07 17:53:07.594  1411  1558 I ViewRootImpl@7be0951[lunchtray]: Relayout returned: old=(0,0,1080,2280) new=(0,0,1080,2280) req=(1080,2280)8 dur=3 res=0x5 s={false 0} ch=true fn=5
08-07 17:53:07.595  1411  1558 I ViewRootImpl@7be0951[lunchtray]: dispatchDetachedFromWindow
08-07 17:53:07.595   952  3368 D InputTransport: Input channel destroyed: '410b165', fd=1713
08-07 17:53:07.595   952  3368 W InputManager-JNI: Input channel object '410b165 Splash Screen com.example.lunchtray (client)' was disposed without first being removed with the input manager!
08-07 17:53:07.595   952  3368 D InputTransport: Input channel destroyed: '410b165', fd=1763
08-07 17:53:07.597  1411  1558 D InputTransport: Input channel destroyed: '410b165', fd=212
08-07 17:53:07.602   568  7950 I HYPER-HAL: [RequestManager.cpp]releaseLocked(): Released ID : 473872
08-07 17:53:07.603   628   628 I Layer   : id=624626 removeFromCurrentState Surface(name=9c00d76 com.example.lunchtray/com.example.lunchtray.MainActivity)/@0xe21466f - animation-leash of starting_reveal#0 (130)
08-07 17:53:07.604  2001  2001 I ViewRootImpl@67bf432[LauncherActivity]: handleAppVisibility mAppVisible=true visible=false
08-07 17:53:07.605  1411  2682 D WallpaperService: dispatchAppVisibility onVisibilityChanged(): false
08-07 17:53:07.605  1411  1411 D WallpaperService: reportVisibility onVisibilityChanged visible: false
08-07 17:53:07.605  1411  1635 I ImageWallpaper:  onVisibilityChanged false , 0
08-07 17:53:07.608   628   628 D SurfaceFlinger: Display 0 HWC layers:
08-07 17:53:07.608   628   628 D SurfaceFlinger:      DEVICE | 0x78e3e0e2d0 | 0102 | RGBA_8888    |    0.0    0.0 1080.0 2280.0 |    0    0 1080 2280 | com.example.lunchtray/com.example.lunchtray.MainActivity$_7881#0
08-07 17:53:07.608   628   628 D SurfaceFlinger:      DEVICE | 0x78e3e20cf0 | 0100 | RGBA_8888    |    0.0    0.0 1080.0 2280.0 |    0    0 1080 2280 | Splash Screen com.example.lunchtray$_1411#0
08-07 17:53:07.608   628   628 D SurfaceFlinger:      DEVICE | 0x78e3e110f0 | 0100 | RGBA_8888    |    0.0    0.0 1080.0  112.0 |    0    0 1080  112 | StatusBar$_1411#0
08-07 17:53:07.608   628   628 D SurfaceFlinger:      DEVICE | 0x78e3e1bd10 | 0100 | RGBA_8888    |    0.0    0.0   67.0  457.0 |    0  410   67  867 | com.samsung.android.app.cocktailbars[...]arservice.CocktailBarService$_8085#0
08-07 17:53:07.608   628   628 D SurfaceFlinger:      DEVICE | 0x78e3e02930 | 0100 | RGBA_8888    |    0.0    0.0 1080.0  126.0 |    0 2154 1080 2280 | NavigationBar0$_1411#0
08-07 17:53:07.608   628   628 D SurfaceFlinger:
08-07 17:53:07.620   628   628 I Layer   : id=624617 removeFromCurrentState Surface(name=Task=1)/@0x71397ea - animation-leash of app_transition#0 (130)
08-07 17:53:07.620   628   628 E SurfaceFlinger: Attempt to update InputPolicyFlags without permission ACCESS_SURFACE_FLINGER
08-07 17:53:07.620   628   628 I SurfaceFlinger: id=624617 Removed Surface(name=Task=1)/@0x71397ea - animation-leash of app_transition#0 (130)
08-07 17:53:07.620   628   628 I Layer   : id=624617 Destroyed Surface(name=Task=1)/@0x71397ea - animation-leash of app_transition#0
08-07 17:53:07.624   952  3368 V WindowManager: Relayout Window{72e35ce u0 com.sec.android.app.launcher/com.sec.android.app.launcher.activities.LauncherActivity}: viewVisibility=8 req=1080x2280 d0
08-07 17:53:07.626  7881  7881 D LifecycleMonitor: Lifecycle status change: androidx.test.core.app.InstrumentationActivityInvoker$BootstrapActivity@200a1fb in: STOPPED
08-07 17:53:07.627  7881  7881 V ActivityScenario: Activity lifecycle changed event received but ignored because the intent does not match. startActivityIntent=Intent { act=android.intent.action.MAIN cat=[android.intent.category.LAUNCHER] cmp=com.example.lunchtray/.MainActivity }, activity.getIntent()=Intent { act=android.intent.action.MAIN cat=[android.intent.category.LAUNCHER] flg=0x10008000 cmp=com.example.lunchtray/androidx.test.core.app.InstrumentationActivityInvoker$BootstrapActivity (has extras) }, activity=androidx.test.core.app.InstrumentationActivityInvoker$BootstrapActivity@200a1fb
08-07 17:53:07.627   952  3368 V WindowManager: Relayout hash=72e35ce, pid=2001: mAttrs={(0,0)(fillxfill) sim={adjust=nothing} layoutInDisplayCutoutMode=shortEdges ty=BASE_APPLICATION fmt=TRANSPARENT wanim=0x10302f2
08-07 17:53:07.627   952  3368 V WindowManager:   fl=81910100
08-07 17:53:07.627   952  3368 V WindowManager:   pfl=1e020040
08-07 17:53:07.627   952  3368 V WindowManager:   vsysui=1700
08-07 17:53:07.627   952  3368 V WindowManager:   apr=LIGHT_STATUS_BARS LIGHT_NAVIGATION_BARS
08-07 17:53:07.627   952  3368 V WindowManager:   bhv=SHOW_TRANSIENT_BARS_BY_SWIPE
08-07 17:53:07.627   952  3368 V WindowManager:   fitSides= naviIconColor=0}
08-07 17:53:07.628  2001  2001 I ViewRootImpl@67bf432[LauncherActivity]: Relayout returned: old=(0,0,1080,2280) new=(0,0,1080,2280) req=(1080,2280)8 dur=4 res=0x5 s={false 0} ch=true fn=19
08-07 17:53:07.628  2001  2001 I ViewRootImpl@67bf432[LauncherActivity]: stopped(true) old=false
08-07 17:53:07.629  2001  2001 I BaseActivity: removeActivityFlags, flags : 17
08-07 17:53:07.629  2001  2001 I StateManager: goToState isInState Normal
08-07 17:53:07.629  2001  2001 W LauncherAppWidgetHost: setShouldListenFlag, mFlags:7 flag:start on:false isFront:false
08-07 17:53:07.629  2001  2079 I IMM_LC  : hsifw() - flags=0, caller=android.view.inputmethod.InputMethodManager.hideSoftInputFromWindow:1858 android.view.inputmethod.InputMethodManager.hideSoftInputFromWindow:1827 com.android.launcher3.util.UiThreadHelper$UiCallbacks.handleMessage:103 android.os.Handler.dispatchMessage:102 android.os.Looper.loopOnce:226
08-07 17:53:07.629   952  3366 I AppWidgetServiceImpl: stopListening callbacks : null
08-07 17:53:07.629  2001  2079 I IMM_LC  : hideSoftInputFromWindow - mService.hideSoftInput
08-07 17:53:07.630  2001  2001 W LauncherAppWidgetHost: stopListening, mFlags:2 isFront:false
08-07 17:53:07.630  2001  2001 W Launcher.NotificationListener: removeNotificationsChangedListener
08-07 17:53:07.630  2001  2001 I BadgeCountUpdaterImpl: onNotificationsChangedDisConnected
08-07 17:53:07.630  2001  2001 I Launcher.NotificationListener: unregisterObserver, this is not notificationService!!
08-07 17:53:07.630   952  3366 D InputDispatcher: Inject motion (7881): action=0x1, time=2262180939000000, f=0x0, d=0
08-07 17:53:07.630  2001  2079 I LiveIconUpdateEventHandler: LiveIcon onStop
08-07 17:53:07.630   952  1207 I InputDispatcher: Delivering touch to (7881): action: 0x1, f=0x0, d=0, '9c00d76', t=1
08-07 17:53:07.631   952  1032 I GestureDetector: obtain mCurrentMotionEventRaw. action: 1 id: -690070038
08-07 17:53:07.631  2001  2079 I LiveIconUpdateEventHandler: cancelMinuteChangeAlarm
08-07 17:53:07.631   952  1032 I GestureDetector: obtain mCurrentMotionEventRaw. action: 1 id: -690070038
08-07 17:53:07.631  7881  7881 I ViewRootImpl@d3f350c[MainActivity]: ViewPostIme pointer 1
08-07 17:53:07.632  2001  2079 I LiveIconUpdateEventHandler: cancelDateChangeAlarm
08-07 17:53:07.637   628   628 I Layer   : id=624618 removeFromCurrentState Surface(name=Task=8206)/@0x232724 - animation-leash of app_transition#0 (129)
08-07 17:53:07.637   628   628 E SurfaceFlinger: Attempt to update InputPolicyFlags without permission ACCESS_SURFACE_FLINGER
08-07 17:53:07.637   628   628 I SurfaceFlinger: id=624605 Removed OneUiHome-BlurLayer#0 (129)
08-07 17:53:07.638   628   628 I SurfaceFlinger: id=624618 Removed Surface(name=Task=8206)/@0x232724 - animation-leash of app_transition#0 (129)
08-07 17:53:07.638   628   628 I Layer   : id=624618 Destroyed Surface(name=Task=8206)/@0x232724 - animation-leash of app_transition#0
08-07 17:53:07.638  5501  5501 W SAPackageEventReceiver: [com.example.lunchtray] removed. Stop sending intent
08-07 17:53:07.639  8085  8085 I Utils   : isCurrentUser current = 0, ownerId = 0
08-07 17:53:07.639  2001  2079 I LiveIconUpdateEventHandler: unregisterReceiver
08-07 17:53:07.640  8085  8085 I TrayVisibilityController: getComputedTrayVisible : keyguardState = 1
08-07 17:53:07.640  8085  8085 I TrayVisibilityController: updateTrayVisible: State=1 visible=1 mCurrentVisible=1 specificMode=0
08-07 17:53:07.640  8085  8085 I TrayStateController: onNotifyUpdateTray: state=0
08-07 17:53:07.641  7881  7881 D ScrollView: initGoToTop
08-07 17:53:07.646 24757 24769 I SAMSUNGWALLET: [Hint_ProcessStatusChange] fg Change, pid : 2001 , isNotify : true , isForeground : false , fg list : [7881]
08-07 17:53:07.647 24757 25074 I SAMSUNGWALLET: [ResetData] getSAResetDialogFlag : false
08-07 17:53:07.649 24757 25074 I SAMSUNGWALLET: [Hint_bxa] isHomePackageRunning topPkgName = com.example.lunchtray, topClsName = com.example.lunchtray.MainActivity, return false , se : false
08-07 17:53:07.650 24757 24757 I SAMSUNGWALLET: [Hint_PayHintService] Hint Status - already invisible, skip hide : Home Package Not Running
08-07 17:53:07.654   628   628 E SurfaceFlinger: Attempt to update InputPolicyFlags without permission ACCESS_SURFACE_FLINGER
08-07 17:53:07.654   628   628 I Layer   : id=624602 removeFromCurrentState com.sec.android.app.launcher/com.sec.android.app.launcher.activities.LauncherActivity$_2001#0 (128)
08-07 17:53:07.654   628   628 I Layer   : id=624605 removeFromCurrentState OneUiHome-BlurLayer#0 (128)
08-07 17:53:07.654   628   628 I SurfaceFlinger: id=624602 Removed com.sec.android.app.launcher/com.sec.android.app.launcher.activities.LauncherActivity$_2001#0 (128)
08-07 17:53:07.654   628   628 I Layer   : id=624602 Destroyed com.sec.android.app.launcher/com.sec.android.app.launcher.activities.LauncherActivity$_2001#0
08-07 17:53:07.654   628   628 I Layer   : id=624605 Destroyed OneUiHome-BlurLayer#0
08-07 17:53:07.657  1411  1411 D NavigationBar: onSystemBarAttributesChanged() -  displayId:0, appearance:16 (APPEARANCE_LIGHT_NAVIGATION_BARS ), navbarColorManagedByIme:false
08-07 17:53:07.657  1411  1411 V Navbar.Store: handleEvent [EventType] GET_BOOL_REGION_SAMPLING_ENABLED [Module] LightBarController  KEYS_DEFAULT=false
08-07 17:53:07.657  1411  1411 V Navbar.Store: --[Band]COLOR_PACK_GET_REGION_SAMPLING_ENABLED
08-07 17:53:07.657  1411  1411 V Navbar.Store: ----getValue(BOOL_REGION_SAMPLING_ENABLED)=false
08-07 17:53:07.670   628   628 E SurfaceFlinger: Attempt to update InputPolicyFlags without permission ACCESS_SURFACE_FLINGER
08-07 17:53:07.670   628   628 I Layer   : id=624616 removeFromCurrentState Splash Screen com.example.lunchtray$_1411#0 (126)
08-07 17:53:07.671   628   628 I Layer   : id=624615 removeFromCurrentState 410b165 Splash Screen com.example.lunchtray#0 (126)
08-07 17:53:07.671   628   628 I Layer   : id=624628 removeFromCurrentState Surface(name=410b165 Splash Screen com.example.lunchtray)/@0x52639dd - animation-leash of window_animation#0 (126)
08-07 17:53:07.671   628   628 I SurfaceFlinger: id=624615 Removed 410b165 Splash Screen com.example.lunchtray#0 (126)
08-07 17:53:07.671   628   628 I SurfaceFlinger: id=624616 Removed Splash Screen com.example.lunchtray$_1411#0 (126)
08-07 17:53:07.671   628   628 I SurfaceFlinger: id=624628 Removed Surface(name=410b165 Splash Screen com.example.lunchtray)/@0x52639dd - animation-leash of window_animation#0 (126)
08-07 17:53:07.671   628   628 I Layer   : id=624628 Destroyed Surface(name=410b165 Splash Screen com.example.lunchtray)/@0x52639dd - animation-leash of window_animation#0
08-07 17:53:07.671   628   628 I Layer   : id=624615 Destroyed 410b165 Splash Screen com.example.lunchtray#0
08-07 17:53:07.672   628   628 I Layer   : id=624616 Destroyed Splash Screen com.example.lunchtray$_1411#0
08-07 17:53:07.674   628   628 D SurfaceFlinger: Display 0 HWC layers:
08-07 17:53:07.674   628   628 D SurfaceFlinger:      DEVICE | 0x78e3e146f0 | 0102 | RGBA_8888    |    0.0    0.0 1080.0 2280.0 |    0    0 1080 2280 | com.example.lunchtray/com.example.lunchtray.MainActivity$_7881#0
08-07 17:53:07.674   628   628 D SurfaceFlinger:      DEVICE | 0x78e3e110f0 | 0100 | RGBA_8888    |    0.0    0.0 1080.0  112.0 |    0    0 1080  112 | StatusBar$_1411#0
08-07 17:53:07.674   628   628 D SurfaceFlinger:      DEVICE | 0x78e3e1bd10 | 0100 | RGBA_8888    |    0.0    0.0   67.0  457.0 |    0  410   67  867 | com.samsung.android.app.cocktailbars[...]arservice.CocktailBarService$_8085#0
08-07 17:53:07.674   628   628 D SurfaceFlinger:      DEVICE | 0x78e3e00f50 | 0100 | RGBA_8888    |    0.0    0.0 1080.0  126.0 |    0 2154 1080 2280 | NavigationBar0$_1411#0
08-07 17:53:07.674   628   628 D SurfaceFlinger:
08-07 17:53:07.681  7881  7891 I ample.lunchtra: Compiler allocated 4163KB to compile void android.widget.TextView.<init>(android.content.Context, android.util.AttributeSet, int, int)
08-07 17:53:07.687   628   628 E SurfaceFlinger: Attempt to update InputPolicyFlags without permission ACCESS_SURFACE_FLINGER
08-07 17:53:07.704   628   628 E SurfaceFlinger: Attempt to update InputPolicyFlags without permission ACCESS_SURFACE_FLINGER
08-07 17:53:07.710   952  1409 V WindowManager: Relayout Window{9c00d76 u0 com.example.lunchtray/com.example.lunchtray.MainActivity}: viewVisibility=0 req=1080x2280 d0
08-07 17:53:07.712   952  1409 V WindowManager: Relayout hash=9c00d76, pid=7881: mAttrs={(0,0)(fillxfill) sim={adjust=resize} ty=BASE_APPLICATION wanim=0x1030303
08-07 17:53:07.712   952  1409 V WindowManager:   fl=81810100
08-07 17:53:07.712   952  1409 V WindowManager:   pfl=12020040
08-07 17:53:07.712   952  1409 V WindowManager:   apr=LIGHT_NAVIGATION_BARS
08-07 17:53:07.712   952  1409 V WindowManager:   bhv=DEFAULT
08-07 17:53:07.712   952  1409 V WindowManager:   fitSides= naviIconColor=0
08-07 17:53:07.712   952  1409 V WindowManager:   sfl=100000}
08-07 17:53:07.714  7881  7881 I ViewRootImpl@d3f350c[MainActivity]: Relayout returned: old=(0,0,1080,2280) new=(0,0,1080,2280) req=(1080,2280)0 dur=3 res=0x1 s={true 512217319216} ch=false fn=12
08-07 17:53:07.716  7881  7881 D ScrollView:  onsize change changed
08-07 17:53:07.721   628   628 E SurfaceFlinger: Attempt to update InputPolicyFlags without permission ACCESS_SURFACE_FLINGER
08-07 17:53:07.722  5104  5104 I dnwd    : onPause
08-07 17:53:07.726  8447  8447 I gkox    : (REDACTED) received broadcast: %s
08-07 17:53:07.726  8447  8585 I gkpa    : (REDACTED) received broadcast: %s
08-07 17:53:07.726  8447  8585 I gkkn    : (REDACTED) #onConfigUpdate. requester: %s
08-07 17:53:07.726  8447  8585 I gkkn    : #onConfigUpdate inside sequencer
08-07 17:53:07.726  8447  8585 I gkhl    : (REDACTED) Voice Match (Speaker-id) supported : %b
08-07 17:53:07.726  8447  8585 I gkhl    : (REDACTED) hotword enrollment state is enrolled:  %b, speakerId model exist: %b. Voice Match supported : %b
08-07 17:53:07.726  8447  8585 I gkhl    : (REDACTED) isHotwordAvailable():  %b, isHotwordEnabled() %b
08-07 17:53:07.726  8447  8585 I gkhl    : (REDACTED) isHotwordAvailable():  %b, isHotwordEnabled() %b
08-07 17:53:07.726  8447  8585 I gkhl    : (REDACTED) Hotword enrollment state : %s.
08-07 17:53:07.726  8447  8585 I gkhl    : (REDACTED) Voice Match (Speaker-id) supported : %b
08-07 17:53:07.726  8447  8585 I gkhl    : (REDACTED) Voice Match (Speaker-id) supported : %b
08-07 17:53:07.726  8447  8585 I gkhl    : (REDACTED) hotword enrollment state is enrolled:  %b, speakerId model exist: %b, voice match supported : %b
08-07 17:53:07.726  8447  8585 I gkhl    : (REDACTED) Hotword isNonVoiceMatchHotwordEnabled: %b, isHotwordAvailable : %b, isHotwordEnabled : %b, isVoiceMatchSupported: %b, isHotwordEnrolled: %b.
08-07 17:53:07.726  8447  8585 I gkkn    : (REDACTED) Ignore the legacy hotword request. voice match enabled %b, isHotwordSupported %b, isIncompleteEnrollmentState %b, nonVoiceMatchHotwordEnabled %b
08-07 17:53:07.738   628   628 E SurfaceFlinger: Attempt to update InputPolicyFlags without permission ACCESS_SURFACE_FLINGER
08-07 17:53:07.754   628   628 E SurfaceFlinger: Attempt to update InputPolicyFlags without permission ACCESS_SURFACE_FLINGER
08-07 17:53:07.771   628   628 E SurfaceFlinger: Attempt to update InputPolicyFlags without permission ACCESS_SURFACE_FLINGER
08-07 17:53:07.836   568  7967 I HYPER-HAL: [RequestManager.cpp]releaseLocked(): Released ID : 470953
08-07 17:53:07.862   952  1032 I GestureDetector: handleMessage TAP
08-07 17:53:07.862   952   952 I GestureDetector: handleMessage TAP
08-07 17:53:07.901   952  1307 D SemNscXgbMsL1: Probability - Cloud gaming: [0.057680316]
08-07 17:53:07.901   952  1307 D SemNscXgbMsL1: Probability - Real time: [0.124079734]
08-07 17:53:07.901   952  1307 D SemNscXgbMsL1: Probability - Non real time: [0.971307]
08-07 17:53:07.901   952  1307 D SemNscXgbMsL1: 1 sample inference time: 0.181923 msecs
08-07 17:53:07.901   952  1307 D SemNscXgbL2Rt: L2 RT 1 sample inference time: 0.421539 msecs
08-07 17:53:07.902   952  1307 D SemNscXgbL2Nrt: L2 NRT 1 sample inference time: 0.373153 msecs
08-07 17:53:07.921   952  1313 D SemWifiSwitchForIndividualAppsService: isPackageException - result:3, com.example.lunchtray
08-07 17:53:07.959  7881  7881 I ViewInteraction: Performing 'single click' action on view view.getId() is <2131230844/com.example.lunchtray:id/cauliflower>
08-07 17:53:07.961   952  1409 D InputDispatcher: Inject motion (7881): action=0x0, time=2262181269000000, f=0x0, d=0
08-07 17:53:07.961   952  1207 I InputDispatcher: Delivering touch to (1411): action: 0x4, f=0x0, d=0, '5b03b71', t=0
08-07 17:53:07.961   952  1207 I InputDispatcher: Delivering touch to (7881): action: 0x0, f=0x0, d=0, '9c00d76', t=0
08-07 17:53:07.962   952  1032 I GestureDetector: obtain mCurrentDownEvent. id: -497795826 caller: com.android.server.wm.SystemGesturesPointerEventListener.onPointerEvent:179 com.android.server.wm.PointerEventDispatcher.onInputEvent:71 android.view.InputEventReceiver.dispatchInputEvent:259
08-07 17:53:07.962  3311  3311 I SemDvfsHyPerManager: acquire hyper - BaseTABoost/3311@22, type = 1090523139
08-07 17:53:07.962  3311  3311 I SemDvfsHyPerManager: acquire hyper - BaseTAToouchBoost/3311@24, type = 1090523139
08-07 17:53:07.962   952  1032 I GestureDetector: obtain mCurrentDownEvent. id: -497795826 caller: com.android.server.wm.SystemPerformancePointerEventListener.onPointerEvent:89 com.android.server.wm.PointerEventDispatcher.onInputEvent:71 android.view.InputEventReceiver.dispatchInputEvent:259
08-07 17:53:07.962   568   614 I HYPER-HAL: [RequestManager.cpp]acquire(): Acquired ID : 5556133  [3311 / 22]    HINT :      list : [TABoost / 5]
08-07 17:53:07.962   568   614 I HYPER-HAL: [RequestManager.cpp]acquire(): Acquired ID : 5562804  [3311 / 24]    HINT :      list : [TABoost / 20] [TIMEOUT / 1500]
08-07 17:53:07.962  7881  7881 I ViewRootImpl@d3f350c[MainActivity]: ViewPostIme pointer 0
08-07 17:53:08.002   952  1409 D InputDispatcher: Inject motion (7881): action=0x1, time=2262181310000000, f=0x0, d=0
08-07 17:53:08.002   952  1207 I InputDispatcher: Delivering touch to (7881): action: 0x1, f=0x0, d=0, '9c00d76', t=1
08-07 17:53:08.002  7881  7881 I ViewRootImpl@d3f350c[MainActivity]: ViewPostIme pointer 1
08-07 17:53:08.003   952  1032 I GestureDetector: obtain mCurrentMotionEventRaw. action: 1 id: -127735925
08-07 17:53:08.003   952  1032 I GestureDetector: obtain mCurrentMotionEventRaw. action: 1 id: -127735925
08-07 17:53:08.022   628   628 E SurfaceFlinger: Attempt to update InputPolicyFlags without permission ACCESS_SURFACE_FLINGER
08-07 17:53:08.030  5104  5104 I dnwd    : onStop
08-07 17:53:08.038   628   628 E SurfaceFlinger: Attempt to update InputPolicyFlags without permission ACCESS_SURFACE_FLINGER
08-07 17:53:08.055   628   628 E SurfaceFlinger: Attempt to update InputPolicyFlags without permission ACCESS_SURFACE_FLINGER
08-07 17:53:08.072   628   628 E SurfaceFlinger: Attempt to update InputPolicyFlags without permission ACCESS_SURFACE_FLINGER
08-07 17:53:08.088   628   628 E SurfaceFlinger: Attempt to update InputPolicyFlags without permission ACCESS_SURFACE_FLINGER
08-07 17:53:08.105   628   628 E SurfaceFlinger: Attempt to update InputPolicyFlags without permission ACCESS_SURFACE_FLINGER
08-07 17:53:08.122   628   628 E SurfaceFlinger: Attempt to update InputPolicyFlags without permission ACCESS_SURFACE_FLINGER
08-07 17:53:08.139   628   628 E SurfaceFlinger: Attempt to update InputPolicyFlags without permission ACCESS_SURFACE_FLINGER
08-07 17:53:08.156   628   628 E SurfaceFlinger: Attempt to update InputPolicyFlags without permission ACCESS_SURFACE_FLINGER
08-07 17:53:08.172   628   628 E SurfaceFlinger: Attempt to update InputPolicyFlags without permission ACCESS_SURFACE_FLINGER
08-07 17:53:08.189   628   628 E SurfaceFlinger: Attempt to update InputPolicyFlags without permission ACCESS_SURFACE_FLINGER
08-07 17:53:08.206   628   628 E SurfaceFlinger: Attempt to update InputPolicyFlags without permission ACCESS_SURFACE_FLINGER
08-07 17:53:08.221   568  7959 I HYPER-HAL: [RequestManager.cpp]releaseLocked(): Released ID : 469982
08-07 17:53:08.223   628   628 E SurfaceFlinger: Attempt to update InputPolicyFlags without permission ACCESS_SURFACE_FLINGER
08-07 17:53:08.239   628   628 E SurfaceFlinger: Attempt to update InputPolicyFlags without permission ACCESS_SURFACE_FLINGER
08-07 17:53:08.256   628   628 E SurfaceFlinger: Attempt to update InputPolicyFlags without permission ACCESS_SURFACE_FLINGER
08-07 17:53:08.261   952  1032 I GestureDetector: handleMessage TAP
08-07 17:53:08.262   952   952 I GestureDetector: handleMessage TAP
08-07 17:53:08.262  7881  7881 I ViewInteraction: Performing 'single click' action on view view.getId() is <2131231081/com.example.lunchtray:id/next_button>
08-07 17:53:08.266   952  1409 D InputDispatcher: Inject motion (7881): action=0x0, time=2262181574000000, f=0x0, d=0
08-07 17:53:08.267   952  1207 I InputDispatcher: Delivering touch to (1411): action: 0x4, f=0x0, d=0, '5b03b71', t=0
08-07 17:53:08.267   952  1207 I InputDispatcher: Delivering touch to (7881): action: 0x0, f=0x0, d=0, '9c00d76', t=0
08-07 17:53:08.268   952  1032 I GestureDetector: obtain mCurrentDownEvent. id: -940813243 caller: com.android.server.wm.SystemGesturesPointerEventListener.onPointerEvent:179 com.android.server.wm.PointerEventDispatcher.onInputEvent:71 android.view.InputEventReceiver.dispatchInputEvent:259
08-07 17:53:08.268   952  1032 I GestureDetector: obtain mCurrentDownEvent. id: -940813243 caller: com.android.server.wm.SystemPerformancePointerEventListener.onPointerEvent:89 com.android.server.wm.PointerEventDispatcher.onInputEvent:71 android.view.InputEventReceiver.dispatchInputEvent:259
08-07 17:53:08.269  7881  7881 I ViewRootImpl@d3f350c[MainActivity]: ViewPostIme pointer 0
08-07 17:53:08.270  3311  3311 I SemDvfsHyPerManager: acquire hyper - BaseTABoost/3311@22, type = 1090523139
08-07 17:53:08.270  3311  3311 I SemDvfsHyPerManager: acquire hyper - BaseTAToouchBoost/3311@24, type = 1090523139
08-07 17:53:08.271   568   614 I HYPER-HAL: [RequestManager.cpp]acquire(): Acquired ID : 5556133  [3311 / 22]    HINT :      list : [TABoost / 5]
08-07 17:53:08.271   568   614 I HYPER-HAL: [RequestManager.cpp]acquire(): Acquired ID : 5562804  [3311 / 24]    HINT :      list : [TABoost / 20] [TIMEOUT / 1500]
08-07 17:53:08.273   628   628 E SurfaceFlinger: Attempt to update InputPolicyFlags without permission ACCESS_SURFACE_FLINGER
08-07 17:53:08.290   628   628 E SurfaceFlinger: Attempt to update InputPolicyFlags without permission ACCESS_SURFACE_FLINGER
08-07 17:53:08.306   952  1409 D InputDispatcher: Inject motion (7881): action=0x1, time=2262181614000000, f=0x0, d=0
08-07 17:53:08.306   628   628 E SurfaceFlinger: Attempt to update InputPolicyFlags without permission ACCESS_SURFACE_FLINGER
08-07 17:53:08.307   952  1207 I InputDispatcher: Delivering touch to (7881): action: 0x1, f=0x0, d=0, '9c00d76', t=1
08-07 17:53:08.307   952  1032 I GestureDetector: obtain mCurrentMotionEventRaw. action: 1 id: -224747200
08-07 17:53:08.307   952  1032 I GestureDetector: obtain mCurrentMotionEventRaw. action: 1 id: -224747200
08-07 17:53:08.307  7881  7881 I ViewRootImpl@d3f350c[MainActivity]: ViewPostIme pointer 1
08-07 17:53:08.323   628   628 E SurfaceFlinger: Attempt to update InputPolicyFlags without permission ACCESS_SURFACE_FLINGER
08-07 17:53:08.340   628   628 E SurfaceFlinger: Attempt to update InputPolicyFlags without permission ACCESS_SURFACE_FLINGER
08-07 17:53:08.348  7881  7881 D ScrollView: initGoToTop
08-07 17:53:08.357   628   628 E SurfaceFlinger: Attempt to update InputPolicyFlags without permission ACCESS_SURFACE_FLINGER
08-07 17:53:08.373   628   628 E SurfaceFlinger: Attempt to update InputPolicyFlags without permission ACCESS_SURFACE_FLINGER
08-07 17:53:08.390   628   628 E SurfaceFlinger: Attempt to update InputPolicyFlags without permission ACCESS_SURFACE_FLINGER
08-07 17:53:08.403   952  1307 D SemNscXgbMsL1: Probability - Cloud gaming: [0.04578806]
08-07 17:53:08.404   952  1307 D SemNscXgbMsL1: Probability - Real time: [0.030030178]
08-07 17:53:08.404   952  1307 D SemNscXgbMsL1: Probability - Non real time: [0.94693905]
08-07 17:53:08.404   952  1307 D SemNscXgbMsL1: 1 sample inference time: 0.746615 msecs
08-07 17:53:08.405   952  1307 D SemNscXgbL2Rt: L2 RT 1 sample inference time: 1.330846 msecs
08-07 17:53:08.407   628   628 E SurfaceFlinger: Attempt to update InputPolicyFlags without permission ACCESS_SURFACE_FLINGER
08-07 17:53:08.407   952  1307 D SemNscXgbL2Nrt: L2 NRT 1 sample inference time: 1.390231 msecs
08-07 17:53:08.422  7881  7881 D ScrollView:  onsize change changed
08-07 17:53:08.424   628   628 E SurfaceFlinger: Attempt to update InputPolicyFlags without permission ACCESS_SURFACE_FLINGER
08-07 17:53:08.440   628   628 E SurfaceFlinger: Attempt to update InputPolicyFlags without permission ACCESS_SURFACE_FLINGER
08-07 17:53:08.457   628   628 E SurfaceFlinger: Attempt to update InputPolicyFlags without permission ACCESS_SURFACE_FLINGER
08-07 17:53:08.479  3311 14889 I FASProvider: makeValuesForFasUpdate contentValues = package_name=com.google.android.apps.tachyon uid=10230 level=1 resetTime=1691398388467
08-07 17:53:08.487  3311 14889 I FASProvider: makeValuesForFasUpdate contentValues = package_name=com.google.android.gm uid=10190 level=1 resetTime=1691398388468
08-07 17:53:08.568   952   952 I GestureDetector: handleMessage TAP
08-07 17:53:08.570   952  1032 I GestureDetector: handleMessage TAP
08-07 17:53:08.654  7881  7881 I ViewInteraction: Performing 'single click' action on view view.getId() is <2131231187/com.example.lunchtray:id/soup>
08-07 17:53:08.657   952  3368 D InputDispatcher: Inject motion (7881): action=0x0, time=2262181965000000, f=0x0, d=0
08-07 17:53:08.658   952  1207 I InputDispatcher: Delivering touch to (1411): action: 0x4, f=0x0, d=0, '5b03b71', t=0
08-07 17:53:08.658   952  1207 I InputDispatcher: Delivering touch to (7881): action: 0x0, f=0x0, d=0, '9c00d76', t=0
08-07 17:53:08.658  7881  7881 I ViewRootImpl@d3f350c[MainActivity]: ViewPostIme pointer 0
08-07 17:53:08.660   952  1032 I GestureDetector: obtain mCurrentDownEvent. id: -868687222 caller: com.android.server.wm.SystemGesturesPointerEventListener.onPointerEvent:179 com.android.server.wm.PointerEventDispatcher.onInputEvent:71 android.view.InputEventReceiver.dispatchInputEvent:259
08-07 17:53:08.660   952  1032 I GestureDetector: obtain mCurrentDownEvent. id: -868687222 caller: com.android.server.wm.SystemPerformancePointerEventListener.onPointerEvent:89 com.android.server.wm.PointerEventDispatcher.onInputEvent:71 android.view.InputEventReceiver.dispatchInputEvent:259
08-07 17:53:08.662  3311  3311 I SemDvfsHyPerManager: acquire hyper - BaseTABoost/3311@22, type = 1090523139
08-07 17:53:08.663  3311  3311 I SemDvfsHyPerManager: acquire hyper - BaseTAToouchBoost/3311@24, type = 1090523139
08-07 17:53:08.663   568   614 I HYPER-HAL: [RequestManager.cpp]acquire(): Acquired ID : 5556133  [3311 / 22]    HINT :      list : [TABoost / 5]
08-07 17:53:08.663   568   614 I HYPER-HAL: [RequestManager.cpp]acquire(): Acquired ID : 5562804  [3311 / 24]    HINT :      list : [TABoost / 20] [TIMEOUT / 1500]
08-07 17:53:08.697   952  3368 D InputDispatcher: Inject motion (7881): action=0x1, time=2262182005000000, f=0x0, d=0
08-07 17:53:08.697   952  1207 I InputDispatcher: Delivering touch to (7881): action: 0x1, f=0x0, d=0, '9c00d76', t=1
08-07 17:53:08.698  7881  7881 I ViewRootImpl@d3f350c[MainActivity]: ViewPostIme pointer 1
08-07 17:53:08.699   952  1032 I GestureDetector: obtain mCurrentMotionEventRaw. action: 1 id: -626101610
08-07 17:53:08.699   952  1032 I GestureDetector: obtain mCurrentMotionEventRaw. action: 1 id: -626101610
08-07 17:53:08.712   568  7951 I HYPER-HAL: [RequestManager.cpp]releaseLocked(): Released ID : 5526163
08-07 17:53:08.725   628   628 E SurfaceFlinger: Attempt to update InputPolicyFlags without permission ACCESS_SURFACE_FLINGER
08-07 17:53:08.742   628   628 E SurfaceFlinger: Attempt to update InputPolicyFlags without permission ACCESS_SURFACE_FLINGER
08-07 17:53:08.758   628   628 E SurfaceFlinger: Attempt to update InputPolicyFlags without permission ACCESS_SURFACE_FLINGER
08-07 17:53:08.775   628   628 E SurfaceFlinger: Attempt to update InputPolicyFlags without permission ACCESS_SURFACE_FLINGER
08-07 17:53:08.792   628   628 E SurfaceFlinger: Attempt to update InputPolicyFlags without permission ACCESS_SURFACE_FLINGER
08-07 17:53:08.809   628   628 E SurfaceFlinger: Attempt to update InputPolicyFlags without permission ACCESS_SURFACE_FLINGER
08-07 17:53:08.825   628   628 E SurfaceFlinger: Attempt to update InputPolicyFlags without permission ACCESS_SURFACE_FLINGER
08-07 17:53:08.842   628   628 E SurfaceFlinger: Attempt to update InputPolicyFlags without permission ACCESS_SURFACE_FLINGER
08-07 17:53:08.859   628   628 E SurfaceFlinger: Attempt to update InputPolicyFlags without permission ACCESS_SURFACE_FLINGER
08-07 17:53:08.876   628   628 E SurfaceFlinger: Attempt to update InputPolicyFlags without permission ACCESS_SURFACE_FLINGER
08-07 17:53:08.880  2001  2079 I QuickstepModelDelegate: Widget predictions updated
08-07 17:53:08.892   628   628 E SurfaceFlinger: Attempt to update InputPolicyFlags without permission ACCESS_SURFACE_FLINGER
08-07 17:53:08.895  2001  2082 I WidgetsPredictionUpdateTask: execute(), info: PendingAddWidgetInfo(id=-1 type=WIDGET container=# com.android.launcher3.logger.LauncherAtom$ContainerInfo@7ba6f targetComponent=ComponentInfo{com.kakao.talk/com.kakao.talk.kakaopay.PayAppWidget} screen=-1 cell(-1,-1) span(4,2) minSpan(4,2) rank=0 rankOfList=-1 user=UserHandle{0} title=null hidden=0 screenType=0 componentName=ComponentInfo{com.kakao.talk/com.kakao.talk.kakaopay.PayAppWidget}), info: PendingAddWidgetInfo(id=-1 type=WIDGET container=# com.android.launcher3.logger.LauncherAtom$ContainerInfo@7ba6f targetComponent=ComponentInfo{com.samsung.android.app.notes/com.samsung.android.app.notes.widget.WidgetToolBarProvider} screen=-1 cell(-1,-1) span(4,1) minSpan(4,1) rank=0 rankOfList=-1 user=UserHandle{0} title=null hidden=0 screenType=0 componentName=ComponentInfo{com.samsung.android.app.notes/com.samsung.android.app.notes.widget.WidgetToolBarProvider}), info: PendingAddWidgetInfo(id=-1 type=WIDGET container=# com.android.launcher3.logger.LauncherAtom$ContainerInfo@7ba6f targetComponent=ComponentInfo{com.kbstar.kbbank/com.kbstar.kbbank.implementation.presentation.widget.KBWidget1} screen=-1 cell(-1,-1) span(4,1) minSpan(4,1) rank=0 rankOfList=-1 user=UserHandle{0} title=null hidden=0 screenType=0 componentName=ComponentInfo{com.kbstar.kbbank/com.kbstar.kbbank.implementation.presentation.widget.KBWidget1}), info: PendingAddWidgetInfo(id=-1 type=WIDGET container=# com.android.launcher3.logger.LauncherAtom$ContainerInfo@7ba6f targetComponent=ComponentInfo{viva.republica.toss/viva.republica.toss.tossfeed.widget.TossFeedWidgetProvider} screen=-1 cell(-1,-1) span(4,2) minSpan(4,2) rank=0 rankOfList=-1 user=UserHandle{0} title=null hidden=0 screenType=0 componentName=ComponentInfo{viva.republica.toss/viva.republica.toss.tossfeed.widget.TossFeedWidgetProvider}), info: PendingAddWidgetInfo(id=-1 type=WIDGET container=# com.android.launcher3.logger.LauncherAtom$ContainerInfo@7ba6f targetComponent=ComponentInfo{net.daum.android.map/net.daum.ma.map.android.appwidget.busstop.BusStop1x1Type0Provider} screen=-1 cell(-1,-1) span(1,1) minSpan(1,1) rank=0 rankOfList=-1 user=UserHandle{0} title=null hidden=0 screenType=0 componentName=ComponentInfo{net.daum.android.map/net.daum.ma.map.android.appwidget.busstop.BusStop1x1Type0Provider}), info: PendingAddWidgetInfo(id=-1 type=WIDGET container=# com.android.launcher3.logger.LauncherAtom$ContainerInfo@7ba6f targetComponent=ComponentInfo{com.cgv.android.movieapp/com.cjs.cgv.movieapp.widget.kit.provider.KitOneByOneProvider} screen=-1 cell(-1,-1) span(1,1) minSpan(1,1) rank=0 rankOfList=-1 user=UserHandle{0} title=null hidden=0 screenType=0 componentName=ComponentInfo{com.cgv.android.movieapp/com.cjs.cgv.movieapp.widget.kit.provider.KitOneByOneProvider}), info: PendingAddWidgetInfo(id=-1 type=WIDGET container=# com.android.launcher3.logger.LauncherAtom$ContainerInfo@7ba6f targetComponent=ComponentInfo{com.google.android.youtube/com.google.android.apps.youtube.app.widget.YtQuickActionsWidgetProvider} screen=-1 cell(-1,-1) span(3,2) minSpan(3,1) rank=0 rankOfList=-1 user=UserHandle{0} title=null hidden=0 screenType=0 componentName=ComponentInfo{com.google.android.youtube/com.google.android.apps.youtube.app.widget.YtQuickActionsWidgetProvider}), info: PendingAddWidgetInfo(id=-1 type=WIDGET container=# com.android.launcher3.logger.LauncherAtom$ContainerInfo@7ba6f targetComponent=ComponentInfo{com.samsung.android.calendar/com.android.calendar.widget.month.MonthWidgetProvider} screen=-1 cell(-1,-1) span(4,5) minSpan(4,4) rank=0 rankOfList=-1 user=UserHandle{0} title=null hidden=0 screenType=0 componentName=ComponentInfo{com.samsung.android.calendar/com.android.calendar.widget.month.MonthWidgetProvider}), info: PendingAddWidgetInfo(id=-1 type=WIDGET container=# com.android.launcher3.logger.LauncherAtom$ContainerInfo@7ba6f targetComponent=ComponentInfo{com.nhn.android.search/com.nhn.android.search.ui.widget.provider.SearchWidgetProvider} screen=-1 cell(-1,-1) span(4,1) minSpan(4,1) rank=0 rankOfList=-1 user=UserHandle{0} ti
08-07 17:53:08.909   628   628 E SurfaceFlinger: Attempt to update InputPolicyFlags without permission ACCESS_SURFACE_FLINGER
08-07 17:53:08.910   952  1307 D SemNscXgbMsL1: Probability - Cloud gaming: [0.056621723]
08-07 17:53:08.911   952  1307 D SemNscXgbMsL1: Probability - Real time: [0.11015832]
08-07 17:53:08.911   952  1307 D SemNscXgbMsL1: Probability - Non real time: [0.9305902]
08-07 17:53:08.911   952  1307 D SemNscXgbMsL1: 1 sample inference time: 1.160923 msecs
08-07 17:53:08.914   952  1307 D SemNscXgbL2Rt: L2 RT 1 sample inference time: 2.209384 msecs
08-07 17:53:08.916   952  1307 D SemNscXgbL2Nrt: L2 NRT 1 sample inference time: 1.682769 msecs
08-07 17:53:08.926   628   628 E SurfaceFlinger: Attempt to update InputPolicyFlags without permission ACCESS_SURFACE_FLINGER
08-07 17:53:08.943   628   628 E SurfaceFlinger: Attempt to update InputPolicyFlags without permission ACCESS_SURFACE_FLINGER
08-07 17:53:08.959   628   628 E SurfaceFlinger: Attempt to update InputPolicyFlags without permission ACCESS_SURFACE_FLINGER
08-07 17:53:08.960   952   952 I GestureDetector: handleMessage TAP
08-07 17:53:08.960   952  1032 I GestureDetector: handleMessage TAP
08-07 17:53:08.964  7881  7881 I ViewInteraction: Performing 'single click' action on view view.getId() is <2131231081/com.example.lunchtray:id/next_button>
08-07 17:53:08.967   952  1409 D InputDispatcher: Inject motion (7881): action=0x0, time=2262182275000000, f=0x0, d=0
08-07 17:53:08.968   952  1207 I InputDispatcher: Delivering touch to (1411): action: 0x4, f=0x0, d=0, '5b03b71', t=0
08-07 17:53:08.968   952  1207 I InputDispatcher: Delivering touch to (7881): action: 0x0, f=0x0, d=0, '9c00d76', t=0
08-07 17:53:08.968  7881  7881 I ViewRootImpl@d3f350c[MainActivity]: ViewPostIme pointer 0
08-07 17:53:08.969   952  1032 I GestureDetector: obtain mCurrentDownEvent. id: -287514525 caller: com.android.server.wm.SystemGesturesPointerEventListener.onPointerEvent:179 com.android.server.wm.PointerEventDispatcher.onInputEvent:71 android.view.InputEventReceiver.dispatchInputEvent:259
08-07 17:53:08.970   952  1032 I GestureDetector: obtain mCurrentDownEvent. id: -287514525 caller: com.android.server.wm.SystemPerformancePointerEventListener.onPointerEvent:89 com.android.server.wm.PointerEventDispatcher.onInputEvent:71 android.view.InputEventReceiver.dispatchInputEvent:259
08-07 17:53:08.970  3311  3311 I SemDvfsHyPerManager: acquire hyper - BaseTABoost/3311@22, type = 1090523139
08-07 17:53:08.970  3311  3311 I SemDvfsHyPerManager: acquire hyper - BaseTAToouchBoost/3311@24, type = 1090523139
08-07 17:53:08.971   568   614 I HYPER-HAL: [RequestManager.cpp]acquire(): Acquired ID : 5556133  [3311 / 22]    HINT :      list : [TABoost / 5]
08-07 17:53:08.971   568   614 I HYPER-HAL: [RequestManager.cpp]acquire(): Acquired ID : 5562804  [3311 / 24]    HINT :      list : [TABoost / 20] [TIMEOUT / 1500]
08-07 17:53:08.976   628   628 E SurfaceFlinger: Attempt to update InputPolicyFlags without permission ACCESS_SURFACE_FLINGER
08-07 17:53:08.993   628   628 E SurfaceFlinger: Attempt to update InputPolicyFlags without permission ACCESS_SURFACE_FLINGER
08-07 17:53:09.007   952  1409 D InputDispatcher: Inject motion (7881): action=0x1, time=2262182315000000, f=0x0, d=0
08-07 17:53:09.007   952  1207 I InputDispatcher: Delivering touch to (7881): action: 0x1, f=0x0, d=0, '9c00d76', t=1
08-07 17:53:09.008  7881  7881 I ViewRootImpl@d3f350c[MainActivity]: ViewPostIme pointer 1
08-07 17:53:09.008   952  1032 I GestureDetector: obtain mCurrentMotionEventRaw. action: 1 id: -426425102
08-07 17:53:09.009   952  1032 I GestureDetector: obtain mCurrentMotionEventRaw. action: 1 id: -426425102
08-07 17:53:09.010   628   628 E SurfaceFlinger: Attempt to update InputPolicyFlags without permission ACCESS_SURFACE_FLINGER
08-07 17:53:09.026   628   628 E SurfaceFlinger: Attempt to update InputPolicyFlags without permission ACCESS_SURFACE_FLINGER
08-07 17:53:09.028  7881  7881 D ScrollView: initGoToTop
08-07 17:53:09.043   628   628 E SurfaceFlinger: Attempt to update InputPolicyFlags without permission ACCESS_SURFACE_FLINGER
08-07 17:53:09.060   628   628 E SurfaceFlinger: Attempt to update InputPolicyFlags without permission ACCESS_SURFACE_FLINGER
08-07 17:53:09.067  7881  7891 I ample.lunchtra: Compiler allocated 4163KB to compile void android.widget.TextView.<init>(android.content.Context, android.util.AttributeSet, int, int)
08-07 17:53:09.076   628   628 E SurfaceFlinger: Attempt to update InputPolicyFlags without permission ACCESS_SURFACE_FLINGER
08-07 17:53:09.080  7881  7881 D ScrollView:  onsize change changed
08-07 17:53:09.093   628   628 E SurfaceFlinger: Attempt to update InputPolicyFlags without permission ACCESS_SURFACE_FLINGER
08-07 17:53:09.110   628   628 E SurfaceFlinger: Attempt to update InputPolicyFlags without permission ACCESS_SURFACE_FLINGER
08-07 17:53:09.270   952  1032 I GestureDetector: handleMessage TAP
08-07 17:53:09.270   952   952 I GestureDetector: handleMessage TAP
08-07 17:53:09.315  7881  7881 I ViewInteraction: Performing 'single click' action on view view.getId() is <2131230835/com.example.lunchtray:id/bread>
08-07 17:53:09.318   952  1409 D InputDispatcher: Inject motion (7881): action=0x0, time=2262182626000000, f=0x0, d=0
08-07 17:53:09.319   952  1207 I InputDispatcher: Delivering touch to (1411): action: 0x4, f=0x0, d=0, '5b03b71', t=0
08-07 17:53:09.319   952  1207 I InputDispatcher: Delivering touch to (7881): action: 0x0, f=0x0, d=0, '9c00d76', t=0
08-07 17:53:09.320  7881  7881 I ViewRootImpl@d3f350c[MainActivity]: ViewPostIme pointer 0
08-07 17:53:09.321   952  1032 I GestureDetector: obtain mCurrentDownEvent. id: -1041395955 caller: com.android.server.wm.SystemGesturesPointerEventListener.onPointerEvent:179 com.android.server.wm.PointerEventDispatcher.onInputEvent:71 android.view.InputEventReceiver.dispatchInputEvent:259
08-07 17:53:09.321   952  1032 I GestureDetector: obtain mCurrentDownEvent. id: -1041395955 caller: com.android.server.wm.SystemPerformancePointerEventListener.onPointerEvent:89 com.android.server.wm.PointerEventDispatcher.onInputEvent:71 android.view.InputEventReceiver.dispatchInputEvent:259
08-07 17:53:09.323  3311  3311 I SemDvfsHyPerManager: acquire hyper - BaseTABoost/3311@22, type = 1090523139
08-07 17:53:09.323  3311  3311 I SemDvfsHyPerManager: acquire hyper - BaseTAToouchBoost/3311@24, type = 1090523139
08-07 17:53:09.323   568   614 I HYPER-HAL: [RequestManager.cpp]acquire(): Acquired ID : 5556133  [3311 / 22]    HINT :      list : [TABoost / 5]
08-07 17:53:09.323   568   614 I HYPER-HAL: [RequestManager.cpp]acquire(): Acquired ID : 5562804  [3311 / 24]    HINT :      list : [TABoost / 20] [TIMEOUT / 1500]
08-07 17:53:09.358   952  1409 D InputDispatcher: Inject motion (7881): action=0x1, time=2262182666000000, f=0x0, d=0
08-07 17:53:09.359   952  1207 I InputDispatcher: Delivering touch to (7881): action: 0x1, f=0x0, d=0, '9c00d76', t=1
08-07 17:53:09.359  7881  7881 I ViewRootImpl@d3f350c[MainActivity]: ViewPostIme pointer 1
08-07 17:53:09.361  1393  1552 D BtGatt.GattService: onScanResult to scannerId: 17- eventType=0x13, addressType=1, address=C4A009_2, primaryPhy=1, secondaryPhy=0, advertisingSid=0xff, txPower=127, rssi=-57, periodicAdvInt=0x0
08-07 17:53:09.361   952  1032 I GestureDetector: obtain mCurrentMotionEventRaw. action: 1 id: -696332797
08-07 17:53:09.361   952  1032 I GestureDetector: obtain mCurrentMotionEventRaw. action: 1 id: -696332797
08-07 17:53:09.395   628   628 E SurfaceFlinger: Attempt to update InputPolicyFlags without permission ACCESS_SURFACE_FLINGER
08-07 17:53:09.412   628   628 E SurfaceFlinger: Attempt to update InputPolicyFlags without permission ACCESS_SURFACE_FLINGER
08-07 17:53:09.418   952  1307 D SemNscXgbMsL1: Probability - Cloud gaming: [0.052004196]
08-07 17:53:09.419   952  1307 D SemNscXgbMsL1: Probability - Real time: [0.13483343]
08-07 17:53:09.419   952  1307 D SemNscXgbMsL1: Probability - Non real time: [0.8458392]
08-07 17:53:09.419   952  1307 D SemNscXgbMsL1: 1 sample inference time: 0.952538 msecs
08-07 17:53:09.421   952  1307 D SemNscXgbL2Rt: L2 RT 1 sample inference time: 1.787153 msecs
08-07 17:53:09.423   952  1307 D SemNscXgbL2Nrt: L2 NRT 1 sample inference time: 1.595885 msecs
08-07 17:53:09.428   628   628 E SurfaceFlinger: Attempt to update InputPolicyFlags without permission ACCESS_SURFACE_FLINGER
08-07 17:53:09.445   628   628 E SurfaceFlinger: Attempt to update InputPolicyFlags without permission ACCESS_SURFACE_FLINGER
08-07 17:53:09.460  1393  1552 D BtGatt.GattService: onScanResult to scannerId: 17- eventType=0x13, addressType=1, address=C4A009_2, primaryPhy=1, secondaryPhy=0, advertisingSid=0xff, txPower=127, rssi=-58, periodicAdvInt=0x0
08-07 17:53:09.463   628   628 E SurfaceFlinger: Attempt to update InputPolicyFlags without permission ACCESS_SURFACE_FLINGER
08-07 17:53:09.468  1393  1552 D BluetoothRemoteDevices: Property type: 1
08-07 17:53:09.477  1393  1552 I ContainerConfigurationPolicy: Bluetooth And NFC caller permission check
08-07 17:53:09.478  1393  1552 D ContainerConfigurationPolicy: current version : KNOX_ENTERPRISE_SDK_VERSION_3_8, Required version : KNOX_ENTERPRISE_SDK_VERSION_2_4
08-07 17:53:09.478   628   628 E SurfaceFlinger: Attempt to update InputPolicyFlags without permission ACCESS_SURFACE_FLINGER
08-07 17:53:09.487  1411  1612 V BluetoothEventManager: onReceive :: android.bluetooth.device.action.NAME_CHANGED
08-07 17:53:09.488  3108  3108 V BluetoothEventManager: onReceive :: android.bluetooth.device.action.NAME_CHANGED
08-07 17:53:09.491  1393  1552 D BluetoothUtils: Utils::isKnoxBluetoothEnabled = true
08-07 17:53:09.491  1393  1552 D BluetoothUtils: getBtEnabledContainers(): btContainers = [150]
08-07 17:53:09.492  1393  1552 D BluetoothRemoteDevices: Remote Device name is: Galaxy Buds2 Pro LE
08-07 17:53:09.492  1393  1552 D BluetoothRemoteDevices: Property type: 4
08-07 17:53:09.492  1393  1552 E BluetoothRemoteDevices: Remote class is UNCATEGORIZED
08-07 17:53:09.492  1393  1552 D BluetoothRemoteDevices: Property type: 5
08-07 17:53:09.493  1411  1612 V BluetoothEventManager: onReceive :: android.bluetooth.device.action.NAME_CHANGED
08-07 17:53:09.495   628   628 E SurfaceFlinger: Attempt to update InputPolicyFlags without permission ACCESS_SURFACE_FLINGER
08-07 17:53:09.512   628   628 E SurfaceFlinger: Attempt to update InputPolicyFlags without permission ACCESS_SURFACE_FLINGER
08-07 17:53:09.529   628   628 E SurfaceFlinger: Attempt to update InputPolicyFlags without permission ACCESS_SURFACE_FLINGER
08-07 17:53:09.545   628   628 E SurfaceFlinger: Attempt to update InputPolicyFlags without permission ACCESS_SURFACE_FLINGER
08-07 17:53:09.562   628   628 E SurfaceFlinger: Attempt to update InputPolicyFlags without permission ACCESS_SURFACE_FLINGER
08-07 17:53:09.579   628   628 E SurfaceFlinger: Attempt to update InputPolicyFlags without permission ACCESS_SURFACE_FLINGER
08-07 17:53:09.596   628   628 E SurfaceFlinger: Attempt to update InputPolicyFlags without permission ACCESS_SURFACE_FLINGER
08-07 17:53:09.612   628   628 E SurfaceFlinger: Attempt to update InputPolicyFlags without permission ACCESS_SURFACE_FLINGER
08-07 17:53:09.620   952  1032 I GestureDetector: handleMessage TAP
08-07 17:53:09.622   952   952 I GestureDetector: handleMessage TAP
08-07 17:53:09.629   628   628 E SurfaceFlinger: Attempt to update InputPolicyFlags without permission ACCESS_SURFACE_FLINGER
08-07 17:53:09.646   628   628 E SurfaceFlinger: Attempt to update InputPolicyFlags without permission ACCESS_SURFACE_FLINGER
08-07 17:53:09.652  7881  7881 I ViewInteraction: Performing 'single click' action on view view.getId() is <2131230842/com.example.lunchtray:id/cancel_button>
08-07 17:53:09.655   952  1409 D InputDispatcher: Inject motion (7881): action=0x0, time=2262182963000000, f=0x0, d=0
08-07 17:53:09.656   952  1207 I InputDispatcher: Delivering touch to (1411): action: 0x4, f=0x0, d=0, '5b03b71', t=0
08-07 17:53:09.656   952  1207 I InputDispatcher: Delivering touch to (7881): action: 0x0, f=0x0, d=0, '9c00d76', t=0
08-07 17:53:09.657  7881  7881 I ViewRootImpl@d3f350c[MainActivity]: ViewPostIme pointer 0
08-07 17:53:09.657   952  1032 I GestureDetector: obtain mCurrentDownEvent. id: -1042286593 caller: com.android.server.wm.SystemGesturesPointerEventListener.onPointerEvent:179 com.android.server.wm.PointerEventDispatcher.onInputEvent:71 android.view.InputEventReceiver.dispatchInputEvent:259
08-07 17:53:09.657   952  1032 I GestureDetector: obtain mCurrentDownEvent. id: -1042286593 caller: com.android.server.wm.SystemPerformancePointerEventListener.onPointerEvent:89 com.android.server.wm.PointerEventDispatcher.onInputEvent:71 android.view.InputEventReceiver.dispatchInputEvent:259
08-07 17:53:09.659  3311  3311 I SemDvfsHyPerManager: acquire hyper - BaseTABoost/3311@22, type = 1090523139
08-07 17:53:09.659  3311  3311 I SemDvfsHyPerManager: acquire hyper - BaseTAToouchBoost/3311@24, type = 1090523139
08-07 17:53:09.659   568   614 I HYPER-HAL: [RequestManager.cpp]acquire(): Acquired ID : 5556133  [3311 / 22]    HINT :      list : [TABoost / 5]
08-07 17:53:09.659   568   614 I HYPER-HAL: [RequestManager.cpp]acquire(): Acquired ID : 5562804  [3311 / 24]    HINT :      list : [TABoost / 20] [TIMEOUT / 1500]
08-07 17:53:09.663   628   628 E SurfaceFlinger: Attempt to update InputPolicyFlags without permission ACCESS_SURFACE_FLINGER
08-07 17:53:09.679   628   628 E SurfaceFlinger: Attempt to update InputPolicyFlags without permission ACCESS_SURFACE_FLINGER
08-07 17:53:09.695   952  1409 D InputDispatcher: Inject motion (7881): action=0x1, time=2262183003000000, f=0x0, d=0
08-07 17:53:09.695   952  1207 I InputDispatcher: Delivering touch to (7881): action: 0x1, f=0x0, d=0, '9c00d76', t=1
08-07 17:53:09.696   628   628 E SurfaceFlinger: Attempt to update InputPolicyFlags without permission ACCESS_SURFACE_FLINGER
08-07 17:53:09.696  7881  7881 I ViewRootImpl@d3f350c[MainActivity]: ViewPostIme pointer 1
08-07 17:53:09.696   952  1032 I GestureDetector: obtain mCurrentMotionEventRaw. action: 1 id: -714614645
08-07 17:53:09.696   952  1032 I GestureDetector: obtain mCurrentMotionEventRaw. action: 1 id: -714614645
08-07 17:53:09.713   628   628 E SurfaceFlinger: Attempt to update InputPolicyFlags without permission ACCESS_SURFACE_FLINGER
08-07 17:53:09.730   628   628 E SurfaceFlinger: Attempt to update InputPolicyFlags without permission ACCESS_SURFACE_FLINGER
08-07 17:53:09.739   952  1409 V WindowManager: Relayout Window{9c00d76 u0 com.example.lunchtray/com.example.lunchtray.MainActivity}: viewVisibility=0 req=1080x2280 d0
08-07 17:53:09.743   952  1409 V WindowManager: Relayout hash=9c00d76, pid=7881: mAttrs={(0,0)(fillxfill) sim={adjust=pan} ty=BASE_APPLICATION wanim=0x1030303
08-07 17:53:09.743   952  1409 V WindowManager:   fl=81810100
08-07 17:53:09.743   952  1409 V WindowManager:   pfl=12020040
08-07 17:53:09.743   952  1409 V WindowManager:   apr=LIGHT_NAVIGATION_BARS
08-07 17:53:09.743   952  1409 V WindowManager:   bhv=DEFAULT
08-07 17:53:09.743   952  1409 V WindowManager:   fitSides= naviIconColor=0
08-07 17:53:09.743   952  1409 V WindowManager:   sfl=100000}
08-07 17:53:09.746  7881  7881 I ViewRootImpl@d3f350c[MainActivity]: Relayout returned: old=(0,0,1080,2280) new=(0,0,1080,2280) req=(1080,2280)0 dur=7 res=0x1 s={true 512217319216} ch=false fn=87
