08-07 17:53:26.834  8085  8085 I Utils   : isCurrentUser current = 0, ownerId = 0
08-07 17:53:26.834  8085  8085 I TrayVisibilityController: getComputedTrayVisible : keyguardState = 1
08-07 17:53:26.834  8085  8085 I TrayVisibilityController: updateTrayVisible: State=1 visible=1 mCurrentVisible=1 specificMode=0
08-07 17:53:26.834  8085  8085 I TrayStateController: onNotifyUpdateTray: state=0
08-07 17:53:26.841   628   628 I Layer   : id=624791 removeFromCurrentState com.sec.android.app.launcher/com.sec.android.app.launcher.activities.LauncherActivity$_2001#0 (135)
08-07 17:53:26.841   628   628 I Layer   : id=624794 removeFromCurrentState OneUiHome-BlurLayer#0 (135)
08-07 17:53:26.841   628   628 E SurfaceFlinger: Attempt to update InputPolicyFlags without permission ACCESS_SURFACE_FLINGER
08-07 17:53:26.841   628   628 I SurfaceFlinger: id=624791 Removed com.sec.android.app.launcher/com.sec.android.app.launcher.activities.LauncherActivity$_2001#0 (135)
08-07 17:53:26.842   628   628 I Layer   : id=624791 Destroyed com.sec.android.app.launcher/com.sec.android.app.launcher.activities.LauncherActivity$_2001#0
08-07 17:53:26.842   628   628 I Layer   : id=624794 Destroyed OneUiHome-BlurLayer#0
08-07 17:53:26.857   628   628 E SurfaceFlinger: Attempt to update InputPolicyFlags without permission ACCESS_SURFACE_FLINGER
08-07 17:53:26.874   628   628 E SurfaceFlinger: Attempt to update InputPolicyFlags without permission ACCESS_SURFACE_FLINGER
08-07 17:53:26.877   952  8083 D WifiConnectivityMonitor.DnsThread:  [|209] []
08-07 17:53:26.878   568  8086 I HYPER-HAL: [RequestManager.cpp]releaseLocked(): Released ID : 470953
08-07 17:53:26.878   952  1317 D WifiConnectivityMonitor.NetworkStatsAnalyzer: DNS resultType : 0, responseTime : 209
08-07 17:53:26.878   952  1315 D OpenNetworkQos[4.00]: updateBssidLatestDnsResultType - result: 0
08-07 17:53:26.878   952  1315 D OpenNetworkQos[4.00]: updateBssidNoInternet: mBssidNoInternet = false
08-07 17:53:26.878   952  1315 D OpenNetworkQos[4.00]: getOpenNetworkQosNoInternetStatus: false
08-07 17:53:26.878   952  1315 D OpenNetworkQos[4.00]: getOpenNetworkQosScores: 26 10 0
08-07 17:53:26.878   952  1315 I WifiProfileShare: network QoS data was changed (internet), updateQoSData networkType: true, qosData: false
08-07 17:53:26.879   952  2599 D WifiProfileShare: nearby scanning settings run
08-07 17:53:26.879   952  2599 D WifiProfileShare: network score provider settings enabled
08-07 17:53:26.879   952  2599 V WifiProfileShare.Caster: checkAndGetShareData(qos) - unavailable for this config
08-07 17:53:26.879   952  2599 V WifiProfileShare.Caster: checkAndGetShareData(pwd sta) - unavailable for this config
08-07 17:53:26.879   952  2599 V WifiProfileShare.Caster: checkAndGetShareData - there is no data
08-07 17:53:26.891   628   628 E SurfaceFlinger: Attempt to update InputPolicyFlags without permission ACCESS_SURFACE_FLINGER
08-07 17:53:26.908   628   628 E SurfaceFlinger: Attempt to update InputPolicyFlags without permission ACCESS_SURFACE_FLINGER
08-07 17:53:26.909  5104  5104 I dnwd    : onPause
08-07 17:53:26.911  8447  8447 I gkox    : (REDACTED) received broadcast: %s
08-07 17:53:26.911  8447  8585 I gkpa    : (REDACTED) received broadcast: %s
08-07 17:53:26.912  8447  8585 I gkkn    : (REDACTED) #onConfigUpdate. requester: %s
08-07 17:53:26.912  8447  8606 I gkkn    : #onConfigUpdate inside sequencer
08-07 17:53:26.912  8447  8606 I gkhl    : (REDACTED) Voice Match (Speaker-id) supported : %b
08-07 17:53:26.912  8447  8606 I gkhl    : (REDACTED) hotword enrollment state is enrolled:  %b, speakerId model exist: %b. Voice Match supported : %b
08-07 17:53:26.912  8447  8606 I gkhl    : (REDACTED) isHotwordAvailable():  %b, isHotwordEnabled() %b
08-07 17:53:26.912  8447  8606 I gkhl    : (REDACTED) isHotwordAvailable():  %b, isHotwordEnabled() %b
08-07 17:53:26.912  8447  8606 I gkhl    : (REDACTED) Hotword enrollment state : %s.
08-07 17:53:26.912  8447  8606 I gkhl    : (REDACTED) Voice Match (Speaker-id) supported : %b
08-07 17:53:26.912  8447  8606 I gkhl    : (REDACTED) Voice Match (Speaker-id) supported : %b
08-07 17:53:26.912  8447  8606 I gkhl    : (REDACTED) hotword enrollment state is enrolled:  %b, speakerId model exist: %b, voice match supported : %b
08-07 17:53:26.912  8447  8606 I gkhl    : (REDACTED) Hotword isNonVoiceMatchHotwordEnabled: %b, isHotwordAvailable : %b, isHotwordEnabled : %b, isVoiceMatchSupported: %b, isHotwordEnrolled: %b.
08-07 17:53:26.912  8447  8606 I gkkn    : (REDACTED) Ignore the legacy hotword request. voice match enabled %b, isHotwordSupported %b, isIncompleteEnrollmentState %b, nonVoiceMatchHotwordEnabled %b
08-07 17:53:26.924   628   628 E SurfaceFlinger: Attempt to update InputPolicyFlags without permission ACCESS_SURFACE_FLINGER
08-07 17:53:26.941   628   628 E SurfaceFlinger: Attempt to update InputPolicyFlags without permission ACCESS_SURFACE_FLINGER
08-07 17:53:26.957   952  1032 I GestureDetector: handleMessage TAP
08-07 17:53:26.957   628   628 E SurfaceFlinger: Attempt to update InputPolicyFlags without permission ACCESS_SURFACE_FLINGER
08-07 17:53:26.958   952   952 I GestureDetector: handleMessage TAP
08-07 17:53:26.959  7881  7881 I ViewInteraction: Checking 'MatchesViewAssertion{viewMatcher=an instance of android.widget.TextView and view.getText() with or without transformation to match: a string containing "Subtotal: 7"}' assertion on view view.getId() is <2131231217/com.example.lunchtray:id/subtotal>
08-07 17:53:26.961  7881  7881 I ViewInteraction: Performing 'single click' action on view view.getId() is <2131230858/com.example.lunchtray:id/chili>
08-07 17:53:26.962   952  3348 D InputDispatcher: Inject motion (7881): action=0x0, time=2262200271000000, f=0x0, d=0
08-07 17:53:26.962   952  1207 I InputDispatcher: Delivering touch to (1411): action: 0x4, f=0x0, d=0, '5b03b71', t=0
08-07 17:53:26.962   952  1207 I InputDispatcher: Delivering touch to (7881): action: 0x0, f=0x0, d=0, 'edc9819', t=0
08-07 17:53:26.963   952  1032 I GestureDetector: obtain mCurrentDownEvent. id: -906135186 caller: com.android.server.wm.SystemGesturesPointerEventListener.onPointerEvent:179 com.android.server.wm.PointerEventDispatcher.onInputEvent:71 android.view.InputEventReceiver.dispatchInputEvent:259
08-07 17:53:26.963  7881  7881 I ViewRootImpl@b49dec1[FragmentScenario$EmptyFragmentActivity]: ViewPostIme pointer 0
08-07 17:53:26.963  3311  3311 I SemDvfsHyPerManager: acquire hyper - BaseTABoost/3311@22, type = 1090523139
08-07 17:53:26.963  3311  3311 I SemDvfsHyPerManager: acquire hyper - BaseTAToouchBoost/3311@24, type = 1090523139
08-07 17:53:26.963   952  1032 I GestureDetector: obtain mCurrentDownEvent. id: -906135186 caller: com.android.server.wm.SystemPerformancePointerEventListener.onPointerEvent:89 com.android.server.wm.PointerEventDispatcher.onInputEvent:71 android.view.InputEventReceiver.dispatchInputEvent:259
08-07 17:53:26.963   568   614 I HYPER-HAL: [RequestManager.cpp]acquire(): Acquired ID : 5556133  [3311 / 22]    HINT :      list : [TABoost / 5]
08-07 17:53:26.963   568   614 I HYPER-HAL: [RequestManager.cpp]acquire(): Acquired ID : 5562804  [3311 / 24]    HINT :      list : [TABoost / 20] [TIMEOUT / 1500]
08-07 17:53:26.972   952  1313 D SemWifiSwitchForIndividualAppsService: isPackageException - result:3, com.example.lunchtray
08-07 17:53:26.974   628   628 E SurfaceFlinger: Attempt to update InputPolicyFlags without permission ACCESS_SURFACE_FLINGER
08-07 17:53:26.991   628   628 E SurfaceFlinger: Attempt to update InputPolicyFlags without permission ACCESS_SURFACE_FLINGER
08-07 17:53:27.004   952  3348 D InputDispatcher: Inject motion (7881): action=0x1, time=2262200313000000, f=0x0, d=0
08-07 17:53:27.004   952  1207 I InputDispatcher: Delivering touch to (7881): action: 0x1, f=0x0, d=0, 'edc9819', t=1
08-07 17:53:27.004  7881  7881 I ViewRootImpl@b49dec1[FragmentScenario$EmptyFragmentActivity]: ViewPostIme pointer 1
08-07 17:53:27.005   952  1032 I GestureDetector: obtain mCurrentMotionEventRaw. action: 1 id: -925191637
08-07 17:53:27.005   952  1032 I GestureDetector: obtain mCurrentMotionEventRaw. action: 1 id: -925191637
08-07 17:53:27.008   628   628 E SurfaceFlinger: Attempt to update InputPolicyFlags without permission ACCESS_SURFACE_FLINGER
08-07 17:53:27.025   628   628 E SurfaceFlinger: Attempt to update InputPolicyFlags without permission ACCESS_SURFACE_FLINGER
08-07 17:53:27.041   628   628 E SurfaceFlinger: Attempt to update InputPolicyFlags without permission ACCESS_SURFACE_FLINGER
08-07 17:53:27.058   628   628 E SurfaceFlinger: Attempt to update InputPolicyFlags without permission ACCESS_SURFACE_FLINGER
08-07 17:53:27.075   628   628 E SurfaceFlinger: Attempt to update InputPolicyFlags without permission ACCESS_SURFACE_FLINGER
08-07 17:53:27.092   628   628 E SurfaceFlinger: Attempt to update InputPolicyFlags without permission ACCESS_SURFACE_FLINGER
08-07 17:53:27.108   628   628 E SurfaceFlinger: Attempt to update InputPolicyFlags without permission ACCESS_SURFACE_FLINGER
08-07 17:53:27.125   628   628 E SurfaceFlinger: Attempt to update InputPolicyFlags without permission ACCESS_SURFACE_FLINGER
08-07 17:53:27.142   628   628 E SurfaceFlinger: Attempt to update InputPolicyFlags without permission ACCESS_SURFACE_FLINGER
08-07 17:53:27.159   628   628 E SurfaceFlinger: Attempt to update InputPolicyFlags without permission ACCESS_SURFACE_FLINGER
08-07 17:53:27.175   628   628 E SurfaceFlinger: Attempt to update InputPolicyFlags without permission ACCESS_SURFACE_FLINGER
08-07 17:53:27.192   628   628 E SurfaceFlinger: Attempt to update InputPolicyFlags without permission ACCESS_SURFACE_FLINGER
08-07 17:53:27.209   628   628 E SurfaceFlinger: Attempt to update InputPolicyFlags without permission ACCESS_SURFACE_FLINGER
08-07 17:53:27.218  5104  5104 I dnwd    : onStop
08-07 17:53:27.226   628   628 E SurfaceFlinger: Attempt to update InputPolicyFlags without permission ACCESS_SURFACE_FLINGER
08-07 17:53:27.242   628   628 E SurfaceFlinger: Attempt to update InputPolicyFlags without permission ACCESS_SURFACE_FLINGER
08-07 17:53:27.259   628   628 E SurfaceFlinger: Attempt to update InputPolicyFlags without permission ACCESS_SURFACE_FLINGER
08-07 17:53:27.260  7881  7881 I ViewInteraction: Checking 'MatchesViewAssertion{viewMatcher=an instance of android.widget.TextView and view.getText() with or without transformation to match: a string containing "Subtotal: 4"}' assertion on view view.getId() is <2131231217/com.example.lunchtray:id/subtotal>
08-07 17:53:27.261  7881  7881 I ViewInteraction: Performing 'single click' action on view view.getId() is <2131231106/com.example.lunchtray:id/pasta>
08-07 17:53:27.262   952  3348 D InputDispatcher: Inject motion (7881): action=0x0, time=2262200571000000, f=0x0, d=0
08-07 17:53:27.262   952  1207 I InputDispatcher: Delivering touch to (1411): action: 0x4, f=0x0, d=0, '5b03b71', t=0
08-07 17:53:27.262   952  1207 I InputDispatcher: Delivering touch to (7881): action: 0x0, f=0x0, d=0, 'edc9819', t=0
08-07 17:53:27.263  3311  3311 I SemDvfsHyPerManager: acquire hyper - BaseTABoost/3311@22, type = 1090523139
08-07 17:53:27.263  7881  7881 I ViewRootImpl@b49dec1[FragmentScenario$EmptyFragmentActivity]: ViewPostIme pointer 0
08-07 17:53:27.263  3311  3311 I SemDvfsHyPerManager: acquire hyper - BaseTAToouchBoost/3311@24, type = 1090523139
08-07 17:53:27.263   952  1032 I GestureDetector: obtain mCurrentDownEvent. id: -897064621 caller: com.android.server.wm.SystemGesturesPointerEventListener.onPointerEvent:179 com.android.server.wm.PointerEventDispatcher.onInputEvent:71 android.view.InputEventReceiver.dispatchInputEvent:259
08-07 17:53:27.263   568   614 I HYPER-HAL: [RequestManager.cpp]acquire(): Acquired ID : 5556133  [3311 / 22]    HINT :      list : [TABoost / 5]
08-07 17:53:27.263   952  1032 I GestureDetector: obtain mCurrentDownEvent. id: -897064621 caller: com.android.server.wm.SystemPerformancePointerEventListener.onPointerEvent:89 com.android.server.wm.PointerEventDispatcher.onInputEvent:71 android.view.InputEventReceiver.dispatchInputEvent:259
08-07 17:53:27.263   568   614 I HYPER-HAL: [RequestManager.cpp]acquire(): Acquired ID : 5562804  [3311 / 24]    HINT :      list : [TABoost / 20] [TIMEOUT / 1500]
08-07 17:53:27.276   628   628 E SurfaceFlinger: Attempt to update InputPolicyFlags without permission ACCESS_SURFACE_FLINGER
08-07 17:53:27.293   628   628 E SurfaceFlinger: Attempt to update InputPolicyFlags without permission ACCESS_SURFACE_FLINGER
08-07 17:53:27.304   952  3348 D InputDispatcher: Inject motion (7881): action=0x1, time=2262200613000000, f=0x0, d=0
08-07 17:53:27.304   952  1207 I InputDispatcher: Delivering touch to (7881): action: 0x1, f=0x0, d=0, 'edc9819', t=1
08-07 17:53:27.304  7881  7881 I ViewRootImpl@b49dec1[FragmentScenario$EmptyFragmentActivity]: ViewPostIme pointer 1
08-07 17:53:27.304   952  1032 I GestureDetector: obtain mCurrentMotionEventRaw. action: 1 id: -176723970
08-07 17:53:27.304   952  1032 I GestureDetector: obtain mCurrentMotionEventRaw. action: 1 id: -176723970
08-07 17:53:27.309   628   628 E SurfaceFlinger: Attempt to update InputPolicyFlags without permission ACCESS_SURFACE_FLINGER
08-07 17:53:27.326   628   628 E SurfaceFlinger: Attempt to update InputPolicyFlags without permission ACCESS_SURFACE_FLINGER
08-07 17:53:27.343   628   628 E SurfaceFlinger: Attempt to update InputPolicyFlags without permission ACCESS_SURFACE_FLINGER
08-07 17:53:27.360   628   628 E SurfaceFlinger: Attempt to update InputPolicyFlags without permission ACCESS_SURFACE_FLINGER
08-07 17:53:27.376   628   628 E SurfaceFlinger: Attempt to update InputPolicyFlags without permission ACCESS_SURFACE_FLINGER
08-07 17:53:27.393   628   628 E SurfaceFlinger: Attempt to update InputPolicyFlags without permission ACCESS_SURFACE_FLINGER
08-07 17:53:27.410   628   628 E SurfaceFlinger: Attempt to update InputPolicyFlags without permission ACCESS_SURFACE_FLINGER
08-07 17:53:27.410   568  8080 I HYPER-HAL: [RequestManager.cpp]releaseLocked(): Released ID : 469982
08-07 17:53:27.427   628   628 E SurfaceFlinger: Attempt to update InputPolicyFlags without permission ACCESS_SURFACE_FLINGER
08-07 17:53:27.443   628   628 E SurfaceFlinger: Attempt to update InputPolicyFlags without permission ACCESS_SURFACE_FLINGER
08-07 17:53:27.460   628   628 E SurfaceFlinger: Attempt to update InputPolicyFlags without permission ACCESS_SURFACE_FLINGER
08-07 17:53:27.477   628   628 E SurfaceFlinger: Attempt to update InputPolicyFlags without permission ACCESS_SURFACE_FLINGER
08-07 17:53:27.494   628   628 E SurfaceFlinger: Attempt to update InputPolicyFlags without permission ACCESS_SURFACE_FLINGER
08-07 17:53:27.510   628   628 E SurfaceFlinger: Attempt to update InputPolicyFlags without permission ACCESS_SURFACE_FLINGER
08-07 17:53:27.527   628   628 E SurfaceFlinger: Attempt to update InputPolicyFlags without permission ACCESS_SURFACE_FLINGER
08-07 17:53:27.544   628   628 E SurfaceFlinger: Attempt to update InputPolicyFlags without permission ACCESS_SURFACE_FLINGER
08-07 17:53:27.561   628   628 E SurfaceFlinger: Attempt to update InputPolicyFlags without permission ACCESS_SURFACE_FLINGER
08-07 17:53:27.563   952  1032 I GestureDetector: handleMessage TAP
08-07 17:53:27.564  7881  7881 I ViewInteraction: Checking 'MatchesViewAssertion{viewMatcher=an instance of android.widget.TextView and view.getText() with or without transformation to match: a string containing "Subtotal: 6"}' assertion on view view.getId() is <2131231217/com.example.lunchtray:id/subtotal>
08-07 17:53:27.565   952   952 I GestureDetector: handleMessage TAP
08-07 17:53:27.568  7881  7881 I ViewInteraction: Performing 'single click' action on view view.getId() is <2131231175/com.example.lunchtray:id/skillet>
08-07 17:53:27.570   952  3348 D InputDispatcher: Inject motion (7881): action=0x0, time=2262200879000000, f=0x0, d=0
08-07 17:53:27.571   952  1207 I InputDispatcher: Delivering touch to (1411): action: 0x4, f=0x0, d=0, '5b03b71', t=0
08-07 17:53:27.571   952  1207 I InputDispatcher: Delivering touch to (7881): action: 0x0, f=0x0, d=0, 'edc9819', t=0
08-07 17:53:27.572  7881  7881 I ViewRootImpl@b49dec1[FragmentScenario$EmptyFragmentActivity]: ViewPostIme pointer 0
08-07 17:53:27.573   952  1032 I GestureDetector: obtain mCurrentDownEvent. id: -21092627 caller: com.android.server.wm.SystemGesturesPointerEventListener.onPointerEvent:179 com.android.server.wm.PointerEventDispatcher.onInputEvent:71 android.view.InputEventReceiver.dispatchInputEvent:259
08-07 17:53:27.573   952  1032 I GestureDetector: obtain mCurrentDownEvent. id: -21092627 caller: com.android.server.wm.SystemPerformancePointerEventListener.onPointerEvent:89 com.android.server.wm.PointerEventDispatcher.onInputEvent:71 android.view.InputEventReceiver.dispatchInputEvent:259
08-07 17:53:27.574  3311  3311 I SemDvfsHyPerManager: acquire hyper - BaseTABoost/3311@22, type = 1090523139
08-07 17:53:27.575  3311  3311 I SemDvfsHyPerManager: acquire hyper - BaseTAToouchBoost/3311@24, type = 1090523139
08-07 17:53:27.575   568   614 I HYPER-HAL: [RequestManager.cpp]acquire(): Acquired ID : 5556133  [3311 / 22]    HINT :      list : [TABoost / 5]
08-07 17:53:27.575   568   614 I HYPER-HAL: [RequestManager.cpp]acquire(): Acquired ID : 5562804  [3311 / 24]    HINT :      list : [TABoost / 20] [TIMEOUT / 1500]
08-07 17:53:27.577   628   628 E SurfaceFlinger: Attempt to update InputPolicyFlags without permission ACCESS_SURFACE_FLINGER
08-07 17:53:27.594   628   628 E SurfaceFlinger: Attempt to update InputPolicyFlags without permission ACCESS_SURFACE_FLINGER
08-07 17:53:27.611   628   628 E SurfaceFlinger: Attempt to update InputPolicyFlags without permission ACCESS_SURFACE_FLINGER
08-07 17:53:27.611   952  3348 D InputDispatcher: Inject motion (7881): action=0x1, time=2262200920000000, f=0x0, d=0
08-07 17:53:27.613   952  1207 I InputDispatcher: Delivering touch to (7881): action: 0x1, f=0x0, d=0, 'edc9819', t=1
08-07 17:53:27.614  7881  7881 I ViewRootImpl@b49dec1[FragmentScenario$EmptyFragmentActivity]: ViewPostIme pointer 1
08-07 17:53:27.615   952  1032 I GestureDetector: obtain mCurrentMotionEventRaw. action: 1 id: -871654871
08-07 17:53:27.615   952  1032 I GestureDetector: obtain mCurrentMotionEventRaw. action: 1 id: -871654871
08-07 17:53:27.644   628   628 E SurfaceFlinger: Attempt to update InputPolicyFlags without permission ACCESS_SURFACE_FLINGER
08-07 17:53:27.662   628   628 E SurfaceFlinger: Attempt to update InputPolicyFlags without permission ACCESS_SURFACE_FLINGER
08-07 17:53:27.678   628   628 E SurfaceFlinger: Attempt to update InputPolicyFlags without permission ACCESS_SURFACE_FLINGER
08-07 17:53:27.712   628   628 E SurfaceFlinger: Attempt to update InputPolicyFlags without permission ACCESS_SURFACE_FLINGER
08-07 17:53:27.729   628   628 E SurfaceFlinger: Attempt to update InputPolicyFlags without permission ACCESS_SURFACE_FLINGER
08-07 17:53:27.745   628   628 E SurfaceFlinger: Attempt to update InputPolicyFlags without permission ACCESS_SURFACE_FLINGER
08-07 17:53:27.763   628   628 E SurfaceFlinger: Attempt to update InputPolicyFlags without permission ACCESS_SURFACE_FLINGER
08-07 17:53:27.779   628   628 E SurfaceFlinger: Attempt to update InputPolicyFlags without permission ACCESS_SURFACE_FLINGER
08-07 17:53:27.796   628   628 E SurfaceFlinger: Attempt to update InputPolicyFlags without permission ACCESS_SURFACE_FLINGER
08-07 17:53:27.812   628   628 E SurfaceFlinger: Attempt to update InputPolicyFlags without permission ACCESS_SURFACE_FLINGER
08-07 17:53:27.829   628   628 E SurfaceFlinger: Attempt to update InputPolicyFlags without permission ACCESS_SURFACE_FLINGER
08-07 17:53:27.846   628   628 E SurfaceFlinger: Attempt to update InputPolicyFlags without permission ACCESS_SURFACE_FLINGER
08-07 17:53:27.862   628   628 E SurfaceFlinger: Attempt to update InputPolicyFlags without permission ACCESS_SURFACE_FLINGER
08-07 17:53:27.873   952  1032 I GestureDetector: handleMessage TAP
08-07 17:53:27.874   952   952 I GestureDetector: handleMessage TAP
08-07 17:53:27.879   628   628 E SurfaceFlinger: Attempt to update InputPolicyFlags without permission ACCESS_SURFACE_FLINGER
08-07 17:53:27.887  7881  7881 I ViewInteraction: Checking 'MatchesViewAssertion{viewMatcher=an instance of android.widget.TextView and view.getText() with or without transformation to match: a string containing "Subtotal: 6"}' assertion on view view.getId() is <2131231217/com.example.lunchtray:id/subtotal>
08-07 17:53:27.888  7881  7906 I TestRunner: finished: radio_buttons_update_entree_menu_subtotal(com.example.lunchtray.OrderFunctionalityTests)
