08-07 17:53:22.422  7881  7881 V ActivityScenario: Activity lifecycle changed event received but ignored because the intent does not match. startActivityIntent=Intent { act=android.intent.action.MAIN cat=[android.intent.category.LAUNCHER] cmp=com.example.lunchtray/.MainActivity }, activity.getIntent()=Intent { act=android.intent.action.MAIN cat=[android.intent.category.LAUNCHER] cmp=com.example.lunchtray/androidx.fragment.app.testing.FragmentScenario$EmptyFragmentActivity (has extras) }, activity=androidx.fragment.app.testing.FragmentScenario$EmptyFragmentActivity@4ec6fed
08-07 17:53:22.422  7881  7881 V ActivityScenario: Activity lifecycle changed event received but ignored because the intent does not match. startActivityIntent=Intent { act=android.intent.action.MAIN cat=[android.intent.category.LAUNCHER] cmp=com.example.lunchtray/.MainActivity }, activity.getIntent()=Intent { act=android.intent.action.MAIN cat=[android.intent.category.LAUNCHER] cmp=com.example.lunchtray/androidx.fragment.app.testing.FragmentScenario$EmptyFragmentActivity (has extras) }, activity=androidx.fragment.app.testing.FragmentScenario$EmptyFragmentActivity@4ec6fed
08-07 17:53:22.422  7881  7881 V ActivityScenario: Activity lifecycle changed event received but ignored because the intent does not match. startActivityIntent=Intent { act=android.intent.action.MAIN cat=[android.intent.category.LAUNCHER] cmp=com.example.lunchtray/.MainActivity }, activity.getIntent()=Intent { act=android.intent.action.MAIN cat=[android.intent.category.LAUNCHER] cmp=com.example.lunchtray/androidx.fragment.app.testing.FragmentScenario$EmptyFragmentActivity (has extras) }, activity=androidx.fragment.app.testing.FragmentScenario$EmptyFragmentActivity@4ec6fed
08-07 17:53:22.422  7881  7881 V ActivityScenario: Activity lifecycle changed event received but ignored because the intent does not match. startActivityIntent=Intent { act=android.intent.action.MAIN cat=[android.intent.category.LAUNCHER] cmp=com.example.lunchtray/.MainActivity }, activity.getIntent()=Intent { act=android.intent.action.MAIN cat=[android.intent.category.LAUNCHER] cmp=com.example.lunchtray/androidx.fragment.app.testing.FragmentScenario$EmptyFragmentActivity (has extras) }, activity=androidx.fragment.app.testing.FragmentScenario$EmptyFragmentActivity@4ec6fed
08-07 17:53:22.422  7881  7881 V ActivityScenario: Activity lifecycle changed event received but ignored because the intent does not match. startActivityIntent=Intent { act=android.intent.action.MAIN cat=[android.intent.category.LAUNCHER] cmp=com.example.lunchtray/.MainActivity }, activity.getIntent()=Intent { act=android.intent.action.MAIN cat=[android.intent.category.LAUNCHER] cmp=com.example.lunchtray/androidx.fragment.app.testing.FragmentScenario$EmptyFragmentActivity (has extras) }, activity=androidx.fragment.app.testing.FragmentScenario$EmptyFragmentActivity@4ec6fed
08-07 17:53:22.422   952  2595 I MediaSessionMonitor: Media session stopped : controllerList empty
08-07 17:53:22.423  7881  7881 V ActivityScenario: Update currentActivityStage to STARTED, currentActivity=androidx.fragment.app.testing.FragmentScenario$EmptyFragmentActivity@4ec6fed
08-07 17:53:22.424  7881  7881 D LifecycleMonitor: Lifecycle status change: androidx.fragment.app.testing.FragmentScenario$EmptyFragmentActivity@4ec6fed in: RESUMED
08-07 17:53:22.424  7881  7881 V ActivityScenario: Activity lifecycle changed event received but ignored because the intent does not match. startActivityIntent=Intent { act=android.intent.action.MAIN cat=[android.intent.category.LAUNCHER] cmp=com.example.lunchtray/.MainActivity }, activity.getIntent()=Intent { act=android.intent.action.MAIN cat=[android.intent.category.LAUNCHER] cmp=com.example.lunchtray/androidx.fragment.app.testing.FragmentScenario$EmptyFragmentActivity (has extras) }, activity=androidx.fragment.app.testing.FragmentScenario$EmptyFragmentActivity@4ec6fed
08-07 17:53:22.424  7881  7881 V ActivityScenario: Activity lifecycle changed event received but ignored because the intent does not match. startActivityIntent=Intent { act=android.intent.action.MAIN cat=[android.intent.category.LAUNCHER] cmp=com.example.lunchtray/.MainActivity }, activity.getIntent()=Intent { act=android.intent.action.MAIN cat=[android.intent.category.LAUNCHER] cmp=com.example.lunchtray/androidx.fragment.app.testing.FragmentScenario$EmptyFragmentActivity (has extras) }, activity=androidx.fragment.app.testing.FragmentScenario$EmptyFragmentActivity@4ec6fed
08-07 17:53:22.424  7881  7881 V ActivityScenario: Activity lifecycle changed event received but ignored because the intent does not match. startActivityIntent=Intent { act=android.intent.action.MAIN cat=[android.intent.category.LAUNCHER] cmp=com.example.lunchtray/.MainActivity }, activity.getIntent()=Intent { act=android.intent.action.MAIN cat=[android.intent.category.LAUNCHER] cmp=com.example.lunchtray/androidx.fragment.app.testing.FragmentScenario$EmptyFragmentActivity (has extras) }, activity=androidx.fragment.app.testing.FragmentScenario$EmptyFragmentActivity@4ec6fed
08-07 17:53:22.425  7881  7881 V ActivityScenario: Activity lifecycle changed event received but ignored because the intent does not match. startActivityIntent=Intent { act=android.intent.action.MAIN cat=[android.intent.category.LAUNCHER] cmp=com.example.lunchtray/.MainActivity }, activity.getIntent()=Intent { act=android.intent.action.MAIN cat=[android.intent.category.LAUNCHER] cmp=com.example.lunchtray/androidx.fragment.app.testing.FragmentScenario$EmptyFragmentActivity (has extras) }, activity=androidx.fragment.app.testing.FragmentScenario$EmptyFragmentActivity@4ec6fed
08-07 17:53:22.425  7881  7881 V ActivityScenario: Activity lifecycle changed event received but ignored because the intent does not match. startActivityIntent=Intent { act=android.intent.action.MAIN cat=[android.intent.category.LAUNCHER] cmp=com.example.lunchtray/.MainActivity }, activity.getIntent()=Intent { act=android.intent.action.MAIN cat=[android.intent.category.LAUNCHER] cmp=com.example.lunchtray/androidx.fragment.app.testing.FragmentScenario$EmptyFragmentActivity (has extras) }, activity=androidx.fragment.app.testing.FragmentScenario$EmptyFragmentActivity@4ec6fed
08-07 17:53:22.425  7881  7881 V ActivityScenario: Update currentActivityStage to RESUMED, currentActivity=androidx.fragment.app.testing.FragmentScenario$EmptyFragmentActivity@4ec6fed
08-07 17:53:22.425   952  2550 W NetlinkSocket: maximum read
08-07 17:53:22.427  8085  8085 I Utils   : HomePackage : com.sec.android.app.launcher, resumePackageName : com.example.lunchtray
08-07 17:53:22.427   952  2550 W NetlinkSocket: maximum read
08-07 17:53:22.432   952  1163 D InputTransport: Input channel constructed: 'fcaadd ', fd=1987
08-07 17:53:22.432   952  1163 D InputTransport: Input channel constructed: 'fcaadd ', fd=1988
08-07 17:53:22.432   952  1163 D InputTransport: Input channel constructed: 'fcaadd ', fd=1989
08-07 17:53:22.432  1411  1411 D NetworkController.WifiSignalController: notifyListener: visible=true, enabled=true, connected=true, inetCondition=1, isDefault=true, receivedCR=true, receivedIC=-1, shouldForceHide=false, emptyConnected=false
08-07 17:53:22.432   628   642 I SurfaceFlinger: id=624757 createSurf (0x0),-1 flag=80004, fcaadd com.example.lunchtray/androidx.fragment.app.testing.FragmentScenario$EmptyFragmentActivity#0
08-07 17:53:22.433   952  1163 D InputTransport: Input channel destroyed: 'fcaadd ', fd=1989
08-07 17:53:22.434  7881  7881 I ViewRootImpl@9770707[FragmentScenario$EmptyFragmentActivity]: setView = com.android.internal.policy.DecorView@c88ea6e TM=true
08-07 17:53:22.435   952  1095 D AnalyticsContainerHandler: handleMessage : { when=0 what=1 target=com.android.server.knox.KnoxAnalyticsContainer$AnalyticsHandler }
08-07 17:53:22.440   952  1163 V WindowManager: Relayout Window{fcaadd u0 com.example.lunchtray/androidx.fragment.app.testing.FragmentScenario$EmptyFragmentActivity}: viewVisibility=0 req=1080x2280 d0
08-07 17:53:22.440   628  2718 I SurfaceFlinger: id=624758 createSurf (1x1),-3 flag=40004, com.example.lunchtray/androidx.fragment.app.testing.FragmentScenario$EmptyFragmentActivity$_7881#0
08-07 17:53:22.443   628  2718 I SurfaceFlinger: id=624759 createSurf (0x0),-1 flag=24000, Surface(name=cc3f67a StatusBar)/@0x6cfa557 - animation-leash of insets_animation#0
08-07 17:53:22.444   628  2111 I SurfaceFlinger: id=624760 createSurf (0x0),-1 flag=24000, Surface(name=5b03b71 NavigationBar0)/@0xbaf262 - animation-leash of insets_animation#0
08-07 17:53:22.445   952  1163 V WindowManager: Relayout hash=fcaadd, pid=7881: mAttrs={(0,0)(fillxfill) sim={adjust=pan forwardNavigation} ty=BASE_APPLICATION wanim=0x1030303
08-07 17:53:22.445   952  1163 V WindowManager:   fl=81810100
08-07 17:53:22.445   952  1163 V WindowManager:   pfl=12020040
08-07 17:53:22.445   952  1163 V WindowManager:   apr=LIGHT_NAVIGATION_BARS
08-07 17:53:22.445   952  1163 V WindowManager:   bhv=DEFAULT
08-07 17:53:22.445   952  1163 V WindowManager:   fitSides= naviIconColor=0
08-07 17:53:22.445   952  1163 V WindowManager:   sfl=100000}
08-07 17:53:22.447  7881  7881 I ViewRootImpl@9770707[FragmentScenario$EmptyFragmentActivity]: Relayout returned: old=(0,0,1080,2280) new=(0,0,1080,2280) req=(1080,2280)0 dur=7 res=0x7 s={true 512217458736} ch=true fn=-1
08-07 17:53:22.448  7881  7915 D OpenGLRenderer: eglCreateWindowSurface
08-07 17:53:22.448  7881  7881 I ViewRootImpl@9770707[FragmentScenario$EmptyFragmentActivity]: [DP] dp(1) 1 android.view.ViewRootImpl.reportNextDraw:11442 android.view.ViewRootImpl.performTraversals:4198 android.view.ViewRootImpl.doTraversal:2924
08-07 17:53:22.448  7881  7881 D ViewRootImpl@9770707[FragmentScenario$EmptyFragmentActivity]: Creating frameDrawingCallback nextDrawUseBlastSync=false reportNextDraw=true hasBlurUpdates=false
08-07 17:53:22.448  7881  7881 D ViewRootImpl@9770707[FragmentScenario$EmptyFragmentActivity]: Creating frameCompleteCallback
08-07 17:53:22.449  7881  7929 D ViewRootImpl@9770707[FragmentScenario$EmptyFragmentActivity]: Received frameDrawingCallback frameNum=1. Creating transactionCompleteCallback=false
08-07 17:53:22.451  7881  7915 D ViewRootImpl@9770707[FragmentScenario$EmptyFragmentActivity]: Received frameCompleteCallback  lastAcquiredFrameNum=1 lastAttemptedDrawFrameNum=1
08-07 17:53:22.452  7881  7881 I ViewRootImpl@9770707[FragmentScenario$EmptyFragmentActivity]: [DP] pdf(0) 1 android.view.ViewRootImpl.lambda$addFrameCompleteCallbackIfNeeded$3$ViewRootImpl:5000 android.view.ViewRootImpl$$ExternalSyntheticLambda16.run:6 android.os.Handler.handleCallback:938
08-07 17:53:22.452  7881  7881 I ViewRootImpl@9770707[FragmentScenario$EmptyFragmentActivity]: [DP] rdf()
08-07 17:53:22.452  7881  7881 D ViewRootImpl@9770707[FragmentScenario$EmptyFragmentActivity]: reportDrawFinished (fn: -1)
08-07 17:53:22.454   628   628 E SurfaceFlinger: Attempt to update InputPolicyFlags without permission ACCESS_SURFACE_FLINGER
08-07 17:53:22.455  7881  7881 D ScrollView: initGoToTop
08-07 17:53:22.457   952  1031 I PkgPredictorService-SecIpmManagerServiceImpl: reportToNAP uid:10704 com.example.lunchtray/androidx.fragment.app.testing.FragmentScenario$EmptyFragmentActivity thisTime:148
08-07 17:53:22.457   952  3366 I SemDvfsHyPerManager: acquire hyper - AMS_RESUME_TAIL/952@18, type = -999
08-07 17:53:22.457   952  3366 I SemDvfsHyPerManager: acquire hyper - AMS_ACT_LAZY/952@19, type = -999
08-07 17:53:22.457   568   614 I HYPER-HAL: [RequestManager.cpp]acquire(): Acquired ID : 470953  [952 / 18]    HINT : AMS_RESUME_TAIL    list :
08-07 17:53:22.458   534   541 E statsd  : Predicate -7037417284711607308 dropping data for dimension key (10)0x2010101->10704[I] (10)0x30000->*launch*[S]
08-07 17:53:22.458   534   541 E statsd  : Predicate 5980654721335871649 dropping data for dimension key (10)0x2010101->10704[I] (10)0x30000->*launch*[S]
08-07 17:53:22.459   568   614 I HYPER-HAL: [RequestManager.cpp]releaseLocked(): Released ID : 469012
08-07 17:53:22.459   952  1031 I ActivityTaskManager: Displayed com.example.lunchtray/androidx.fragment.app.testing.FragmentScenario$EmptyFragmentActivity: +148ms
08-07 17:53:22.460  2654  2654 E pageboostd: Received HALT command code 2
08-07 17:53:22.462   628  2718 I SurfaceFlinger: id=624761 createSurf (0x0),-1 flag=24000, Surface(name=fcaadd com.example.lunchtray/androidx.fragment.app.testing.FragmentScenario$EmptyFragmentActivity)/@0x323054d - animation-leash of starting_reveal#0
08-07 17:53:22.470   628   628 I Layer   : id=624754 removeFromCurrentState Surface(name=cc3f67a StatusBar)/@0x6cfa557 - animation-leash of insets_animation#1 (131)
08-07 17:53:22.470   628   628 I Layer   : id=624755 removeFromCurrentState Surface(name=5b03b71 NavigationBar0)/@0xbaf262 - animation-leash of insets_animation#1 (131)
08-07 17:53:22.471   628   628 I SurfaceFlinger: id=624754 Removed Surface(name=cc3f67a StatusBar)/@0x6cfa557 - animation-leash of insets_animation#1 (131)
08-07 17:53:22.471   628   628 I SurfaceFlinger: id=624755 Removed Surface(name=5b03b71 NavigationBar0)/@0xbaf262 - animation-leash of insets_animation#1 (131)
08-07 17:53:22.471  7881  7881 D InsetsSourceConsumer: ensureControlAlpha: for ITYPE_NAVIGATION_BAR on com.example.lunchtray/androidx.fragment.app.testing.FragmentScenario$EmptyFragmentActivity
08-07 17:53:22.471   628   628 I Layer   : id=624754 Destroyed Surface(name=cc3f67a StatusBar)/@0x6cfa557 - animation-leash of insets_animation#1
08-07 17:53:22.472   628   628 I Layer   : id=624755 Destroyed Surface(name=5b03b71 NavigationBar0)/@0xbaf262 - animation-leash of insets_animation#1
08-07 17:53:22.472  7881  7881 D InsetsSourceConsumer: ensureControlAlpha: for ITYPE_STATUS_BAR on com.example.lunchtray/androidx.fragment.app.testing.FragmentScenario$EmptyFragmentActivity
08-07 17:53:22.472  1411  2198 I ViewRootImpl@3ebba86[lunchtray]: mWNT: t = android.view.SurfaceControl$Transaction@9267d0c fN = 2 android.view.SyncRtSurfaceTransactionApplier.applyTransaction:94 android.view.SyncRtSurfaceTransactionApplier.lambda$scheduleApply$0$SyncRtSurfaceTransactionApplier:71 android.view.SyncRtSurfaceTransactionApplier$$ExternalSyntheticLambda0.onFrameDraw:4
08-07 17:53:22.472  1411  2198 I ViewRootImpl@3ebba86[lunchtray]: mWNT: merge t to BBQ
08-07 17:53:22.473   952  1163 D InputDispatcher: Focus entered window (0): fcaadd com.example.lunchtray/androidx.fragment.app.testing.FragmentScenario$EmptyFragmentActivity
08-07 17:53:22.473  1411  2198 I ViewRootImpl@3ebba86[lunchtray]: mWNT: t = android.view.SurfaceControl$Transaction@2c51655 fN = 2 android.view.SyncRtSurfaceTransactionApplier.applyTransaction:94 android.view.SyncRtSurfaceTransactionApplier.lambda$scheduleApply$0$SyncRtSurfaceTransactionApplier:71 android.view.SyncRtSurfaceTransactionApplier$$ExternalSyntheticLambda0.onFrameDraw:4
08-07 17:53:22.473  1411  2198 I ViewRootImpl@3ebba86[lunchtray]: mWNT: merge t to BBQ
08-07 17:53:22.478   628   628 D SurfaceFlinger: Display 0 HWC layers:
08-07 17:53:22.478   628   628 D SurfaceFlinger:      DEVICE | 0x78e3e0a3d0 | 0100 | RGBx_8888    |   50.0    0.0 1130.0 2280.0 |    0    0 1080 2280 | Wallpaper BBQ wrapper#0
08-07 17:53:22.478   628   628 D SurfaceFlinger:      DEVICE | 0x78e3e09770 | 0100 | RGBA_8888    |    0.0    0.0 1080.0 2280.0 |    0    0 1080 2280 | com.sec.android.app.launcher/com.sec[...].activities.LauncherActivity$_2001#0
08-07 17:53:22.478   628   628 D SurfaceFlinger:      DEVICE | 0x78e3e0adf0 | 0102 | RGBA_8888    |    0.0    0.0 1080.0 2280.0 |   27   56 1053 2224 | com.example.lunchtray/androidx.fragm[...]enario$EmptyFragmentActivity$_7881#0
08-07 17:53:22.478   628   628 D SurfaceFlinger:      DEVICE | 0x78e3df67b0 | 0100 | RGBA_8888    |    0.0    0.0 1080.0 2280.0 |   27   56 1053 2224 | Splash Screen com.example.lunchtray$_1411#0
08-07 17:53:22.478   628   628 D SurfaceFlinger:      DEVICE | 0x78e3e110f0 | 0100 | RGBA_8888    |    0.0    0.0 1080.0  112.0 |    0    0 1080  112 | StatusBar$_1411#0
08-07 17:53:22.478   628   628 D SurfaceFlinger:      DEVICE | 0x78e3e1bd10 | 0100 | RGBA_8888    |    0.0    0.0   67.0  457.0 |    0  410   67  867 | com.samsung.android.app.cocktailbars[...]arservice.CocktailBarService$_8085#0
08-07 17:53:22.478   628   628 D SurfaceFlinger:      DEVICE | 0x78e3e02930 | 0100 | RGBA_8888    |    0.0    0.
08-07 17:53:22.478   628   628 D SurfaceFlinger: 0 1080.0  126.0 |    0 2154 1080 2280 | NavigationBar0$_1411#0
08-07 17:53:22.478   628   628 D SurfaceFlinger:
08-07 17:53:22.478   952  1163 V WindowManager: Relayout Window{fcaadd u0 com.example.lunchtray/androidx.fragment.app.testing.FragmentScenario$EmptyFragmentActivity}: viewVisibility=0 req=1080x2280 d0
08-07 17:53:22.480   952  1163 V WindowManager: Relayout hash=fcaadd, pid=7881: mAttrs={(0,0)(fillxfill) sim={adjust=resize forwardNavigation} ty=BASE_APPLICATION wanim=0x1030303
08-07 17:53:22.480   952  1163 V WindowManager:   fl=81810100
08-07 17:53:22.480   952  1163 V WindowManager:   pfl=12020040
08-07 17:53:22.480   952  1163 V WindowManager:   apr=LIGHT_NAVIGATION_BARS
08-07 17:53:22.480   952  1163 V WindowManager:   bhv=DEFAULT
08-07 17:53:22.480   952  1163 V WindowManager:   fitSides= naviIconColor=0
08-07 17:53:22.480   952  1163 V WindowManager:   sfl=100000}
08-07 17:53:22.481  7881  7881 I ViewRootImpl@9770707[FragmentScenario$EmptyFragmentActivity]: Relayout returned: old=(0,0,1080,2280) new=(0,0,1080,2280) req=(1080,2280)0 dur=3 res=0x1 s={true 512217458736} ch=false fn=2
08-07 17:53:22.482  7881  7881 D ScrollView:  onsize change changed
08-07 17:53:22.483  7881  7881 I ViewRootImpl@9770707[FragmentScenario$EmptyFragmentActivity]: MSG_WINDOW_FOCUS_CHANGED 1 1
08-07 17:53:22.485  7881  7881 D InputMethodManager: startInputInner - Id : 0
08-07 17:53:22.485  7881  7881 I InputMethodManager: startInputInner - mService.startInputOrWindowGainedFocus
08-07 17:53:22.485   952  1163 D InputMethodManagerService: DESKTOP MODE! : 2
08-07 17:53:22.485   952  1163 D InputMethodManagerService: NOT IN KNOX DESKTOP MODE!
08-07 17:53:22.485   952  1163 V InputMethodManagerService: getDisplayIdOfInputMethodWindowToBeAdded : 0
08-07 17:53:22.486   952  1163 D InputMethodManagerService: checkDisplayOfStartInputAndUpdateKeyboard display Id 0last 0
08-07 17:53:22.486   952  1163 D InputTransport: Input channel constructed: 'ClientS', fd=1977
08-07 17:53:22.486   952  1163 D InputTransport: Input channel destroyed: 'ClientS', fd=1977
08-07 17:53:22.486  6011  6011 I HBD     : HoneyBoardService onFinishInput
08-07 17:53:22.487  6011  6011 I HBD     : a IC have been unbinding,  InputConnectionWrapper{idHash=#be30b23 mMissingMethods=}
08-07 17:53:22.487  6011  6011 I HBD     : HoneyBoardService [PF_CL][onFinishInput]  330731 ns
08-07 17:53:22.487   628  2718 I SurfaceFlinger: id=624762 createSurf (0x0),-1 flag=24004, Surface(name=7cc30f4 InputMethod)/@0xe76f292 - animation-leash of insets_animation#1
08-07 17:53:22.487  6011  6011 I HBD     : HoneyBoardService [IMI] onStartInput - caller pid : 7881 , caller uid : 10704
08-07 17:53:22.487  6011  6011 I HBD     : j updateConfigs
08-07 17:53:22.487  6011  6011 I HBD     : j isEnabledNightMode : false
08-07 17:53:22.487  6011  6011 I HBD     : a IC have been binding, InputConnectionWrapper{idHash=#ad4b5d9 mMissingMethods=}
08-07 17:53:22.487  6011  6011 I HBD     : h [EditorInputType]setPrivateImeOptionsToTable privateImeOptions ( null )
08-07 17:53:22.487  6011  6011 I HBD     : b incognitoMode : false
08-07 17:53:22.487  6011  6011 I HBD     : a needOff = true , isForceOff = false, isNullInputClass : true
08-07 17:53:22.487  6011  6011 I HBD     : h getDefaultInputRange : UNKNOWN
08-07 17:53:22.488  6011  6011 I HBD     : h getDefaultInputRange : UNKNOWN
08-07 17:53:22.488  6011  6011 I HBD     : h getDefaultInputRange : UNKNOWN
08-07 17:53:22.488   628   628 E SurfaceFlinger: Attempt to update InputPolicyFlags without permission ACCESS_SURFACE_FLINGER
08-07 17:53:22.488   952  3366 D DARUtil : Device owner status not updated yet...
08-07 17:53:22.488   952  3366 D DARUtil : Not an enterprise user : 0
08-07 17:53:22.488   952  3366 D DARUtil : Device owner status not updated yet...
08-07 17:53:22.488   952  3366 D DARUtil : Not an enterprise user : 0
08-07 17:53:22.489  1411  2199 I ViewRootImpl@3ebba86[lunchtray]: mWNT: t = android.view.SurfaceControl$Transaction@576986a fN = 3 android.view.SyncRtSurfaceTransactionApplier.applyTransaction:94 android.view.SyncRtSurfaceTransactionApplier.lambda$scheduleApply$0$SyncRtSurfaceTransactionApplier:71 android.view.SyncRtSurfaceTransactionApplier$$ExternalSyntheticLambda0.onFrameDraw:4
08-07 17:53:22.489  1411  2199 I ViewRootImpl@3ebba86[lunchtray]: mWNT: merge t to BBQ
08-07 17:53:22.489  6011  6011 I HBD     : a needOff = true , isForceOff = false, isNullInputClass : true
08-07 17:53:22.489  6011  6011 I HBD     : a update cached prediction status : false
08-07 17:53:22.489  6011  6011 I HBD     : h getDefaultInputRange : UNKNOWN
08-07 17:53:22.489  6011  6011 I HBD     : h getDefaultInputRange : UNKNOWN
08-07 17:53:22.489  6011  6011 I HBD     : a currentState : 0
08-07 17:53:22.491   952  3366 D InputMethodManagerServicePhysicalKey: isConnectedDexOnPC false
08-07 17:53:22.491   952  3366 D InputMethodManagerService: isImeSwitcherDisabledPackage : false
08-07 17:53:22.493  7881  7881 I ViewInteraction: Performing 'single click' action on view view.getId() is <2131230835/com.example.lunchtray:id/bread>
08-07 17:53:22.495   952  3366 D InputDispatcher: Inject motion (7881): action=0x0, time=2262195804000000, f=0x0, d=0
08-07 17:53:22.496   952  1207 I InputDispatcher: Delivering touch to (1411): action: 0x4, f=0x0, d=0, '5b03b71', t=0
08-07 17:53:22.496   952  1207 I InputDispatcher: Delivering touch to (7881): action: 0x0, f=0x0, d=0, 'fcaadd ', t=0 +(-21,-100)*1.04
08-07 17:53:22.496  6011  6011 I HBD     : h load selected json path : /data/user/0/com.samsung.android.honeyboard/files/selected.json
08-07 17:53:22.496  6011  6011 I HBD     : h load selected json info : {"version":"1.0","currentLanguageOrder":0,"selected":[{"activeOptionList":["auto_spacing"],"engName":"Korean","id":4521984,"inputType":"phonepad","isUsed":true},{"activeOptionList":["auto_replace","auto_spacing","writing_assistant"],"engName":"English","id":65537,"inputType":"qwerty","isUsed":true}]}
08-07 17:53:22.496   952  1032 I GestureDetector: obtain mCurrentDownEvent. id: -409085203 caller: com.android.server.wm.SystemGesturesPointerEventListener.onPointerEvent:179 com.android.server.wm.PointerEventDispatcher.onInputEvent:71 android.view.InputEventReceiver.dispatchInputEvent:259
08-07 17:53:22.496  7881  7881 I ViewRootImpl@9770707[FragmentScenario$EmptyFragmentActivity]: ViewPostIme pointer 0
08-07 17:53:22.496   952  1032 I GestureDetector: obtain mCurrentDownEvent. id: -409085203 caller: com.android.server.wm.SystemPerformancePointerEventListener.onPointerEvent:89 com.android.server.wm.PointerEventDispatcher.onInputEvent:71 android.view.InputEventReceiver.dispatchInputEvent:259
08-07 17:53:22.497  3311  3311 I SemDvfsHyPerManager: acquire hyper - BaseTABoost/3311@22, type = 1090523139
08-07 17:53:22.497  3311  3311 I SemDvfsHyPerManager: acquire hyper - BaseTAToouchBoost/3311@24, type = 1090523139
08-07 17:53:22.497  6011  6011 I HBD     : a [UpdatePolicy] [post] a: 0 cl: 4521984 kit: [1/0] vt: 0 ir: 1
08-07 17:53:22.497   568   614 I HYPER-HAL: [RequestManager.cpp]acquire(): Acquired ID : 5556133  [3311 / 22]    HINT :      list : [TABoost / 5]
08-07 17:53:22.497   568   614 I HYPER-HAL: [RequestManager.cpp]acquire(): Acquired ID : 5562804  [3311 / 24]    HINT :      list : [TABoost / 20] [TIMEOUT / 1500]
08-07 17:53:22.498  6011  6011 I HBD     : HoneyBoardService [PF_OP][onStartInput]  11082538 ns
08-07 17:53:22.501  2001 19839 I RecentModel: onTaskStackChangedBackground
08-07 17:53:22.502  2001 19839 I RecentTasksList: getTaskKeys, numTasks :3 callback : com.android.quickstep.-$$Lambda$RecentsModel$k1Mm-BV64Bc89eJHYugywZmW_Js@6887d0f
08-07 17:53:22.503  2001  2079 I RecentTasksList: loadTasksInBackground() task id : 8211
08-07 17:53:22.503  3311  3719 I SemDvfsHyPerManager: acquire hyper - BaseTABoost/3311@22, type = 1090523139
08-07 17:53:22.503  3311  3719 I SemDvfsHyPerManager: acquire hyper - BaseTAToouchBoost/3311@24, type = 1090523139
08-07 17:53:22.504   628   628 I Layer   : id=624745 removeFromCurrentState Surface(name=7cc30f4 InputMethod)/@0xe76f292 - animation-leash of insets_animation#0 (130)
08-07 17:53:22.504   628   628 E SurfaceFlinger: Attempt to update InputPolicyFlags without permission ACCESS_SURFACE_FLINGER
08-07 17:53:22.505   628   628 I SurfaceFlinger: id=624745 Removed Surface(name=7cc30f4 InputMethod)/@0xe76f292 - animation-leash of insets_animation#0 (130)
08-07 17:53:22.505   628   628 I Layer   : id=624745 Destroyed Surface(name=7cc30f4 InputMethod)/@0xe76f292 - animation-leash of insets_animation#0
08-07 17:53:22.505   568   614 I HYPER-HAL: [RequestManager.cpp]acquire(): Acquired ID : 5556133  [3311 / 22]    HINT :      list : [TABoost / 5]
08-07 17:53:22.505  1411  2198 I ViewRootImpl@3ebba86[lunchtray]: mWNT: t = android.view.SurfaceControl$Transaction@1eb615b fN = 4 android.view.SyncRtSurfaceTransactionApplier.applyTransaction:94 android.view.SyncRtSurfaceTransactionApplier.lambda$scheduleApply$0$SyncRtSurfaceTransactionApplier:71 android.view.SyncRtSurfaceTransactionApplier$$ExternalSyntheticLambda0.onFrameDraw:4
08-07 17:53:22.505   568   614 I HYPER-HAL: [RequestManager.cpp]acquire(): Acquired ID : 5562804  [3311 / 24]    HINT :      list : [TABoost / 20] [TIMEOUT / 1500]
08-07 17:53:22.505  1411  2198 I ViewRootImpl@3ebba86[lunchtray]: mWNT: merge t to BBQ
08-07 17:53:22.522  1411  1640 D OpenGLRenderer: setSurface called with nullptr
08-07 17:53:22.522  1411  1640 D OpenGLRenderer: setSurface() destroyed EGLSurface
08-07 17:53:22.522  1411  1640 D OpenGLRenderer: destroyEglSurface
08-07 17:53:22.523   952  1163 V WindowManager: Relayout Window{ae6030 u0 Splash Screen com.example.lunchtray}: viewVisibility=8 req=1080x2280 d0
08-07 17:53:22.524   628   963 I SurfaceFlinger: id=624763 createSurf (0x0),-1 flag=24000, Surface(name=ae6030 Splash Screen com.example.lunchtray)/@0x58cc269 - animation-leash of window_animation#0
08-07 17:53:22.526   952  1163 V WindowManager: Relayout hash=ae6030, pid=1411: mAttrs={(0,0)(fillxfill) sim={adjust=pan} ty=APPLICATION_STARTING fmt=TRANSLUCENT wanim=0x1030001
08-07 17:53:22.526   952  1163 V WindowManager:   fl=81030118
08-07 17:53:22.526   952  1163 V WindowManager:   pfl=36000010
08-07 17:53:22.526   952  1163 V WindowManager:   bhv=DEFAULT
08-07 17:53:22.526   952  1163 V WindowManager:   fitSides= naviIconColor=0}
08-07 17:53:22.527  1411  1558 I ViewRootImpl@3ebba86[lunchtray]: Relayout returned: old=(0,0,1080,2280) new=(0,0,1080,2280) req=(1080,2280)8 dur=3 res=0x5 s={false 0} ch=true fn=5
08-07 17:53:22.527  1411  1558 I ViewRootImpl@3ebba86[lunchtray]: dispatchDetachedFromWindow
08-07 17:53:22.527   952  1163 D InputTransport: Input channel destroyed: 'ae6030 ', fd=1610
08-07 17:53:22.527   952  1163 W InputManager-JNI: Input channel object 'ae6030 Splash Screen com.example.lunchtray (client)' was disposed without first being removed with the input manager!
08-07 17:53:22.527   952  1163 D InputTransport: Input channel destroyed: 'ae6030 ', fd=1763
08-07 17:53:22.528  1411  1558 D InputTransport: Input channel destroyed: 'ae6030 ', fd=274
08-07 17:53:22.536   952  1163 D InputDispatcher: Inject motion (7881): action=0x1, time=2262195845000000, f=0x0, d=0
08-07 17:53:22.536   952  1207 I InputDispatcher: Delivering touch to (7881): action: 0x1, f=0x0, d=0, 'fcaadd ', t=1 +(-14,-33)*1.03
08-07 17:53:22.537   952  1032 I GestureDetector: obtain mCurrentMotionEventRaw. action: 1 id: -917360858
08-07 17:53:22.537   952  1032 I GestureDetector: obtain mCurrentMotionEventRaw. action: 1 id: -917360858
08-07 17:53:22.537  7881  7881 I ViewRootImpl@9770707[FragmentScenario$EmptyFragmentActivity]: ViewPostIme pointer 1
08-07 17:53:22.538   628   628 I Layer   : id=624761 removeFromCurrentState Surface(name=fcaadd com.example.lunchtray/androidx.fragment.app.testing.FragmentScenario$EmptyFragmentActivity)/@0x323054d - animation-leash of starting_reveal#0 (130)
08-07 17:53:22.562   568  8043 I HYPER-HAL: [RequestManager.cpp]releaseLocked(): Released ID : 473872
08-07 17:53:22.591  1411  1411 D NavigationBar: onSystemBarAttributesChanged() -  displayId:0, appearance:16 (APPEARANCE_LIGHT_NAVIGATION_BARS ), navbarColorManagedByIme:false
08-07 17:53:22.591  1411  1411 V Navbar.Store: handleEvent [EventType] GET_BOOL_REGION_SAMPLING_ENABLED [Module] LightBarController  KEYS_DEFAULT=false
08-07 17:53:22.591  1411  1411 V Navbar.Store: --[Band]COLOR_PACK_GET_REGION_SAMPLING_ENABLED
08-07 17:53:22.591  1411  1411 V Navbar.Store: ----getValue(BOOL_REGION_SAMPLING_ENABLED)=false
08-07 17:53:22.605   628   628 I Layer   : id=624751 removeFromCurrentState Splash Screen com.example.lunchtray$_1411#0 (130)
08-07 17:53:22.605   628   628 I Layer   : id=624750 removeFromCurrentState ae6030 Splash Screen com.example.lunchtray#0 (130)
08-07 17:53:22.605   628   628 I Layer   : id=624763 removeFromCurrentState Surface(name=ae6030 Splash Screen com.example.lunchtray)/@0x58cc269 - animation-leash of window_animation#0 (130)
08-07 17:53:22.606   628   628 I SurfaceFlinger: id=624750 Removed ae6030 Splash Screen com.example.lunchtray#0 (130)
08-07 17:53:22.606   628   628 I SurfaceFlinger: id=624751 Removed Splash Screen com.example.lunchtray$_1411#0 (130)
08-07 17:53:22.606   628   628 I SurfaceFlinger: id=624763 Removed Surface(name=ae6030 Splash Screen com.example.lunchtray)/@0x58cc269 - animation-leash of window_animation#0 (130)
08-07 17:53:22.606   628   628 I Layer   : id=624763 Destroyed Surface(name=ae6030 Splash Screen com.example.lunchtray)/@0x58cc269 - animation-leash of window_animation#0
08-07 17:53:22.606   628   628 I Layer   : id=624750 Destroyed ae6030 Splash Screen com.example.lunchtray#0
08-07 17:53:22.607   628   628 I Layer   : id=624751 Destroyed Splash Screen com.example.lunchtray$_1411#0
08-07 17:53:22.609   628   628 D SurfaceFlinger: Display 0 HWC layers:
08-07 17:53:22.609   628   628 D SurfaceFlinger:      DEVICE | 0x78e3e0a3d0 | 0100 | RGBx_8888    |   50.0    0.0 1130.0 2280.0 |    0    0 1080 2280 | Wallpaper BBQ wrapper#0
08-07 17:53:22.609   628   628 D SurfaceFlinger:      DEVICE | 0x78e3e09770 | 0100 | RGBA_8888    |    0.0    0.0 1080.0 2280.0 |    0    0 1080 2280 | com.sec.android.app.launcher/com.sec[...].activities.LauncherActivity$_2001#0
08-07 17:53:22.609   628   628 D SurfaceFlinger:      DEVICE | 0x78e3e036b0 | 0102 | RGBA_8888    |    0.0    0.0 1080.0 2280.0 |    3    7 1077 2273 | com.example.lunchtray/androidx.fragm[...]enario$EmptyFragmentActivity$_7881#0
08-07 17:53:22.609   628   628 D SurfaceFlinger:      DEVICE | 0x78e3e0f170 | 0100 | RGBA_8888    |    0.0    0.0 1080.0  112.0 |    0    0 1080  112 | StatusBar$_1411#0
08-07 17:53:22.609   628   628 D SurfaceFlinger:      DEVICE | 0x78e3e1bd10 | 0100 | RGBA_8888    |    0.0    0.0   67.0  457.0 |    0  410   67  867 | com.samsung.android.app.cocktailbars[...]arservice.CocktailBarService$_8085#0
08-07 17:53:22.609   628   628 D SurfaceFlinger:      DEVICE | 0x78e3e02930 | 0100 | RGBA_8888    |    0.0    0.0 1080.0  126.0 |    0 2154 1080 2280 | NavigationBar0$_1411#0
08-07 17:53:22.609   628   628 D SurfaceFlinger:
08-07 17:53:22.690  2001  2001 I ViewRootImpl@67bf432[LauncherActivity]: handleAppVisibility mAppVisible=true visible=false
08-07 17:53:22.690  1411  1826 D WallpaperService: dispatchAppVisibility onVisibilityChanged(): false
08-07 17:53:22.691  1411  1411 D WallpaperService: reportVisibility onVisibilityChanged visible: false
08-07 17:53:22.691  1411  1635 I ImageWallpaper:  onVisibilityChanged false , 0
08-07 17:53:22.692   628   628 D SurfaceFlinger: Display 0 HWC layers:
08-07 17:53:22.692   628   628 D SurfaceFlinger:      DEVICE | 0x78e3e036b0 | 0102 | RGBA_8888    |    0.0    0.0 1080.0 2280.0 |    0    0 1080 2280 | com.example.lunchtray/androidx.fragm[...]enario$EmptyFragmentActivity$_7881#0
08-07 17:53:22.692   628   628 D SurfaceFlinger:      DEVICE | 0x78e3e0f170 | 0100 | RGBA_8888    |    0.0    0.0 1080.0  112.0 |    0    0 1080  112 | StatusBar$_1411#0
08-07 17:53:22.692   628   628 D SurfaceFlinger:      DEVICE | 0x78e3e1bd10 | 0100 | RGBA_8888    |    0.0    0.0   67.0  457.0 |    0  410   67  867 | com.samsung.android.app.cocktailbars[...]arservice.CocktailBarService$_8085#0
08-07 17:53:22.692   628   628 D SurfaceFlinger:      DEVICE | 0x78e3e00f50 | 0100 | RGBA_8888    |    0.0    0.0 1080.0  126.0 |    0 2154 1080 2280 | NavigationBar0$_1411#0
08-07 17:53:22.692   628   628 D SurfaceFlinger:
08-07 17:53:22.693  7881  7881 D LifecycleMonitor: Lifecycle status change: androidx.test.core.app.InstrumentationActivityInvoker$BootstrapActivity@2e94fca in: STOPPED
08-07 17:53:22.694  7881  7881 V ActivityScenario: Activity lifecycle changed event received but ignored because the intent does not match. startActivityIntent=Intent { act=android.intent.action.MAIN cat=[android.intent.category.LAUNCHER] cmp=com.example.lunchtray/.MainActivity }, activity.getIntent()=Intent { act=android.intent.action.MAIN cat=[android.intent.category.LAUNCHER] flg=0x10008000 cmp=com.example.lunchtray/androidx.test.core.app.InstrumentationActivityInvoker$BootstrapActivity (has extras) }, activity=androidx.test.core.app.InstrumentationActivityInvoker$BootstrapActivity@2e94fca
08-07 17:53:22.694  7881  7881 V ActivityScenario: Activity lifecycle changed event received but ignored because the intent does not match. startActivityIntent=Intent { act=android.intent.action.MAIN cat=[android.intent.category.LAUNCHER] cmp=com.example.lunchtray/.MainActivity }, activity.getIntent()=Intent { act=android.intent.action.MAIN cat=[android.intent.category.LAUNCHER] flg=0x10008000 cmp=com.example.lunchtray/androidx.test.core.app.InstrumentationActivityInvoker$BootstrapActivity (has extras) }, activity=androidx.test.core.app.InstrumentationActivityInvoker$BootstrapActivity@2e94fca
08-07 17:53:22.695  7881  7881 V ActivityScenario: Activity lifecycle changed event received but ignored because the intent does not match. startActivityIntent=Intent { act=android.intent.action.MAIN cat=[android.intent.category.LAUNCHER] cmp=com.example.lunchtray/.MainActivity }, activity.getIntent()=Intent { act=android.intent.action.MAIN cat=[android.intent.category.LAUNCHER] flg=0x10008000 cmp=com.example.lunchtray/androidx.test.core.app.InstrumentationActivityInvoker$BootstrapActivity (has extras) }, activity=androidx.test.core.app.InstrumentationActivityInvoker$BootstrapActivity@2e94fca
08-07 17:53:22.695  7881  7881 V ActivityScenario: Activity lifecycle changed event received but ignored because the intent does not match. startActivityIntent=Intent { act=android.intent.action.MAIN cat=[android.intent.category.LAUNCHER] cmp=com.example.lunchtray/.MainActivity }, activity.getIntent()=Intent { act=android.intent.action.MAIN cat=[android.intent.category.LAUNCHER] flg=0x10008000 cmp=com.example.lunchtray/androidx.test.core.app.InstrumentationActivityInvoker$BootstrapActivity (has extras) }, activity=androidx.test.core.app.InstrumentationActivityInvoker$BootstrapActivity@2e94fca
08-07 17:53:22.695  7881  7881 V ActivityScenario: Activity lifecycle changed event received but ignored because the intent does not match. startActivityIntent=Intent { act=android.intent.action.MAIN cat=[android.intent.category.LAUNCHER] cmp=com.example.lunchtray/.MainActivity }, activity.getIntent()=Intent { act=android.intent.action.MAIN cat=[android.intent.category.LAUNCHER] flg=0x10008000 cmp=com.example.lunchtray/androidx.test.core.app.InstrumentationActivityInvoker$BootstrapActivity (has extras) }, activity=androidx.test.core.app.InstrumentationActivityInvoker$BootstrapActivity@2e94fca
08-07 17:53:22.696  7881  7881 V ActivityScenario: Activity lifecycle changed event received but ignored because the intent does not match. startActivityIntent=Intent { act=android.intent.action.MAIN cat=[android.intent.category.LAUNCHER] cmp=com.example.lunchtray/androidx.fragment.app.testing.FragmentScenario$EmptyFragmentActivity (has extras) }, activity.getIntent()=Intent { act=android.intent.action.MAIN cat=[android.intent.category.LAUNCHER] flg=0x10008000 cmp=com.example.lunchtray/androidx.test.core.app.InstrumentationActivityInvoker$BootstrapActivity (has extras) }, activity=androidx.test.core.app.InstrumentationActivityInvoker$BootstrapActivity@2e94fca
08-07 17:53:22.705   628   628 I Layer   : id=624752 removeFromCurrentState Surface(name=Task=1)/@0x71397ea - animation-leash of app_transition#0 (127)
08-07 17:53:22.706   628   628 I SurfaceFlinger: id=624752 Removed Surface(name=Task=1)/@0x71397ea - animation-leash of app_transition#0 (127)
08-07 17:53:22.706   628   628 I Layer   : id=624752 Destroyed Surface(name=Task=1)/@0x71397ea - animation-leash of app_transition#0
08-07 17:53:22.709   952  1163 V WindowManager: Relayout Window{72e35ce u0 com.sec.android.app.launcher/com.sec.android.app.launcher.activities.LauncherActivity}: viewVisibility=8 req=1080x2280 d0
08-07 17:53:22.710   952  1163 V WindowManager: Relayout hash=72e35ce, pid=2001: mAttrs={(0,0)(fillxfill) sim={adjust=nothing} layoutInDisplayCutoutMode=shortEdges ty=BASE_APPLICATION fmt=TRANSPARENT wanim=0x10302f2
08-07 17:53:22.710   952  1163 V WindowManager:   fl=81910100
08-07 17:53:22.710   952  1163 V WindowManager:   pfl=1e020040
08-07 17:53:22.710   952  1163 V WindowManager:   vsysui=1700
08-07 17:53:22.710   952  1163 V WindowManager:   apr=LIGHT_STATUS_BARS LIGHT_NAVIGATION_BARS
08-07 17:53:22.710   952  1163 V WindowManager:   bhv=SHOW_TRANSIENT_BARS_BY_SWIPE
08-07 17:53:22.710   952  1163 V WindowManager:   fitSides= naviIconColor=0}
08-07 17:53:22.711  2001  2001 I ViewRootImpl@67bf432[LauncherActivity]: Relayout returned: old=(0,0,1080,2280) new=(0,0,1080,2280) req=(1080,2280)8 dur=2 res=0x5 s={false 0} ch=true fn=26
08-07 17:53:22.711  2001  2001 I ViewRootImpl@67bf432[LauncherActivity]: stopped(true) old=false
08-07 17:53:22.712  2001  2001 I BaseActivity: removeActivityFlags, flags : 17
08-07 17:53:22.712  2001  2001 I StateManager: goToState isInState Normal
08-07 17:53:22.712  2001  2001 W LauncherAppWidgetHost: setShouldListenFlag, mFlags:7 flag:start on:false isFront:false
08-07 17:53:22.712  2001  2079 I IMM_LC  : hsifw() - flags=0, caller=android.view.inputmethod.InputMethodManager.hideSoftInputFromWindow:1858 android.view.inputmethod.InputMethodManager.hideSoftInputFromWindow:1827 com.android.launcher3.util.UiThreadHelper$UiCallbacks.handleMessage:103 android.os.Handler.dispatchMessage:102 android.os.Looper.loopOnce:226
08-07 17:53:22.712  2001  2079 I IMM_LC  : hideSoftInputFromWindow - mService.hideSoftInput
08-07 17:53:22.712   952  1163 I AppWidgetServiceImpl: stopListening callbacks : null
08-07 17:53:22.712  2001  2001 W LauncherAppWidgetHost: stopListening, mFlags:2 isFront:false
08-07 17:53:22.712  2001  2001 W Launcher.NotificationListener: removeNotificationsChangedListener
08-07 17:53:22.712  2001  2001 I BadgeCountUpdaterImpl: onNotificationsChangedDisConnected
08-07 17:53:22.712  2001  2001 I Launcher.NotificationListener: unregisterObserver, this is not notificationService!!
08-07 17:53:22.713  2001  2079 I LiveIconUpdateEventHandler: LiveIcon onStop
08-07 17:53:22.713  2001  2079 I LiveIconUpdateEventHandler: cancelMinuteChangeAlarm
08-07 17:53:22.714  2001  2079 I LiveIconUpdateEventHandler: cancelDateChangeAlarm
08-07 17:53:22.714  2001  2079 I LiveIconUpdateEventHandler: unregisterReceiver
08-07 17:53:22.722   628   628 I Layer   : id=624753 removeFromCurrentState Surface(name=Task=8211)/@0x3880351 - animation-leash of app_transition#0 (126)
08-07 17:53:22.722   628   628 I SurfaceFlinger: id=624740 Removed OneUiHome-BlurLayer#0 (126)
08-07 17:53:22.722   628   628 I SurfaceFlinger: id=624753 Removed Surface(name=Task=8211)/@0x3880351 - animation-leash of app_transition#0 (126)
08-07 17:53:22.722   628   628 I Layer   : id=624753 Destroyed Surface(name=Task=8211)/@0x3880351 - animation-leash of app_transition#0
08-07 17:53:22.727  8085  8085 I Utils   : isCurrentUser current = 0, ownerId = 0
08-07 17:53:22.727 24757 25275 I SAMSUNGWALLET: [Hint_ProcessStatusChange] fg Change, pid : 2001 , isNotify : true , isForeground : false , fg list : [7881]
08-07 17:53:22.727  8085  8085 I TrayVisibilityController: getComputedTrayVisible : keyguardState = 1
08-07 17:53:22.727  8085  8085 I TrayVisibilityController: updateTrayVisible: State=1 visible=1 mCurrentVisible=1 specificMode=0
08-07 17:53:22.727  8085  8085 I TrayStateController: onNotifyUpdateTray: state=0
08-07 17:53:22.728 24757 25074 I SAMSUNGWALLET: [ResetData] getSAResetDialogFlag : false
08-07 17:53:22.730 24757 25074 I SAMSUNGWALLET: [Hint_bxa] isHomePackageRunning topPkgName = com.example.lunchtray, topClsName = androidx.fragment.app.testing.FragmentScenario$EmptyFragmentActivity, return false , se : false
08-07 17:53:22.730 24757 24757 I SAMSUNGWALLET: [Hint_PayHintService] Hint Status - already invisible, skip hide : Home Package Not Running
08-07 17:53:22.738   628   628 I Layer   : id=624737 removeFromCurrentState com.sec.android.app.launcher/com.sec.android.app.launcher.activities.LauncherActivity$_2001#0 (125)
08-07 17:53:22.739   628   628 I Layer   : id=624740 removeFromCurrentState OneUiHome-BlurLayer#0 (125)
08-07 17:53:22.739   628   628 I SurfaceFlinger: id=624737 Removed com.sec.android.app.launcher/com.sec.android.app.launcher.activities.LauncherActivity$_2001#0 (125)
08-07 17:53:22.739   628   628 I Layer   : id=624737 Destroyed com.sec.android.app.launcher/com.sec.android.app.launcher.activities.LauncherActivity$_2001#0
08-07 17:53:22.740   628   628 I Layer   : id=624740 Destroyed OneUiHome-BlurLayer#0
08-07 17:53:22.755  7881  7881 I ViewInteraction: Checking 'MatchesViewAssertion{viewMatcher=an instance of android.widget.TextView and view.getText() with or without transformation to match: a string containing "Subtotal: 0"}' assertion on view view.getId() is <2131231217/com.example.lunchtray:id/subtotal>
08-07 17:53:22.755  7881  7881 I ViewInteraction: Performing 'single click' action on view view.getId() is <2131230825/com.example.lunchtray:id/berries>
08-07 17:53:22.756   952  1163 D InputDispatcher: Inject motion (7881): action=0x0, time=2262196066000000, f=0x0, d=0
08-07 17:53:22.757   952  1207 I InputDispatcher: Delivering touch to (1411): action: 0x4, f=0x0, d=0, '5b03b71', t=0
08-07 17:53:22.757   952  1207 I InputDispatcher: Delivering touch to (7881): action: 0x0, f=0x0, d=0, 'fcaadd ', t=0
08-07 17:53:22.757  7881  7881 I ViewRootImpl@9770707[FragmentScenario$EmptyFragmentActivity]: ViewPostIme pointer 0
08-07 17:53:22.757   952  1032 I GestureDetector: obtain mCurrentDownEvent. id: -681540007 caller: com.android.server.wm.SystemGesturesPointerEventListener.onPointerEvent:179 com.android.server.wm.PointerEventDispatcher.onInputEvent:71 android.view.InputEventReceiver.dispatchInputEvent:259
08-07 17:53:22.757  3311  3311 I SemDvfsHyPerManager: acquire hyper - BaseTABoost/3311@22, type = 1090523139
08-07 17:53:22.758  3311  3311 I SemDvfsHyPerManager: acquire hyper - BaseTAToouchBoost/3311@24, type = 1090523139
08-07 17:53:22.758   952  1032 I GestureDetector: obtain mCurrentDownEvent. id: -681540007 caller: com.android.server.wm.SystemPerformancePointerEventListener.onPointerEvent:89 com.android.server.wm.PointerEventDispatcher.onInputEvent:71 android.view.InputEventReceiver.dispatchInputEvent:259
08-07 17:53:22.758   568   614 I HYPER-HAL: [RequestManager.cpp]acquire(): Acquired ID : 5556133  [3311 / 22]    HINT :      list : [TABoost / 5]
08-07 17:53:22.758   568   614 I HYPER-HAL: [RequestManager.cpp]acquire(): Acquired ID : 5562804  [3311 / 24]    HINT :      list : [TABoost / 20] [TIMEOUT / 1500]
08-07 17:53:22.759   568  8053 I HYPER-HAL: [RequestManager.cpp]releaseLocked(): Released ID : 470953
08-07 17:53:22.798   952  1163 D InputDispatcher: Inject motion (7881): action=0x1, time=2262196107000000, f=0x0, d=0
08-07 17:53:22.799   952  1207 I InputDispatcher: Delivering touch to (7881): action: 0x1, f=0x0, d=0, 'fcaadd ', t=1
08-07 17:53:22.800   952  1032 I GestureDetector: obtain mCurrentMotionEventRaw. action: 1 id: -259729837
08-07 17:53:22.800  7881  7881 I ViewRootImpl@9770707[FragmentScenario$EmptyFragmentActivity]: ViewPostIme pointer 1
08-07 17:53:22.800   952  1032 I GestureDetector: obtain mCurrentMotionEventRaw. action: 1 id: -259729837
08-07 17:53:22.816  5104  5104 I dnwd    : onPause
08-07 17:53:22.819  8447  8447 I gkox    : (REDACTED) received broadcast: %s
08-07 17:53:22.820  8447  8600 I gkpa    : (REDACTED) received broadcast: %s
08-07 17:53:22.820  8447  8600 I gkkn    : (REDACTED) #onConfigUpdate. requester: %s
08-07 17:53:22.820  8447  8586 I gkkn    : #onConfigUpdate inside sequencer
08-07 17:53:22.820  8447  8586 I gkhl    : (REDACTED) Voice Match (Speaker-id) supported : %b
08-07 17:53:22.820  8447  8586 I gkhl    : (REDACTED) hotword enrollment state is enrolled:  %b, speakerId model exist: %b. Voice Match supported : %b
08-07 17:53:22.820  8447  8586 I gkhl    : (REDACTED) isHotwordAvailable():  %b, isHotwordEnabled() %b
08-07 17:53:22.820  8447  8586 I gkhl    : (REDACTED) isHotwordAvailable():  %b, isHotwordEnabled() %b
08-07 17:53:22.820  8447  8586 I gkhl    : (REDACTED) Hotword enrollment state : %s.
08-07 17:53:22.820  8447  8586 I gkhl    : (REDACTED) Voice Match (Speaker-id) supported : %b
08-07 17:53:22.820  8447  8586 I gkhl    : (REDACTED) Voice Match (Speaker-id) supported : %b
08-07 17:53:22.820  8447  8586 I gkhl    : (REDACTED) hotword enrollment state is enrolled:  %b, speakerId model exist: %b, voice match supported : %b
08-07 17:53:22.820  8447  8586 I gkhl    : (REDACTED) Hotword isNonVoiceMatchHotwordEnabled: %b, isHotwordAvailable : %b, isHotwordEnabled : %b, isVoiceMatchSupported: %b, isHotwordEnrolled: %b.
08-07 17:53:22.820  8447  8586 I gkkn    : (REDACTED) Ignore the legacy hotword request. voice match enabled %b, isHotwordSupported %b, isIncompleteEnrollmentState %b, nonVoiceMatchHotwordEnabled %b
08-07 17:53:22.822   628   628 E SurfaceFlinger: Attempt to update InputPolicyFlags without permission ACCESS_SURFACE_FLINGER
08-07 17:53:22.839   628   628 E SurfaceFlinger: Attempt to update InputPolicyFlags without permission ACCESS_SURFACE_FLINGER
08-07 17:53:22.856   628   628 E SurfaceFlinger: Attempt to update InputPolicyFlags without permission ACCESS_SURFACE_FLINGER
08-07 17:53:22.872   628   628 E SurfaceFlinger: Attempt to update InputPolicyFlags without permission ACCESS_SURFACE_FLINGER
08-07 17:53:22.889   628   628 E SurfaceFlinger: Attempt to update InputPolicyFlags without permission ACCESS_SURFACE_FLINGER
08-07 17:53:22.894  6011  6036 W roid.honeyboar: Reducing the number of considered missed Gc histogram windows from 151 to 100
08-07 17:53:22.906   628   628 E SurfaceFlinger: Attempt to update InputPolicyFlags without permission ACCESS_SURFACE_FLINGER
08-07 17:53:22.923   628   628 E SurfaceFlinger: Attempt to update InputPolicyFlags without permission ACCESS_SURFACE_FLINGER
08-07 17:53:22.939   628   628 E SurfaceFlinger: Attempt to update InputPolicyFlags without permission ACCESS_SURFACE_FLINGER
08-07 17:53:22.956   628   628 E SurfaceFlinger: Attempt to update InputPolicyFlags without permission ACCESS_SURFACE_FLINGER
08-07 17:53:22.956   952  1313 D SemWifiSwitchForIndividualAppsService: isPackageException - result:3, com.example.lunchtray
08-07 17:53:22.973   628   628 E SurfaceFlinger: Attempt to update InputPolicyFlags without permission ACCESS_SURFACE_FLINGER
08-07 17:53:22.989   628   628 E SurfaceFlinger: Attempt to update InputPolicyFlags without permission ACCESS_SURFACE_FLINGER
08-07 17:53:23.006   628   628 E SurfaceFlinger: Attempt to update InputPolicyFlags without permission ACCESS_SURFACE_FLINGER
08-07 17:53:23.023   628   628 E SurfaceFlinger: Attempt to update InputPolicyFlags without permission ACCESS_SURFACE_FLINGER
08-07 17:53:23.040   628   628 E SurfaceFlinger: Attempt to update InputPolicyFlags without permission ACCESS_SURFACE_FLINGER
08-07 17:53:23.056  7881  7881 I ViewInteraction: Checking 'MatchesViewAssertion{viewMatcher=an instance of android.widget.TextView and view.getText() with or without transformation to match: a string containing "Subtotal: 1"}' assertion on view view.getId() is <2131231217/com.example.lunchtray:id/subtotal>
08-07 17:53:23.056   628   628 E SurfaceFlinger: Attempt to update InputPolicyFlags without permission ACCESS_SURFACE_FLINGER
08-07 17:53:23.059  7881  7881 I ViewInteraction: Performing 'single click' action on view view.getId() is <2131231113/com.example.lunchtray:id/pickles>
08-07 17:53:23.061   952  1526 D InputDispatcher: Inject motion (7881): action=0x0, time=2262196370000000, f=0x0, d=0
08-07 17:53:23.061   952  1207 I InputDispatcher: Delivering touch to (1411): action: 0x4, f=0x0, d=0, '5b03b71', t=0
08-07 17:53:23.061   952  1207 I InputDispatcher: Delivering touch to (7881): action: 0x0, f=0x0, d=0, 'fcaadd ', t=0
08-07 17:53:23.062   952  1032 I GestureDetector: obtain mCurrentDownEvent. id: -700686934 caller: com.android.server.wm.SystemGesturesPointerEventListener.onPointerEvent:179 com.android.server.wm.PointerEventDispatcher.onInputEvent:71 android.view.InputEventReceiver.dispatchInputEvent:259
08-07 17:53:23.062   952  1032 I GestureDetector: obtain mCurrentDownEvent. id: -700686934 caller: com.android.server.wm.SystemPerformancePointerEventListener.onPointerEvent:89 com.android.server.wm.PointerEventDispatcher.onInputEvent:71 android.view.InputEventReceiver.dispatchInputEvent:259
