08-07 17:53:30.378  1411  1411 D InterruptionStateProvider: No bubble up: not allowed to bubble: 0|viva.republica.toss|-1952431614|null|10236
08-07 17:53:30.378  1411  1411 D InterruptionStateProvider: No bubble up: not allowed to bubble: 0|viva.republica.toss|443132505|null|10236
08-07 17:53:30.378  1411  1411 D InterruptionStateProvider: No bubble up: not allowed to bubble: 0|viva.republica.toss|-1871512636|null|10236
08-07 17:53:30.378  1411  1411 D InterruptionStateProvider: No bubble up: not allowed to bubble: 0|viva.republica.toss|-1816897676|null|10236
08-07 17:53:30.378  1411  1411 D InterruptionStateProvider: No bubble up: not allowed to bubble: 0|viva.republica.toss|-103380436|null|10236
08-07 17:53:30.378  1411  1411 D InterruptionStateProvider: No bubble up: not allowed to bubble: 0|viva.republica.toss|-815667683|null|10236
08-07 17:53:30.378  1411  1411 D InterruptionStateProvider: No bubble up: not allowed to bubble: 0|viva.republica.toss|75756734|null|10236
08-07 17:53:30.378  1411  1411 D InterruptionStateProvider: No bubble up: not allowed to bubble: 0|viva.republica.toss|1600956134|null|10236
08-07 17:53:30.378  1411  1411 D InterruptionStateProvider: No bubble up: not allowed to bubble: 0|viva.republica.toss|-2072094497|null|10236
08-07 17:53:30.378  1411  1411 D InterruptionStateProvider: No bubble up: not allowed to bubble: 0|com.google.android.calendar|658827439|V2AEventKey|100425666509135743732|bbtfly98@gmail.com|6dj36db66phjab9n6osjgb9k6pgj0bb1c5im6b9p74r32pj474smaopo60-1-1|10147
08-07 17:53:30.378  1411  1411 D InterruptionStateProvider: No bubble up: not allowed to bubble: 0|com.nhn.android.mail|0|null|10250
08-07 17:53:30.378  1411  1411 D InterruptionStateProvider: No bubble up: not allowed to bubble: 0|com.nhn.android.mail|5808|NotiTagNewMail|10250
08-07 17:53:30.378  1411  1411 D InterruptionStateProvider: No bubble up: not allowed to bubble: 0|com.nhn.android.mail|5807|NotiTagNewMail|10250
08-07 17:53:30.379  1411  1411 D InterruptionStateProvider: No bubble up: not allowed to bubble: 0|com.nhn.android.mail|5806|NotiTagNewMail|10250
08-07 17:53:30.379  1411  1411 D InterruptionStateProvider: No alerting: suppressed due to group alert behavior
08-07 17:53:30.379  1411  1411 D InterruptionStateProvider: Group alert behavior is suppressed but we want to alert bubble
08-07 17:53:30.379  1411  1411 D InterruptionStateProvider: No bubble up: not allowed to bubble: 0|com.kt.ktauth|1|null|10612
08-07 17:53:30.379  1411  1411 D InterruptionStateProvider: No bubble up: not allowed to bubble: 0|com.kt.ktauth|-2047296056|null|10612
08-07 17:53:30.379  1411  1411 D InterruptionStateProvider: No alerting: suppressed due to group alert behavior
08-07 17:53:30.379  1411  1411 D InterruptionStateProvider: Group alert behavior is suppressed but we want to alert bubble
08-07 17:53:30.379  1411  1411 D InterruptionStateProvider: No bubble up: not allowed to bubble: 0|com.samsung.android.calendar|1|2147483646|10183
08-07 17:53:30.379  1411  1411 D InterruptionStateProvider: No bubble up: not allowed to bubble: 0|com.samsung.android.calendar|1|2562|10183
08-07 17:53:30.379  1411  1411 D InterruptionStateProvider: No bubble up: not allowed to bubble: 0|kr.co.rememberapp|10000|null|10562
08-07 17:53:30.379  1411  1411 D InterruptionStateProvider: No bubble up: not allowed to bubble: 0|kr.co.rememberapp|717732012|null|10562
08-07 17:53:30.379  1411  1411 D InterruptionStateProvider: No bubble up: not allowed to bubble: 0|com.estsoft.alyac|1000|null|10372
08-07 17:53:30.379  1411  1411 D InterruptionStateProvider: No bubble up: not allowed to bubble: 0|com.google.android.gm|0|gig:732899215:^sq_ig_i_personal|10190
08-07 17:53:30.379  1411  1411 D InterruptionStateProvider: No alerting: suppressed due to group alert behavior
08-07 17:53:30.379  1411  1411 D InterruptionStateProvider: Group alert behavior is suppressed but we want to alert bubble
08-07 17:53:30.379  1411  1411 D InterruptionStateProvider: No bubble up: not allowed to bubble: 0|com.google.android.gm|-133413497|gig:732899215:^sq_ig_i_personal|10190
08-07 17:53:30.379  1411  1411 D InterruptionStateProvider: No bubble up: not allowed to bubble: 0|kr.co.nds.lifewallet|0|topic_key_202522012911855486|10681
08-07 17:53:30.379  1411  1411 D InterruptionStateProvider: No bubble up: not allowed to bubble: 0|com.publy.news|18020|null|10371
08-07 17:53:30.379  1411  1411 D InterruptionStateProvider: No bubble up: not allowed to bubble: 0|com.estsoft.alyac|101|null|10372
08-07 17:53:30.379  1411  1411 D InterruptionStateProvider: No bubble up: not allowed to bubble: 0|com.samsung.android.app.smartcapture|5755|null|10140
08-07 17:53:30.379  1411  1411 D InterruptionStateProvider: No bubble up: not allowed to bubble: 0|viva.republica.toss|300|null|10236
08-07 17:53:30.379  1411  1411 D InterruptionStateProvider: No bubble up: not allowed to bubble: 0|kr.co.nds.lifewallet|1201|null|10681
08-07 17:53:30.379  1411  1411 D InterruptionStateProvider: No bubble up: not allowed to bubble: -1|android|27|null|1000
08-07 17:53:30.379  1411  1411 D InterruptionStateProvider: No alerting: suppressed due to group alert behavior
08-07 17:53:30.379  1411  1411 D InterruptionStateProvider: Group alert behavior is suppressed but we want to alert bubble
08-07 17:53:30.379  1411  1411 D InterruptionStateProvider: No bubble up: not allowed to bubble: 0|com.google.android.googlequicksearchbox|0|732899215::SUMMARY::wx|10112
08-07 17:53:30.379  1411  1411 D InterruptionStateProvider: No bubble up: not allowed to bubble: 0|com.google.android.googlequicksearchbox|0|732899215::a:snotification:[0x394,wx.f,NOTIFICATION]|10112
08-07 17:53:30.379  1411  1411 D InterruptionStateProvider: No bubble up: not allowed to bubble: -1|com.android.systemui|2131428820|charging_state|10009
08-07 17:53:30.388  1411  1411 D QS      : setQSExpansion 0.0 -118.475
08-07 17:53:30.388  1411  1411 D QS      : setQSExpansion 0.0 -118.475
08-07 17:53:30.388  1411  1411 D MediaControlPanel: mActionButtonNumCollapsed = 3, mActionButtonNumExpand = 4
08-07 17:53:30.390   628   628 E SurfaceFlinger: Attempt to update InputPolicyFlags without permission ACCESS_SURFACE_FLINGER
08-07 17:53:30.407   628   628 E SurfaceFlinger: Attempt to update InputPolicyFlags without permission ACCESS_SURFACE_FLINGER
08-07 17:53:30.424   628   628 E SurfaceFlinger: Attempt to update InputPolicyFlags without permission ACCESS_SURFACE_FLINGER
08-07 17:53:30.430  8119  8119 V GraphicsEnvironment: ANGLE Developer option for 'com.google.android.apps.turbo' set to: 'default'
08-07 17:53:30.434  8119  8119 D NetworkSecurityConfig: No Network Security Config specified, using platform default
08-07 17:53:30.440   628   628 E SurfaceFlinger: Attempt to update InputPolicyFlags without permission ACCESS_SURFACE_FLINGER
08-07 17:53:30.442  8119  8119 D NetworkSecurityConfig: No Network Security Config specified, using platform default
08-07 17:53:30.457   628   628 E SurfaceFlinger: Attempt to update InputPolicyFlags without permission ACCESS_SURFACE_FLINGER
08-07 17:53:30.474   628   628 E SurfaceFlinger: Attempt to update InputPolicyFlags without permission ACCESS_SURFACE_FLINGER
08-07 17:53:30.491   628   628 E SurfaceFlinger: Attempt to update InputPolicyFlags without permission ACCESS_SURFACE_FLINGER
08-07 17:53:30.505  4446  4446 I NotiProvider-Moden: NotificationListener.onNotificationPosted - com.estsoft.alyac[ 0 / 1000 ] : null
08-07 17:53:30.505  8085  8085 I Edge.badge: updateBadge item = com.estsoft.alyac:0 1
08-07 17:53:30.506  4446  4446 I HMApplication: getWearableConnectionMgr() - sWConnectionMgr: com.samsung.android.hostmanager.connection.WearableConnectionManager@569c783
08-07 17:53:30.506  2001  2001 I Launcher.NotificationListener: onNotificationPosted : com.estsoft.alyac number : 0
08-07 17:53:30.506  4446  4446 I WearableConnectionManager: getConnectedBTAddress() :null
08-07 17:53:30.506  4446  4446 W NotiProvider-Moden: NotificationListener.checkAndSendNotificationAhead() [ABORT] - isIsPeerAvailable == false
08-07 17:53:30.508   628   628 E SurfaceFlinger: Attempt to update InputPolicyFlags without permission ACCESS_SURFACE_FLINGER
08-07 17:53:30.508  8119  8119 W Turbo.TurboApplication: Going to the application!
08-07 17:53:30.513  1411  1411 D InterruptionStateProvider: No bubble up: not allowed to bubble: 0|com.estsoft.alyac|1000|null|10372
08-07 17:53:30.515  1411  1411 D InterruptionStateProvider:  no Heads up : edgelighting enabled app. 0|com.estsoft.alyac|1000|null|10372
08-07 17:53:30.524   628   628 E SurfaceFlinger: Attempt to update InputPolicyFlags without permission ACCESS_SURFACE_FLINGER
08-07 17:53:30.529  2001  2001 I Launcher.NotificationListener: onNotificationPosted : com.android.systemui number : 0
08-07 17:53:30.533   952   952 I GestureDetector: handleMessage TAP
08-07 17:53:30.539   952  1032 I GestureDetector: handleMessage TAP
08-07 17:53:30.540  4446  4446 I NotiProvider-Moden: NotificationListener.onNotificationPosted - com.android.systemui[ -1 / 2131428820 ] : charging_state
08-07 17:53:30.540  8085  8085 I Edge.badge: updateBadge item = com.android.systemui:-1 1
08-07 17:53:30.540  4446  4446 I HMApplication: getWearableConnectionMgr() - sWConnectionMgr: com.samsung.android.hostmanager.connection.WearableConnectionManager@569c783
08-07 17:53:30.540  4446  4446 I WearableConnectionManager: getConnectedBTAddress() :null
08-07 17:53:30.540  4446  4446 W NotiProvider-Moden: NotificationListener.checkAndSendNotificationAhead() [ABORT] - isIsPeerAvailable == false
08-07 17:53:30.541   628   628 E SurfaceFlinger: Attempt to update InputPolicyFlags without permission ACCESS_SURFACE_FLINGER
08-07 17:53:30.543  1411  1612 D PeopleSpaceWidgetMgr: Sbn doesn't contain valid PeopleTileKey: null/0/com.estsoft.alyac
08-07 17:53:30.546  1411  1411 D QS      : setQSExpansion 0.0 -118.475
08-07 17:53:30.546  1411  1411 D QS      : setQSExpansion 0.0 -118.475
08-07 17:53:30.547  1411  1411 D MediaControlPanel: mActionButtonNumCollapsed = 3, mActionButtonNumExpand = 4
08-07 17:53:30.547   952  1044 I libprocessgroup: Successfully killed process cgroup uid 15010041 pid 6174 in 0ms
08-07 17:53:30.558   628   628 E SurfaceFlinger: Attempt to update InputPolicyFlags without permission ACCESS_SURFACE_FLINGER
08-07 17:53:30.559  7881  7881 I ViewInteraction: Performing 'single click' action on view view.getId() is <2131231081/com.example.lunchtray:id/next_button>
08-07 17:53:30.562   952  3285 D InputDispatcher: Inject motion (7881): action=0x0, time=2262203869000000, f=0x0, d=0
08-07 17:53:30.563   952  1207 I InputDispatcher: Delivering touch to (1411): action: 0x4, f=0x0, d=0, '5b03b71', t=0
08-07 17:53:30.563   952  1207 I InputDispatcher: Delivering touch to (7881): action: 0x0, f=0x0, d=0, 'ae70293', t=0
08-07 17:53:30.563   952  1032 I GestureDetector: obtain mCurrentDownEvent. id: -558499810 caller: com.android.server.wm.SystemGesturesPointerEventListener.onPointerEvent:179 com.android.server.wm.PointerEventDispatcher.onInputEvent:71 android.view.InputEventReceiver.dispatchInputEvent:259
08-07 17:53:30.563   952  1032 I GestureDetector: obtain mCurrentDownEvent. id: -558499810 caller: com.android.server.wm.SystemPerformancePointerEventListener.onPointerEvent:89 com.android.server.wm.PointerEventDispatcher.onInputEvent:71 android.view.InputEventReceiver.dispatchInputEvent:259
08-07 17:53:30.564  1411  1411 D InterruptionStateProvider: No bubble up: not allowed to bubble: -1|com.android.systemui|2131428820|charging_state|10009
08-07 17:53:30.564  7881  7881 I ViewRootImpl@2f4648e[MainActivity]: ViewPostIme pointer 0
08-07 17:53:30.565  1411  1411 D InterruptionStateProvider:  no Heads up : edgelighting enabled app. -1|com.android.systemui|2131428820|charging_state|10009
08-07 17:53:30.565  3311  3311 I SemDvfsHyPerManager: acquire hyper - BaseTABoost/3311@22, type = 1090523139
08-07 17:53:30.565  3311  3311 I SemDvfsHyPerManager: acquire hyper - BaseTAToouchBoost/3311@24, type = 1090523139
08-07 17:53:30.565  8863  8863 D BoundBrokerSvc: onBind: Intent { act=com.google.android.gms.phenotype.service.START pkg=com.google.android.gms }
08-07 17:53:30.565  8863  8863 D BoundBrokerSvc: Loading bound service for intent: Intent { act=com.google.android.gms.phenotype.service.START pkg=com.google.android.gms }
08-07 17:53:30.566   568   614 I HYPER-HAL: [RequestManager.cpp]acquire(): Acquired ID : 5556133  [3311 / 22]    HINT :      list : [TABoost / 5]
08-07 17:53:30.566   568   614 I HYPER-HAL: [RequestManager.cpp]acquire(): Acquired ID : 5562804  [3311 / 24]    HINT :      list : [TABoost / 20] [TIMEOUT / 1500]
08-07 17:53:30.571  1411  1612 D PeopleSpaceWidgetMgr: Sbn doesn't contain valid PeopleTileKey: null/-1/com.android.systemui
08-07 17:53:30.574   628   628 E SurfaceFlinger: Attempt to update InputPolicyFlags without permission ACCESS_SURFACE_FLINGER
08-07 17:53:30.577  1411  1411 D QS      : setQSExpansion 0.0 -118.475
08-07 17:53:30.577  1411  1411 D QS      : setQSExpansion 0.0 -118.475
08-07 17:53:30.577  1411  1411 D MediaControlPanel: mActionButtonNumCollapsed = 3, mActionButtonNumExpand = 4
08-07 17:53:30.591   628   628 E SurfaceFlinger: Attempt to update InputPolicyFlags without permission ACCESS_SURFACE_FLINGER
08-07 17:53:30.600   952  3285 D InputDispatcher: Inject motion (7881): action=0x1, time=2262203909000000, f=0x0, d=0
08-07 17:53:30.601   952  1207 I InputDispatcher: Delivering touch to (7881): action: 0x1, f=0x0, d=0, 'ae70293', t=1
08-07 17:53:30.601  7881  7881 I ViewRootImpl@2f4648e[MainActivity]: ViewPostIme pointer 1
08-07 17:53:30.608   628   628 E SurfaceFlinger: Attempt to update InputPolicyFlags without permission ACCESS_SURFACE_FLINGER
08-07 17:53:30.611   952  1032 I GestureDetector: obtain mCurrentMotionEventRaw. action: 1 id: -974720445
08-07 17:53:30.611   952  1032 I GestureDetector: obtain mCurrentMotionEventRaw. action: 1 id: -974720445
08-07 17:53:30.615  1411  1411 D QS      : setQSExpansion 0.0 -118.475
08-07 17:53:30.615  7881  7881 D ScrollView: initGoToTop
08-07 17:53:30.615  1411  1411 D QS      : setQSExpansion 0.0 -118.475
08-07 17:53:30.616  1411  1411 D MediaControlPanel: mActionButtonNumCollapsed = 3, mActionButtonNumExpand = 4
08-07 17:53:30.621   536   536 I Zygote  : Process 6174 exited due to signal 9 (Killed)
08-07 17:53:30.624   628   628 E SurfaceFlinger: Attempt to update InputPolicyFlags without permission ACCESS_SURFACE_FLINGER
08-07 17:53:30.631   952   971 I system_server: Background young concurrent copying GC freed 341219(15MB) AllocSpace objects, 148(2992KB) LOS objects, 9% free, 165MB/184MB, paused 983us,201us total 106.990ms
08-07 17:53:30.635  1411  1411 D QS      : setQSExpansion 0.0 -118.475
08-07 17:53:30.635  1411  1411 D QS      : setQSExpansion 0.0 -118.475
08-07 17:53:30.635  1411  1411 D MediaControlPanel: mActionButtonNumCollapsed = 3, mActionButtonNumExpand = 4
08-07 17:53:30.638  7881  7881 D ScrollView:  onsize change changed
08-07 17:53:30.645   952   973 W System  : A resource failed to call release.
08-07 17:53:30.645   952   973 W System  : A resource failed to call close.
08-07 17:53:30.647   952   973 W System  : A resource failed to call close.
08-07 17:53:30.648   952   973 W System  : A resource failed to call close.
08-07 17:53:30.650   952   973 W System  : A resource failed to call release.
08-07 17:53:30.650   952   973 W System  : A resource failed to call close.
08-07 17:53:30.658   628   628 E SurfaceFlinger: Attempt to update InputPolicyFlags without permission ACCESS_SURFACE_FLINGER
08-07 17:53:30.675   628   628 E SurfaceFlinger: Attempt to update InputPolicyFlags without permission ACCESS_SURFACE_FLINGER
08-07 17:53:30.731  8085  8343 I AppsEdge.Badge: getBadgeIconType 0
08-07 17:53:30.743 24195 24208 I BadgeProvider: query, [selection] : null
08-07 17:53:30.750  8085  8343 I AppsEdge.Badge: key=com.nhn.android.mail/.MainSplashActivity:0 count=4
08-07 17:53:30.750  8085  8343 I AppsEdge.Badge: key=com.mcnc.parecis.nsgw:0 count=1
08-07 17:53:30.750  8085  8343 I AppsEdge.Badge: key=com.samsung.android.app.smartcapture:0 count=1
08-07 17:53:30.750  8085  8343 I AppsEdge.Badge: key=viva.republica.toss:0 count=11
08-07 17:53:30.750  8085  8343 I AppsEdge.Badge: key=kr.co.rememberapp:0 count=1
08-07 17:53:30.750  8085  8343 I AppsEdge.Badge: key=com.google.android.gm:0 count=1
08-07 17:53:30.750  8085  8343 I AppsEdge.Badge: key=com.kakao.talk/.activity.SplashActivity:0 count=1
08-07 17:53:30.750  8085  8343 I AppsEdge.Badge: key=com.google.android.calendar:0 count=2
08-07 17:53:30.750  8085  8343 I AppsEdge.Badge: key=com.publy.news/.MainActivity:0 count=142
08-07 17:53:30.750  8085  8343 I AppsEdge.Badge: key=com.instagram.android/.activity.MainTabActivity:0 count=1
08-07 17:53:30.750  8085  8343 I AppsEdge.Badge: key=com.kt.ktauth:0 count=1
08-07 17:53:30.750  8085  8343 I AppsEdge.Badge: key=kr.co.nds.lifewallet:0 count=1
08-07 17:53:30.864   952  1032 I GestureDetector: handleMessage TAP
08-07 17:53:30.864   952   952 I GestureDetector: handleMessage TAP
08-07 17:53:30.870  7881  7881 I ViewInteraction: Performing 'single click' action on view view.getId() is <2131230842/com.example.lunchtray:id/cancel_button>
08-07 17:53:30.874   952  3285 D InputDispatcher: Inject motion (7881): action=0x0, time=2262204181000000, f=0x0, d=0
08-07 17:53:30.874   952  1207 I InputDispatcher: Delivering touch to (1411): action: 0x4, f=0x0, d=0, '5b03b71', t=0
08-07 17:53:30.875   952  1207 I InputDispatcher: Delivering touch to (7881): action: 0x0, f=0x0, d=0, 'ae70293', t=0
08-07 17:53:30.876  7881  7881 I ViewRootImpl@2f4648e[MainActivity]: ViewPostIme pointer 0
08-07 17:53:30.878  3311  3311 I SemDvfsHyPerManager: acquire hyper - BaseTABoost/3311@22, type = 1090523139
08-07 17:53:30.878  3311  3311 I SemDvfsHyPerManager: acquire hyper - BaseTAToouchBoost/3311@24, type = 1090523139
08-07 17:53:30.879   568   614 I HYPER-HAL: [RequestManager.cpp]acquire(): Acquired ID : 5556133  [3311 / 22]    HINT :      list : [TABoost / 5]
08-07 17:53:30.879   568   614 I HYPER-HAL: [RequestManager.cpp]acquire(): Acquired ID : 5562804  [3311 / 24]    HINT :      list : [TABoost / 20] [TIMEOUT / 1500]
08-07 17:53:30.880   952  1032 I GestureDetector: obtain mCurrentDownEvent. id: -212949242 caller: com.android.server.wm.SystemGesturesPointerEventListener.onPointerEvent:179 com.android.server.wm.PointerEventDispatcher.onInputEvent:71 android.view.InputEventReceiver.dispatchInputEvent:259
08-07 17:53:30.880   952  1032 I GestureDetector: obtain mCurrentDownEvent. id: -212949242 caller: com.android.server.wm.SystemPerformancePointerEventListener.onPointerEvent:89 com.android.server.wm.PointerEventDispatcher.onInputEvent:71 android.view.InputEventReceiver.dispatchInputEvent:259
08-07 17:53:30.914   952  3285 D InputDispatcher: Inject motion (7881): action=0x1, time=2262204222000000, f=0x0, d=0
08-07 17:53:30.915   952  1207 I InputDispatcher: Delivering touch to (7881): action: 0x1, f=0x0, d=0, 'ae70293', t=1
08-07 17:53:30.915  7881  7881 I ViewRootImpl@2f4648e[MainActivity]: ViewPostIme pointer 1
08-07 17:53:30.915   952  1032 I GestureDetector: obtain mCurrentMotionEventRaw. action: 1 id: -138887559
08-07 17:53:30.916   952  1032 I GestureDetector: obtain mCurrentMotionEventRaw. action: 1 id: -138887559
08-07 17:53:30.942   628   628 E SurfaceFlinger: Attempt to update InputPolicyFlags without permission ACCESS_SURFACE_FLINGER
08-07 17:53:30.956   952  3285 V WindowManager: Relayout Window{ae70293 u0 com.example.lunchtray/com.example.lunchtray.MainActivity}: viewVisibility=0 req=1080x2280 d0
08-07 17:53:30.959   628   628 E SurfaceFlinger: Attempt to update InputPolicyFlags without permission ACCESS_SURFACE_FLINGER
08-07 17:53:30.961   952  3285 V WindowManager: Relayout hash=ae70293, pid=7881: mAttrs={(0,0)(fillxfill) sim={adjust=pan} ty=BASE_APPLICATION wanim=0x1030303
08-07 17:53:30.961   952  3285 V WindowManager:   fl=81810100
08-07 17:53:30.961   952  3285 V WindowManager:   pfl=12020040
08-07 17:53:30.961   952  3285 V WindowManager:   apr=LIGHT_NAVIGATION_BARS
08-07 17:53:30.961   952  3285 V WindowManager:   bhv=DEFAULT
08-07 17:53:30.961   952  3285 V WindowManager:   fitSides= naviIconColor=0
08-07 17:53:30.961   952  3285 V WindowManager:   sfl=100000}
08-07 17:53:30.965  7881  7881 I ViewRootImpl@2f4648e[MainActivity]: Relayout returned: old=(0,0,1080,2280) new=(0,0,1080,2280) req=(1080,2280)0 dur=10 res=0x1 s={true 512217493616} ch=false fn=78
08-07 17:53:30.977   628   628 E SurfaceFlinger: Attempt to update InputPolicyFlags without permission ACCESS_SURFACE_FLINGER
08-07 17:53:31.010   628   628 E SurfaceFlinger: Attempt to update InputPolicyFlags without permission ACCESS_SURFACE_FLINGER
08-07 17:53:31.133   952  1317 D WifiConnectivityMonitor.NetworkStatsAnalyzer: Backhaul result - RSSI:-52, CE:14, PE:14, TI:23, PTI:23, TW:2, PTW:2, Tx:3, Rx:3, TxS:0, RxS:0, RESULT:true, IC:0, ICT:5, WC:0, WCT:5, R:0, RC:0, IE:0, EC:0
08-07 17:53:31.177   952  1032 I GestureDetector: handleMessage TAP
08-07 17:53:31.180   952   952 I GestureDetector: handleMessage TAP
08-07 17:53:31.199  7881  7881 I ViewInteraction: Performing 'single click' action on view view.getId() is <2131231208/com.example.lunchtray:id/start_order_btn>
08-07 17:53:31.202   952  3285 D InputDispatcher: Inject motion (7881): action=0x0, time=2262204510000000, f=0x0, d=0
08-07 17:53:31.203   952  1207 I InputDispatcher: Delivering touch to (1411): action: 0x4, f=0x0, d=0, '5b03b71', t=0
08-07 17:53:31.203   952  1207 I InputDispatcher: Delivering touch to (7881): action: 0x0, f=0x0, d=0, 'ae70293', t=0
08-07 17:53:31.205   952  1032 I GestureDetector: obtain mCurrentDownEvent. id: -302947116 caller: com.android.server.wm.SystemGesturesPointerEventListener.onPointerEvent:179 com.android.server.wm.PointerEventDispatcher.onInputEvent:71 android.view.InputEventReceiver.dispatchInputEvent:259
08-07 17:53:31.205   952  1032 I GestureDetector: obtain mCurrentDownEvent. id: -302947116 caller: com.android.server.wm.SystemPerformancePointerEventListener.onPointerEvent:89 com.android.server.wm.PointerEventDispatcher.onInputEvent:71 android.view.InputEventReceiver.dispatchInputEvent:259
08-07 17:53:31.205  7881  7881 I ViewRootImpl@2f4648e[MainActivity]: ViewPostIme pointer 0
08-07 17:53:31.206  3311  3311 I SemDvfsHyPerManager: acquire hyper - BaseTABoost/3311@22, type = 1090523139
08-07 17:53:31.206  3311  3311 I SemDvfsHyPerManager: acquire hyper - BaseTAToouchBoost/3311@24, type = 1090523139
08-07 17:53:31.207   568   614 I HYPER-HAL: [RequestManager.cpp]acquire(): Acquired ID : 5556133  [3311 / 22]    HINT :      list : [TABoost / 5]
08-07 17:53:31.207   568   614 I HYPER-HAL: [RequestManager.cpp]acquire(): Acquired ID : 5562804  [3311 / 24]    HINT :      list : [TABoost / 20] [TIMEOUT / 1500]
08-07 17:53:31.228   628   628 E SurfaceFlinger: Attempt to update InputPolicyFlags without permission ACCESS_SURFACE_FLINGER
08-07 17:53:31.242   952  3285 D InputDispatcher: Inject motion (7881): action=0x1, time=2262204550000000, f=0x0, d=0
08-07 17:53:31.243   952  1207 I InputDispatcher: Delivering touch to (7881): action: 0x1, f=0x0, d=0, 'ae70293', t=1
08-07 17:53:31.244   952  1032 I GestureDetector: obtain mCurrentMotionEventRaw. action: 1 id: -468263673
08-07 17:53:31.244  7881  7881 I ViewRootImpl@2f4648e[MainActivity]: ViewPostIme pointer 1
08-07 17:53:31.244   952  1032 I GestureDetector: obtain mCurrentMotionEventRaw. action: 1 id: -468263673
08-07 17:53:31.244   628   628 E SurfaceFlinger: Attempt to update InputPolicyFlags without permission ACCESS_SURFACE_FLINGER
08-07 17:53:31.257  7881  7881 D ScrollView: initGoToTop
08-07 17:53:31.261   628   628 E SurfaceFlinger: Attempt to update InputPolicyFlags without permission ACCESS_SURFACE_FLINGER
08-07 17:53:31.278   628   628 E SurfaceFlinger: Attempt to update InputPolicyFlags without permission ACCESS_SURFACE_FLINGER
08-07 17:53:31.293   952  3285 V WindowManager: Relayout Window{ae70293 u0 com.example.lunchtray/com.example.lunchtray.MainActivity}: viewVisibility=0 req=1080x2280 d0
08-07 17:53:31.294   628   628 E SurfaceFlinger: Attempt to update InputPolicyFlags without permission ACCESS_SURFACE_FLINGER
08-07 17:53:31.297   952  3285 V WindowManager: Relayout hash=ae70293, pid=7881: mAttrs={(0,0)(fillxfill) sim={adjust=resize} ty=BASE_APPLICATION wanim=0x1030303
08-07 17:53:31.297   952  3285 V WindowManager:   fl=81810100
08-07 17:53:31.297   952  3285 V WindowManager:   pfl=12020040
08-07 17:53:31.297   952  3285 V WindowManager:   apr=LIGHT_NAVIGATION_BARS
08-07 17:53:31.297   952  3285 V WindowManager:   bhv=DEFAULT
08-07 17:53:31.297   952  3285 V WindowManager:   fitSides= naviIconColor=0
08-07 17:53:31.297   952  3285 V WindowManager:   sfl=100000}
08-07 17:53:31.299  7881  7881 I ViewRootImpl@2f4648e[MainActivity]: Relayout returned: old=(0,0,1080,2280) new=(0,0,1080,2280) req=(1080,2280)0 dur=6 res=0x1 s={true 512217493616} ch=false fn=85
08-07 17:53:31.299  7881  7881 D ScrollView:  onsize change changed
08-07 17:53:31.311   628   628 E SurfaceFlinger: Attempt to update InputPolicyFlags without permission ACCESS_SURFACE_FLINGER
08-07 17:53:31.328   628   628 E SurfaceFlinger: Attempt to update InputPolicyFlags without permission ACCESS_SURFACE_FLINGER
08-07 17:53:31.504   952  1032 I GestureDetector: handleMessage TAP
08-07 17:53:31.506   952   952 I GestureDetector: handleMessage TAP
08-07 17:53:31.528  7881  7881 I ViewInteraction: Checking 'MatchesViewAssertion{viewMatcher=(view has effective visibility <VISIBLE> and view.getGlobalVisibleRect() to return non-empty rectangle)}' assertion on view an instance of android.widget.TextView and view.getText() with or without transformation to match: is "Subtotal: 0"
08-07 17:53:31.529  7881  7906 I TestRunner: finished: order_reset_after_cancel_from_checkout(com.example.lunchtray.OrderFunctionalityTests)
