08-07 17:53:19.461  7881  7881 D ViewRootImpl@3a04135[MainActivity]: reportDrawFinished (fn: -1)
08-07 17:53:19.464   952  1031 I PkgPredictorService-SecIpmManagerServiceImpl: reportToNAP uid:10704 com.example.lunchtray/com.example.lunchtray.MainActivity thisTime:234
08-07 17:53:19.465   628  2111 I SurfaceFlinger: id=624734 createSurf (0x0),-1 flag=24000, Surface(name=e036397 com.example.lunchtray/com.example.lunchtray.MainActivity)/@0x94b49ee - animation-leash of starting_reveal#0
08-07 17:53:19.465   952  1031 I ActivityTaskManager: Displayed com.example.lunchtray/.MainActivity: +234ms
08-07 17:53:19.466  7881  7881 D InsetsSourceConsumer: ensureControlAlpha: for ITYPE_NAVIGATION_BAR on com.example.lunchtray/com.example.lunchtray.MainActivity
08-07 17:53:19.467  7881  7881 D InsetsSourceConsumer: ensureControlAlpha: for ITYPE_STATUS_BAR on com.example.lunchtray/com.example.lunchtray.MainActivity
08-07 17:53:19.468  7881  7881 D RootViewPicker: Root not ready - waiting: 10ms for one to appear.
08-07 17:53:19.468  2654  2654 E pageboostd: Received HALT command code 2
08-07 17:53:19.469   952  3368 I SemDvfsHyPerManager: acquire hyper - AMS_RESUME_TAIL/952@18, type = -999
08-07 17:53:19.469   952  3368 I SemDvfsHyPerManager: acquire hyper - AMS_ACT_LAZY/952@19, type = -999
08-07 17:53:19.469   568   614 I HYPER-HAL: [RequestManager.cpp]acquire(): Acquired ID : 470953  [952 / 18]    HINT : AMS_RESUME_TAIL    list :
08-07 17:53:19.469   534   541 E statsd  : Predicate -7037417284711607308 dropping data for dimension key (10)0x2010101->10704[I] (10)0x30000->*launch*[S]
08-07 17:53:19.470   534   541 E statsd  : Predicate 5980654721335871649 dropping data for dimension key (10)0x2010101->10704[I] (10)0x30000->*launch*[S]
08-07 17:53:19.470   568   614 I HYPER-HAL: [RequestManager.cpp]releaseLocked(): Released ID : 469012
08-07 17:53:19.473   628   628 I Layer   : id=624727 removeFromCurrentState Surface(name=cc3f67a StatusBar)/@0x6cfa557 - animation-leash of insets_animation#0 (146)
08-07 17:53:19.474   628   628 I Layer   : id=624728 removeFromCurrentState Surface(name=5b03b71 NavigationBar0)/@0xbaf262 - animation-leash of insets_animation#0 (146)
08-07 17:53:19.474   628   628 E SurfaceFlinger: Attempt to update InputPolicyFlags without permission ACCESS_SURFACE_FLINGER
08-07 17:53:19.474   628   628 I SurfaceFlinger: id=624727 Removed Surface(name=cc3f67a StatusBar)/@0x6cfa557 - animation-leash of insets_animation#0 (146)
08-07 17:53:19.474   628   628 I SurfaceFlinger: id=624728 Removed Surface(name=5b03b71 NavigationBar0)/@0xbaf262 - animation-leash of insets_animation#0 (146)
08-07 17:53:19.474   628   628 I Layer   : id=624727 Destroyed Surface(name=cc3f67a StatusBar)/@0x6cfa557 - animation-leash of insets_animation#0
08-07 17:53:19.475   628   628 I Layer   : id=624728 Destroyed Surface(name=5b03b71 NavigationBar0)/@0xbaf262 - animation-leash of insets_animation#0
08-07 17:53:19.475  1411  2198 I ViewRootImpl@9089bd5[lunchtray]: mWNT: t = android.view.SurfaceControl$Transaction@c414790 fN = 2 android.view.SyncRtSurfaceTransactionApplier.applyTransaction:94 android.view.SyncRtSurfaceTransactionApplier.lambda$scheduleApply$0$SyncRtSurfaceTransactionApplier:71 android.view.SyncRtSurfaceTransactionApplier$$ExternalSyntheticLambda0.onFrameDraw:4
08-07 17:53:19.475  1411  2198 I ViewRootImpl@9089bd5[lunchtray]: mWNT: merge t to BBQ
08-07 17:53:19.475  1411  2198 I ViewRootImpl@9089bd5[lunchtray]: mWNT: t = android.view.SurfaceControl$Transaction@4f98889 fN = 2 android.view.SyncRtSurfaceTransactionApplier.applyTransaction:94 android.view.SyncRtSurfaceTransactionApplier.lambda$scheduleApply$0$SyncRtSurfaceTransactionApplier:71 android.view.SyncRtSurfaceTransactionApplier$$ExternalSyntheticLambda0.onFrameDraw:4
08-07 17:53:19.475  1411  2198 I ViewRootImpl@9089bd5[lunchtray]: mWNT: merge t to BBQ
08-07 17:53:19.475   952  3348 D InputDispatcher: Focus entered window (0): e036397 com.example.lunchtray/com.example.lunchtray.MainActivity
08-07 17:53:19.476  7881  7881 I ViewRootImpl@3a04135[MainActivity]: MSG_WINDOW_FOCUS_CHANGED 1 1
08-07 17:53:19.479  7881  7881 D InputMethodManager: startInputInner - Id : 0
08-07 17:53:19.479  7881  7881 I InputMethodManager: startInputInner - mService.startInputOrWindowGainedFocus
08-07 17:53:19.480   952  3348 D InputMethodManagerService: DESKTOP MODE! : 2
08-07 17:53:19.480   952  3348 D InputMethodManagerService: NOT IN KNOX DESKTOP MODE!
08-07 17:53:19.480   952  3348 V InputMethodManagerService: getDisplayIdOfInputMethodWindowToBeAdded : 0
08-07 17:53:19.480   952  3348 D InputMethodManagerService: checkDisplayOfStartInputAndUpdateKeyboard display Id 0last 0
08-07 17:53:19.480   952  3348 D InputTransport: Input channel constructed: 'ClientS', fd=1713
08-07 17:53:19.480   952  3348 D InputTransport: Input channel destroyed: 'ClientS', fd=1713
08-07 17:53:19.480   628   628 D SurfaceFlinger: Display 0 HWC layers:
08-07 17:53:19.480   628   628 D SurfaceFlinger:      DEVICE | 0x78e3e0a3d0 | 0100 | RGBx_8888    |   50.0    0.0 1130.0 2280.0 |    0    0 1080 2280 | Wallpaper BBQ wrapper#0
08-07 17:53:19.480   628   628 D SurfaceFlinger:      DEVICE | 0x78e3e03590 | 0100 | RGBA_8888    |    0.0    0.0 1080.0 2280.0 |    0    0 1080 2280 | com.sec.android.app.launcher/com.sec[...].activities.LauncherActivity$_2001#0
08-07 17:53:19.480   628   628 D SurfaceFlinger:      DEVICE | 0x78e3e1bad0 | 0102 | RGBA_8888    |    0.0    0.0 1080.0 2280.0 |    9   18 1071 2262 | com.example.lunchtray/com.example.lunchtray.MainActivity$_7881#0
08-07 17:53:19.480   628   628 D SurfaceFlinger:      DEVICE | 0x78e3e145d0 | 0100 | RGBA_8888    |    0.0    0.0 1080.0 2280.0 |    9   18 1071 2262 | Splash Screen com.example.lunchtray$_1411#0
08-07 17:53:19.480   628   628 D SurfaceFlinger:      DEVICE | 0x78e3e110f0 | 0100 | RGBA_8888    |    0.0    0.0 1080.0  112.0 |    0    0 1080  112 | StatusBar$_1411#0
08-07 17:53:19.480   628   628 D SurfaceFlinger:      DEVICE | 0x78e3e1bd10 | 0100 | RGBA_8888    |    0.0    0.0   67.0  457.0 |    0  410   67  867 | com.samsung.android.app.cocktailbars[...]arservice.CocktailBarService$_8085#0
08-07 17:53:19.480   628   628 D SurfaceFlinger:      DEVICE | 0x78e3e00f50 | 0100 | RGBA_8888    |    0.0    0.0 1080.0  126
08-07 17:53:19.480   628   628 D SurfaceFlinger: .0 |    0 2154 1080 2280 | NavigationBar0$_1411#0
08-07 17:53:19.480   628   628 D SurfaceFlinger:
08-07 17:53:19.481  6011  6011 I HBD     : HoneyBoardService onFinishInput
08-07 17:53:19.481  6011  6011 I HBD     : a IC have been unbinding,  InputConnectionWrapper{idHash=#ec1d87 mMissingMethods=}
08-07 17:53:19.481  6011  6011 I HBD     : HoneyBoardService [PF_CL][onFinishInput]  504308 ns
08-07 17:53:19.482  6011  6011 I HBD     : HoneyBoardService [IMI] onStartInput - caller pid : 7881 , caller uid : 10704
08-07 17:53:19.482  6011  6011 I HBD     : j updateConfigs
08-07 17:53:19.482  6011  6011 I HBD     : j isEnabledNightMode : false
08-07 17:53:19.482  6011  6011 I HBD     : a IC have been binding, InputConnectionWrapper{idHash=#be568dd mMissingMethods=}
08-07 17:53:19.482   628  2111 I SurfaceFlinger: id=624735 createSurf (0x0),-1 flag=24004, Surface(name=7cc30f4 InputMethod)/@0xe76f292 - animation-leash of insets_animation#1
08-07 17:53:19.482  6011  6011 I HBD     : h [EditorInputType]setPrivateImeOptionsToTable privateImeOptions ( null )
08-07 17:53:19.482  6011  6011 I HBD     : b incognitoMode : false
08-07 17:53:19.482  6011  6011 I HBD     : a needOff = true , isForceOff = false, isNullInputClass : true
08-07 17:53:19.482  6011  6011 I HBD     : h getDefaultInputRange : UNKNOWN
08-07 17:53:19.482  6011  6011 I HBD     : h getDefaultInputRange : UNKNOWN
08-07 17:53:19.482  6011  6011 I HBD     : h getDefaultInputRange : UNKNOWN
08-07 17:53:19.482   952  3368 D DARUtil : Device owner status not updated yet...
08-07 17:53:19.483   952  3368 D DARUtil : Not an enterprise user : 0
08-07 17:53:19.483   952  3368 D DARUtil : Device owner status not updated yet...
08-07 17:53:19.483   952  3368 D DARUtil : Not an enterprise user : 0
08-07 17:53:19.484  6011  6011 I HBD     : a needOff = true , isForceOff = false, isNullInputClass : true
08-07 17:53:19.484  6011  6011 I HBD     : a update cached prediction status : false
08-07 17:53:19.484  6011  6011 I HBD     : h getDefaultInputRange : UNKNOWN
08-07 17:53:19.484  6011  6011 I HBD     : h getDefaultInputRange : UNKNOWN
08-07 17:53:19.484  6011  6011 I HBD     : a currentState : 0
08-07 17:53:19.485  6011  6011 I HBD     : h load selected json path : /data/user/0/com.samsung.android.honeyboard/files/selected.json
08-07 17:53:19.485  6011  6011 I HBD     : h load selected json info : {"version":"1.0","currentLanguageOrder":0,"selected":[{"activeOptionList":["auto_spacing"],"engName":"Korean","id":4521984,"inputType":"phonepad","isUsed":true},{"activeOptionList":["auto_replace","auto_spacing","writing_assistant"],"engName":"English","id":65537,"inputType":"qwerty","isUsed":true}]}
08-07 17:53:19.486  6011  6011 I HBD     : a [UpdatePolicy] [post] a: 0 cl: 4521984 kit: [1/0] vt: 0 ir: 1
08-07 17:53:19.487  6011  6011 I HBD     : HoneyBoardService [PF_OP][onStartInput]  5083884 ns
08-07 17:53:19.490   628   628 E SurfaceFlinger: Attempt to update InputPolicyFlags without permission ACCESS_SURFACE_FLINGER
08-07 17:53:19.490   628   628 I Layer   : id=624718 removeFromCurrentState Surface(name=7cc30f4 InputMethod)/@0xe76f292 - animation-leash of insets_animation#0 (145)
08-07 17:53:19.491   628   628 I SurfaceFlinger: id=624718 Removed Surface(name=7cc30f4 InputMethod)/@0xe76f292 - animation-leash of insets_animation#0 (145)
08-07 17:53:19.491   628   628 I Layer   : id=624718 Destroyed Surface(name=7cc30f4 InputMethod)/@0xe76f292 - animation-leash of insets_animation#0
08-07 17:53:19.491  1411  2199 I ViewRootImpl@9089bd5[lunchtray]: mWNT: t = android.view.SurfaceControl$Transaction@8cf108e fN = 3 android.view.SyncRtSurfaceTransactionApplier.applyTransaction:94 android.view.SyncRtSurfaceTransactionApplier.lambda$scheduleApply$0$SyncRtSurfaceTransactionApplier:71 android.view.SyncRtSurfaceTransactionApplier$$ExternalSyntheticLambda0.onFrameDraw:4
08-07 17:53:19.491  1411  2199 I ViewRootImpl@9089bd5[lunchtray]: mWNT: merge t to BBQ
08-07 17:53:19.494   952  3368 D InputMethodManagerServicePhysicalKey: isConnectedDexOnPC false
08-07 17:53:19.494   952  3368 D InputMethodManagerService: isImeSwitcherDisabledPackage : false
08-07 17:53:19.495  7881  7881 I ViewInteraction: Performing 'single click' action on view view.getId() is <2131231208/com.example.lunchtray:id/start_order_btn>
08-07 17:53:19.495   952  3368 D InputDispatcher: Inject motion (7881): action=0x0, time=2262192805000000, f=0x0, d=0
08-07 17:53:19.496   952  1207 I InputDispatcher: Delivering touch to (1411): action: 0x4, f=0x0, d=0, '5b03b71', t=0
08-07 17:53:19.496   952  1207 I InputDispatcher: Delivering touch to (7881): action: 0x0, f=0x0, d=0, 'e036397', t=0 +(-6,-66)*1.01
08-07 17:53:19.496  7881  7881 I ViewRootImpl@3a04135[MainActivity]: ViewPostIme pointer 0
08-07 17:53:19.497  3311  3311 I SemDvfsHyPerManager: acquire hyper - BaseTABoost/3311@22, type = 1090523139
08-07 17:53:19.497  3311  3311 I SemDvfsHyPerManager: acquire hyper - BaseTAToouchBoost/3311@24, type = 1090523139
08-07 17:53:19.497   568   614 I HYPER-HAL: [RequestManager.cpp]acquire(): Acquired ID : 5556133  [3311 / 22]    HINT :      list : [TABoost / 5]
08-07 17:53:19.497   568   614 I HYPER-HAL: [RequestManager.cpp]acquire(): Acquired ID : 5562804  [3311 / 24]    HINT :      list : [TABoost / 20] [TIMEOUT / 1500]
08-07 17:53:19.498   952  1032 I GestureDetector: obtain mCurrentDownEvent. id: -219503915 caller: com.android.server.wm.SystemGesturesPointerEventListener.onPointerEvent:179 com.android.server.wm.PointerEventDispatcher.onInputEvent:71 android.view.InputEventReceiver.dispatchInputEvent:259
08-07 17:53:19.498   952  1032 I GestureDetector: obtain mCurrentDownEvent. id: -219503915 caller: com.android.server.wm.SystemPerformancePointerEventListener.onPointerEvent:89 com.android.server.wm.PointerEventDispatcher.onInputEvent:71 android.view.InputEventReceiver.dispatchInputEvent:259
08-07 17:53:19.507   628   628 E SurfaceFlinger: Attempt to update InputPolicyFlags without permission ACCESS_SURFACE_FLINGER
08-07 17:53:19.508  1411  2198 I ViewRootImpl@9089bd5[lunchtray]: mWNT: t = android.view.SurfaceControl$Transaction@30980af fN = 4 android.view.SyncRtSurfaceTransactionApplier.applyTransaction:94 android.view.SyncRtSurfaceTransactionApplier.lambda$scheduleApply$0$SyncRtSurfaceTransactionApplier:71 android.view.SyncRtSurfaceTransactionApplier$$ExternalSyntheticLambda0.onFrameDraw:4
08-07 17:53:19.508  1411  2198 I ViewRootImpl@9089bd5[lunchtray]: mWNT: merge t to BBQ
08-07 17:53:19.510   568  8026 I HYPER-HAL: [RequestManager.cpp]releaseLocked(): Released ID : 473872
08-07 17:53:19.524   628   628 E SurfaceFlinger: Attempt to update InputPolicyFlags without permission ACCESS_SURFACE_FLINGER
08-07 17:53:19.526  1411  1640 D OpenGLRenderer: setSurface called with nullptr
08-07 17:53:19.526  1411  1640 D OpenGLRenderer: setSurface() destroyed EGLSurface
08-07 17:53:19.526  1411  1640 D OpenGLRenderer: destroyEglSurface
08-07 17:53:19.527   952  3368 V WindowManager: Relayout Window{ec31fe8 u0 Splash Screen com.example.lunchtray}: viewVisibility=8 req=1080x2280 d0
08-07 17:53:19.527   628   963 I SurfaceFlinger: id=624736 createSurf (0x0),-1 flag=24000, Surface(name=ec31fe8 Splash Screen com.example.lunchtray)/@0x34a82a7 - animation-leash of window_animation#0
08-07 17:53:19.530   952  3368 V WindowManager: Relayout hash=ec31fe8, pid=1411: mAttrs={(0,0)(fillxfill) sim={adjust=pan} ty=APPLICATION_STARTING fmt=TRANSLUCENT wanim=0x1030001
08-07 17:53:19.530   952  3368 V WindowManager:   fl=81030118
08-07 17:53:19.530   952  3368 V WindowManager:   pfl=36000010
08-07 17:53:19.530   952  3368 V WindowManager:   bhv=DEFAULT
08-07 17:53:19.530   952  3368 V WindowManager:   fitSides= naviIconColor=0}
08-07 17:53:19.531  1411  1558 I ViewRootImpl@9089bd5[lunchtray]: Relayout returned: old=(0,0,1080,2280) new=(0,0,1080,2280) req=(1080,2280)8 dur=3 res=0x5 s={false 0} ch=true fn=5
08-07 17:53:19.531  1411  1558 I ViewRootImpl@9089bd5[lunchtray]: dispatchDetachedFromWindow
08-07 17:53:19.531   952  3368 D InputTransport: Input channel destroyed: 'ec31fe8', fd=2003
08-07 17:53:19.531   952  3368 W InputManager-JNI: Input channel object 'ec31fe8 Splash Screen com.example.lunchtray (client)' was disposed without first being removed with the input manager!
08-07 17:53:19.531   952  3368 D InputTransport: Input channel destroyed: 'ec31fe8', fd=2006
08-07 17:53:19.533  1411  1558 D InputTransport: Input channel destroyed: 'ec31fe8', fd=173
08-07 17:53:19.537   952  3368 D InputDispatcher: Inject motion (7881): action=0x1, time=2262192846000000, f=0x0, d=0
08-07 17:53:19.537   952  1207 I InputDispatcher: Delivering touch to (7881): action: 0x1, f=0x0, d=0, 'e036397', t=1 +(-3,-9)*1.01
08-07 17:53:19.538  7881  7881 I ViewRootImpl@3a04135[MainActivity]: ViewPostIme pointer 1
08-07 17:53:19.538   952  1032 I GestureDetector: obtain mCurrentMotionEventRaw. action: 1 id: -626381912
08-07 17:53:19.538   952  1032 I GestureDetector: obtain mCurrentMotionEventRaw. action: 1 id: -626381912
08-07 17:53:19.540   628   628 E SurfaceFlinger: Attempt to update InputPolicyFlags without permission ACCESS_SURFACE_FLINGER
08-07 17:53:19.541   628   628 I Layer   : id=624734 removeFromCurrentState Surface(name=e036397 com.example.lunchtray/com.example.lunchtray.MainActivity)/@0x94b49ee - animation-leash of starting_reveal#0 (145)
08-07 17:53:19.543  7881  7881 D ScrollView: initGoToTop
08-07 17:53:19.558   628   628 E SurfaceFlinger: Attempt to update InputPolicyFlags without permission ACCESS_SURFACE_FLINGER
08-07 17:53:19.574   628   628 E SurfaceFlinger: Attempt to update InputPolicyFlags without permission ACCESS_SURFACE_FLINGER
08-07 17:53:19.575   952  3368 V WindowManager: Relayout Window{e036397 u0 com.example.lunchtray/com.example.lunchtray.MainActivity}: viewVisibility=0 req=1080x2280 d0
08-07 17:53:19.577   952  3368 V WindowManager: Relayout hash=e036397, pid=7881: mAttrs={(0,0)(fillxfill) sim={adjust=resize} ty=BASE_APPLICATION wanim=0x1030303
08-07 17:53:19.577   952  3368 V WindowManager:   fl=81810100
08-07 17:53:19.577   952  3368 V WindowManager:   pfl=12020040
08-07 17:53:19.577   952  3368 V WindowManager:   apr=LIGHT_NAVIGATION_BARS
08-07 17:53:19.577   952  3368 V WindowManager:   bhv=DEFAULT
08-07 17:53:19.577   952  3368 V WindowManager:   fitSides= naviIconColor=0
08-07 17:53:19.577   952  3368 V WindowManager:   sfl=100000}
08-07 17:53:19.578  7881  7881 I ViewRootImpl@3a04135[MainActivity]: Relayout returned: old=(0,0,1080,2280) new=(0,0,1080,2280) req=(1080,2280)0 dur=3 res=0x1 s={true 512217406416} ch=false fn=8
08-07 17:53:19.579  7881  7881 D ScrollView:  onsize change changed
08-07 17:53:19.591   628   628 E SurfaceFlinger: Attempt to update InputPolicyFlags without permission ACCESS_SURFACE_FLINGER
08-07 17:53:19.593  1411  1411 D NavigationBar: onSystemBarAttributesChanged() -  displayId:0, appearance:16 (APPEARANCE_LIGHT_NAVIGATION_BARS ), navbarColorManagedByIme:false
08-07 17:53:19.593  1411  1411 V Navbar.Store: handleEvent [EventType] GET_BOOL_REGION_SAMPLING_ENABLED [Module] LightBarController  KEYS_DEFAULT=false
08-07 17:53:19.593  1411  1411 V Navbar.Store: --[Band]COLOR_PACK_GET_REGION_SAMPLING_ENABLED
08-07 17:53:19.593  1411  1411 V Navbar.Store: ----getValue(BOOL_REGION_SAMPLING_ENABLED)=false
08-07 17:53:19.608   628   628 I Layer   : id=624724 removeFromCurrentState Splash Screen com.example.lunchtray$_1411#0 (145)
08-07 17:53:19.608   628   628 I Layer   : id=624723 removeFromCurrentState ec31fe8 Splash Screen com.example.lunchtray#0 (145)
08-07 17:53:19.608   628   628 I Layer   : id=624736 removeFromCurrentState Surface(name=ec31fe8 Splash Screen com.example.lunchtray)/@0x34a82a7 - animation-leash of window_animation#0 (145)
08-07 17:53:19.608   628   628 E SurfaceFlinger: Attempt to update InputPolicyFlags without permission ACCESS_SURFACE_FLINGER
08-07 17:53:19.609   628   628 I SurfaceFlinger: id=624723 Removed ec31fe8 Splash Screen com.example.lunchtray#0 (145)
08-07 17:53:19.609   628   628 I SurfaceFlinger: id=624724 Removed Splash Screen com.example.lunchtray$_1411#0 (145)
08-07 17:53:19.609   628   628 I SurfaceFlinger: id=624736 Removed Surface(name=ec31fe8 Splash Screen com.example.lunchtray)/@0x34a82a7 - animation-leash of window_animation#0 (145)
08-07 17:53:19.609  2001  2001 I ViewRootImpl@67bf432[LauncherActivity]: handleAppVisibility mAppVisible=true visible=false
08-07 17:53:19.609  1411  1430 D WallpaperService: dispatchAppVisibility onVisibilityChanged(): false
08-07 17:53:19.609   628   628 I Layer   : id=624736 Destroyed Surface(name=ec31fe8 Splash Screen com.example.lunchtray)/@0x34a82a7 - animation-leash of window_animation#0
08-07 17:53:19.609   628   628 I Layer   : id=624723 Destroyed ec31fe8 Splash Screen com.example.lunchtray#0
08-07 17:53:19.610  1411  1411 D WallpaperService: reportVisibility onVisibilityChanged visible: false
08-07 17:53:19.610  1411  1635 I ImageWallpaper:  onVisibilityChanged false , 0
08-07 17:53:19.610   628   628 I Layer   : id=624724 Destroyed Splash Screen com.example.lunchtray$_1411#0
08-07 17:53:19.613   628   628 D SurfaceFlinger: Display 0 HWC layers:
08-07 17:53:19.613   628   628 D SurfaceFlinger:      DEVICE | 0x78e3e0fa70 | 0102 | RGBA_8888    |    0.0    0.0 1080.0 2280.0 |    0    0 1080 2280 | com.example.lunchtray/com.example.lunchtray.MainActivity$_7881#0
08-07 17:53:19.613   628   628 D SurfaceFlinger:      DEVICE | 0x78e3dfd3b0 | 0100 | RGBA_8888    |    0.0    0.0 1080.0  112.0 |    0    0 1080  112 | StatusBar$_1411#0
08-07 17:53:19.613   628   628 D SurfaceFlinger:      DEVICE | 0x78e3e1bd10 | 0100 | RGBA_8888    |    0.0    0.0   67.0  457.0 |    0  410   67  867 | com.samsung.android.app.cocktailbars[...]arservice.CocktailBarService$_8085#0
08-07 17:53:19.613   628   628 D SurfaceFlinger:      DEVICE | 0x78e3e19b50 | 0100 | RGBA_8888    |    0.0    0.0 1080.0  126.0 |    0 2154 1080 2280 | NavigationBar0$_1411#0
08-07 17:53:19.613   628   628 D SurfaceFlinger:
08-07 17:53:19.615  7881  7881 D LifecycleMonitor: Lifecycle status change: androidx.test.core.app.InstrumentationActivityInvoker$BootstrapActivity@759ff23 in: STOPPED
08-07 17:53:19.615  7881  7881 V ActivityScenario: Activity lifecycle changed event received but ignored because the intent does not match. startActivityIntent=Intent { act=android.intent.action.MAIN cat=[android.intent.category.LAUNCHER] cmp=com.example.lunchtray/.MainActivity }, activity.getIntent()=Intent { act=android.intent.action.MAIN cat=[android.intent.category.LAUNCHER] flg=0x10008000 cmp=com.example.lunchtray/androidx.test.core.app.InstrumentationActivityInvoker$BootstrapActivity (has extras) }, activity=androidx.test.core.app.InstrumentationActivityInvoker$BootstrapActivity@759ff23
08-07 17:53:19.615  7881  7881 V ActivityScenario: Activity lifecycle changed event received but ignored because the intent does not match. startActivityIntent=Intent { act=android.intent.action.MAIN cat=[android.intent.category.LAUNCHER] cmp=com.example.lunchtray/.MainActivity }, activity.getIntent()=Intent { act=android.intent.action.MAIN cat=[android.intent.category.LAUNCHER] flg=0x10008000 cmp=com.example.lunchtray/androidx.test.core.app.InstrumentationActivityInvoker$BootstrapActivity (has extras) }, activity=androidx.test.core.app.InstrumentationActivityInvoker$BootstrapActivity@759ff23
08-07 17:53:19.615  7881  7881 V ActivityScenario: Activity lifecycle changed event received but ignored because the intent does not match. startActivityIntent=Intent { act=android.intent.action.MAIN cat=[android.intent.category.LAUNCHER] cmp=com.example.lunchtray/.MainActivity }, activity.getIntent()=Intent { act=android.intent.action.MAIN cat=[android.intent.category.LAUNCHER] flg=0x10008000 cmp=com.example.lunchtray/androidx.test.core.app.InstrumentationActivityInvoker$BootstrapActivity (has extras) }, activity=androidx.test.core.app.InstrumentationActivityInvoker$BootstrapActivity@759ff23
08-07 17:53:19.615  7881  7881 V ActivityScenario: Activity lifecycle changed event received but ignored because the intent does not match. startActivityIntent=Intent { act=android.intent.action.MAIN cat=[android.intent.category.LAUNCHER] cmp=com.example.lunchtray/.MainActivity }, activity.getIntent()=Intent { act=android.intent.action.MAIN cat=[android.intent.category.LAUNCHER] flg=0x10008000 cmp=com.example.lunchtray/androidx.test.core.app.InstrumentationActivityInvoker$BootstrapActivity (has extras) }, activity=androidx.test.core.app.InstrumentationActivityInvoker$BootstrapActivity@759ff23
08-07 17:53:19.616  7881  7881 V ActivityScenario: Activity lifecycle changed event received but ignored because the intent does not match. startActivityIntent=Intent { act=android.intent.action.MAIN cat=[android.intent.category.LAUNCHER] cmp=com.example.lunchtray/.MainActivity }, activity.getIntent()=Intent { act=android.intent.action.MAIN cat=[android.intent.category.LAUNCHER] flg=0x10008000 cmp=com.example.lunchtray/androidx.test.core.app.InstrumentationActivityInvoker$BootstrapActivity (has extras) }, activity=androidx.test.core.app.InstrumentationActivityInvoker$BootstrapActivity@759ff23
08-07 17:53:19.624   628   628 I Layer   : id=624725 removeFromCurrentState Surface(name=Task=1)/@0x71397ea - animation-leash of app_transition#0 (142)
08-07 17:53:19.624   628   628 I Layer   : id=624726 removeFromCurrentState Surface(name=Task=8210)/@0x40ee171 - animation-leash of app_transition#0 (142)
08-07 17:53:19.625   628   628 I SurfaceFlinger: id=624726 Removed Surface(name=Task=8210)/@0x40ee171 - animation-leash of app_transition#0 (142)
08-07 17:53:19.625   628   628 I SurfaceFlinger: id=624725 Removed Surface(name=Task=1)/@0x71397ea - animation-leash of app_transition#0 (142)
08-07 17:53:19.625   628   628 I Layer   : id=624725 Destroyed Surface(name=Task=1)/@0x71397ea - animation-leash of app_transition#0
08-07 17:53:19.625   628   628 I Layer   : id=624726 Destroyed Surface(name=Task=8210)/@0x40ee171 - animation-leash of app_transition#0
08-07 17:53:19.628   952  3348 V WindowManager: Relayout Window{72e35ce u0 com.sec.android.app.launcher/com.sec.android.app.launcher.activities.LauncherActivity}: viewVisibility=8 req=1080x2280 d0
08-07 17:53:19.630   952  3348 V WindowManager: Relayout hash=72e35ce, pid=2001: mAttrs={(0,0)(fillxfill) sim={adjust=nothing} layoutInDisplayCutoutMode=shortEdges ty=BASE_APPLICATION fmt=TRANSPARENT wanim=0x10302f2
08-07 17:53:19.630   952  3348 V WindowManager:   fl=81910100
08-07 17:53:19.630   952  3348 V WindowManager:   pfl=1e020040
08-07 17:53:19.630   952  3348 V WindowManager:   vsysui=1700
08-07 17:53:19.630   952  3348 V WindowManager:   apr=LIGHT_STATUS_BARS LIGHT_NAVIGATION_BARS
08-07 17:53:19.630   952  3348 V WindowManager:   bhv=SHOW_TRANSIENT_BARS_BY_SWIPE
08-07 17:53:19.630   952  3348 V WindowManager:   fitSides= naviIconColor=0}
08-07 17:53:19.631  2001  2001 I ViewRootImpl@67bf432[LauncherActivity]: Relayout returned: old=(0,0,1080,2280) new=(0,0,1080,2280) req=(1080,2280)8 dur=2 res=0x5 s={false 0} ch=true fn=26
08-07 17:53:19.631  2001  2001 I ViewRootImpl@67bf432[LauncherActivity]: stopped(true) old=false
08-07 17:53:19.631  2001  2001 I BaseActivity: removeActivityFlags, flags : 17
08-07 17:53:19.631  2001  2001 I StateManager: goToState isInState Normal
08-07 17:53:19.631  2001  2001 W LauncherAppWidgetHost: setShouldListenFlag, mFlags:7 flag:start on:false isFront:false
08-07 17:53:19.632  2001  2079 I IMM_LC  : hsifw() - flags=0, caller=android.view.inputmethod.InputMethodManager.hideSoftInputFromWindow:1858 android.view.inputmethod.InputMethodManager.hideSoftInputFromWindow:1827 com.android.launcher3.util.UiThreadHelper$UiCallbacks.handleMessage:103 android.os.Handler.dispatchMessage:102 android.os.Looper.loopOnce:226
08-07 17:53:19.632  2001  2079 I IMM_LC  : hideSoftInputFromWindow - mService.hideSoftInput
08-07 17:53:19.632   952  3348 I AppWidgetServiceImpl: stopListening callbacks : null
08-07 17:53:19.632  2001  2001 W LauncherAppWidgetHost: stopListening, mFlags:2 isFront:false
08-07 17:53:19.632  2001  2001 W Launcher.NotificationListener: removeNotificationsChangedListener
08-07 17:53:19.632  2001  2001 I BadgeCountUpdaterImpl: onNotificationsChangedDisConnected
08-07 17:53:19.632  2001  2001 I Launcher.NotificationListener: unregisterObserver, this is not notificationService!!
08-07 17:53:19.632  2001  2079 I LiveIconUpdateEventHandler: LiveIcon onStop
08-07 17:53:19.633  2001  2079 I LiveIconUpdateEventHandler: cancelMinuteChangeAlarm
08-07 17:53:19.634  2001  2079 I LiveIconUpdateEventHandler: cancelDateChangeAlarm
08-07 17:53:19.634  2001  2079 I LiveIconUpdateEventHandler: unregisterReceiver
08-07 17:53:19.641   628   628 I SurfaceFlinger: id=624713 Removed OneUiHome-BlurLayer#0 (140)
08-07 17:53:19.647 24757 25275 I SAMSUNGWALLET: [Hint_ProcessStatusChange] fg Change, pid : 2001 , isNotify : true , isForeground : false , fg list : [7881]
08-07 17:53:19.647 24757 25074 I SAMSUNGWALLET: [ResetData] getSAResetDialogFlag : false
08-07 17:53:19.649 24757 25074 I SAMSUNGWALLET: [Hint_bxa] isHomePackageRunning topPkgName = com.example.lunchtray, topClsName = com.example.lunchtray.MainActivity, return false , se : false
08-07 17:53:19.649 24757 24757 I SAMSUNGWALLET: [Hint_PayHintService] Hint Status - already invisible, skip hide : Home Package Not Running
08-07 17:53:19.658   628   628 I Layer   : id=624710 removeFromCurrentState com.sec.android.app.launcher/com.sec.android.app.launcher.activities.LauncherActivity$_2001#0 (140)
08-07 17:53:19.658   628   628 I Layer   : id=624713 removeFromCurrentState OneUiHome-BlurLayer#0 (140)
08-07 17:53:19.658   628   628 I SurfaceFlinger: id=624710 Removed com.sec.android.app.launcher/com.sec.android.app.launcher.activities.LauncherActivity$_2001#0 (140)
08-07 17:53:19.659   628   628 I Layer   : id=624710 Destroyed com.sec.android.app.launcher/com.sec.android.app.launcher.activities.LauncherActivity$_2001#0
08-07 17:53:19.659   628   628 I Layer   : id=624713 Destroyed OneUiHome-BlurLayer#0
08-07 17:53:19.698  8085  8085 I Utils   : isCurrentUser current = 0, ownerId = 0
08-07 17:53:19.699  8085  8085 I TrayVisibilityController: getComputedTrayVisible : keyguardState = 1
08-07 17:53:19.699  8085  8085 I TrayVisibilityController: updateTrayVisible: State=1 visible=1 mCurrentVisible=1 specificMode=0
08-07 17:53:19.699  8085  8085 I TrayStateController: onNotifyUpdateTray: state=0
08-07 17:53:19.737  5104  5104 I dnwd    : onPause
08-07 17:53:19.739  8447  8447 I gkox    : (REDACTED) received broadcast: %s
08-07 17:53:19.740  8447  8585 I gkpa    : (REDACTED) received broadcast: %s
08-07 17:53:19.740  8447  8585 I gkkn    : (REDACTED) #onConfigUpdate. requester: %s
08-07 17:53:19.740  8447  8606 I gkkn    : #onConfigUpdate inside sequencer
08-07 17:53:19.740  8447  8606 I gkhl    : (REDACTED) Voice Match (Speaker-id) supported : %b
08-07 17:53:19.740  8447  8606 I gkhl    : (REDACTED) hotword enrollment state is enrolled:  %b, speakerId model exist: %b. Voice Match supported : %b
08-07 17:53:19.740  8447  8606 I gkhl    : (REDACTED) isHotwordAvailable():  %b, isHotwordEnabled() %b
08-07 17:53:19.740  8447  8606 I gkhl    : (REDACTED) isHotwordAvailable():  %b, isHotwordEnabled() %b
08-07 17:53:19.740  8447  8606 I gkhl    : (REDACTED) Hotword enrollment state : %s.
08-07 17:53:19.740  8447  8606 I gkhl    : (REDACTED) Voice Match (Speaker-id) supported : %b
08-07 17:53:19.740  8447  8606 I gkhl    : (REDACTED) Voice Match (Speaker-id) supported : %b
08-07 17:53:19.740  8447  8606 I gkhl    : (REDACTED) hotword enrollment state is enrolled:  %b, speakerId model exist: %b, voice match supported : %b
08-07 17:53:19.740  8447  8606 I gkhl    : (REDACTED) Hotword isNonVoiceMatchHotwordEnabled: %b, isHotwordAvailable : %b, isHotwordEnabled : %b, isVoiceMatchSupported: %b, isHotwordEnrolled: %b.
08-07 17:53:19.740  8447  8606 I gkkn    : (REDACTED) Ignore the legacy hotword request. voice match enabled %b, isHotwordSupported %b, isIncompleteEnrollmentState %b, nonVoiceMatchHotwordEnabled %b
08-07 17:53:19.770   568  8037 I HYPER-HAL: [RequestManager.cpp]releaseLocked(): Released ID : 470953
08-07 17:53:19.797   952  1032 I GestureDetector: handleMessage TAP
08-07 17:53:19.798   952   952 I GestureDetector: handleMessage TAP
08-07 17:53:19.803  7881  7881 I ViewInteraction: Performing 'single click' action on view view.getId() is <2131230844/com.example.lunchtray:id/cauliflower>
08-07 17:53:19.804   952  3370 D InputDispatcher: Inject motion (7881): action=0x0, time=2262193113000000, f=0x0, d=0
08-07 17:53:19.804   952  1207 I InputDispatcher: Delivering touch to (1411): action: 0x4, f=0x0, d=0, '5b03b71', t=0
08-07 17:53:19.804   952  1207 I InputDispatcher: Delivering touch to (7881): action: 0x0, f=0x0, d=0, 'e036397', t=0
08-07 17:53:19.805  3311  3311 I SemDvfsHyPerManager: acquire hyper - BaseTABoost/3311@22, type = 1090523139
08-07 17:53:19.805  3311  3311 I SemDvfsHyPerManager: acquire hyper - BaseTAToouchBoost/3311@24, type = 1090523139
08-07 17:53:19.805   952  1032 I GestureDetector: obtain mCurrentDownEvent. id: -510352842 caller: com.android.server.wm.SystemGesturesPointerEventListener.onPointerEvent:179 com.android.server.wm.PointerEventDispatcher.onInputEvent:71 android.view.InputEventReceiver.dispatchInputEvent:259
08-07 17:53:19.805  7881  7881 I ViewRootImpl@3a04135[MainActivity]: ViewPostIme pointer 0
08-07 17:53:19.805   568   614 I HYPER-HAL: [RequestManager.cpp]acquire(): Acquired ID : 5556133  [3311 / 22]    HINT :      list : [TABoost / 5]
08-07 17:53:19.805   952  1032 I GestureDetector: obtain mCurrentDownEvent. id: -510352842 caller: com.android.server.wm.SystemPerformancePointerEventListener.onPointerEvent:89 com.android.server.wm.PointerEventDispatcher.onInputEvent:71 android.view.InputEventReceiver.dispatchInputEvent:259
08-07 17:53:19.805   568   614 I HYPER-HAL: [RequestManager.cpp]acquire(): Acquired ID : 5562804  [3311 / 24]    HINT :      list : [TABoost / 20] [TIMEOUT / 1500]
08-07 17:53:19.845   952  3370 D InputDispatcher: Inject motion (7881): action=0x1, time=2262193154000000, f=0x0, d=0
08-07 17:53:19.845   952  1207 I InputDispatcher: Delivering touch to (7881): action: 0x1, f=0x0, d=0, 'e036397', t=1
08-07 17:53:19.846   952  1032 I GestureDetector: obtain mCurrentMotionEventRaw. action: 1 id: -638484477
08-07 17:53:19.846   952  1032 I GestureDetector: obtain mCurrentMotionEventRaw. action: 1 id: -638484477
08-07 17:53:19.846  7881  7881 I ViewRootImpl@3a04135[MainActivity]: ViewPostIme pointer 1
08-07 17:53:19.875   628   628 E SurfaceFlinger: Attempt to update InputPolicyFlags without permission ACCESS_SURFACE_FLINGER
08-07 17:53:19.892   628   628 E SurfaceFlinger: Attempt to update InputPolicyFlags without permission ACCESS_SURFACE_FLINGER
08-07 17:53:19.909   628   628 E SurfaceFlinger: Attempt to update InputPolicyFlags without permission ACCESS_SURFACE_FLINGER
08-07 17:53:19.942   628   628 E SurfaceFlinger: Attempt to update InputPolicyFlags without permission ACCESS_SURFACE_FLINGER
08-07 17:53:19.950   952  1313 D SemWifiSwitchForIndividualAppsService: isPackageException - result:3, com.example.lunchtray
08-07 17:53:19.959   628   628 E SurfaceFlinger: Attempt to update InputPolicyFlags without permission ACCESS_SURFACE_FLINGER
08-07 17:53:19.976   628   628 E SurfaceFlinger: Attempt to update InputPolicyFlags without permission ACCESS_SURFACE_FLINGER
08-07 17:53:19.992   628   628 E SurfaceFlinger: Attempt to update InputPolicyFlags without permission ACCESS_SURFACE_FLINGER
08-07 17:53:20.009   628   628 E SurfaceFlinger: Attempt to update InputPolicyFlags without permission ACCESS_SURFACE_FLINGER
08-07 17:53:20.026   628   628 E SurfaceFlinger: Attempt to update InputPolicyFlags without permission ACCESS_SURFACE_FLINGER
08-07 17:53:20.034  5104  5104 I dnwd    : onStop
08-07 17:53:20.043   628   628 E SurfaceFlinger: Attempt to update InputPolicyFlags without permission ACCESS_SURFACE_FLINGER
08-07 17:53:20.051   556   579 D BatteryDump: wait_for_battery_event : occurred : change@/devices/platform/battery/power_supply/battery
08-07 17:53:20.059   628   628 E SurfaceFlinger: Attempt to update InputPolicyFlags without permission ACCESS_SURFACE_FLINGER
08-07 17:53:20.066   556   556 I android.hardware.health@2.1-service-samsung: updateLrpSysfs: write: 308
08-07 17:53:20.068   952  1198 D MotionRecognitionService: [SAR]  onReceive : ACTION_BATTERY_CHANGED, Plugged: 2
08-07 17:53:20.068   952  1198 I MotionRecognitionService: [TA] In/out: true, curr state: 1
08-07 17:53:20.068   952  1198 I MotionRecognitionService: [TA] Before receiving the SAR request for Main. Return.
08-07 17:53:20.068   952   952 D SemWifiApBroadcastReceiver: Received : android.intent.action.BATTERY_CHANGED
08-07 17:53:20.068  1411  1411 I AODBatteryManager: updateBatteryData: ACTION_BATTERY_CHANGED
08-07 17:53:20.068  1377  1377 D SemBigDataInfoController: Intent : android.intent.action.BATTERY_CHANGED
08-07 17:53:20.069 24757 24757 I SAMSUNGWALLET: [ld1] onReceive() action=android.intent.action.BATTERY_CHANGED
08-07 17:53:20.070  1411  1411 I AODBatteryManager: saveBatteryData : AOD BatteryData [mBatteryLevel=92, mBatteryStatus=CHARGING, mBatteryPlugType=USB, mBatteryPlugged=true, mRemainingChargeTime=2940000, mBatteryChargingType=1, mBatteryChargerType=NORMAL, mBatteryOnline=NOT_DEFINED, mBatterySwellingMode=NONE, mBatteryProtectMode=false]
08-07 17:53:20.070  1411  1411 D KeyguardUpdateMonitor: received broadcast android.intent.action.BATTERY_CHANGED
08-07 17:53:20.070  1411  1411 I PowerUI : mBootCompleted = true |  mFullyConnected = true
08-07 17:53:20.070  1411  1411 D PowerUI : priorPlugType = 2 mPlugType = 2 priorBatteryStatus = 2 mBatteryStatus = 2
08-07 17:53:20.070  1411  1411 I PowerUI : oldMisalign : false, curMisalign : false
08-07 17:53:20.071  1411  1411 D PowerUI.Notification: showChargingNotice oldChargingType : 8 / currentChargingType : 8, oldChargingTime : 2940000 / mChargingTime : 2940000
08-07 17:53:20.071  1411  1411 D PowerUI.Notification: There is no change about charging status, so return!
08-07 17:53:20.071  1411  1411 D PowerUI : Battery swelling mode - priorBatterySwellingMode = 0 mBatterySwellingMode = 0 mBatteryStatus = 2
08-07 17:53:20.071  1411  1411 I PowerUI : mBatteryMiscEvent = 65536
08-07 17:53:20.071  1411  1411 D KeyguardUpdateMonitor: handleBatteryUpdate
08-07 17:53:20.071  1411  7159 D PowerUI.Notification: 1. restoreScreenTimeOut - saved_value : :
08-07 17:53:20.071  1411  7159 E PowerUI.Notification: no saved value, so we do nothing !!
08-07 17:53:20.076   628   628 E SurfaceFlinger: Attempt to update InputPolicyFlags without permission ACCESS_SURFACE_FLINGER
08-07 17:53:20.077  1411  1411 D QS      : setQSExpansion 0.0 -118.475
08-07 17:53:20.078  1411  1411 D QS      : setQSExpansion 0.0 -118.475
08-07 17:53:20.078  1411  1411 V SecQSFragmentAnimatorBase: setQsExpansionPosition 0.0
08-07 17:53:20.078  1411  1411 V QsExpandAnimator: setQsExpansionPosition 0.0 0
08-07 17:53:20.078  1411  1411 D QS      : setQSExpansion 0.0 -118.475
08-07 17:53:20.078  1411  1411 D MediaControlPanel: mActionButtonNumCollapsed = 3, mActionButtonNumExpand = 4
08-07 17:53:20.079   952  3348 D ApplicationPolicy: isStatusBarNotificationAllowedAsUser: packageName = com.estsoft.alyac,userId = 0
08-07 17:53:20.079   952  3348 D ApplicationPolicy: isStatusBarNotificationAllowedAsUser: packageName = com.estsoft.alyac,userId = 0
08-07 17:53:20.093   628   628 E SurfaceFlinger: Attempt to update InputPolicyFlags without permission ACCESS_SURFACE_FLINGER
08-07 17:53:20.105   952   952 I GestureDetector: handleMessage TAP
08-07 17:53:20.106   952  1032 I GestureDetector: handleMessage TAP
08-07 17:53:20.110  7881  7881 I ViewInteraction: Performing 'single click' action on view view.getId() is <2131231081/com.example.lunchtray:id/next_button>
08-07 17:53:20.110   628   628 E SurfaceFlinger: Attempt to update InputPolicyFlags without permission ACCESS_SURFACE_FLINGER
08-07 17:53:20.111   952  3348 D InputDispatcher: Inject motion (7881): action=0x0, time=2262193420000000, f=0x0, d=0
08-07 17:53:20.111   952  1207 I InputDispatcher: Delivering touch to (1411): action: 0x4, f=0x0, d=0, '5b03b71', t=0
08-07 17:53:20.111   952  1207 I InputDispatcher: Delivering touch to (7881): action: 0x0, f=0x0, d=0, 'e036397', t=0
08-07 17:53:20.111   952  1032 I GestureDetector: obtain mCurrentDownEvent. id: -571317643 caller: com.android.server.wm.SystemGesturesPointerEventListener.onPointerEvent:179 com.android.server.wm.PointerEventDispatcher.onInputEvent:71 android.view.InputEventReceiver.dispatchInputEvent:259
08-07 17:53:20.111   952  1032 I GestureDetector: obtain mCurrentDownEvent. id: -571317643 caller: com.android.server.wm.SystemPerformancePointerEventListener.onPointerEvent:89 com.android.server.wm.PointerEventDispatcher.onInputEvent:71 android.view.InputEventReceiver.dispatchInputEvent:259
08-07 17:53:20.112  7881  7881 I ViewRootImpl@3a04135[MainActivity]: ViewPostIme pointer 0
08-07 17:53:20.112  3311  3311 I SemDvfsHyPerManager: acquire hyper - BaseTABoost/3311@22, type = 1090523139
08-07 17:53:20.112  3311  3311 I SemDvfsHyPerManager: acquire hyper - BaseTAToouchBoost/3311@24, type = 1090523139
08-07 17:53:20.112   568   614 I HYPER-HAL: [RequestManager.cpp]acquire(): Acquired ID : 5556133  [3311 / 22]    HINT :      list : [TABoost / 5]
08-07 17:53:20.112   568   614 I HYPER-HAL: [RequestManager.cpp]acquire(): Acquired ID : 5562804  [3311 / 24]    HINT :      list : [TABoost / 20] [TIMEOUT / 1500]
08-07 17:53:20.126   628   628 E SurfaceFlinger: Attempt to update InputPolicyFlags without permission ACCESS_SURFACE_FLINGER
08-07 17:53:20.143   628   628 E SurfaceFlinger: Attempt to update InputPolicyFlags without permission ACCESS_SURFACE_FLINGER
08-07 17:53:20.152   952  3348 D InputDispatcher: Inject motion (7881): action=0x1, time=2262193461000000, f=0x0, d=0
08-07 17:53:20.152   952  1207 I InputDispatcher: Delivering touch to (7881): action: 0x1, f=0x0, d=0, 'e036397', t=1
08-07 17:53:20.153   952  1032 I GestureDetector: obtain mCurrentMotionEventRaw. action: 1 id: -297046745
08-07 17:53:20.153   952  1032 I GestureDetector: obtain mCurrentMotionEventRaw. action: 1 id: -297046745
08-07 17:53:20.153  7881  7881 I ViewRootImpl@3a04135[MainActivity]: ViewPostIme pointer 1
08-07 17:53:20.160   628   628 E SurfaceFlinger: Attempt to update InputPolicyFlags without permission ACCESS_SURFACE_FLINGER
08-07 17:53:20.168  7881  7881 D ScrollView: initGoToTop
08-07 17:53:20.177   628   628 E SurfaceFlinger: Attempt to update InputPolicyFlags without permission ACCESS_SURFACE_FLINGER
08-07 17:53:20.193   628   628 E SurfaceFlinger: Attempt to update InputPolicyFlags without permission ACCESS_SURFACE_FLINGER
08-07 17:53:20.196  7881  7881 D ScrollView:  onsize change changed
08-07 17:53:20.210   628   628 E SurfaceFlinger: Attempt to update InputPolicyFlags without permission ACCESS_SURFACE_FLINGER
08-07 17:53:20.225  8085  8085 I Edge.badge: onNotificationRankingUpdate
08-07 17:53:20.225  8085  8085 I Edge.badge: onNotificationFullRefresh mIsRegister=true,forceNotify=true
08-07 17:53:20.227   628   628 E SurfaceFlinger: Attempt to update InputPolicyFlags without permission ACCESS_SURFACE_FLINGER
08-07 17:53:20.241   568  8033 I HYPER-HAL: [RequestManager.cpp]releaseLocked(): Released ID : 469982
08-07 17:53:20.270  1411  1411 D InterruptionStateProvider: No alerting: suppressed due to group alert behavior
08-07 17:53:20.270  1411  1411 D InterruptionStateProvider: Group alert behavior is suppressed but we want to alert bubble
08-07 17:53:20.270  1411  1411 D InterruptionStateProvider: No bubble up: not allowed to bubble: 0|com.kakao.talk|1|null|10234
08-07 17:53:20.270  1411  1411 D InterruptionStateProvider: No bubble up: not allowed to bubble: 0|com.kakao.talk|2|4844260372986911|10234
08-07 17:53:20.270  1411  1411 D InterruptionStateProvider: No bubble up: not allowed to bubble: 0|com.instagram.android|64278|direct|5751180847;thread_id:340282366841710301281160859759409935135|10320
08-07 17:53:20.270  1411  1411 D InterruptionStateProvider: No bubble up: not allowed to bubble: 0|com.mcnc.parecis.nsgw|-820371603|null|10564
08-07 17:53:20.270  1411  1411 D InterruptionStateProvider: No bubble up: not allowed to bubble: 0|com.google.android.calendar|-631410222|V2AEventKey|100425666509135743732|bbtfly98@gmail.com|ckrjioj6c4q6ab9h6csj4b9k6cpmcb9p6hj68b9h65gj6c9oc4rmadj66c_20230808-1-1|10147
08-07 17:53:20.270  1411  1411 D InterruptionStateProvider: No alerting: suppressed due to group alert behavior
08-07 17:53:20.270  1411  1411 D InterruptionStateProvider: Group alert behavior is suppressed but we want to alert bubble
08-07 17:53:20.270  1411  1411 D InterruptionStateProvider: No bubble up: not allowed to bubble: 0|viva.republica.toss|511393872|null|10236
08-07 17:53:20.270  1411  1411 D InterruptionStateProvider: No bubble up: not allowed to bubble: 0|viva.republica.toss|-2030520347|null|10236
08-07 17:53:20.270  1411  1411 D InterruptionStateProvider: No bubble up: not allowed to bubble: 0|viva.republica.toss|1858199998|null|10236
08-07 17:53:20.270  1411  1411 D InterruptionStateProvider: No bubble up: not allowed to bubble: 0|viva.republica.toss|-1952431614|null|10236
08-07 17:53:20.270  1411  1411 D InterruptionStateProvider: No bubble up: not allowed to bubble: 0|viva.republica.toss|443132505|null|10236
08-07 17:53:20.270  1411  1411 D InterruptionStateProvider: No bubble up: not allowed to bubble: 0|viva.republica.toss|-1871512636|null|10236
08-07 17:53:20.271  1411  1411 D InterruptionStateProvider: No bubble up: not allowed to bubble: 0|viva.republica.toss|-1816897676|null|10236
08-07 17:53:20.271  1411  1411 D InterruptionStateProvider: No bubble up: not allowed to bubble: 0|viva.republica.toss|-103380436|null|10236
08-07 17:53:20.271  1411  1411 D InterruptionStateProvider: No bubble up: not allowed to bubble: 0|viva.republica.toss|-815667683|null|10236
08-07 17:53:20.271  1411  1411 D InterruptionStateProvider: No bubble up: not allowed to bubble: 0|viva.republica.toss|75756734|null|10236
08-07 17:53:20.271  1411  1411 D InterruptionStateProvider: No bubble up: not allowed to bubble: 0|viva.republica.toss|1600956134|null|10236
08-07 17:53:20.271  1411  1411 D InterruptionStateProvider: No bubble up: not allowed to bubble: 0|viva.republica.toss|-2072094497|null|10236
08-07 17:53:20.271  1411  1411 D InterruptionStateProvider: No bubble up: not allowed to bubble: 0|com.google.android.calendar|658827439|V2AEventKey|100425666509135743732|bbtfly98@gmail.com|6dj36db66phjab9n6osjgb9k6pgj0bb1c5im6b9p74r32pj474smaopo60-1-1|10147
08-07 17:53:20.271  1411  1411 D InterruptionStateProvider: No bubble up: not allowed to bubble: 0|com.nhn.android.mail|0|null|10250
08-07 17:53:20.271  1411  1411 D InterruptionStateProvider: No bubble up: not allowed to bubble: 0|com.nhn.android.mail|5808|NotiTagNewMail|10250
08-07 17:53:20.271  1411  1411 D InterruptionStateProvider: No bubble up: not allowed to bubble: 0|com.nhn.android.mail|5807|NotiTagNewMail|10250
08-07 17:53:20.271  1411  1411 D InterruptionStateProvider: No bubble up: not allowed to bubble: 0|com.nhn.android.mail|5806|NotiTagNewMail|10250
08-07 17:53:20.271  1411  1411 D InterruptionStateProvider: No alerting: suppressed due to group alert behavior
08-07 17:53:20.271  1411  1411 D InterruptionStateProvider: Group alert behavior is suppressed but we want to alert bubble
08-07 17:53:20.271  1411  1411 D InterruptionStateProvider: No bubble up: not allowed to bubble: 0|com.kt.ktauth|1|null|10612
08-07 17:53:20.271  1411  1411 D InterruptionStateProvider: No bubble up: not allowed to bubble: 0|com.kt.ktauth|-2047296056|null|10612
08-07 17:53:20.271  1411  1411 D InterruptionStateProvider: No alerting: suppressed due to group alert behavior
08-07 17:53:20.271  1411  1411 D InterruptionStateProvider: Group alert behavior is suppressed but we want to alert bubble
08-07 17:53:20.271  1411  1411 D InterruptionStateProvider: No bubble up: not allowed to bubble: 0|com.samsung.android.calendar|1|2147483646|10183
08-07 17:53:20.271  1411  1411 D InterruptionStateProvider: No bubble up: not allowed to bubble: 0|com.samsung.android.calendar|1|2562|10183
08-07 17:53:20.271  1411  1411 D InterruptionStateProvider: No bubble up: not allowed to bubble: 0|kr.co.rememberapp|10000|null|10562
08-07 17:53:20.271  1411  1411 D InterruptionStateProvider: No bubble up: not allowed to bubble: 0|kr.co.rememberapp|717732012|null|10562
08-07 17:53:20.271  1411  1411 D InterruptionStateProvider: No bubble up: not allowed to bubble: 0|com.estsoft.alyac|1000|null|10372
08-07 17:53:20.271  1411  1411 D InterruptionStateProvider: No bubble up: not allowed to bubble: 0|com.google.android.gm|0|gig:732899215:^sq_ig_i_personal|10190
08-07 17:53:20.271  1411  1411 D InterruptionStateProvider: No alerting: suppressed due to group alert behavior
08-07 17:53:20.271  1411  1411 D InterruptionStateProvider: Group alert behavior is suppressed but we want to alert bubble
08-07 17:53:20.271  1411  1411 D InterruptionStateProvider: No bubble up: not allowed to bubble: 0|com.google.android.gm|-133413497|gig:732899215:^sq_ig_i_personal|10190
08-07 17:53:20.271  1411  1411 D InterruptionStateProvider: No bubble up: not allowed to bubble: 0|kr.co.nds.lifewallet|0|topic_key_202522012911855486|10681
08-07 17:53:20.271  1411  1411 D InterruptionStateProvider: No bubble up: not allowed to bubble: 0|com.publy.news|18020|null|10371
08-07 17:53:20.271  1411  1411 D InterruptionStateProvider: No bubble up: not allowed to bubble: 0|com.estsoft.alyac|101|null|10372
08-07 17:53:20.271  1411  1411 D InterruptionStateProvider: No bubble up: not allowed to bubble: 0|com.samsung.android.app.smartcapture|5755|null|10140
08-07 17:53:20.271  1411  1411 D InterruptionStateProvider: No bubble up: not allowed to bubble: 0|viva.republica.toss|300|null|10236
08-07 17:53:20.271  1411  1411 D InterruptionStateProvider: No bubble up: not allowed to bubble: 0|kr.co.nds.lifewallet|1201|null|10681
08-07 17:53:20.271  1411  1411 D InterruptionStateProvider: No bubble up: not allowed to bubble: -1|android|27|null|1000
08-07 17:53:20.271  1411  1411 D InterruptionStateProvider: No alerting: suppressed due to group alert behavior
08-07 17:53:20.271  1411  1411 D InterruptionStateProvider: Group alert behavior is suppressed but we want to alert bubble
08-07 17:53:20.271  1411  1411 D InterruptionStateProvider: No bubble up: not allowed to bubble: 0|com.google.android.googlequicksearchbox|0|732899215::SUMMARY::wx|10112
08-07 17:53:20.271  1411  1411 D InterruptionStateProvider: No bubble up: not allowed to bubble: 0|com.google.android.googlequicksearchbox|0|732899215::a:snotification:[0x394,wx.f,NOTIFICATION]|10112
08-07 17:53:20.271  1411  1411 D InterruptionStateProvider: No bubble up: not allowed to bubble: -1|com.android.systemui|2131428820|charging_state|10009
08-07 17:53:20.276  1411  1411 D QS      : setQSExpansion 0.0 -118.475
08-07 17:53:20.276  1411  1411 D QS      : setQSExpansion 0.0 -118.475
08-07 17:53:20.276  1411  1411 D MediaControlPanel: mActionButtonNumCollapsed = 3, mActionButtonNumExpand = 4
08-07 17:53:20.295  4446  4446 I NotiProvider-Moden: NotificationListener.onNotificationPosted - com.estsoft.alyac[ 0 / 1000 ] : null
08-07 17:53:20.295  8085  8085 I Edge.badge: updateBadge item = com.estsoft.alyac:0 1
