08-07 17:53:17.193  7881  7906 I TestRunner: started: order_reset_after_cancel_from_entree_menu(com.example.lunchtray.OrderFunctionalityTests)
08-07 17:53:17.199  7881  7906 W Settings: Setting always_finish_activities has moved from android.provider.Settings.System to android.provider.Settings.Global, returning read-only value.
08-07 17:53:17.205   952  2080 I SemDvfsHyPerManager: acquire hyper - AMS_APP_SWITCH/952@16, type = -999
08-07 17:53:17.205   952  2544 D PkgPredictorService-IpmAdcpController: create a new DexPreloadTask pkg:com.example.lunchtray  path:/data/app/~~6ZHKSOyH6C4aieMxQuPYLA==/com.example.lunchtray-clkp0OFoH3ds7cF62fs1rg==
08-07 17:53:17.205   628   963 I SurfaceFlinger: id=624694 createSurf (0x0),-1 flag=24004, Task=8209#0
08-07 17:53:17.206   568   614 I HYPER-HAL: [RequestManager.cpp]acquire(): Acquired ID : 469012  [952 / 16]    HINT : AMS_APP_SWITCH    list :
08-07 17:53:17.207  3311  3311 I SemDvfsHyPerManager: acquire hyper - APP_START_SHORT/3311@13, type = -999
08-07 17:53:17.207   628  2111 I SurfaceFlinger: id=624695 createSurf (0x0),-1 flag=80004, ActivityRecord{e701f53 u0 com.example.lunchtray/androidx.test.core.app.InstrumentationActivityInvoker$BootstrapActivity t8209}#0
08-07 17:53:17.207   568   614 I HYPER-HAL: [RequestManager.cpp]acquire(): Acquired ID : 5526163  [3311 / 13]    HINT : APP_START    list : [TIMEOUT / 1500]
08-07 17:53:17.209   534   541 E statsd  : Predicate -7037417284711607308 dropping data for dimension key (10)0x2010101->10704[I] (10)0x30000->*launch*[S]
08-07 17:53:17.210   952  1526 I SemDvfsHyPerManager: acquire hyper - AMS_APP_LAUNCH/952@17, type = -999
08-07 17:53:17.210   534   541 E statsd  : Predicate 5980654721335871649 dropping data for dimension key (10)0x2010101->10704[I] (10)0x30000->*launch*[S]
08-07 17:53:17.211   568   614 I HYPER-HAL: [RequestManager.cpp]acquire(): Acquired ID : 469982  [952 / 17]    HINT : AMS_APP_LAUNCH    list :
08-07 17:53:17.211  3311  3311 I SemDvfsHyPerManager: acquire hyper - APP_START/3311@14, type = -999
08-07 17:53:17.211   568   614 I HYPER-HAL: [RequestManager.cpp]acquire(): Acquired ID : 5529489  [3311 / 14]    HINT : APP_START    list :
08-07 17:53:17.212  2001  2001 I BaseActivity: removeActivityFlags, flags : 16
08-07 17:53:17.212  2001  2001 I BaseActivity: removeActivityFlags, flags : 6
08-07 17:53:17.213   952  1526 D InputTransport: Input channel constructed: '1535daf', fd=1952
08-07 17:53:17.213   952  1526 D InputTransport: Input channel constructed: '1535daf', fd=1974
08-07 17:53:17.213  2001  2001 I DragController: endDrag
08-07 17:53:17.213  2001  2001 W LauncherAppWidgetHost: setShouldListenFlag, mFlags:15 flag:resume on:false isFront:false
08-07 17:53:17.213   952  1526 D InputTransport: Input channel constructed: '1535daf', fd=1977
08-07 17:53:17.213  1411  1411 D PipMotionHelper: animateToOffset: originalBounds=Rect(533, 1828 - 1038, 2112) offset=0 callers=
08-07 17:53:17.213  1411  1411 D PipMotionHelper:     com.android.wm.shell.pip.phone.PipTouchHandler.onMovementBoundsChanged:482
08-07 17:53:17.213  1411  1411 D PipMotionHelper:     com.android.wm.shell.pip.phone.PipController.updateMovementBounds:721
08-07 17:53:17.213  1411  1411 D PipMotionHelper:     com.android.wm.shell.pip.phone.PipController.lambda$init$3:351
08-07 17:53:17.213  1411  1411 D PipMotionHelper:     com.android.wm.shell.pip.phone.PipController.$r8$lambda$u15Oj_b57njSWegfZTV6TpliGaw:0
08-07 17:53:17.213  1411  1411 D PipMotionHelper:     com.android.wm.shell.pip.phone.PipController$$ExternalSyntheticLambda0.accept:8
08-07 17:53:17.213   628  2111 I SurfaceFlinger: id=624696 createSurf (0x0),-1 flag=80004, 1535daf Splash Screen com.example.lunchtray#0
08-07 17:53:17.214  2001  2001 I DecorView: notifyKeepScreenOnChanged: keepScreenOn=false
08-07 17:53:17.214  2001  2001 I SPayUpdater: updateSpayHandler launcher activity is paused false
08-07 17:53:17.214   952  1526 D InputTransport: Input channel destroyed: '1535daf', fd=1977
08-07 17:53:17.215  1411  1558 I ViewRootImpl@16e632e[lunchtray]: setView = android.widget.FrameLayout@85c0f65 TM=true
08-07 17:53:17.224   952  3368 D InputDispatcher: Focused application set to (0): e701f53
08-07 17:53:17.228   952  1526 V WindowManager: Relayout Window{1535daf u0 Splash Screen com.example.lunchtray}: viewVisibility=0 req=1080x2280 d0
08-07 17:53:17.228   628  2111 I SurfaceFlinger: id=624697 createSurf (1080x2280),-3 flag=40004, Splash Screen com.example.lunchtray$_1411#0
08-07 17:53:17.230   952  1526 V WindowManager: Relayout hash=1535daf, pid=1411: mAttrs={(0,0)(fillxfill) sim={adjust=pan} ty=APPLICATION_STARTING fmt=TRANSLUCENT wanim=0x1030001
08-07 17:53:17.230   952  1526 V WindowManager:   fl=81030118
08-07 17:53:17.230   952  1526 V WindowManager:   pfl=36000010
08-07 17:53:17.230   952  1526 V WindowManager:   bhv=DEFAULT
08-07 17:53:17.230   952  1526 V WindowManager:   fitSides= naviIconColor=0}
08-07 17:53:17.231   952  1526 V WindowManager: Relayout Window{72e35ce u0 com.sec.android.app.launcher/com.sec.android.app.launcher.activities.LauncherActivity}: viewVisibility=0 req=1080x2280 d0
08-07 17:53:17.232   952  1526 V WindowManager: Relayout hash=72e35ce, pid=2001: mAttrs={(0,0)(fillxfill) sim={adjust=nothing} layoutInDisplayCutoutMode=shortEdges ty=BASE_APPLICATION fmt=TRANSPARENT wanim=0x10302f2
08-07 17:53:17.232   952  1526 V WindowManager:   fl=81910100
08-07 17:53:17.232   952  1526 V WindowManager:   pfl=1e020040
08-07 17:53:17.232   952  1526 V WindowManager:   vsysui=1700
08-07 17:53:17.232   952  1526 V WindowManager:   apr=LIGHT_STATUS_BARS LIGHT_NAVIGATION_BARS
08-07 17:53:17.232   952  1526 V WindowManager:   bhv=SHOW_TRANSIENT_BARS_BY_SWIPE
08-07 17:53:17.232   952  1526 V WindowManager:   fitSides= naviIconColor=0}
08-07 17:53:17.233  1411  1558 I ViewRootImpl@16e632e[lunchtray]: Relayout returned: old=(0,0,1080,2280) new=(0,0,1080,2280) req=(1080,2280)0 dur=15 res=0x7 s={true 512224330096} ch=true fn=-1
08-07 17:53:17.233  1411  1640 D OpenGLRenderer: eglCreateWindowSurface
08-07 17:53:17.233  2001  2001 I ViewRootImpl@67bf432[LauncherActivity]: Relayout returned: old=(0,0,1080,2280) new=(0,0,1080,2280) req=(1080,2280)0 dur=2 res=0x1 s={true 512220432256} ch=false fn=23
08-07 17:53:17.235  1411  1558 I ViewRootImpl@16e632e[lunchtray]: [DP] dp(1) 0 android.view.ViewRootImpl.reportNextDraw:11442 android.view.ViewRootImpl.performTraversals:4198 android.view.ViewRootImpl.doTraversal:2924
08-07 17:53:17.235  1411  1558 D ViewRootImpl@16e632e[lunchtray]: Creating frameDrawingCallback nextDrawUseBlastSync=false reportNextDraw=true hasBlurUpdates=false
08-07 17:53:17.235  1411  1558 D ViewRootImpl@16e632e[lunchtray]: Creating frameCompleteCallback
08-07 17:53:17.237  7881  7881 D LifecycleMonitor: Lifecycle status change: androidx.test.core.app.InstrumentationActivityInvoker$BootstrapActivity@8c5416c in: PRE_ON_CREATE
08-07 17:53:17.239   952  1034 I SemPersonaManager: SecureFolder personaId = 150
08-07 17:53:17.243  1411  2199 D ViewRootImpl@16e632e[lunchtray]: Received frameDrawingCallback frameNum=1. Creating transactionCompleteCallback=false
08-07 17:53:17.244  7881  7881 V ActivityScenario: Activity lifecycle changed event received but ignored because the intent does not match. startActivityIntent=Intent { act=android.intent.action.MAIN cat=[android.intent.category.LAUNCHER] cmp=com.example.lunchtray/.MainActivity }, activity.getIntent()=Intent { act=android.intent.action.MAIN cat=[android.intent.category.LAUNCHER] flg=0x10008000 cmp=com.example.lunchtray/androidx.test.core.app.InstrumentationActivityInvoker$BootstrapActivity (has extras) }, activity=androidx.test.core.app.InstrumentationActivityInvoker$BootstrapActivity@8c5416c
08-07 17:53:17.245  7881  7881 V ActivityScenario: Activity lifecycle changed event received but ignored because the intent does not match. startActivityIntent=Intent { act=android.intent.action.MAIN cat=[android.intent.category.LAUNCHER] cmp=com.example.lunchtray/.MainActivity }, activity.getIntent()=Intent { act=android.intent.action.MAIN cat=[android.intent.category.LAUNCHER] flg=0x10008000 cmp=com.example.lunchtray/androidx.test.core.app.InstrumentationActivityInvoker$BootstrapActivity (has extras) }, activity=androidx.test.core.app.InstrumentationActivityInvoker$BootstrapActivity@8c5416c
08-07 17:53:17.245  7881  7881 V ActivityScenario: Activity lifecycle changed event received but ignored because the intent does not match. startActivityIntent=Intent { act=android.intent.action.MAIN cat=[android.intent.category.LAUNCHER] cmp=com.example.lunchtray/.MainActivity }, activity.getIntent()=Intent { act=android.intent.action.MAIN cat=[android.intent.category.LAUNCHER] flg=0x10008000 cmp=com.example.lunchtray/androidx.test.core.app.InstrumentationActivityInvoker$BootstrapActivity (has extras) }, activity=androidx.test.core.app.InstrumentationActivityInvoker$BootstrapActivity@8c5416c
08-07 17:53:17.245  7881  7881 V ActivityScenario: Activity lifecycle changed event received but ignored because the intent does not match. startActivityIntent=Intent { act=android.intent.action.MAIN cat=[android.intent.category.LAUNCHER] cmp=com.example.lunchtray/.MainActivity }, activity.getIntent()=Intent { act=android.intent.action.MAIN cat=[android.intent.category.LAUNCHER] flg=0x10008000 cmp=com.example.lunchtray/androidx.test.core.app.InstrumentationActivityInvoker$BootstrapActivity (has extras) }, activity=androidx.test.core.app.InstrumentationActivityInvoker$BootstrapActivity@8c5416c
08-07 17:53:17.247   952  3348 D InputDispatcher: Focus left window (0): 72e35ce com.sec.android.app.launcher/com.sec.android.app.launcher.activities.LauncherActivity
08-07 17:53:17.248  2001  2001 I ViewRootImpl@67bf432[LauncherActivity]: MSG_WINDOW_FOCUS_CHANGED 0 1
08-07 17:53:17.248  2001  2001 I BaseActivity: removeActivityFlags, flags : 8
08-07 17:53:17.250  1411  1640 D ViewRootImpl@16e632e[lunchtray]: Received frameCompleteCallback  lastAcquiredFrameNum=1 lastAttemptedDrawFrameNum=1
08-07 17:53:17.251  1411  1558 I ViewRootImpl@16e632e[lunchtray]: [DP] pdf(0) 0 android.view.ViewRootImpl.lambda$addFrameCompleteCallbackIfNeeded$3$ViewRootImpl:5000 android.view.ViewRootImpl$$ExternalSyntheticLambda16.run:6 android.os.Handler.handleCallback:938
08-07 17:53:17.251  1411  1558 I ViewRootImpl@16e632e[lunchtray]: [DP] rdf()
08-07 17:53:17.251  1411  1558 D ViewRootImpl@16e632e[lunchtray]: reportDrawFinished (fn: -1)
08-07 17:53:17.254  1411  1411 D FullscreenTaskListener: Fullscreen Task Appeared: #8209, caller=com.android.wm.shell.ShellTaskOrganizer.onTaskAppeared:387 com.android.wm.shell.ShellTaskOrganizer.onTaskAppeared:376 android.window.TaskOrganizer$1.lambda$onTaskAppeared$4$TaskOrganizer$1:297
08-07 17:53:17.255   628  2111 I SurfaceFlinger: id=624698 createSurf (0x0),-1 flag=24000, Surface(name=Task=1)/@0x71397ea - animation-leash of app_transition#0
08-07 17:53:17.258   628  2111 I SurfaceFlinger: id=624699 createSurf (0x0),-1 flag=24004, Surface(name=Task=8209)/@0xac19eee - animation-leash of app_transition#0
08-07 17:53:17.260   628  2111 I SurfaceFlinger: id=624700 createSurf (0x0),-1 flag=24000, Surface(name=cc3f67a StatusBar)/@0x6cfa557 - animation-leash of insets_animation#1
08-07 17:53:17.261   628  2111 I SurfaceFlinger: id=624701 createSurf (0x0),-1 flag=24000, Surface(name=5b03b71 NavigationBar0)/@0xbaf262 - animation-leash of insets_animation#1
08-07 17:53:17.264  1411  1558 D InsetsSourceConsumer: ensureControlAlpha: for ITYPE_NAVIGATION_BAR on Splash Screen com.example.lunchtray
08-07 17:53:17.265  1411  1558 D InsetsSourceConsumer: ensureControlAlpha: for ITYPE_STATUS_BAR on Splash Screen com.example.lunchtray
08-07 17:53:17.265   952  1034 D EnterpriseDeviceManagerService: isMdmAdminPresentInternal() : MDM Admin Found - com.samsung.knox.securefolder
08-07 17:53:17.267  2001  2001 I BadgeRenderer: Invalid count : 0
08-07 17:53:17.267  2001  2001 I BadgeRenderer: Invalid count : 0
08-07 17:53:17.272  8085  8085 I Utils   : HomePackage : com.sec.android.app.launcher, resumePackageName : com.example.lunchtray
08-07 17:53:17.273   952  2595 I MediaSessionMonitor: Media session stopped : controllerList empty
08-07 17:53:17.274 24757 25275 I SAMSUNGWALLET: [Hint_ProcessStatusChange] fg Change, pid : 7881 , isNotify : true , isForeground : true , fg list : [2001, 7881]
08-07 17:53:17.275 24757 25074 I SAMSUNGWALLET: [ResetData] getSAResetDialogFlag : false
08-07 17:53:17.275  1411  1411 D NavigationBar: onSystemBarAttributesChanged() -  displayId:0, appearance:0, navbarColorManagedByIme:false
08-07 17:53:17.276  1411  1411 V Navbar.Store: handleEvent [EventType] GET_BOOL_REGION_SAMPLING_ENABLED [Module] LightBarController  KEYS_DEFAULT=false
08-07 17:53:17.276  1411  1411 V Navbar.Store: --[Band]COLOR_PACK_GET_REGION_SAMPLING_ENABLED
08-07 17:53:17.276  1411  1411 V Navbar.Store: ----getValue(BOOL_REGION_SAMPLING_ENABLED)=false
08-07 17:53:17.278 24757 25074 I SAMSUNGWALLET: [Hint_bxa] isHomePackageRunning topPkgName = com.example.lunchtray, topClsName = androidx.test.core.app.InstrumentationActivityInvoker$BootstrapActivity, return false , se : false
08-07 17:53:17.279 24757 24757 I SAMSUNGWALLET: [Hint_PayHintService] Hint Status - HIDE : Home Package Not Running
08-07 17:53:17.279 24757 24757 I SemUiSupportService: getWindowAttributes()
08-07 17:53:17.280  2001  6476 I TouchInteractionService: onSystemUiStateChanged, stateFlags : 131072
08-07 17:53:17.280  7881  7881 I DecorView: [INFO] isPopOver=false, config=true
08-07 17:53:17.280  7881  7881 I DecorView: updateCaptionType >> DecorView@476e3ca[], isFloating=false, isApplication=true, hasWindowControllerCallback=true, hasWindowDecorCaption=false
08-07 17:53:17.280  7881  7881 D DecorView: setCaptionType = 0, this = DecorView@476e3ca[]
08-07 17:53:17.280   628   628 I Layer   : id=624684 removeFromCurrentState Surface(name=cc3f67a StatusBar)/@0x6cfa557 - animation-leash of insets_animation#0 (138)
08-07 17:53:17.280   628   628 I Layer   : id=75 removeFromCurrentState cc3f67a StatusBar#0 (138)
08-07 17:53:17.280   628   628 I Layer   : id=88 removeFromCurrentState StatusBar$_1411#0 (138)
08-07 17:53:17.280   628   628 I Layer   : id=75 addToCurrentState cc3f67a StatusBar#0 (138)
08-07 17:53:17.280   628   628 I Layer   : id=88 addToCurrentState StatusBar$_1411#0 (138)
08-07 17:53:17.280   628   628 I Layer   : id=624685 removeFromCurrentState Surface(name=5b03b71 NavigationBar0)/@0xbaf262 - animation-leash of insets_animation#0 (138)
08-07 17:53:17.280   628   628 E SurfaceFlinger: Attempt to update InputPolicyFlags without permission ACCESS_SURFACE_FLINGER
08-07 17:53:17.281   628   628 I SurfaceFlinger: id=624684 Removed Surface(name=cc3f67a StatusBar)/@0x6cfa557 - animation-leash of insets_animation#0 (138)
08-07 17:53:17.281   628   628 I SurfaceFlinger: id=624685 Removed Surface(name=5b03b71 NavigationBar0)/@0xbaf262 - animation-leash of insets_animation#0 (138)
08-07 17:53:17.281   628   628 I Layer   : id=624684 Destroyed Surface(name=cc3f67a StatusBar)/@0x6cfa557 - animation-leash of insets_animation#0
08-07 17:53:17.281   628   628 I Layer   : id=624685 Destroyed Surface(name=5b03b71 NavigationBar0)/@0xbaf262 - animation-leash of insets_animation#0
08-07 17:53:17.282  7881  7881 I DecorView: getCurrentDensityDpi: from real metrics. densityDpi=420 msg=resources_loaded
08-07 17:53:17.282  7881  7881 D LifecycleMonitor: Lifecycle status change: androidx.test.core.app.InstrumentationActivityInvoker$BootstrapActivity@8c5416c in: CREATED
08-07 17:53:17.282  1411  1411 D SecLightBarControlHelper: updateStatus(WHITE icon) NumLightStacks:0, NumStacks:1, IndexLightStack:-1, StatusBarMode:0, StatusBarState:SHD, NeedDarkFontFromWallpaper:false, isWhiteKeyguardStatusBarBySettings:false
08-07 17:53:17.282  7881  7881 V ActivityScenario: Activity lifecycle changed event received but ignored because the intent does not match. startActivityIntent=Intent { act=android.intent.action.MAIN cat=[android.intent.category.LAUNCHER] cmp=com.example.lunchtray/.MainActivity }, activity.getIntent()=Intent { act=android.intent.action.MAIN cat=[android.intent.category.LAUNCHER] flg=0x10008000 cmp=com.example.lunchtray/androidx.test.core.app.InstrumentationActivityInvoker$BootstrapActivity (has extras) }, activity=androidx.test.core.app.InstrumentationActivityInvoker$BootstrapActivity@8c5416c
08-07 17:53:17.283  7881  7881 V ActivityScenario: Activity lifecycle changed event received but ignored because the intent does not match. startActivityIntent=Intent { act=android.intent.action.MAIN cat=[android.intent.category.LAUNCHER] cmp=com.example.lunchtray/.MainActivity }, activity.getIntent()=Intent { act=android.intent.action.MAIN cat=[android.intent.category.LAUNCHER] flg=0x10008000 cmp=com.example.lunchtray/androidx.test.core.app.InstrumentationActivityInvoker$BootstrapActivity (has extras) }, activity=androidx.test.core.app.InstrumentationActivityInvoker$BootstrapActivity@8c5416c
08-07 17:53:17.283  7881  7881 V ActivityScenario: Activity lifecycle changed event received but ignored because the intent does not match. startActivityIntent=Intent { act=android.intent.action.MAIN cat=[android.intent.category.LAUNCHER] cmp=com.example.lunchtray/.MainActivity }, activity.getIntent()=Intent { act=android.intent.action.MAIN cat=[android.intent.category.LAUNCHER] flg=0x10008000 cmp=com.example.lunchtray/androidx.test.core.app.InstrumentationActivityInvoker$BootstrapActivity (has extras) }, activity=androidx.test.core.app.InstrumentationActivityInvoker$BootstrapActivity@8c5416c
08-07 17:53:17.283  7881  7881 V ActivityScenario: Activity lifecycle changed event received but ignored because the intent does not match. startActivityIntent=Intent { act=android.intent.action.MAIN cat=[android.intent.category.LAUNCHER] cmp=com.example.lunchtray/.MainActivity }, activity.getIntent()=Intent { act=android.intent.action.MAIN cat=[android.intent.category.LAUNCHER] flg=0x10008000 cmp=com.example.lunchtray/androidx.test.core.app.InstrumentationActivityInvoker$BootstrapActivity (has extras) }, activity=androidx.test.core.app.InstrumentationActivityInvoker$BootstrapActivity@8c5416c
08-07 17:53:17.285  7881  7881 D LifecycleMonitor: Lifecycle status change: androidx.test.core.app.InstrumentationActivityInvoker$BootstrapActivity@8c5416c in: STARTED
08-07 17:53:17.285  7881  7881 V ActivityScenario: Activity lifecycle changed event received but ignored because the intent does not match. startActivityIntent=Intent { act=android.intent.action.MAIN cat=[android.intent.category.LAUNCHER] cmp=com.example.lunchtray/.MainActivity }, activity.getIntent()=Intent { act=android.intent.action.MAIN cat=[android.intent.category.LAUNCHER] flg=0x10008000 cmp=com.example.lunchtray/androidx.test.core.app.InstrumentationActivityInvoker$BootstrapActivity (has extras) }, activity=androidx.test.core.app.InstrumentationActivityInvoker$BootstrapActivity@8c5416c
08-07 17:53:17.285   628   628 D SurfaceFlinger: Display 0 HWC layers:
08-07 17:53:17.285   628   628 D SurfaceFlinger:      DEVICE | 0x78e3e0a3d0 | 0100 | RGBx_8888    |   50.0    0.0 1130.0 2280.0 |    0    0 1080 2280 | Wallpaper BBQ wrapper#0
08-07 17:53:17.285   628   628 D SurfaceFlinger:      DEVICE | 0x78e3e1faf0 | 0100 | RGBA_8888    |    0.0    0.0 1080.0 2280.0 |    0    0 1080 2280 | com.sec.android.app.launcher/com.sec[...].activities.LauncherActivity$_2001#0
08-07 17:53:17.285   628   628 D SurfaceFlinger:      DEVICE | 0x78e3e10910 | 0100 | RGBA_8888    |    0.0    0.0 1080.0 2280.0 |   76  159 1004 2121 | Splash Screen com.example.lunchtray$_1411#0
08-07 17:53:17.285   628   628 D SurfaceFlinger:      DEVICE | 0x78e3dfd3b0 | 0100 | RGBA_8888    |    0.0    0.0 1080.0  112.0 |    0    0 1080  112 | StatusBar$_1411#0
08-07 17:53:17.285   628   628 D SurfaceFlinger:      DEVICE | 0x78e3e1bd10 | 0100 | RGBA_8888    |    0.0    0.0   67.0  457.0 |    0  410   67  867 | com.samsung.android.app.cocktailbars[...]arservice.CocktailBarService$_8085#0
08-07 17:53:17.285   628   628 D SurfaceFlinger:      DEVICE | 0x78e3e19b50 | 0100 | RGBA_8888    |    0.0    0.0 1080.0  126.0 |    0 2154 1080 2280 | NavigationBar0$_1411#0
08-07 17:53:17.285   628   628 D SurfaceFlinger:      DEVICE | 0x78e3e06050 | 0100 | RGBA_8888    |    0.0    0.0  521.0   63.0 |  279 2217  800 2280 | com.samsung.and
08-07 17:53:17.285   628   628 D SurfaceFlinger: roid.spay.pay.HintService$_24757#0
08-07 17:53:17.285   628   628 D SurfaceFlinger:
08-07 17:53:17.285  7881  7881 V ActivityScenario: Activity lifecycle changed event received but ignored because the intent does not match. startActivityIntent=Intent { act=android.intent.action.MAIN cat=[android.intent.category.LAUNCHER] cmp=com.example.lunchtray/.MainActivity }, activity.getIntent()=Intent { act=android.intent.action.MAIN cat=[android.intent.category.LAUNCHER] flg=0x10008000 cmp=com.example.lunchtray/androidx.test.core.app.InstrumentationActivityInvoker$BootstrapActivity (has extras) }, activity=androidx.test.core.app.InstrumentationActivityInvoker$BootstrapActivity@8c5416c
08-07 17:53:17.285  7881  7881 V ActivityScenario: Activity lifecycle changed event received but ignored because the intent does not match. startActivityIntent=Intent { act=android.intent.action.MAIN cat=[android.intent.category.LAUNCHER] cmp=com.example.lunchtray/.MainActivity }, activity.getIntent()=Intent { act=android.intent.action.MAIN cat=[android.intent.category.LAUNCHER] flg=0x10008000 cmp=com.example.lunchtray/androidx.test.core.app.InstrumentationActivityInvoker$BootstrapActivity (has extras) }, activity=androidx.test.core.app.InstrumentationActivityInvoker$BootstrapActivity@8c5416c
08-07 17:53:17.285  7881  7881 V ActivityScenario: Activity lifecycle changed event received but ignored because the intent does not match. startActivityIntent=Intent { act=android.intent.action.MAIN cat=[android.intent.category.LAUNCHER] cmp=com.example.lunchtray/.MainActivity }, activity.getIntent()=Intent { act=android.intent.action.MAIN cat=[android.intent.category.LAUNCHER] flg=0x10008000 cmp=com.example.lunchtray/androidx.test.core.app.InstrumentationActivityInvoker$BootstrapActivity (has extras) }, activity=androidx.test.core.app.InstrumentationActivityInvoker$BootstrapActivity@8c5416c
08-07 17:53:17.286   952  1409 V WindowManager: Relayout Window{82f2704 u0 com.samsung.android.spay.pay.HintService}: viewVisibility=8 req=521x63 d0
08-07 17:53:17.287  2001  2001 I TouchInteractionService: onSystemUiFlagsChanged, userUnlocked
08-07 17:53:17.291   952  3348 V WindowManager: Relayout Window{13616e6 u0 NotificationShade}: viewVisibility=4 req=1080x2280 d0
08-07 17:53:17.291   952  1409 V WindowManager: Relayout hash=82f2704, pid=24757: mAttrs={(0,0)(521x63) gr=BOTTOM CENTER sim={adjust=pan} layoutInDisplayCutoutMode=shortEdges ty=NAVIGATION_BAR_PANEL fmt=TRANSLUCENT
08-07 17:53:17.291   952  1409 V WindowManager:   fl=1800308
08-07 17:53:17.291   952  1409 V WindowManager:   pfl=12000000
08-07 17:53:17.291   952  1409 V WindowManager:   bhv=DEFAULT
08-07 17:53:17.291   952  1409 V WindowManager:   fitTypes=NAVIGATION_BARS
08-07 17:53:17.291   952  1409 V WindowManager:   fitSides=LEFT RIGHT naviIconColor=0}
08-07 17:53:17.292 24757 24757 I ViewRootImpl@2325f75[HintService]: Relayout returned: old=(279,2217,800,2280) new=(279,2217,800,2280) req=(521,63)8 dur=5 res=0x5 s={false 0} ch=true fn=2
08-07 17:53:17.292   952  3348 V WindowManager: Relayout hash=13616e6, pid=1411: mAttrs={(0,0)(fillxfill) gr=TOP CENTER_VERTICAL sim={adjust=resize} layoutInDisplayCutoutMode=always ty=2040 fmt=TRANSLUCENT
08-07 17:53:17.292   952  3348 V WindowManager:   fl=81840048
08-07 17:53:17.292   952  3348 V WindowManager:   pfl=1b000000
08-07 17:53:17.292   952  3348 V WindowManager:   bhv=SHOW_TRANSIENT_BARS_BY_SWIPE naviIconColor=0
08-07 17:53:17.292   952  3348 V WindowManager:   sfl=42000}
08-07 17:53:17.293  1411  1411 I ViewRootImpl@edc7ce0[NotificationShade]: Relayout returned: old=(0,0,1080,2280) new=(0,0,1080,2280) req=(1080,2280)4 dur=3 res=0x1 s={false 0} ch=false fn=-1
08-07 17:53:17.295   628   641 I SurfaceFlinger: id=624702 createSurf (0x0),-1 flag=80004, ActivityRecord{7f3b668 u0 com.example.lunchtray/.MainActivity t8209}#0
08-07 17:53:17.295  1411  1411 D KeyguardBottomAreaShortcutView: updateCameraVisibility isCameraDisabled:false visible:true
08-07 17:53:17.296  1411  1411 D KeyguardUsimTextView: updateText(simState): READY
08-07 17:53:17.296  1411  1411 D KeyguardBottomAreaShortcutView: mIndicationArea margin start : 163, end : 163, bottom : 405
08-07 17:53:17.296  1411  1411 D QS      : setQSExpansion 0.0 -118.475
08-07 17:53:17.296  1411  1411 D QS      : setQSExpansion 0.0 -118.475
08-07 17:53:17.296  1411  1411 D MediaControlPanel: mActionButtonNumCollapsed = 3, mActionButtonNumExpand = 4
08-07 17:53:17.297   628   628 I Layer   : id=624691 removeFromCurrentState com.samsung.android.spay.pay.HintService$_24757#0 (137)
08-07 17:53:17.297   628   628 I SurfaceFlinger: id=624691 Removed com.samsung.android.spay.pay.HintService$_24757#0 (137)
08-07 17:53:17.298  1411  1411 D IndicatorGardenInputProperty: updateRotation() prv:-1 >> new:0
08-07 17:53:17.298  1411  1411 D DeviceState: getDeviceResolutionPixelSize - currentDensity = 420 deviceDensity = 420 initialDisplaySizeFactor = 1440 currentDisplaySizeFactor = 1080 initialDisplayDensity = 560 proportionalDensity = 420 proportionalPixel = 66
08-07 17:53:17.298  1411  1411 D DeviceState: getDeviceResolutionPixelSize - currentDensity = 420 deviceDensity = 420 initialDisplaySizeFactor = 1440 currentDisplaySizeFactor = 1080 initialDisplayDensity = 560 proportionalDensity = 420 proportionalPixel = 27
08-07 17:53:17.298  1411  1411 D DeviceState: getDeviceResolutionPixelSize - currentDensity = 420 deviceDensity = 420 initialDisplaySizeFactor = 1440 currentDisplaySizeFactor = 1080 initialDisplayDensity = 560 proportionalDensity = 420 proportionalPixel = 24
08-07 17:53:17.299   628   628 I Layer   : id=624691 Destroyed com.samsung.android.spay.pay.HintService$_24757#0
08-07 17:53:17.299  7881  7881 D LifecycleMonitor: Lifecycle status change: androidx.test.core.app.InstrumentationActivityInvoker$BootstrapActivity@8c5416c in: RESUMED
08-07 17:53:17.299  1411  1430 I ViewRootImpl@16e632e[lunchtray]: Resizing android.view.ViewRootImpl@2833ce1: frame=[0,0][1080,2280] reportDraw=false forceLayout=false backDropFrame=Rect(0, 0 - 1080, 2280)
08-07 17:53:17.299  1411  1558 I ViewRootImpl@16e632e[lunchtray]: handleResized, msg = 4 frames=ClientWindowFrames{frame=[0,0][1080,2280] display=[0,0][1080,2280] backdrop=[0,0][1080,2280]} forceNextWindowRelayout=false displayId=0 frameChanged=false backdropFrameChanged=false configChanged=false displayChanged=false mNextDrawUseBlastSync=false mergedConfiguration={mGlobalConfig={1.1 450mcc8mnc [ko_KR,en_US] ldltr sw411dp w411dp h777dp 420dpi nrml long port finger -keyb/v/h -nav/h winConfig={ mBounds=Rect(0, 0 - 1080, 2280) mAppBounds=Rect(0, 112 - 1080, 2154) mMaxBounds=Rect(0, 0 - 1080, 2280) mWindowingMode=fullscreen mDisplayWindowingMode=fullscreen mActivityType=undefined mAlwaysOnTop=undefined mRotation=ROTATION_0 mPopOver=undefined mFreeformTaskPinningState=undefined} as.76 s.53109 fontWeightAdjustment=0 ff=0 bf=0 bts=0 desktop/d dm/n ?dc ?dcui ?dcaf enb/d themeSeq=0} mOverrideConfig={1.1 450mcc8mnc [ko_KR,en_US] ldltr sw411dp w411dp h777dp 420dpi nrml long port finger -keyb/v/h -nav/h winConfig={ mBounds=Rect(0, 0 - 1080, 2280) mAppBounds=Rect(0, 112 - 1080, 2154) mMaxBounds=Rect(0, 0 - 1080, 2280) mWindowingMode=fullscreen mDisplayWindowingMode=fullscreen mActivityType=standard mAlwaysOnTop=undefined mRotation=ROTATION_0 mPopOver=off mFreeformTaskPinningState=unpinned} as.76 s.1 fontWeightAdjustment=0 ff=0 bf=0 bts=0 desktop/d dm/n dc/d ?dcui ?dcaf enb/d themeSeq=0}}
08-07 17:53:17.300  7881  7881 V ActivityScenario: Activity lifecycle changed event received but ignored because the intent does not match. startActivityIntent=Intent { act=android.intent.action.MAIN cat=[android.intent.category.LAUNCHER] cmp=com.example.lunchtray/.MainActivity }, activity.getIntent()=Intent { act=android.intent.action.MAIN cat=[android.intent.category.LAUNCHER] flg=0x10008000 cmp=com.example.lunchtray/androidx.test.core.app.InstrumentationActivityInvoker$BootstrapActivity (has extras) }, activity=androidx.test.core.app.InstrumentationActivityInvoker$BootstrapActivity@8c5416c
08-07 17:53:17.300  7881  7881 V ActivityScenario: Activity lifecycle changed event received but ignored because the intent does not match. startActivityIntent=Intent { act=android.intent.action.MAIN cat=[android.intent.category.LAUNCHER] cmp=com.example.lunchtray/.MainActivity }, activity.getIntent()=Intent { act=android.intent.action.MAIN cat=[android.intent.category.LAUNCHER] flg=0x10008000 cmp=com.example.lunchtray/androidx.test.core.app.InstrumentationActivityInvoker$BootstrapActivity (has extras) }, activity=androidx.test.core.app.InstrumentationActivityInvoker$BootstrapActivity@8c5416c
08-07 17:53:17.300  7881  7881 V ActivityScenario: Activity lifecycle changed event received but ignored because the intent does not match. startActivityIntent=Intent { act=android.intent.action.MAIN cat=[android.intent.category.LAUNCHER] cmp=com.example.lunchtray/.MainActivity }, activity.getIntent()=Intent { act=android.intent.action.MAIN cat=[android.intent.category.LAUNCHER] flg=0x10008000 cmp=com.example.lunchtray/androidx.test.core.app.InstrumentationActivityInvoker$BootstrapActivity (has extras) }, activity=androidx.test.core.app.InstrumentationActivityInvoker$BootstrapActivity@8c5416c
08-07 17:53:17.300  7881  7881 V ActivityScenario: Activity lifecycle changed event received but ignored because the intent does not match. startActivityIntent=Intent { act=android.intent.action.MAIN cat=[android.intent.category.LAUNCHER] cmp=com.example.lunchtray/.MainActivity }, activity.getIntent()=Intent { act=android.intent.action.MAIN cat=[android.intent.category.LAUNCHER] flg=0x10008000 cmp=com.example.lunchtray/androidx.test.core.app.InstrumentationActivityInvoker$BootstrapActivity (has extras) }, activity=androidx.test.core.app.InstrumentationActivityInvoker$BootstrapActivity@8c5416c
08-07 17:53:17.300   952  1034 D PersonaActivityHelper: Activity not in resumed state, do not run immediate lock
08-07 17:53:17.300   952  2550 W NetlinkSocket: maximum read
08-07 17:53:17.301   628   628 D SurfaceFlinger: Display 0 HWC layers:
08-07 17:53:17.301   628   628 D SurfaceFlinger:      DEVICE | 0x78e3e0a3d0 | 0100 | RGBx_8888    |   50.0    0.0 1130.0 2280.0 |    0    0 1080 2280 | Wallpaper BBQ wrapper#0
08-07 17:53:17.301   628   628 D SurfaceFlinger:      DEVICE | 0x78e3e1faf0 | 0100 | RGBA_8888    |    0.0    0.0 1080.0 2280.0 |    0    0 1080 2280 | com.sec.android.app.launcher/com.sec[...].activities.LauncherActivity$_2001#0
08-07 17:53:17.301   628   628 D SurfaceFlinger:      DEVICE | 0x78e3e10910 | 0100 | RGBA_8888    |    0.0    0.0 1080.0 2280.0 |   67  142 1013 2138 | Splash Screen com.example.lunchtray$_1411#0
08-07 17:53:17.301   628   628 D SurfaceFlinger:      DEVICE | 0x78e3e110f0 | 0100 | RGBA_8888    |    0.0    0.0 1080.0  112.0 |    0    0 1080  112 | StatusBar$_1411#0
08-07 17:53:17.301   628   628 D SurfaceFlinger:      DEVICE | 0x78e3e1bd10 | 0100 | RGBA_8888    |    0.0    0.0   67.0  457.0 |    0  410   67  867 | com.samsung.android.app.cocktailbars[...]arservice.CocktailBarService$_8085#0
08-07 17:53:17.301   628   628 D SurfaceFlinger:      DEVICE | 0x78e3e00f50 | 0100 | RGBA_8888    |    0.0    0.0 1080.0  126.0 |    0 2154 1080 2280 | NavigationBar0$_1411#0
08-07 17:53:17.301   628   628 D SurfaceFlinger:
08-07 17:53:17.301  1411  1411 D MediaControlPanel: mActionButtonNumCollapsed = 3, mActionButtonNumExpand = 4
08-07 17:53:17.304  7881  7881 D LifecycleMonitor: Lifecycle status change: androidx.test.core.app.InstrumentationActivityInvoker$BootstrapActivity@8c5416c in: PAUSED
08-07 17:53:17.305  7881  7881 V ActivityScenario: Activity lifecycle changed event received but ignored because the intent does not match. startActivityIntent=Intent { act=android.intent.action.MAIN cat=[android.intent.category.LAUNCHER] cmp=com.example.lunchtray/.MainActivity }, activity.getIntent()=Intent { act=android.intent.action.MAIN cat=[android.intent.category.LAUNCHER] flg=0x10008000 cmp=com.example.lunchtray/androidx.test.core.app.InstrumentationActivityInvoker$BootstrapActivity (has extras) }, activity=androidx.test.core.app.InstrumentationActivityInvoker$BootstrapActivity@8c5416c
08-07 17:53:17.305  7881  7881 V ActivityScenario: Activity lifecycle changed event received but ignored because the intent does not match. startActivityIntent=Intent { act=android.intent.action.MAIN cat=[android.intent.category.LAUNCHER] cmp=com.example.lunchtray/.MainActivity }, activity.getIntent()=Intent { act=android.intent.action.MAIN cat=[android.intent.category.LAUNCHER] flg=0x10008000 cmp=com.example.lunchtray/androidx.test.core.app.InstrumentationActivityInvoker$BootstrapActivity (has extras) }, activity=androidx.test.core.app.InstrumentationActivityInvoker$BootstrapActivity@8c5416c
08-07 17:53:17.305  7881  7881 V ActivityScenario: Activity lifecycle changed event received but ignored because the intent does not match. startActivityIntent=Intent { act=android.intent.action.MAIN cat=[android.intent.category.LAUNCHER] cmp=com.example.lunchtray/.MainActivity }, activity.getIntent()=Intent { act=android.intent.action.MAIN cat=[android.intent.category.LAUNCHER] flg=0x10008000 cmp=com.example.lunchtray/androidx.test.core.app.InstrumentationActivityInvoker$BootstrapActivity (has extras) }, activity=androidx.test.core.app.InstrumentationActivityInvoker$BootstrapActivity@8c5416c
08-07 17:53:17.306  7881  7881 V ActivityScenario: Activity lifecycle changed event received but ignored because the intent does not match. startActivityIntent=Intent { act=android.intent.action.MAIN cat=[android.intent.category.LAUNCHER] cmp=com.example.lunchtray/.MainActivity }, activity.getIntent()=Intent { act=android.intent.action.MAIN cat=[android.intent.category.LAUNCHER] flg=0x10008000 cmp=com.example.lunchtray/androidx.test.core.app.InstrumentationActivityInvoker$BootstrapActivity (has extras) }, activity=androidx.test.core.app.InstrumentationActivityInvoker$BootstrapActivity@8c5416c
08-07 17:53:17.308   952  1409 D InputDispatcher: Focused application set to (0): 7f3b668
08-07 17:53:17.312   952  1034 I SemPersonaManager: SecureFolder personaId = 150
08-07 17:53:17.320  7881  7881 D LifecycleMonitor: Lifecycle status change: com.example.lunchtray.MainActivity@e19ae17 in: PRE_ON_CREATE
08-07 17:53:17.321  7881  7881 V ActivityScenario: Activity lifecycle changed event received but ignored because the reported transition was not ON_CREATE while the last known transition was DESTROYED
08-07 17:53:17.321  7881  7881 V ActivityScenario: Activity lifecycle changed event received but ignored because the reported transition was not ON_CREATE while the last known transition was DESTROYED
08-07 17:53:17.321  7881  7881 V ActivityScenario: Activity lifecycle changed event received but ignored because the reported transition was not ON_CREATE while the last known transition was DESTROYED
08-07 17:53:17.321  7881  7881 V ActivityScenario: Activity lifecycle changed event received but ignored because the reported transition was not ON_CREATE while the last known transition was PRE_ON_CREATE
08-07 17:53:17.329   952  1034 D EnterpriseDeviceManagerService: isMdmAdminPresentInternal() : MDM Admin Found - com.samsung.knox.securefolder
08-07 17:53:17.332  7881  7881 I DecorView: [INFO] isPopOver=false, config=true
08-07 17:53:17.332  7881  7881 I DecorView: updateCaptionType >> DecorView@e9800d0[], isFloating=false, isApplication=true, hasWindowControllerCallback=true, hasWindowDecorCaption=false
08-07 17:53:17.332  7881  7881 D DecorView: setCaptionType = 0, this = DecorView@e9800d0[]
08-07 17:53:17.332   952  2595 I MediaSessionMonitor: Media session stopped : controllerList empty
08-07 17:53:17.332  8085  8085 I Utils   : HomePackage : com.sec.android.app.launcher, resumePackageName : com.example.lunchtray
08-07 17:53:17.334  7881  7881 I DecorView: getCurrentDensityDpi: from real metrics. densityDpi=420 msg=resources_loaded
08-07 17:53:17.335   952  2550 W NetlinkSocket: maximum read
08-07 17:53:17.342  7881  7881 D LifecycleMonitor: Lifecycle status change: com.example.lunchtray.MainActivity@e19ae17 in: CREATED
08-07 17:53:17.343  7881  7881 V ActivityScenario: Update currentActivityStage to CREATED, currentActivity=com.example.lunchtray.MainActivity@e19ae17
08-07 17:53:17.343  7881  7881 V ActivityScenario: Update currentActivityStage to CREATED, currentActivity=com.example.lunchtray.MainActivity@e19ae17
08-07 17:53:17.343  7881  7881 V ActivityScenario: Update currentActivityStage to CREATED, currentActivity=com.example.lunchtray.MainActivity@e19ae17
08-07 17:53:17.343  7881  7881 V ActivityScenario: Update currentActivityStage to CREATED, currentActivity=com.example.lunchtray.MainActivity@e19ae17
08-07 17:53:17.352  7881  7881 D LifecycleMonitor: Lifecycle status change: com.example.lunchtray.MainActivity@e19ae17 in: STARTED
08-07 17:53:17.352  7881  7881 V ActivityScenario: Update currentActivityStage to STARTED, currentActivity=com.example.lunchtray.MainActivity@e19ae17
08-07 17:53:17.352  7881  7881 V ActivityScenario: Update currentActivityStage to STARTED, currentActivity=com.example.lunchtray.MainActivity@e19ae17
08-07 17:53:17.352  7881  7881 V ActivityScenario: Update currentActivityStage to STARTED, currentActivity=com.example.lunchtray.MainActivity@e19ae17
08-07 17:53:17.353  7881  7881 V ActivityScenario: Update currentActivityStage to STARTED, currentActivity=com.example.lunchtray.MainActivity@e19ae17
08-07 17:53:17.354  7881  7881 D LifecycleMonitor: Lifecycle status change: com.example.lunchtray.MainActivity@e19ae17 in: RESUMED
08-07 17:53:17.354  7881  7881 V ActivityScenario: Update currentActivityStage to RESUMED, currentActivity=com.example.lunchtray.MainActivity@e19ae17
08-07 17:53:17.354  7881  7881 V ActivityScenario: Update currentActivityStage to RESUMED, currentActivity=com.example.lunchtray.MainActivity@e19ae17
08-07 17:53:17.354  7881  7881 V ActivityScenario: Update currentActivityStage to RESUMED, currentActivity=com.example.lunchtray.MainActivity@e19ae17
08-07 17:53:17.354  7881  7881 V ActivityScenario: Update currentActivityStage to RESUMED, currentActivity=com.example.lunchtray.MainActivity@e19ae17
08-07 17:53:17.358   952  1409 D InputTransport: Input channel constructed: '83e2eac', fd=1999
08-07 17:53:17.358   952  1409 D InputTransport: Input channel constructed: '83e2eac', fd=2003
08-07 17:53:17.359   952  1409 D InputTransport: Input channel constructed: '83e2eac', fd=2005
08-07 17:53:17.359   628   963 I SurfaceFlinger: id=624703 createSurf (0x0),-1 flag=80004, 83e2eac com.example.lunchtray/com.example.lunchtray.MainActivity#0
08-07 17:53:17.359   952  1409 D InputTransport: Input channel destroyed: '83e2eac', fd=2005
08-07 17:53:17.361  7881  7881 I ViewRootImpl@21986b6[MainActivity]: setView = com.android.internal.policy.DecorView@e9800d0 TM=true
08-07 17:53:17.362   952  1095 D AnalyticsContainerHandler: handleMessage : { when=0 what=1 target=com.android.server.knox.KnoxAnalyticsContainer$AnalyticsHandler }
08-07 17:53:17.370   952  1409 V WindowManager: Relayout Window{83e2eac u0 com.example.lunchtray/com.example.lunchtray.MainActivity}: viewVisibility=0 req=1080x2280 d0
08-07 17:53:17.371   628   963 I SurfaceFlinger: id=624704 createSurf (1x1),-3 flag=40004, com.example.lunchtray/com.example.lunchtray.MainActivity$_7881#0
08-07 17:53:17.373   628   963 I SurfaceFlinger: id=624705 createSurf (0x0),-1 flag=24000, Surface(name=cc3f67a StatusBar)/@0x6cfa557 - animation-leash of insets_animation#0
08-07 17:53:17.373   628   963 I SurfaceFlinger: id=624706 createSurf (0x0),-1 flag=24000, Surface(name=5b03b71 NavigationBar0)/@0xbaf262 - animation-leash of insets_animation#0
08-07 17:53:17.374   952  1409 V WindowManager: Relayout hash=83e2eac, pid=7881: mAttrs={(0,0)(fillxfill) sim={adjust=pan forwardNavigation} ty=BASE_APPLICATION wanim=0x1030303
08-07 17:53:17.374   952  1409 V WindowManager:   fl=81810100
08-07 17:53:17.374   952  1409 V WindowManager:   pfl=12020040
08-07 17:53:17.374   952  1409 V WindowManager:   apr=LIGHT_NAVIGATION_BARS
08-07 17:53:17.374   952  1409 V WindowManager:   bhv=DEFAULT
08-07 17:53:17.374   952  1409 V WindowManager:   fitSides= naviIconColor=0
08-07 17:53:17.374   952  1409 V WindowManager:   sfl=100000}
08-07 17:53:17.376  7881  7881 I ViewRootImpl@21986b6[MainActivity]: Relayout returned: old=(0,0,1080,2280) new=(0,0,1080,2280) req=(1080,2280)0 dur=5 res=0x7 s={true 512217415136} ch=true fn=-1
08-07 17:53:17.376  7881  7915 D OpenGLRenderer: eglCreateWindowSurface
08-07 17:53:17.378  7881  7881 I ViewRootImpl@21986b6[MainActivity]: [DP] dp(1) 1 android.view.ViewRootImpl.reportNextDraw:11442 android.view.ViewRootImpl.performTraversals:4198 android.view.ViewRootImpl.doTraversal:2924
08-07 17:53:17.379  7881  7881 D ViewRootImpl@21986b6[MainActivity]: Creating frameDrawingCallback nextDrawUseBlastSync=false reportNextDraw=true hasBlurUpdates=false
08-07 17:53:17.379  7881  7881 D ViewRootImpl@21986b6[MainActivity]: Creating frameCompleteCallback
08-07 17:53:17.382  7881  7929 D ViewRootImpl@21986b6[MainActivity]: Received frameDrawingCallback frameNum=1. Creating transactionCompleteCallback=false
08-07 17:53:17.384  7881  7915 D ViewRootImpl@21986b6[MainActivity]: Received frameCompleteCallback  lastAcquiredFrameNum=1 lastAttemptedDrawFrameNum=1
08-07 17:53:17.385  7881  7881 I ViewRootImpl@21986b6[MainActivity]: [DP] pdf(0) 1 android.view.ViewRootImpl.lambda$addFrameCompleteCallbackIfNeeded$3$ViewRootImpl:5000 android.view.ViewRootImpl$$ExternalSyntheticLambda16.run:6 android.os.Handler.handleCallback:938
08-07 17:53:17.385  7881  7881 I ViewRootImpl@21986b6[MainActivity]: [DP] rdf()
08-07 17:53:17.385  7881  7881 D ViewRootImpl@21986b6[MainActivity]: reportDrawFinished (fn: -1)
08-07 17:53:17.388   952  1031 I PkgPredictorService-SecIpmManagerServiceImpl: reportToNAP uid:10704 com.example.lunchtray/com.example.lunchtray.MainActivity thisTime:183
08-07 17:53:17.389   952  1031 I ActivityTaskManager: Displayed com.example.lunchtray/.MainActivity: +183ms
08-07 17:53:17.389   628   963 I SurfaceFlinger: id=624707 createSurf (0x0),-1 flag=24000, Surface(name=83e2eac com.example.lunchtray/com.example.lunchtray.MainActivity)/@0x737202d - animation-leash of starting_reveal#0
08-07 17:53:17.390  2654  2654 E pageboostd: Received HALT command code 2
08-07 17:53:17.390  7881  7881 D InsetsSourceConsumer: ensureControlAlpha: for ITYPE_NAVIGATION_BAR on com.example.lunchtray/com.example.lunchtray.MainActivity
08-07 17:53:17.391  7881  7881 D InsetsSourceConsumer: ensureControlAlpha: for ITYPE_STATUS_BAR on com.example.lunchtray/com.example.lunchtray.MainActivity
08-07 17:53:17.392  7881  7881 D RootViewPicker: Root not ready - waiting: 10ms for one to appear.
08-07 17:53:17.393   952  1409 I SemDvfsHyPerManager: acquire hyper - AMS_RESUME_TAIL/952@18, type = -999
08-07 17:53:17.393   952  1409 I SemDvfsHyPerManager: acquire hyper - AMS_ACT_LAZY/952@19, type = -999
08-07 17:53:17.393   568   614 I HYPER-HAL: [RequestManager.cpp]acquire(): Acquired ID : 470953  [952 / 18]    HINT : AMS_RESUME_TAIL    list :
08-07 17:53:17.394   568   614 I HYPER-HAL: [RequestManager.cpp]releaseLocked(): Released ID : 469012
08-07 17:53:17.394   534   541 E statsd  : Predicate -7037417284711607308 dropping data for dimension key (10)0x2010101->10704[I] (10)0x30000->*launch*[S]
08-07 17:53:17.395   534   541 E statsd  : Predicate 5980654721335871649 dropping data for dimension key (10)0x2010101->10704[I] (10)0x30000->*launch*[S]
08-07 17:53:17.397   628   628 I Layer   : id=624700 removeFromCurrentState Surface(name=cc3f67a StatusBar)/@0x6cfa557 - animation-leash of insets_animation#1 (141)
08-07 17:53:17.397   628   628 I Layer   : id=624701 removeFromCurrentState Surface(name=5b03b71 NavigationBar0)/@0xbaf262 - animation-leash of insets_animation#1 (141)
08-07 17:53:17.397   628   628 E SurfaceFlinger: Attempt to update InputPolicyFlags without permission ACCESS_SURFACE_FLINGER
08-07 17:53:17.398   628   628 I SurfaceFlinger: id=624700 Removed Surface(name=cc3f67a StatusBar)/@0x6cfa557 - animation-leash of insets_animation#1 (141)
08-07 17:53:17.398   628   628 I SurfaceFlinger: id=624701 Removed Surface(name=5b03b71 NavigationBar0)/@0xbaf262 - animation-leash of insets_animation#1 (141)
08-07 17:53:17.398   628   628 I Layer   : id=624700 Destroyed Surface(name=cc3f67a StatusBar)/@0x6cfa557 - animation-leash of insets_animation#1
08-07 17:53:17.398   628   628 I Layer   : id=624701 Destroyed Surface(name=5b03b71 NavigationBar0)/@0xbaf262 - animation-leash of insets_animation#1
08-07 17:53:17.399  1411  2198 I ViewRootImpl@16e632e[lunchtray]: mWNT: t = android.view.SurfaceControl$Transaction@6b168c7 fN = 2 android.view.SyncRtSurfaceTransactionApplier.applyTransaction:94 android.view.SyncRtSurfaceTransactionApplier.lambda$scheduleApply$0$SyncRtSurfaceTransactionApplier:71 android.view.SyncRtSurfaceTransactionApplier$$ExternalSyntheticLambda0.onFrameDraw:4
08-07 17:53:17.399  1411  2198 I ViewRootImpl@16e632e[lunchtray]: mWNT: merge t to BBQ
08-07 17:53:17.399  1411  2198 I ViewRootImpl@16e632e[lunchtray]: mWNT: t = android.view.SurfaceControl$Transaction@8606ef4 fN = 2 android.view.SyncRtSurfaceTransactionApplier.applyTransaction:94 android.view.SyncRtSurfaceTransactionApplier.lambda$scheduleApply$0$SyncRtSurfaceTransactionApplier:71 android.view.SyncRtSurfaceTransactionApplier$$ExternalSyntheticLambda0.onFrameDraw:4
08-07 17:53:17.399  1411  2198 I ViewRootImpl@16e632e[lunchtray]: mWNT: merge t to BBQ
08-07 17:53:17.399   952  1526 D InputDispatcher: Focus entered window (0): 83e2eac com.example.lunchtray/com.example.lunchtray.MainActivity
08-07 17:53:17.400  7881  7881 I ViewRootImpl@21986b6[MainActivity]: MSG_WINDOW_FOCUS_CHANGED 1 1
08-07 17:53:17.403  7881  7881 D InputMethodManager: startInputInner - Id : 0
08-07 17:53:17.403  7881  7881 I InputMethodManager: startInputInner - mService.startInputOrWindowGainedFocus
08-07 17:53:17.404   952  1526 D InputMethodManagerService: DESKTOP MODE! : 2
08-07 17:53:17.404   952  1526 D InputMethodManagerService: NOT IN KNOX DESKTOP MODE!
08-07 17:53:17.404   952  1526 V InputMethodManagerService: getDisplayIdOfInputMethodWindowToBeAdded : 0
08-07 17:53:17.404   628   628 D SurfaceFlinger: Display 0 HWC layers:
08-07 17:53:17.404   628   628 D SurfaceFlinger:      DEVICE | 0x78e3e0a3d0 | 0100 | RGBx_8888    |   50.0    0.0 1130.0 2280.0 |    0    0 1080 2280 | Wallpaper BBQ wrapper#0
08-07 17:53:17.404   628   628 D SurfaceFlinger:      DEVICE | 0x78e3e1faf0 | 0100 | RGBA_8888    |    0.0    0.0 1080.0 2280.0 |    0    0 1080 2280 | com.sec.android.app.launcher/com.sec[...].activities.LauncherActivity$_2001#0
08-07 17:53:17.404   628   628 D SurfaceFlinger:      DEVICE | 0x78e3e0e1b0 | 0102 | RGBA_8888    |    0.0    0.0 1080.0 2280.0 |   22   46 1058 2234 | com.example.lunchtray/com.example.lunchtray.MainActivity$_7881#0
08-07 17:53:17.404   628   628 D SurfaceFlinger:      DEVICE | 0x78e3e10910 | 0100 | RGBA_8888    |    0.0    0.0 1080.0 2280.0 |   22   46 1058 2234 | Splash Screen com.example.lunchtray$_1411#0
08-07 17:53:17.404   628   628 D SurfaceFlinger:      DEVICE | 0x78e3e110f0 | 0100 | RGBA_8888    |    0.0    0.0 1080.0  112.0 |    0    0 1080  112 | StatusBar$_1411#0
08-07 17:53:17.404   628   628 D SurfaceFlinger:      DEVICE | 0x78e3e1bd10 | 0100 | RGBA_8888    |    0.0    0.0   67.0  457.0 |    0  410   67  867 | com.samsung.android.app.cocktailbars[...]arservice.CocktailBarService$_8085#0
08-07 17:53:17.404   628   628 D SurfaceFlinger:      DEVICE | 0x78e3e00f50 | 0100 | RGBA_8888    |    0.0    0.0 1080.0  126
08-07 17:53:17.404   628   628 D SurfaceFlinger: .0 |    0 2154 1080 2280 | NavigationBar0$_1411#0
08-07 17:53:17.404   628   628 D SurfaceFlinger:
08-07 17:53:17.405   952  1526 D InputMethodManagerService: checkDisplayOfStartInputAndUpdateKeyboard display Id 0last 0
08-07 17:53:17.405   952  1526 D InputTransport: Input channel constructed: 'ClientS', fd=2005
08-07 17:53:17.405   952  1526 D InputTransport: Input channel destroyed: 'ClientS', fd=2005
08-07 17:53:17.406  6011  6011 I HBD     : HoneyBoardService onFinishInput
08-07 17:53:17.406  6011  6011 I HBD     : a IC have been unbinding,  InputConnectionWrapper{idHash=#1c011ab mMissingMethods=}
08-07 17:53:17.406  6011  6011 I HBD     : HoneyBoardService [PF_CL][onFinishInput]  369885 ns
08-07 17:53:17.406  6011  6011 I HBD     : HoneyBoardService [IMI] onStartInput - caller pid : 7881 , caller uid : 10704
08-07 17:53:17.406  6011  6011 I HBD     : j updateConfigs
08-07 17:53:17.406   628   642 I SurfaceFlinger: id=624708 createSurf (0x0),-1 flag=24004, Surface(name=7cc30f4 InputMethod)/@0xe76f292 - animation-leash of insets_animation#1
08-07 17:53:17.406  6011  6011 I HBD     : j isEnabledNightMode : false
08-07 17:53:17.406  6011  6011 I HBD     : a IC have been binding, InputConnectionWrapper{idHash=#a7a33a1 mMissingMethods=}
08-07 17:53:17.406  6011  6011 I HBD     : h [EditorInputType]setPrivateImeOptionsToTable privateImeOptions ( null )
08-07 17:53:17.406  6011  6011 I HBD     : b incognitoMode : false
08-07 17:53:17.406  6011  6011 I HBD     : a needOff = true , isForceOff = false, isNullInputClass : true
08-07 17:53:17.407  6011  6011 I HBD     : h getDefaultInputRange : UNKNOWN
08-07 17:53:17.407  6011  6011 I HBD     : h getDefaultInputRange : UNKNOWN
08-07 17:53:17.407  6011  6011 I HBD     : h getDefaultInputRange : UNKNOWN
