08-07 17:53:19.204  7881  7906 I TestRunner: started: subtotal_tax_total_in_checkout(com.example.lunchtray.OrderFunctionalityTests)
08-07 17:53:19.204  7881  7881 V ActivityScenario: Update currentActivityStage to DESTROYED, currentActivity=null
08-07 17:53:19.205  7881  7881 V ActivityScenario: Update currentActivityStage to DESTROYED, currentActivity=null
08-07 17:53:19.205  7881  7881 V ActivityScenario: Update currentActivityStage to DESTROYED, currentActivity=null
08-07 17:53:19.208  7881  7915 D OpenGLRenderer: setSurface called with nullptr
08-07 17:53:19.208  7881  7881 I ViewRootImpl@21986b6[MainActivity]: dispatchDetachedFromWindow
08-07 17:53:19.208   952  3366 D InputTransport: Input channel destroyed: '83e2eac', fd=1999
08-07 17:53:19.209   952  3366 W InputManager-JNI: Input channel object '83e2eac com.example.lunchtray/com.example.lunchtray.MainActivity (client)' was disposed without first being removed with the input manager!
08-07 17:53:19.209   952  3366 D InputTransport: Input channel destroyed: '83e2eac', fd=2003
08-07 17:53:19.211  7881  7881 D InputTransport: Input channel destroyed: '83e2eac', fd=91
08-07 17:53:19.213   628  2111 I SurfaceFlinger: id=624720 createSurf (0x0),-1 flag=24004, Task=8209#1
08-07 17:53:19.215  2001  2001 I RecentsView: onTaskRemoved() taskId : 8209
08-07 17:53:19.215  2001  2001 I RecentsView: onTaskRemoved() taskId : 8209
08-07 17:53:19.215  2001  2001 I RecentsView: onTaskRemoved() taskId : 8209
08-07 17:53:19.215  2001  2001 I RecentsView: onTaskRemoved() taskId : 8209
08-07 17:53:19.223   628   628 I Layer   : id=624704 removeFromCurrentState com.example.lunchtray/com.example.lunchtray.MainActivity$_7881#0 (139)
08-07 17:53:19.223   628   628 I Layer   : id=624703 removeFromCurrentState 83e2eac com.example.lunchtray/com.example.lunchtray.MainActivity#0 (139)
08-07 17:53:19.223   628   628 I Layer   : id=624702 removeFromCurrentState ActivityRecord{7f3b668 u0 com.example.lunchtray/.MainActivity t8209}#0 (139)
08-07 17:53:19.223   628   628 I Layer   : id=624694 removeFromCurrentState Task=8209#0 (139)
08-07 17:53:19.223   628   628 I Layer   : id=624720 removeFromCurrentState Task=8209#1 (139)
08-07 17:53:19.223   628   628 I SurfaceFlinger: id=624702 Removed ActivityRecord{7f3b668 u0 com.example.lunchtray/.MainActivity t8209}#0 (139)
08-07 17:53:19.224   628   628 I SurfaceFlinger: id=624720 Removed Task=8209#1 (139)
08-07 17:53:19.224   628   628 I SurfaceFlinger: id=624703 Removed 83e2eac com.example.lunchtray/com.example.lunchtray.MainActivity#0 (139)
08-07 17:53:19.224   628   628 I SurfaceFlinger: id=624704 Removed com.example.lunchtray/com.example.lunchtray.MainActivity$_7881#0 (139)
08-07 17:53:19.224   628   628 I Layer   : id=624720 Destroyed Task=8209#1
08-07 17:53:19.224   628   628 I Layer   : id=624702 Destroyed ActivityRecord{7f3b668 u0 com.example.lunchtray/.MainActivity t8209}#0
08-07 17:53:19.224   628   628 I Layer   : id=624703 Destroyed 83e2eac com.example.lunchtray/com.example.lunchtray.MainActivity#0
08-07 17:53:19.224   628   628 I Layer   : id=624704 Destroyed com.example.lunchtray/com.example.lunchtray.MainActivity$_7881#0
08-07 17:53:19.226  7881  7906 W Settings: Setting always_finish_activities has moved from android.provider.Settings.System to android.provider.Settings.Global, returning read-only value.
08-07 17:53:19.230   952  2080 I SemDvfsHyPerManager: acquire hyper - AMS_APP_SWITCH/952@16, type = -999
08-07 17:53:19.230   952  2544 D PkgPredictorService-IpmAdcpController: create a new DexPreloadTask pkg:com.example.lunchtray  path:/data/app/~~6ZHKSOyH6C4aieMxQuPYLA==/com.example.lunchtray-clkp0OFoH3ds7cF62fs1rg==
08-07 17:53:19.230   628  2111 I SurfaceFlinger: id=624721 createSurf (0x0),-1 flag=24004, Task=8210#0
08-07 17:53:19.231  3311  3311 I SemDvfsHyPerManager: acquire hyper - APP_START_SHORT/3311@13, type = -999
08-07 17:53:19.232   628   963 I SurfaceFlinger: id=624722 createSurf (0x0),-1 flag=80004, ActivityRecord{8f7fffc u0 com.example.lunchtray/androidx.test.core.app.InstrumentationActivityInvoker$BootstrapActivity t8210}#0
08-07 17:53:19.234   534   541 E statsd  : Predicate -7037417284711607308 dropping data for dimension key (10)0x2010101->10704[I] (10)0x30000->*launch*[S]
08-07 17:53:19.235   952  3366 I SemDvfsHyPerManager: acquire hyper - AMS_APP_LAUNCH/952@17, type = -999
08-07 17:53:19.235   534   541 E statsd  : Predicate 5980654721335871649 dropping data for dimension key (10)0x2010101->10704[I] (10)0x30000->*launch*[S]
08-07 17:53:19.235  3311  3311 I SemDvfsHyPerManager: acquire hyper - APP_START/3311@14, type = -999
08-07 17:53:19.235   568   614 I HYPER-HAL: [RequestManager.cpp]acquire(): Acquired ID : 469012  [952 / 16]    HINT : AMS_APP_SWITCH    list :
08-07 17:53:19.236   568   614 I HYPER-HAL: [RequestManager.cpp]acquire(): Acquired ID : 5526163  [3311 / 13]    HINT : APP_START    list : [TIMEOUT / 1500]
08-07 17:53:19.236   568   614 I HYPER-HAL: [RequestManager.cpp]acquire(): Acquired ID : 469982  [952 / 17]    HINT : AMS_APP_LAUNCH    list :
08-07 17:53:19.237  2001  2001 I BaseActivity: removeActivityFlags, flags : 16
08-07 17:53:19.237  2001  2001 I BaseActivity: removeActivityFlags, flags : 6
08-07 17:53:19.237  2001  2001 I DragController: endDrag
08-07 17:53:19.237   952  3348 D InputTransport: Input channel constructed: 'ec31fe8', fd=2003
08-07 17:53:19.237  2001  2001 W LauncherAppWidgetHost: setShouldListenFlag, mFlags:15 flag:resume on:false isFront:false
08-07 17:53:19.237   952  3348 D InputTransport: Input channel constructed: 'ec31fe8', fd=2006
08-07 17:53:19.237   952  3348 D InputTransport: Input channel constructed: 'ec31fe8', fd=2007
08-07 17:53:19.237   568   614 I HYPER-HAL: [RequestManager.cpp]acquire(): Acquired ID : 5529489  [3311 / 14]    HINT : APP_START    list :
08-07 17:53:19.237   628  2111 I SurfaceFlinger: id=624723 createSurf (0x0),-1 flag=80004, ec31fe8 Splash Screen com.example.lunchtray#0
08-07 17:53:19.237  2001  2001 I DecorView: notifyKeepScreenOnChanged: keepScreenOn=false
08-07 17:53:19.238  1411  1411 D PipMotionHelper: animateToOffset: originalBounds=Rect(533, 1828 - 1038, 2112) offset=0 callers=
08-07 17:53:19.238  1411  1411 D PipMotionHelper:     com.android.wm.shell.pip.phone.PipTouchHandler.onMovementBoundsChanged:482
08-07 17:53:19.238  1411  1411 D PipMotionHelper:     com.android.wm.shell.pip.phone.PipController.updateMovementBounds:721
08-07 17:53:19.238  1411  1411 D PipMotionHelper:     com.android.wm.shell.pip.phone.PipController.lambda$init$3:351
08-07 17:53:19.238  1411  1411 D PipMotionHelper:     com.android.wm.shell.pip.phone.PipController.$r8$lambda$u15Oj_b57njSWegfZTV6TpliGaw:0
08-07 17:53:19.238  1411  1411 D PipMotionHelper:     com.android.wm.shell.pip.phone.PipController$$ExternalSyntheticLambda0.accept:8
08-07 17:53:19.238  2001  2001 I SPayUpdater: updateSpayHandler launcher activity is paused false
08-07 17:53:19.238   952  3348 D InputTransport: Input channel destroyed: 'ec31fe8', fd=2007
08-07 17:53:19.239  1411  1558 I ViewRootImpl@9089bd5[lunchtray]: setView = android.widget.FrameLayout@38bc178 TM=true
08-07 17:53:19.246   952  1526 D InputDispatcher: Focused application set to (0): 8f7fffc
08-07 17:53:19.250   952  3348 V WindowManager: Relayout Window{ec31fe8 u0 Splash Screen com.example.lunchtray}: viewVisibility=0 req=1080x2280 d0
08-07 17:53:19.251   628  2111 I SurfaceFlinger: id=624724 createSurf (1080x2280),-3 flag=40004, Splash Screen com.example.lunchtray$_1411#0
08-07 17:53:19.253   952  1526 V WindowManager: Relayout Window{72e35ce u0 com.sec.android.app.launcher/com.sec.android.app.launcher.activities.LauncherActivity}: viewVisibility=0 req=1080x2280 d0
08-07 17:53:19.253   952  3348 V WindowManager: Relayout hash=ec31fe8, pid=1411: mAttrs={(0,0)(fillxfill) sim={adjust=pan} ty=APPLICATION_STARTING fmt=TRANSLUCENT wanim=0x1030001
08-07 17:53:19.253   952  3348 V WindowManager:   fl=81030118
08-07 17:53:19.253   952  3348 V WindowManager:   pfl=36000010
08-07 17:53:19.253   952  3348 V WindowManager:   bhv=DEFAULT
08-07 17:53:19.253   952  3348 V WindowManager:   fitSides= naviIconColor=0}
08-07 17:53:19.255   952  1526 V WindowManager: Relayout hash=72e35ce, pid=2001: mAttrs={(0,0)(fillxfill) sim={adjust=nothing} layoutInDisplayCutoutMode=shortEdges ty=BASE_APPLICATION fmt=TRANSPARENT wanim=0x10302f2
08-07 17:53:19.255   952  1526 V WindowManager:   fl=81910100
08-07 17:53:19.255   952  1526 V WindowManager:   pfl=1e020040
08-07 17:53:19.255   952  1526 V WindowManager:   vsysui=1700
08-07 17:53:19.255   952  1526 V WindowManager:   apr=LIGHT_STATUS_BARS LIGHT_NAVIGATION_BARS
08-07 17:53:19.255   952  1526 V WindowManager:   bhv=SHOW_TRANSIENT_BARS_BY_SWIPE
08-07 17:53:19.255   952  1526 V WindowManager:   fitSides= naviIconColor=0}
08-07 17:53:19.255  2001  2001 I ViewRootImpl@67bf432[LauncherActivity]: Relayout returned: old=(0,0,1080,2280) new=(0,0,1080,2280) req=(1080,2280)0 dur=5 res=0x1 s={true 512218339456} ch=false fn=25
08-07 17:53:19.256  1411  1558 I ViewRootImpl@9089bd5[lunchtray]: Relayout returned: old=(0,0,1080,2280) new=(0,0,1080,2280) req=(1080,2280)0 dur=16 res=0x7 s={true 512224330096} ch=true fn=-1
08-07 17:53:19.256  1411  1640 D OpenGLRenderer: eglCreateWindowSurface
08-07 17:53:19.256  1411  1558 I ViewRootImpl@9089bd5[lunchtray]: [DP] dp(1) 0 android.view.ViewRootImpl.reportNextDraw:11442 android.view.ViewRootImpl.performTraversals:4198 android.view.ViewRootImpl.doTraversal:2924
08-07 17:53:19.256  1411  1558 D ViewRootImpl@9089bd5[lunchtray]: Creating frameDrawingCallback nextDrawUseBlastSync=false reportNextDraw=true hasBlurUpdates=false
08-07 17:53:19.256  1411  1558 D ViewRootImpl@9089bd5[lunchtray]: Creating frameCompleteCallback
08-07 17:53:19.257  1411  2199 D ViewRootImpl@9089bd5[lunchtray]: Received frameDrawingCallback frameNum=1. Creating transactionCompleteCallback=false
08-07 17:53:19.260  7881  7881 D LifecycleMonitor: Lifecycle status change: androidx.test.core.app.InstrumentationActivityInvoker$BootstrapActivity@759ff23 in: PRE_ON_CREATE
08-07 17:53:19.261  7881  7881 V ActivityScenario: Activity lifecycle changed event received but ignored because the intent does not match. startActivityIntent=Intent { act=android.intent.action.MAIN cat=[android.intent.category.LAUNCHER] cmp=com.example.lunchtray/.MainActivity }, activity.getIntent()=Intent { act=android.intent.action.MAIN cat=[android.intent.category.LAUNCHER] flg=0x10008000 cmp=com.example.lunchtray/androidx.test.core.app.InstrumentationActivityInvoker$BootstrapActivity (has extras) }, activity=androidx.test.core.app.InstrumentationActivityInvoker$BootstrapActivity@759ff23
08-07 17:53:19.262  7881  7881 V ActivityScenario: Activity lifecycle changed event received but ignored because the intent does not match. startActivityIntent=Intent { act=android.intent.action.MAIN cat=[android.intent.category.LAUNCHER] cmp=com.example.lunchtray/.MainActivity }, activity.getIntent()=Intent { act=android.intent.action.MAIN cat=[android.intent.category.LAUNCHER] flg=0x10008000 cmp=com.example.lunchtray/androidx.test.core.app.InstrumentationActivityInvoker$BootstrapActivity (has extras) }, activity=androidx.test.core.app.InstrumentationActivityInvoker$BootstrapActivity@759ff23
08-07 17:53:19.262  1411  1640 D ViewRootImpl@9089bd5[lunchtray]: Received frameCompleteCallback  lastAcquiredFrameNum=1 lastAttemptedDrawFrameNum=1
08-07 17:53:19.263  7881  7881 V ActivityScenario: Activity lifecycle changed event received but ignored because the intent does not match. startActivityIntent=Intent { act=android.intent.action.MAIN cat=[android.intent.category.LAUNCHER] cmp=com.example.lunchtray/.MainActivity }, activity.getIntent()=Intent { act=android.intent.action.MAIN cat=[android.intent.category.LAUNCHER] flg=0x10008000 cmp=com.example.lunchtray/androidx.test.core.app.InstrumentationActivityInvoker$BootstrapActivity (has extras) }, activity=androidx.test.core.app.InstrumentationActivityInvoker$BootstrapActivity@759ff23
08-07 17:53:19.263  7881  7881 V ActivityScenario: Activity lifecycle changed event received but ignored because the intent does not match. startActivityIntent=Intent { act=android.intent.action.MAIN cat=[android.intent.category.LAUNCHER] cmp=com.example.lunchtray/.MainActivity }, activity.getIntent()=Intent { act=android.intent.action.MAIN cat=[android.intent.category.LAUNCHER] flg=0x10008000 cmp=com.example.lunchtray/androidx.test.core.app.InstrumentationActivityInvoker$BootstrapActivity (has extras) }, activity=androidx.test.core.app.InstrumentationActivityInvoker$BootstrapActivity@759ff23
08-07 17:53:19.263  1411  1558 I ViewRootImpl@9089bd5[lunchtray]: [DP] pdf(0) 0 android.view.ViewRootImpl.lambda$addFrameCompleteCallbackIfNeeded$3$ViewRootImpl:5000 android.view.ViewRootImpl$$ExternalSyntheticLambda16.run:6 android.os.Handler.handleCallback:938
08-07 17:53:19.263  1411  1558 I ViewRootImpl@9089bd5[lunchtray]: [DP] rdf()
08-07 17:53:19.263  1411  1558 D ViewRootImpl@9089bd5[lunchtray]: reportDrawFinished (fn: -1)
08-07 17:53:19.263  7881  7881 V ActivityScenario: Activity lifecycle changed event received but ignored because the intent does not match. startActivityIntent=Intent { act=android.intent.action.MAIN cat=[android.intent.category.LAUNCHER] cmp=com.example.lunchtray/.MainActivity }, activity.getIntent()=Intent { act=android.intent.action.MAIN cat=[android.intent.category.LAUNCHER] flg=0x10008000 cmp=com.example.lunchtray/androidx.test.core.app.InstrumentationActivityInvoker$BootstrapActivity (has extras) }, activity=androidx.test.core.app.InstrumentationActivityInvoker$BootstrapActivity@759ff23
08-07 17:53:19.266  1411  1411 D FullscreenTaskListener: Fullscreen Task Appeared: #8210, caller=com.android.wm.shell.ShellTaskOrganizer.onTaskAppeared:387 com.android.wm.shell.ShellTaskOrganizer.onTaskAppeared:376 android.window.TaskOrganizer$1.lambda$onTaskAppeared$4$TaskOrganizer$1:297
08-07 17:53:19.267   628  2111 I SurfaceFlinger: id=624725 createSurf (0x0),-1 flag=24000, Surface(name=Task=1)/@0x71397ea - animation-leash of app_transition#0
08-07 17:53:19.269   628  2111 I SurfaceFlinger: id=624726 createSurf (0x0),-1 flag=24004, Surface(name=Task=8210)/@0x40ee171 - animation-leash of app_transition#0
08-07 17:53:19.270   628  2111 I SurfaceFlinger: id=624727 createSurf (0x0),-1 flag=24000, Surface(name=cc3f67a StatusBar)/@0x6cfa557 - animation-leash of insets_animation#0
08-07 17:53:19.271   628  2111 I SurfaceFlinger: id=624728 createSurf (0x0),-1 flag=24000, Surface(name=5b03b71 NavigationBar0)/@0xbaf262 - animation-leash of insets_animation#0
08-07 17:53:19.272  1411  1558 D InsetsSourceConsumer: ensureControlAlpha: for ITYPE_NAVIGATION_BAR on Splash Screen com.example.lunchtray
08-07 17:53:19.273   628   628 I Layer   : id=624711 removeFromCurrentState Surface(name=cc3f67a StatusBar)/@0x6cfa557 - animation-leash of insets_animation#1 (143)
08-07 17:53:19.273   628   628 I Layer   : id=624712 removeFromCurrentState Surface(name=5b03b71 NavigationBar0)/@0xbaf262 - animation-leash of insets_animation#1 (143)
08-07 17:53:19.273   628   628 I SurfaceFlinger: id=624711 Removed Surface(name=cc3f67a StatusBar)/@0x6cfa557 - animation-leash of insets_animation#1 (143)
08-07 17:53:19.273   628   628 I SurfaceFlinger: id=624712 Removed Surface(name=5b03b71 NavigationBar0)/@0xbaf262 - animation-leash of insets_animation#1 (143)
08-07 17:53:19.273  1411  1558 D InsetsSourceConsumer: ensureControlAlpha: for ITYPE_STATUS_BAR on Splash Screen com.example.lunchtray
08-07 17:53:19.274   628   628 I Layer   : id=624711 Destroyed Surface(name=cc3f67a StatusBar)/@0x6cfa557 - animation-leash of insets_animation#1
08-07 17:53:19.274   628   628 I Layer   : id=624712 Destroyed Surface(name=5b03b71 NavigationBar0)/@0xbaf262 - animation-leash of insets_animation#1
08-07 17:53:19.275   952  3348 D InputDispatcher: Focus left window (0): 72e35ce com.sec.android.app.launcher/com.sec.android.app.launcher.activities.LauncherActivity
08-07 17:53:19.275  2001  2001 I ViewRootImpl@67bf432[LauncherActivity]: MSG_WINDOW_FOCUS_CHANGED 0 1
08-07 17:53:19.275  2001  2001 I BaseActivity: removeActivityFlags, flags : 8
08-07 17:53:19.276   952  1034 I SemPersonaManager: SecureFolder personaId = 150
08-07 17:53:19.281  7881  7881 I DecorView: [INFO] isPopOver=false, config=true
08-07 17:53:19.282  7881  7881 I DecorView: updateCaptionType >> DecorView@566c9d9[], isFloating=false, isApplication=true, hasWindowControllerCallback=true, hasWindowDecorCaption=false
08-07 17:53:19.282  7881  7881 D DecorView: setCaptionType = 0, this = DecorView@566c9d9[]
08-07 17:53:19.286  7881  7881 I DecorView: getCurrentDensityDpi: from real metrics. densityDpi=420 msg=resources_loaded
08-07 17:53:19.287  7881  7881 D LifecycleMonitor: Lifecycle status change: androidx.test.core.app.InstrumentationActivityInvoker$BootstrapActivity@759ff23 in: CREATED
08-07 17:53:19.287  7881  7881 V ActivityScenario: Activity lifecycle changed event received but ignored because the intent does not match. startActivityIntent=Intent { act=android.intent.action.MAIN cat=[android.intent.category.LAUNCHER] cmp=com.example.lunchtray/.MainActivity }, activity.getIntent()=Intent { act=android.intent.action.MAIN cat=[android.intent.category.LAUNCHER] flg=0x10008000 cmp=com.example.lunchtray/androidx.test.core.app.InstrumentationActivityInvoker$BootstrapActivity (has extras) }, activity=androidx.test.core.app.InstrumentationActivityInvoker$BootstrapActivity@759ff23
08-07 17:53:19.288  7881  7881 V ActivityScenario: Activity lifecycle changed event received but ignored because the intent does not match. startActivityIntent=Intent { act=android.intent.action.MAIN cat=[android.intent.category.LAUNCHER] cmp=com.example.lunchtray/.MainActivity }, activity.getIntent()=Intent { act=android.intent.action.MAIN cat=[android.intent.category.LAUNCHER] flg=0x10008000 cmp=com.example.lunchtray/androidx.test.core.app.InstrumentationActivityInvoker$BootstrapActivity (has extras) }, activity=androidx.test.core.app.InstrumentationActivityInvoker$BootstrapActivity@759ff23
08-07 17:53:19.289  7881  7881 V ActivityScenario: Activity lifecycle changed event received but ignored because the intent does not match. startActivityIntent=Intent { act=android.intent.action.MAIN cat=[android.intent.category.LAUNCHER] cmp=com.example.lunchtray/.MainActivity }, activity.getIntent()=Intent { act=android.intent.action.MAIN cat=[android.intent.category.LAUNCHER] flg=0x10008000 cmp=com.example.lunchtray/androidx.test.core.app.InstrumentationActivityInvoker$BootstrapActivity (has extras) }, activity=androidx.test.core.app.InstrumentationActivityInvoker$BootstrapActivity@759ff23
08-07 17:53:19.289  7881  7881 V ActivityScenario: Activity lifecycle changed event received but ignored because the intent does not match. startActivityIntent=Intent { act=android.intent.action.MAIN cat=[android.intent.category.LAUNCHER] cmp=com.example.lunchtray/.MainActivity }, activity.getIntent()=Intent { act=android.intent.action.MAIN cat=[android.intent.category.LAUNCHER] flg=0x10008000 cmp=com.example.lunchtray/androidx.test.core.app.InstrumentationActivityInvoker$BootstrapActivity (has extras) }, activity=androidx.test.core.app.InstrumentationActivityInvoker$BootstrapActivity@759ff23
08-07 17:53:19.289  7881  7881 V ActivityScenario: Activity lifecycle changed event received but ignored because the intent does not match. startActivityIntent=Intent { act=android.intent.action.MAIN cat=[android.intent.category.LAUNCHER] cmp=com.example.lunchtray/.MainActivity }, activity.getIntent()=Intent { act=android.intent.action.MAIN cat=[android.intent.category.LAUNCHER] flg=0x10008000 cmp=com.example.lunchtray/androidx.test.core.app.InstrumentationActivityInvoker$BootstrapActivity (has extras) }, activity=androidx.test.core.app.InstrumentationActivityInvoker$BootstrapActivity@759ff23
08-07 17:53:19.290  2001  2001 I BadgeRenderer: Invalid count : 0
08-07 17:53:19.290  2001  2001 I BadgeRenderer: Invalid count : 0
08-07 17:53:19.293  7881  7881 D LifecycleMonitor: Lifecycle status change: androidx.test.core.app.InstrumentationActivityInvoker$BootstrapActivity@759ff23 in: STARTED
08-07 17:53:19.294  7881  7881 V ActivityScenario: Activity lifecycle changed event received but ignored because the intent does not match. startActivityIntent=Intent { act=android.intent.action.MAIN cat=[android.intent.category.LAUNCHER] cmp=com.example.lunchtray/.MainActivity }, activity.getIntent()=Intent { act=android.intent.action.MAIN cat=[android.intent.category.LAUNCHER] flg=0x10008000 cmp=com.example.lunchtray/androidx.test.core.app.InstrumentationActivityInvoker$BootstrapActivity (has extras) }, activity=androidx.test.core.app.InstrumentationActivityInvoker$BootstrapActivity@759ff23
08-07 17:53:19.294   628   628 D SurfaceFlinger: Display 0 HWC layers:
08-07 17:53:19.294   628   628 D SurfaceFlinger:      DEVICE | 0x78e3e0a3d0 | 0100 | RGBx_8888    |   50.0    0.0 1130.0 2280.0 |    0    0 1080 2280 | Wallpaper BBQ wrapper#0
08-07 17:53:19.294   628   628 D SurfaceFlinger:      DEVICE | 0x78e3de8110 | 0100 | RGBA_8888    |    0.0    0.0 1080.0 2280.0 |    0    0 1080 2280 | com.sec.android.app.launcher/com.sec[...].activities.LauncherActivity$_2001#0
08-07 17:53:19.294   628   628 D SurfaceFlinger:      DEVICE | 0x78e3e145d0 | 0100 | RGBA_8888    |    0.0    0.0 1080.0 2280.0 |   76  159 1004 2121 | Splash Screen com.example.lunchtray$_1411#0
08-07 17:53:19.294   628   628 D SurfaceFlinger:      DEVICE | 0x78e3dfd3b0 | 0100 | RGBA_8888    |    0.0    0.0 1080.0  112.0 |    0    0 1080  112 | StatusBar$_1411#0
08-07 17:53:19.294   628   628 D SurfaceFlinger:      DEVICE | 0x78e3e1bd10 | 0100 | RGBA_8888    |    0.0    0.0   67.0  457.0 |    0  410   67  867 | com.samsung.android.app.cocktailbars[...]arservice.CocktailBarService$_8085#0
08-07 17:53:19.294   628   628 D SurfaceFlinger:      DEVICE | 0x78e3e00f50 | 0100 | RGBA_8888    |    0.0    0.0 1080.0  126.0 |    0 2154 1080 2280 | NavigationBar0$_1411#0
08-07 17:53:19.294   628   628 D SurfaceFlinger:      DEVICE | 0x78e3e0b150 | 0100 | RGBA_8888    |    0.0    0.0  521.0   63.0 |  279 2217  800 2280 | com.samsung.and
08-07 17:53:19.294   628   628 D SurfaceFlinger: roid.spay.pay.HintService$_24757#0
08-07 17:53:19.294   628   628 D SurfaceFlinger:
08-07 17:53:19.294  7881  7881 V ActivityScenario: Activity lifecycle changed event received but ignored because the intent does not match. startActivityIntent=Intent { act=android.intent.action.MAIN cat=[android.intent.category.LAUNCHER] cmp=com.example.lunchtray/.MainActivity }, activity.getIntent()=Intent { act=android.intent.action.MAIN cat=[android.intent.category.LAUNCHER] flg=0x10008000 cmp=com.example.lunchtray/androidx.test.core.app.InstrumentationActivityInvoker$BootstrapActivity (has extras) }, activity=androidx.test.core.app.InstrumentationActivityInvoker$BootstrapActivity@759ff23
08-07 17:53:19.295  7881  7881 V ActivityScenario: Activity lifecycle changed event received but ignored because the intent does not match. startActivityIntent=Intent { act=android.intent.action.MAIN cat=[android.intent.category.LAUNCHER] cmp=com.example.lunchtray/.MainActivity }, activity.getIntent()=Intent { act=android.intent.action.MAIN cat=[android.intent.category.LAUNCHER] flg=0x10008000 cmp=com.example.lunchtray/androidx.test.core.app.InstrumentationActivityInvoker$BootstrapActivity (has extras) }, activity=androidx.test.core.app.InstrumentationActivityInvoker$BootstrapActivity@759ff23
08-07 17:53:19.295  7881  7881 V ActivityScenario: Activity lifecycle changed event received but ignored because the intent does not match. startActivityIntent=Intent { act=android.intent.action.MAIN cat=[android.intent.category.LAUNCHER] cmp=com.example.lunchtray/.MainActivity }, activity.getIntent()=Intent { act=android.intent.action.MAIN cat=[android.intent.category.LAUNCHER] flg=0x10008000 cmp=com.example.lunchtray/androidx.test.core.app.InstrumentationActivityInvoker$BootstrapActivity (has extras) }, activity=androidx.test.core.app.InstrumentationActivityInvoker$BootstrapActivity@759ff23
08-07 17:53:19.296  7881  7881 V ActivityScenario: Activity lifecycle changed event received but ignored because the intent does not match. startActivityIntent=Intent { act=android.intent.action.MAIN cat=[android.intent.category.LAUNCHER] cmp=com.example.lunchtray/.MainActivity }, activity.getIntent()=Intent { act=android.intent.action.MAIN cat=[android.intent.category.LAUNCHER] flg=0x10008000 cmp=com.example.lunchtray/androidx.test.core.app.InstrumentationActivityInvoker$BootstrapActivity (has extras) }, activity=androidx.test.core.app.InstrumentationActivityInvoker$BootstrapActivity@759ff23
08-07 17:53:19.299   952  1034 D EnterpriseDeviceManagerService: isMdmAdminPresentInternal() : MDM Admin Found - com.samsung.knox.securefolder
08-07 17:53:19.306   628   628 E SurfaceFlinger: Attempt to update InputPolicyFlags without permission ACCESS_SURFACE_FLINGER
08-07 17:53:19.311  8085  8085 I Utils   : HomePackage : com.sec.android.app.launcher, resumePackageName : com.example.lunchtray
08-07 17:53:19.314   628   642 I SurfaceFlinger: id=624729 createSurf (0x0),-1 flag=80004, ActivityRecord{b7b7f66 u0 com.example.lunchtray/.MainActivity t8210}#0
08-07 17:53:19.320  1411  1411 D NetworkController.WifiSignalController: notifyListener: visible=true, enabled=true, connected=true, inetCondition=1, isDefault=true, receivedCR=true, receivedIC=-1, shouldForceHide=false, emptyConnected=false
08-07 17:53:19.321  1411  1429 I ViewRootImpl@9089bd5[lunchtray]: Resizing android.view.ViewRootImpl@880a0b6: frame=[0,0][1080,2280] reportDraw=false forceLayout=false backDropFrame=Rect(0, 0 - 1080, 2280)
08-07 17:53:19.321  7881  7881 D LifecycleMonitor: Lifecycle status change: androidx.test.core.app.InstrumentationActivityInvoker$BootstrapActivity@759ff23 in: RESUMED
08-07 17:53:19.322  1411  1558 I ViewRootImpl@9089bd5[lunchtray]: handleResized, msg = 4 frames=ClientWindowFrames{frame=[0,0][1080,2280] display=[0,0][1080,2280] backdrop=[0,0][1080,2280]} forceNextWindowRelayout=false displayId=0 frameChanged=false backdropFrameChanged=false configChanged=false displayChanged=false mNextDrawUseBlastSync=false mergedConfiguration={mGlobalConfig={1.1 450mcc8mnc [ko_KR,en_US] ldltr sw411dp w411dp h777dp 420dpi nrml long port finger -keyb/v/h -nav/h winConfig={ mBounds=Rect(0, 0 - 1080, 2280) mAppBounds=Rect(0, 112 - 1080, 2154) mMaxBounds=Rect(0, 0 - 1080, 2280) mWindowingMode=fullscreen mDisplayWindowingMode=fullscreen mActivityType=undefined mAlwaysOnTop=undefined mRotation=ROTATION_0 mPopOver=undefined mFreeformTaskPinningState=undefined} as.76 s.53109 fontWeightAdjustment=0 ff=0 bf=0 bts=0 desktop/d dm/n ?dc ?dcui ?dcaf enb/d themeSeq=0} mOverrideConfig={1.1 450mcc8mnc [ko_KR,en_US] ldltr sw411dp w411dp h777dp 420dpi nrml long port finger -keyb/v/h -nav/h winConfig={ mBounds=Rect(0, 0 - 1080, 2280) mAppBounds=Rect(0, 112 - 1080, 2154) mMaxBounds=Rect(0, 0 - 1080, 2280) mWindowingMode=fullscreen mDisplayWindowingMode=fullscreen mActivityType=standard mAlwaysOnTop=undefined mRotation=ROTATION_0 mPopOver=off mFreeformTaskPinningState=unpinned} as.76 s.1 fontWeightAdjustment=0 ff=0 bf=0 bts=0 desktop/d dm/n dc/d ?dcui ?dcaf enb/d themeSeq=0}}
08-07 17:53:19.323   952  2595 I MediaSessionMonitor: Media session stopped : controllerList empty
08-07 17:53:19.325   952  2550 W NetlinkSocket: maximum read
08-07 17:53:19.326  7881  7881 V ActivityScenario: Activity lifecycle changed event received but ignored because the intent does not match. startActivityIntent=Intent { act=android.intent.action.MAIN cat=[android.intent.category.LAUNCHER] cmp=com.example.lunchtray/.MainActivity }, activity.getIntent()=Intent { act=android.intent.action.MAIN cat=[android.intent.category.LAUNCHER] flg=0x10008000 cmp=com.example.lunchtray/androidx.test.core.app.InstrumentationActivityInvoker$BootstrapActivity (has extras) }, activity=androidx.test.core.app.InstrumentationActivityInvoker$BootstrapActivity@759ff23
08-07 17:53:19.328  7881  7881 V ActivityScenario: Activity lifecycle changed event received but ignored because the intent does not match. startActivityIntent=Intent { act=android.intent.action.MAIN cat=[android.intent.category.LAUNCHER] cmp=com.example.lunchtray/.MainActivity }, activity.getIntent()=Intent { act=android.intent.action.MAIN cat=[android.intent.category.LAUNCHER] flg=0x10008000 cmp=com.example.lunchtray/androidx.test.core.app.InstrumentationActivityInvoker$BootstrapActivity (has extras) }, activity=androidx.test.core.app.InstrumentationActivityInvoker$BootstrapActivity@759ff23
08-07 17:53:19.328  7881  7881 V ActivityScenario: Activity lifecycle changed event received but ignored because the intent does not match. startActivityIntent=Intent { act=android.intent.action.MAIN cat=[android.intent.category.LAUNCHER] cmp=com.example.lunchtray/.MainActivity }, activity.getIntent()=Intent { act=android.intent.action.MAIN cat=[android.intent.category.LAUNCHER] flg=0x10008000 cmp=com.example.lunchtray/androidx.test.core.app.InstrumentationActivityInvoker$BootstrapActivity (has extras) }, activity=androidx.test.core.app.InstrumentationActivityInvoker$BootstrapActivity@759ff23
08-07 17:53:19.329  7881  7881 V ActivityScenario: Activity lifecycle changed event received but ignored because the intent does not match. startActivityIntent=Intent { act=android.intent.action.MAIN cat=[android.intent.category.LAUNCHER] cmp=com.example.lunchtray/.MainActivity }, activity.getIntent()=Intent { act=android.intent.action.MAIN cat=[android.intent.category.LAUNCHER] flg=0x10008000 cmp=com.example.lunchtray/androidx.test.core.app.InstrumentationActivityInvoker$BootstrapActivity (has extras) }, activity=androidx.test.core.app.InstrumentationActivityInvoker$BootstrapActivity@759ff23
08-07 17:53:19.329  7881  7881 V ActivityScenario: Activity lifecycle changed event received but ignored because the intent does not match. startActivityIntent=Intent { act=android.intent.action.MAIN cat=[android.intent.category.LAUNCHER] cmp=com.example.lunchtray/.MainActivity }, activity.getIntent()=Intent { act=android.intent.action.MAIN cat=[android.intent.category.LAUNCHER] flg=0x10008000 cmp=com.example.lunchtray/androidx.test.core.app.InstrumentationActivityInvoker$BootstrapActivity (has extras) }, activity=androidx.test.core.app.InstrumentationActivityInvoker$BootstrapActivity@759ff23
08-07 17:53:19.332  7881  7881 D LifecycleMonitor: Lifecycle status change: androidx.test.core.app.InstrumentationActivityInvoker$BootstrapActivity@759ff23 in: PAUSED
08-07 17:53:19.333  7881  7881 V ActivityScenario: Activity lifecycle changed event received but ignored because the intent does not match. startActivityIntent=Intent { act=android.intent.action.MAIN cat=[android.intent.category.LAUNCHER] cmp=com.example.lunchtray/.MainActivity }, activity.getIntent()=Intent { act=android.intent.action.MAIN cat=[android.intent.category.LAUNCHER] flg=0x10008000 cmp=com.example.lunchtray/androidx.test.core.app.InstrumentationActivityInvoker$BootstrapActivity (has extras) }, activity=androidx.test.core.app.InstrumentationActivityInvoker$BootstrapActivity@759ff23
08-07 17:53:19.333  7881  7881 V ActivityScenario: Activity lifecycle changed event received but ignored because the intent does not match. startActivityIntent=Intent { act=android.intent.action.MAIN cat=[android.intent.category.LAUNCHER] cmp=com.example.lunchtray/.MainActivity }, activity.getIntent()=Intent { act=android.intent.action.MAIN cat=[android.intent.category.LAUNCHER] flg=0x10008000 cmp=com.example.lunchtray/androidx.test.core.app.InstrumentationActivityInvoker$BootstrapActivity (has extras) }, activity=androidx.test.core.app.InstrumentationActivityInvoker$BootstrapActivity@759ff23
08-07 17:53:19.334  7881  7881 V ActivityScenario: Activity lifecycle changed event received but ignored because the intent does not match. startActivityIntent=Intent { act=android.intent.action.MAIN cat=[android.intent.category.LAUNCHER] cmp=com.example.lunchtray/.MainActivity }, activity.getIntent()=Intent { act=android.intent.action.MAIN cat=[android.intent.category.LAUNCHER] flg=0x10008000 cmp=com.example.lunchtray/androidx.test.core.app.InstrumentationActivityInvoker$BootstrapActivity (has extras) }, activity=androidx.test.core.app.InstrumentationActivityInvoker$BootstrapActivity@759ff23
08-07 17:53:19.334   952  2550 W NetlinkSocket: maximum read
08-07 17:53:19.334  7881  7881 V ActivityScenario: Activity lifecycle changed event received but ignored because the intent does not match. startActivityIntent=Intent { act=android.intent.action.MAIN cat=[android.intent.category.LAUNCHER] cmp=com.example.lunchtray/.MainActivity }, activity.getIntent()=Intent { act=android.intent.action.MAIN cat=[android.intent.category.LAUNCHER] flg=0x10008000 cmp=com.example.lunchtray/androidx.test.core.app.InstrumentationActivityInvoker$BootstrapActivity (has extras) }, activity=androidx.test.core.app.InstrumentationActivityInvoker$BootstrapActivity@759ff23
08-07 17:53:19.335  7881  7881 V ActivityScenario: Activity lifecycle changed event received but ignored because the intent does not match. startActivityIntent=Intent { act=android.intent.action.MAIN cat=[android.intent.category.LAUNCHER] cmp=com.example.lunchtray/.MainActivity }, activity.getIntent()=Intent { act=android.intent.action.MAIN cat=[android.intent.category.LAUNCHER] flg=0x10008000 cmp=com.example.lunchtray/androidx.test.core.app.InstrumentationActivityInvoker$BootstrapActivity (has extras) }, activity=androidx.test.core.app.InstrumentationActivityInvoker$BootstrapActivity@759ff23
08-07 17:53:19.335 24757 25275 I SAMSUNGWALLET: [Hint_ProcessStatusChange] fg Change, pid : 7881 , isNotify : true , isForeground : true , fg list : [2001, 7881]
08-07 17:53:19.338 24757 25074 I SAMSUNGWALLET: [ResetData] getSAResetDialogFlag : false
08-07 17:53:19.342  1411  1411 D NavigationBar: onSystemBarAttributesChanged() -  displayId:0, appearance:0, navbarColorManagedByIme:false
08-07 17:53:19.342  1411  1411 V Navbar.Store: handleEvent [EventType] GET_BOOL_REGION_SAMPLING_ENABLED [Module] LightBarController  KEYS_DEFAULT=false
08-07 17:53:19.342  1411  1411 V Navbar.Store: --[Band]COLOR_PACK_GET_REGION_SAMPLING_ENABLED
08-07 17:53:19.342  1411  1411 V Navbar.Store: ----getValue(BOOL_REGION_SAMPLING_ENABLED)=false
08-07 17:53:19.344   952  3348 D InputDispatcher: Focused application set to (0): b7b7f66
08-07 17:53:19.345  2001  6476 I TouchInteractionService: onSystemUiStateChanged, stateFlags : 131072
08-07 17:53:19.345  2001  2001 I TouchInteractionService: onSystemUiFlagsChanged, userUnlocked
08-07 17:53:19.347  1411  1411 D SecLightBarControlHelper: updateStatus(WHITE icon) NumLightStacks:0, NumStacks:1, IndexLightStack:-1, StatusBarMode:0, StatusBarState:SHD, NeedDarkFontFromWallpaper:false, isWhiteKeyguardStatusBarBySettings:false
08-07 17:53:19.352 24757 25074 I SAMSUNGWALLET: [Hint_bxa] isHomePackageRunning topPkgName = com.example.lunchtray, topClsName = com.example.lunchtray.MainActivity, return false , se : false
08-07 17:53:19.352 24757 24757 I SAMSUNGWALLET: [Hint_PayHintService] Hint Status - HIDE : Home Package Not Running
08-07 17:53:19.352 24757 24757 I SemUiSupportService: getWindowAttributes()
08-07 17:53:19.353   952  1034 I SemPersonaManager: SecureFolder personaId = 150
08-07 17:53:19.358   952  3348 V WindowManager: Relayout Window{82f2704 u0 com.samsung.android.spay.pay.HintService}: viewVisibility=8 req=521x63 d0
08-07 17:53:19.373   628   628 I Layer   : id=624719 removeFromCurrentState com.samsung.android.spay.pay.HintService$_24757#0 (142)
08-07 17:53:19.377   952  1526 V WindowManager: Relayout Window{13616e6 u0 NotificationShade}: viewVisibility=4 req=1080x2280 d0
08-07 17:53:19.377   952  3348 V WindowManager: Relayout hash=82f2704, pid=24757: mAttrs={(0,0)(521x63) gr=BOTTOM CENTER sim={adjust=pan} layoutInDisplayCutoutMode=shortEdges ty=NAVIGATION_BAR_PANEL fmt=TRANSLUCENT
08-07 17:53:19.377   952  3348 V WindowManager:   fl=1800308
08-07 17:53:19.377   952  3348 V WindowManager:   pfl=12000000
08-07 17:53:19.377   952  3348 V WindowManager:   bhv=DEFAULT
08-07 17:53:19.377   952  3348 V WindowManager:   fitTypes=NAVIGATION_BARS
08-07 17:53:19.377   952  3348 V WindowManager:   fitSides=LEFT RIGHT naviIconColor=0}
08-07 17:53:19.378   628   628 D SurfaceFlinger: Display 0 HWC layers:
08-07 17:53:19.378   628   628 D SurfaceFlinger:      DEVICE | 0x78e3e0a3d0 | 0100 | RGBx_8888    |   50.0    0.0 1130.0 2280.0 |    0    0 1080 2280 | Wallpaper BBQ wrapper#0
08-07 17:53:19.378   628   628 D SurfaceFlinger:      DEVICE | 0x78e3e03590 | 0100 | RGBA_8888    |    0.0    0.0 1080.0 2280.0 |    0    0 1080 2280 | com.sec.android.app.launcher/com.sec[...].activities.LauncherActivity$_2001#0
08-07 17:53:19.378   628   628 D SurfaceFlinger:      DEVICE | 0x78e3e145d0 | 0100 | RGBA_8888    |    0.0    0.0 1080.0 2280.0 |   33   69 1047 2211 | Splash Screen com.example.lunchtray$_1411#0
08-07 17:53:19.378   628   628 D SurfaceFlinger:      DEVICE | 0x78e3e0f170 | 0100 | RGBA_8888    |    0.0    0.0 1080.0  112.0 |    0    0 1080  112 | StatusBar$_1411#0
08-07 17:53:19.378   628   628 D SurfaceFlinger:      DEVICE | 0x78e3e1bd10 | 0100 | RGBA_8888    |    0.0    0.0   67.0  457.0 |    0  410   67  867 | com.samsung.android.app.cocktailbars[...]arservice.CocktailBarService$_8085#0
08-07 17:53:19.378   628   628 D SurfaceFlinger:      DEVICE | 0x78e3e02930 | 0100 | RGBA_8888    |    0.0    0.0 1080.0  126.0 |    0 2154 1080 2280 | NavigationBar0$_1411#0
08-07 17:53:19.378   628   628 D SurfaceFlinger:
08-07 17:53:19.380   952  1526 V WindowManager: Relayout hash=13616e6, pid=1411: mAttrs={(0,0)(fillxfill) gr=TOP CENTER_VERTICAL sim={adjust=resize} layoutInDisplayCutoutMode=always ty=2040 fmt=TRANSLUCENT
08-07 17:53:19.380   952  1526 V WindowManager:   fl=81840048
08-07 17:53:19.380   952  1526 V WindowManager:   pfl=1b000000
08-07 17:53:19.380   952  1526 V WindowManager:   bhv=SHOW_TRANSIENT_BARS_BY_SWIPE naviIconColor=0
08-07 17:53:19.380   952  1526 V WindowManager:   sfl=42000}
08-07 17:53:19.381   628   642 I SurfaceFlinger: id=624719 Removed com.samsung.android.spay.pay.HintService$_24757#0 (142)
08-07 17:53:19.382 24757 24757 I ViewRootImpl@2325f75[HintService]: Relayout returned: old=(279,2217,800,2280) new=(279,2217,800,2280) req=(521,63)8 dur=23 res=0x5 s={false 0} ch=true fn=2
08-07 17:53:19.382  1411  1411 I ViewRootImpl@edc7ce0[NotificationShade]: Relayout returned: old=(0,0,1080,2280) new=(0,0,1080,2280) req=(1080,2280)4 dur=18 res=0x1 s={false 0} ch=false fn=-1
08-07 17:53:19.382  7881  7881 D LifecycleMonitor: Lifecycle status change: com.example.lunchtray.MainActivity@466b7aa in: PRE_ON_CREATE
08-07 17:53:19.383  7881  7881 V ActivityScenario: Activity lifecycle changed event received but ignored because the reported transition was not ON_CREATE while the last known transition was DESTROYED
08-07 17:53:19.383  7881  7881 V ActivityScenario: Activity lifecycle changed event received but ignored because the reported transition was not ON_CREATE while the last known transition was DESTROYED
08-07 17:53:19.384  7881  7881 V ActivityScenario: Activity lifecycle changed event received but ignored because the reported transition was not ON_CREATE while the last known transition was DESTROYED
08-07 17:53:19.384  7881  7881 V ActivityScenario: Activity lifecycle changed event received but ignored because the reported transition was not ON_CREATE while the last known transition was DESTROYED
08-07 17:53:19.384  7881  7881 V ActivityScenario: Activity lifecycle changed event received but ignored because the reported transition was not ON_CREATE while the last known transition was PRE_ON_CREATE
08-07 17:53:19.385  1411  1411 D KeyguardBottomAreaShortcutView: updateCameraVisibility isCameraDisabled:false visible:true
08-07 17:53:19.386  1411  1411 D KeyguardUsimTextView: updateText(simState): READY
08-07 17:53:19.386  1411  1411 D KeyguardBottomAreaShortcutView: mIndicationArea margin start : 163, end : 163, bottom : 405
08-07 17:53:19.387  1411  1411 D QS      : setQSExpansion 0.0 -118.475
08-07 17:53:19.387  1411  1411 D QS      : setQSExpansion 0.0 -118.475
08-07 17:53:19.387  1411  1411 D MediaControlPanel: mActionButtonNumCollapsed = 3, mActionButtonNumExpand = 4
08-07 17:53:19.390   628   628 I Layer   : id=624719 Destroyed com.samsung.android.spay.pay.HintService$_24757#0
08-07 17:53:19.392   952  1034 D EnterpriseDeviceManagerService: isMdmAdminPresentInternal() : MDM Admin Found - com.samsung.knox.securefolder
08-07 17:53:19.392  1411  1411 D MediaControlPanel: mActionButtonNumCollapsed = 3, mActionButtonNumExpand = 4
08-07 17:53:19.396  1411  1411 D IndicatorGardenInputProperty: updateRotation() prv:-1 >> new:0
08-07 17:53:19.396  1411  1411 D DeviceState: getDeviceResolutionPixelSize - currentDensity = 420 deviceDensity = 420 initialDisplaySizeFactor = 1440 currentDisplaySizeFactor = 1080 initialDisplayDensity = 560 proportionalDensity = 420 proportionalPixel = 66
08-07 17:53:19.396  1411  1411 D DeviceState: getDeviceResolutionPixelSize - currentDensity = 420 deviceDensity = 420 initialDisplaySizeFactor = 1440 currentDisplaySizeFactor = 1080 initialDisplayDensity = 560 proportionalDensity = 420 proportionalPixel = 27
08-07 17:53:19.396  1411  1411 D DeviceState: getDeviceResolutionPixelSize - currentDensity = 420 deviceDensity = 420 initialDisplaySizeFactor = 1440 currentDisplaySizeFactor = 1080 initialDisplayDensity = 560 proportionalDensity = 420 proportionalPixel = 24
08-07 17:53:19.398  8085  8085 I Utils   : HomePackage : com.sec.android.app.launcher, resumePackageName : com.example.lunchtray
08-07 17:53:19.398   952  2595 I MediaSessionMonitor: Media session stopped : controllerList empty
08-07 17:53:19.400   952  2550 W NetlinkSocket: maximum read
08-07 17:53:19.402   952   973 W System  : A resource failed to call release.
08-07 17:53:19.404  7881  7881 I DecorView: [INFO] isPopOver=false, config=true
08-07 17:53:19.404  7881  7881 I DecorView: updateCaptionType >> DecorView@6aa3057[], isFloating=false, isApplication=true, hasWindowControllerCallback=true, hasWindowDecorCaption=false
08-07 17:53:19.404  7881  7881 D DecorView: setCaptionType = 0, this = DecorView@6aa3057[]
08-07 17:53:19.406   952   973 W System  : A resource failed to call release.
08-07 17:53:19.406  7881  7881 I DecorView: getCurrentDensityDpi: from real metrics. densityDpi=420 msg=resources_loaded
08-07 17:53:19.406   952   973 W System  : A resource failed to call close.
08-07 17:53:19.408   952   973 W System  : A resource failed to call release.
08-07 17:53:19.409   952   973 W System  : A resource failed to call close.
08-07 17:53:19.414  7881  7881 D LifecycleMonitor: Lifecycle status change: com.example.lunchtray.MainActivity@466b7aa in: CREATED
08-07 17:53:19.415  7881  7881 V ActivityScenario: Update currentActivityStage to CREATED, currentActivity=com.example.lunchtray.MainActivity@466b7aa
08-07 17:53:19.415  7881  7881 V ActivityScenario: Update currentActivityStage to CREATED, currentActivity=com.example.lunchtray.MainActivity@466b7aa
08-07 17:53:19.415  7881  7881 V ActivityScenario: Update currentActivityStage to CREATED, currentActivity=com.example.lunchtray.MainActivity@466b7aa
08-07 17:53:19.415  7881  7881 V ActivityScenario: Update currentActivityStage to CREATED, currentActivity=com.example.lunchtray.MainActivity@466b7aa
08-07 17:53:19.415  7881  7881 V ActivityScenario: Update currentActivityStage to CREATED, currentActivity=com.example.lunchtray.MainActivity@466b7aa
08-07 17:53:19.423  7881  7881 D LifecycleMonitor: Lifecycle status change: com.example.lunchtray.MainActivity@466b7aa in: STARTED
08-07 17:53:19.423  7881  7881 V ActivityScenario: Update currentActivityStage to STARTED, currentActivity=com.example.lunchtray.MainActivity@466b7aa
08-07 17:53:19.424  7881  7881 V ActivityScenario: Update currentActivityStage to STARTED, currentActivity=com.example.lunchtray.MainActivity@466b7aa
08-07 17:53:19.424  7881  7881 V ActivityScenario: Update currentActivityStage to STARTED, currentActivity=com.example.lunchtray.MainActivity@466b7aa
08-07 17:53:19.424  7881  7881 V ActivityScenario: Update currentActivityStage to STARTED, currentActivity=com.example.lunchtray.MainActivity@466b7aa
08-07 17:53:19.424  7881  7881 V ActivityScenario: Update currentActivityStage to STARTED, currentActivity=com.example.lunchtray.MainActivity@466b7aa
08-07 17:53:19.425  7881  7881 D LifecycleMonitor: Lifecycle status change: com.example.lunchtray.MainActivity@466b7aa in: RESUMED
08-07 17:53:19.425  7881  7881 V ActivityScenario: Update currentActivityStage to RESUMED, currentActivity=com.example.lunchtray.MainActivity@466b7aa
08-07 17:53:19.426  7881  7881 V ActivityScenario: Update currentActivityStage to RESUMED, currentActivity=com.example.lunchtray.MainActivity@466b7aa
08-07 17:53:19.426  7881  7881 V ActivityScenario: Update currentActivityStage to RESUMED, currentActivity=com.example.lunchtray.MainActivity@466b7aa
08-07 17:53:19.426  7881  7881 V ActivityScenario: Update currentActivityStage to RESUMED, currentActivity=com.example.lunchtray.MainActivity@466b7aa
08-07 17:53:19.426  7881  7881 V ActivityScenario: Update currentActivityStage to RESUMED, currentActivity=com.example.lunchtray.MainActivity@466b7aa
08-07 17:53:19.430   952  3348 D InputTransport: Input channel constructed: 'e036397', fd=1334
08-07 17:53:19.430   952  3348 D InputTransport: Input channel constructed: 'e036397', fd=1610
08-07 17:53:19.430   952  3348 D InputTransport: Input channel constructed: 'e036397', fd=1643
08-07 17:53:19.431   628   642 I SurfaceFlinger: id=624730 createSurf (0x0),-1 flag=80004, e036397 com.example.lunchtray/com.example.lunchtray.MainActivity#0
08-07 17:53:19.431   952  3348 D InputTransport: Input channel destroyed: 'e036397', fd=1643
08-07 17:53:19.432  7881  7881 I ViewRootImpl@3a04135[MainActivity]: setView = com.android.internal.policy.DecorView@6aa3057 TM=true
08-07 17:53:19.433   952  1095 D AnalyticsContainerHandler: handleMessage : { when=-1ms what=1 target=com.android.server.knox.KnoxAnalyticsContainer$AnalyticsHandler }
08-07 17:53:19.447   952  2550 W NetlinkSocket: maximum read
08-07 17:53:19.447  2001  6476 I RecentModel: onTaskStackChangedBackground
08-07 17:53:19.447   952  3348 V WindowManager: Relayout Window{e036397 u0 com.example.lunchtray/com.example.lunchtray.MainActivity}: viewVisibility=0 req=1080x2280 d0
08-07 17:53:19.447   628  2718 I SurfaceFlinger: id=624731 createSurf (1x1),-3 flag=40004, com.example.lunchtray/com.example.lunchtray.MainActivity$_7881#0
08-07 17:53:19.449   628  2718 I SurfaceFlinger: id=624732 createSurf (0x0),-1 flag=24000, Surface(name=cc3f67a StatusBar)/@0x6cfa557 - animation-leash of insets_animation#1
08-07 17:53:19.450   628  2718 I SurfaceFlinger: id=624733 createSurf (0x0),-1 flag=24000, Surface(name=5b03b71 NavigationBar0)/@0xbaf262 - animation-leash of insets_animation#1
08-07 17:53:19.451   952  3348 V WindowManager: Relayout hash=e036397, pid=7881: mAttrs={(0,0)(fillxfill) sim={adjust=pan forwardNavigation} ty=BASE_APPLICATION wanim=0x1030303
08-07 17:53:19.451   952  3348 V WindowManager:   fl=81810100
08-07 17:53:19.451   952  3348 V WindowManager:   pfl=12020040
08-07 17:53:19.451   952  3348 V WindowManager:   apr=LIGHT_NAVIGATION_BARS
08-07 17:53:19.451   952  3348 V WindowManager:   bhv=DEFAULT
08-07 17:53:19.451   952  3348 V WindowManager:   fitSides= naviIconColor=0
08-07 17:53:19.451   952  3348 V WindowManager:   sfl=100000}
08-07 17:53:19.451  2001  6476 I RecentTasksList: getTaskKeys, numTasks :3 callback : com.android.quickstep.-$$Lambda$RecentsModel$k1Mm-BV64Bc89eJHYugywZmW_Js@5ef1f0d
08-07 17:53:19.452  2001  2079 I RecentTasksList: loadTasksInBackground() task id : 8210
08-07 17:53:19.452  3311  3719 I SemDvfsHyPerManager: acquire hyper - BaseTABoost/3311@22, type = 1090523139
08-07 17:53:19.452  3311  3719 I SemDvfsHyPerManager: acquire hyper - BaseTAToouchBoost/3311@24, type = 1090523139
08-07 17:53:19.453  7881  7881 I ViewRootImpl@3a04135[MainActivity]: Relayout returned: old=(0,0,1080,2280) new=(0,0,1080,2280) req=(1080,2280)0 dur=5 res=0x7 s={true 512217406416} ch=true fn=-1
08-07 17:53:19.453   568   614 I HYPER-HAL: [RequestManager.cpp]acquire(): Acquired ID : 5556133  [3311 / 22]    HINT :      list : [TABoost / 5]
08-07 17:53:19.453   568   614 I HYPER-HAL: [RequestManager.cpp]acquire(): Acquired ID : 5562804  [3311 / 24]    HINT :      list : [TABoost / 20] [TIMEOUT / 1500]
08-07 17:53:19.453  7881  7915 D OpenGLRenderer: eglCreateWindowSurface
08-07 17:53:19.455  7881  7881 I ViewRootImpl@3a04135[MainActivity]: [DP] dp(1) 1 android.view.ViewRootImpl.reportNextDraw:11442 android.view.ViewRootImpl.performTraversals:4198 android.view.ViewRootImpl.doTraversal:2924
08-07 17:53:19.456  7881  7881 D ViewRootImpl@3a04135[MainActivity]: Creating frameDrawingCallback nextDrawUseBlastSync=false reportNextDraw=true hasBlurUpdates=false
08-07 17:53:19.456  7881  7881 D ViewRootImpl@3a04135[MainActivity]: Creating frameCompleteCallback
08-07 17:53:19.459  7881  7930 D ViewRootImpl@3a04135[MainActivity]: Received frameDrawingCallback frameNum=1. Creating transactionCompleteCallback=false
08-07 17:53:19.460  7881  7915 D ViewRootImpl@3a04135[MainActivity]: Received frameCompleteCallback  lastAcquiredFrameNum=1 lastAttemptedDrawFrameNum=1
08-07 17:53:19.461  7881  7881 I ViewRootImpl@3a04135[MainActivity]: [DP] pdf(0) 1 android.view.ViewRootImpl.lambda$addFrameCompleteCallbackIfNeeded$3$ViewRootImpl:5000 android.view.ViewRootImpl$$ExternalSyntheticLambda16.run:6 android.os.Handler.handleCallback:938
08-07 17:53:19.461  7881  7881 I ViewRootImpl@3a04135[MainActivity]: [DP] rdf()
