08-07 17:53:13.825  7881  7906 I TestRunner: started: order_snackbar(com.example.lunchtray.OrderFunctionalityTests)
08-07 17:53:13.828  7881  7881 D LifecycleMonitor: Lifecycle status change: com.example.lunchtray.MainActivity@338b3c2 in: DESTROYED
08-07 17:53:13.828  7881  7881 V ActivityScenario: Update currentActivityStage to DESTROYED, currentActivity=null
08-07 17:53:13.829  7881  7881 V ActivityScenario: Update currentActivityStage to DESTROYED, currentActivity=null
08-07 17:53:13.830  7881  7915 D OpenGLRenderer: setSurface called with nullptr
08-07 17:53:13.830  7881  7881 I ViewRootImpl@3c912ad[MainActivity]: dispatchDetachedFromWindow
08-07 17:53:13.831   952  3370 D InputTransport: Input channel destroyed: 'b14f8d8', fd=2015
08-07 17:53:13.831   952  3370 W InputManager-JNI: Input channel object 'b14f8d8 com.example.lunchtray/com.example.lunchtray.MainActivity (client)' was disposed without first being removed with the input manager!
08-07 17:53:13.831   952  3370 D InputTransport: Input channel destroyed: 'b14f8d8', fd=2016
08-07 17:53:13.834  7881  7881 D InputTransport: Input channel destroyed: 'b14f8d8', fd=91
08-07 17:53:13.835   628   963 I SurfaceFlinger: id=624666 createSurf (0x0),-1 flag=24004, Task=8207#1
08-07 17:53:13.837  2001  2001 I RecentsView: onTaskRemoved() taskId : 8207
08-07 17:53:13.837  2001  2001 I RecentsView: onTaskRemoved() taskId : 8207
08-07 17:53:13.837  2001  2001 I RecentsView: onTaskRemoved() taskId : 8207
08-07 17:53:13.837  2001  2001 I RecentsView: onTaskRemoved() taskId : 8207
08-07 17:53:13.847  7881  7906 W Settings: Setting always_finish_activities has moved from android.provider.Settings.System to android.provider.Settings.Global, returning read-only value.
08-07 17:53:13.848   628   628 I Layer   : id=624650 removeFromCurrentState com.example.lunchtray/com.example.lunchtray.MainActivity$_7881#0 (129)
08-07 17:53:13.848   628   628 I Layer   : id=624649 removeFromCurrentState b14f8d8 com.example.lunchtray/com.example.lunchtray.MainActivity#0 (129)
08-07 17:53:13.849   628   628 I Layer   : id=624648 removeFromCurrentState ActivityRecord{116c866 u0 com.example.lunchtray/.MainActivity t8207}#0 (129)
08-07 17:53:13.849   628   628 I Layer   : id=624640 removeFromCurrentState Task=8207#0 (129)
08-07 17:53:13.849   628   628 I Layer   : id=624666 removeFromCurrentState Task=8207#1 (129)
08-07 17:53:13.849   628   628 I SurfaceFlinger: id=624648 Removed ActivityRecord{116c866 u0 com.example.lunchtray/.MainActivity t8207}#0 (129)
08-07 17:53:13.849   628   628 I SurfaceFlinger: id=624666 Removed Task=8207#1 (129)
08-07 17:53:13.849   628   628 I SurfaceFlinger: id=624649 Removed b14f8d8 com.example.lunchtray/com.example.lunchtray.MainActivity#0 (129)
08-07 17:53:13.849   628   628 I SurfaceFlinger: id=624650 Removed com.example.lunchtray/com.example.lunchtray.MainActivity$_7881#0 (129)
08-07 17:53:13.849   628   628 I Layer   : id=624666 Destroyed Task=8207#1
08-07 17:53:13.850   628   628 I Layer   : id=624648 Destroyed ActivityRecord{116c866 u0 com.example.lunchtray/.MainActivity t8207}#0
08-07 17:53:13.850   628   628 I Layer   : id=624649 Destroyed b14f8d8 com.example.lunchtray/com.example.lunchtray.MainActivity#0
08-07 17:53:13.850   628   628 I Layer   : id=624650 Destroyed com.example.lunchtray/com.example.lunchtray.MainActivity$_7881#0
08-07 17:53:13.853   952  2080 I SemDvfsHyPerManager: acquire hyper - AMS_APP_SWITCH/952@16, type = -999
08-07 17:53:13.853   952  2544 D PkgPredictorService-IpmAdcpController: create a new DexPreloadTask pkg:com.example.lunchtray  path:/data/app/~~6ZHKSOyH6C4aieMxQuPYLA==/com.example.lunchtray-clkp0OFoH3ds7cF62fs1rg==
08-07 17:53:13.853   628  2111 I SurfaceFlinger: id=624667 createSurf (0x0),-1 flag=24004, Task=8208#0
08-07 17:53:13.854   568   614 I HYPER-HAL: [RequestManager.cpp]acquire(): Acquired ID : 469012  [952 / 16]    HINT : AMS_APP_SWITCH    list :
08-07 17:53:13.854  3311  3311 I SemDvfsHyPerManager: acquire hyper - APP_START_SHORT/3311@13, type = -999
08-07 17:53:13.855   568   614 I HYPER-HAL: [RequestManager.cpp]acquire(): Acquired ID : 5526163  [3311 / 13]    HINT : APP_START    list : [TIMEOUT / 1500]
08-07 17:53:13.856   628  2111 I SurfaceFlinger: id=624668 createSurf (0x0),-1 flag=80004, ActivityRecord{f050287 u0 com.example.lunchtray/androidx.test.core.app.InstrumentationActivityInvoker$BootstrapActivity t8208}#0
08-07 17:53:13.858   534   541 E statsd  : Predicate -7037417284711607308 dropping data for dimension key (10)0x2010101->10704[I] (10)0x30000->*launch*[S]
08-07 17:53:13.859   952  3370 I SemDvfsHyPerManager: acquire hyper - AMS_APP_LAUNCH/952@17, type = -999
08-07 17:53:13.859   534   541 E statsd  : Predicate 5980654721335871649 dropping data for dimension key (10)0x2010101->10704[I] (10)0x30000->*launch*[S]
08-07 17:53:13.860  3311  3311 I SemDvfsHyPerManager: acquire hyper - APP_START/3311@14, type = -999
08-07 17:53:13.860   568   614 I HYPER-HAL: [RequestManager.cpp]acquire(): Acquired ID : 469982  [952 / 17]    HINT : AMS_APP_LAUNCH    list :
08-07 17:53:13.860   568   614 I HYPER-HAL: [RequestManager.cpp]acquire(): Acquired ID : 5529489  [3311 / 14]    HINT : APP_START    list :
08-07 17:53:13.861  2001  2001 I BaseActivity: removeActivityFlags, flags : 16
08-07 17:53:13.861  2001  2001 I BaseActivity: removeActivityFlags, flags : 6
08-07 17:53:13.861  2001  2001 I DragController: endDrag
08-07 17:53:13.861  2001  2001 W LauncherAppWidgetHost: setShouldListenFlag, mFlags:15 flag:resume on:false isFront:false
08-07 17:53:13.861  2001  2001 I DecorView: notifyKeepScreenOnChanged: keepScreenOn=false
08-07 17:53:13.862  2001  2001 I SPayUpdater: updateSpayHandler launcher activity is paused false
08-07 17:53:13.864  1411  1411 D PipMotionHelper: animateToOffset: originalBounds=Rect(533, 1828 - 1038, 2112) offset=0 callers=
08-07 17:53:13.864  1411  1411 D PipMotionHelper:     com.android.wm.shell.pip.phone.PipTouchHandler.onMovementBoundsChanged:482
08-07 17:53:13.864  1411  1411 D PipMotionHelper:     com.android.wm.shell.pip.phone.PipController.updateMovementBounds:721
08-07 17:53:13.864  1411  1411 D PipMotionHelper:     com.android.wm.shell.pip.phone.PipController.lambda$init$3:351
08-07 17:53:13.864  1411  1411 D PipMotionHelper:     com.android.wm.shell.pip.phone.PipController.$r8$lambda$u15Oj_b57njSWegfZTV6TpliGaw:0
08-07 17:53:13.864  1411  1411 D PipMotionHelper:     com.android.wm.shell.pip.phone.PipController$$ExternalSyntheticLambda0.accept:8
08-07 17:53:13.867   952  1409 D InputDispatcher: Focused application set to (0): f050287
08-07 17:53:13.871   952  3370 D InputTransport: Input channel constructed: 'e97b74c', fd=1643
08-07 17:53:13.871   952  3370 D InputTransport: Input channel constructed: 'e97b74c', fd=1713
08-07 17:53:13.871   952  3370 D InputTransport: Input channel constructed: 'e97b74c', fd=1763
08-07 17:53:13.871   628  2111 I SurfaceFlinger: id=624669 createSurf (0x0),-1 flag=80004, e97b74c Splash Screen com.example.lunchtray#0
08-07 17:53:13.872   952  3370 D InputTransport: Input channel destroyed: 'e97b74c', fd=1763
08-07 17:53:13.872  1411  1558 I ViewRootImpl@ba06132[lunchtray]: setView = android.widget.FrameLayout@c339839 TM=true
08-07 17:53:13.873   952  1409 V WindowManager: Relayout Window{72e35ce u0 com.sec.android.app.launcher/com.sec.android.app.launcher.activities.LauncherActivity}: viewVisibility=0 req=1080x2280 d0
08-07 17:53:13.874   952  1163 V WindowManager: Relayout Window{e97b74c u0 Splash Screen com.example.lunchtray}: viewVisibility=0 req=1080x2280 d0
08-07 17:53:13.875   952  1409 V WindowManager: Relayout hash=72e35ce, pid=2001: mAttrs={(0,0)(fillxfill) sim={adjust=nothing} layoutInDisplayCutoutMode=shortEdges ty=BASE_APPLICATION fmt=TRANSPARENT wanim=0x10302f2
08-07 17:53:13.875   952  1409 V WindowManager:   fl=81910100
08-07 17:53:13.875   952  1409 V WindowManager:   pfl=1e020040
08-07 17:53:13.875   952  1409 V WindowManager:   vsysui=1700
08-07 17:53:13.875   952  1409 V WindowManager:   apr=LIGHT_STATUS_BARS LIGHT_NAVIGATION_BARS
08-07 17:53:13.875   952  1409 V WindowManager:   bhv=SHOW_TRANSIENT_BARS_BY_SWIPE
08-07 17:53:13.875   952  1409 V WindowManager:   fitSides= naviIconColor=0}
08-07 17:53:13.875   628  2111 I SurfaceFlinger: id=624670 createSurf (1080x2280),-3 flag=40004, Splash Screen com.example.lunchtray$_1411#0
08-07 17:53:13.875  2001  2001 I ViewRootImpl@67bf432[LauncherActivity]: Relayout returned: old=(0,0,1080,2280) new=(0,0,1080,2280) req=(1080,2280)0 dur=4 res=0x1 s={true 512220135776} ch=false fn=19
08-07 17:53:13.876   952  1163 V WindowManager: Relayout hash=e97b74c, pid=1411: mAttrs={(0,0)(fillxfill) sim={adjust=pan} ty=APPLICATION_STARTING fmt=TRANSLUCENT wanim=0x1030001
08-07 17:53:13.876   952  1163 V WindowManager:   fl=81030118
08-07 17:53:13.876   952  1163 V WindowManager:   pfl=36000010
08-07 17:53:13.876   952  1163 V WindowManager:   bhv=DEFAULT
08-07 17:53:13.876   952  1163 V WindowManager:   fitSides= naviIconColor=0}
08-07 17:53:13.877  1411  1558 I ViewRootImpl@ba06132[lunchtray]: Relayout returned: old=(0,0,1080,2280) new=(0,0,1080,2280) req=(1080,2280)0 dur=4 res=0x7 s={true 512224330096} ch=true fn=-1
08-07 17:53:13.877  1411  1640 D OpenGLRenderer: eglCreateWindowSurface
08-07 17:53:13.878  1411  1558 I ViewRootImpl@ba06132[lunchtray]: [DP] dp(1) 0 android.view.ViewRootImpl.reportNextDraw:11442 android.view.ViewRootImpl.performTraversals:4198 android.view.ViewRootImpl.doTraversal:2924
08-07 17:53:13.878  1411  1558 D ViewRootImpl@ba06132[lunchtray]: Creating frameDrawingCallback nextDrawUseBlastSync=false reportNextDraw=true hasBlurUpdates=false
08-07 17:53:13.878  1411  1558 D ViewRootImpl@ba06132[lunchtray]: Creating frameCompleteCallback
08-07 17:53:13.879  1411  2199 D ViewRootImpl@ba06132[lunchtray]: Received frameDrawingCallback frameNum=1. Creating transactionCompleteCallback=false
08-07 17:53:13.881   952  1034 I SemPersonaManager: SecureFolder personaId = 150
08-07 17:53:13.883   952  3366 D InputDispatcher: Focus left window (0): 72e35ce com.sec.android.app.launcher/com.sec.android.app.launcher.activities.LauncherActivity
08-07 17:53:13.884  2001  2001 I ViewRootImpl@67bf432[LauncherActivity]: MSG_WINDOW_FOCUS_CHANGED 0 1
08-07 17:53:13.884  2001  2001 I BaseActivity: removeActivityFlags, flags : 8
08-07 17:53:13.886  1411  1640 D ViewRootImpl@ba06132[lunchtray]: Received frameCompleteCallback  lastAcquiredFrameNum=1 lastAttemptedDrawFrameNum=1
08-07 17:53:13.886  7881  7881 D LifecycleMonitor: Lifecycle status change: androidx.test.core.app.InstrumentationActivityInvoker$BootstrapActivity@9dbcfe2 in: PRE_ON_CREATE
08-07 17:53:13.887  7881  7881 V ActivityScenario: Activity lifecycle changed event received but ignored because the intent does not match. startActivityIntent=Intent { act=android.intent.action.MAIN cat=[android.intent.category.LAUNCHER] cmp=com.example.lunchtray/.MainActivity }, activity.getIntent()=Intent { act=android.intent.action.MAIN cat=[android.intent.category.LAUNCHER] flg=0x10008000 cmp=com.example.lunchtray/androidx.test.core.app.InstrumentationActivityInvoker$BootstrapActivity (has extras) }, activity=androidx.test.core.app.InstrumentationActivityInvoker$BootstrapActivity@9dbcfe2
08-07 17:53:13.887  7881  7881 V ActivityScenario: Activity lifecycle changed event received but ignored because the intent does not match. startActivityIntent=Intent { act=android.intent.action.MAIN cat=[android.intent.category.LAUNCHER] cmp=com.example.lunchtray/.MainActivity }, activity.getIntent()=Intent { act=android.intent.action.MAIN cat=[android.intent.category.LAUNCHER] flg=0x10008000 cmp=com.example.lunchtray/androidx.test.core.app.InstrumentationActivityInvoker$BootstrapActivity (has extras) }, activity=androidx.test.core.app.InstrumentationActivityInvoker$BootstrapActivity@9dbcfe2
08-07 17:53:13.887  1411  1558 I ViewRootImpl@ba06132[lunchtray]: [DP] pdf(0) 0 android.view.ViewRootImpl.lambda$addFrameCompleteCallbackIfNeeded$3$ViewRootImpl:5000 android.view.ViewRootImpl$$ExternalSyntheticLambda16.run:6 android.os.Handler.handleCallback:938
08-07 17:53:13.887  1411  1558 I ViewRootImpl@ba06132[lunchtray]: [DP] rdf()
08-07 17:53:13.887  1411  1558 D ViewRootImpl@ba06132[lunchtray]: reportDrawFinished (fn: -1)
08-07 17:53:13.887  7881  7881 V ActivityScenario: Activity lifecycle changed event received but ignored because the intent does not match. startActivityIntent=Intent { act=android.intent.action.MAIN cat=[android.intent.category.LAUNCHER] cmp=com.example.lunchtray/.MainActivity }, activity.getIntent()=Intent { act=android.intent.action.MAIN cat=[android.intent.category.LAUNCHER] flg=0x10008000 cmp=com.example.lunchtray/androidx.test.core.app.InstrumentationActivityInvoker$BootstrapActivity (has extras) }, activity=androidx.test.core.app.InstrumentationActivityInvoker$BootstrapActivity@9dbcfe2
08-07 17:53:13.890  1411  1411 D FullscreenTaskListener: Fullscreen Task Appeared: #8208, caller=com.android.wm.shell.ShellTaskOrganizer.onTaskAppeared:387 com.android.wm.shell.ShellTaskOrganizer.onTaskAppeared:376 android.window.TaskOrganizer$1.lambda$onTaskAppeared$4$TaskOrganizer$1:297
08-07 17:53:13.891   628  2111 I SurfaceFlinger: id=624671 createSurf (0x0),-1 flag=24000, Surface(name=Task=1)/@0x71397ea - animation-leash of app_transition#0
08-07 17:53:13.893   628  2111 I SurfaceFlinger: id=624672 createSurf (0x0),-1 flag=24004, Surface(name=Task=8208)/@0xc98cbac - animation-leash of app_transition#0
08-07 17:53:13.895   628   641 I SurfaceFlinger: id=624673 createSurf (0x0),-1 flag=24000, Surface(name=cc3f67a StatusBar)/@0x6cfa557 - animation-leash of insets_animation#0
08-07 17:53:13.896   628  2111 I SurfaceFlinger: id=624674 createSurf (0x0),-1 flag=24000, Surface(name=5b03b71 NavigationBar0)/@0xbaf262 - animation-leash of insets_animation#0
08-07 17:53:13.898  1411  1558 D InsetsSourceConsumer: ensureControlAlpha: for ITYPE_NAVIGATION_BAR on Splash Screen com.example.lunchtray
08-07 17:53:13.899   628   628 I Layer   : id=624657 removeFromCurrentState Surface(name=cc3f67a StatusBar)/@0x6cfa557 - animation-leash of insets_animation#1 (133)
08-07 17:53:13.899   628   628 I Layer   : id=624658 removeFromCurrentState Surface(name=5b03b71 NavigationBar0)/@0xbaf262 - animation-leash of insets_animation#1 (133)
08-07 17:53:13.899  1411  1558 D InsetsSourceConsumer: ensureControlAlpha: for ITYPE_STATUS_BAR on Splash Screen com.example.lunchtray
08-07 17:53:13.899  2001  2001 I BadgeRenderer: Invalid count : 0
08-07 17:53:13.899  2001  2001 I BadgeRenderer: Invalid count : 0
08-07 17:53:13.902   628   963 I SurfaceFlinger: id=624658 Removed Surface(name=5b03b71 NavigationBar0)/@0xbaf262 - animation-leash of insets_animation#1 (133)
08-07 17:53:13.902   628   963 I SurfaceFlinger: id=624657 Removed Surface(name=cc3f67a StatusBar)/@0x6cfa557 - animation-leash of insets_animation#1 (133)
08-07 17:53:13.907   952  1034 D EnterpriseDeviceManagerService: isMdmAdminPresentInternal() : MDM Admin Found - com.samsung.knox.securefolder
08-07 17:53:13.908 24757 25275 I SAMSUNGWALLET: [Hint_ProcessStatusChange] fg Change, pid : 7881 , isNotify : true , isForeground : true , fg list : [2001, 7881]
08-07 17:53:13.908  1411  1411 D NavigationBar: onSystemBarAttributesChanged() -  displayId:0, appearance:0, navbarColorManagedByIme:false
08-07 17:53:13.909 24757 25074 I SAMSUNGWALLET: [ResetData] getSAResetDialogFlag : false
08-07 17:53:13.909  1411  1411 V Navbar.Store: handleEvent [EventType] GET_BOOL_REGION_SAMPLING_ENABLED [Module] LightBarController  KEYS_DEFAULT=false
08-07 17:53:13.909  1411  1411 V Navbar.Store: --[Band]COLOR_PACK_GET_REGION_SAMPLING_ENABLED
08-07 17:53:13.909  1411  1411 V Navbar.Store: ----getValue(BOOL_REGION_SAMPLING_ENABLED)=false
08-07 17:53:13.911 24757 25074 I SAMSUNGWALLET: [Hint_bxa] isHomePackageRunning topPkgName = com.example.lunchtray, topClsName = androidx.test.core.app.InstrumentationActivityInvoker$BootstrapActivity, return false , se : false
08-07 17:53:13.911  2001  6476 I TouchInteractionService: onSystemUiStateChanged, stateFlags : 131072
08-07 17:53:13.911  2001  2001 I TouchInteractionService: onSystemUiFlagsChanged, userUnlocked
08-07 17:53:13.912 24757 24757 I SAMSUNGWALLET: [Hint_PayHintService] Hint Status - HIDE : Home Package Not Running
08-07 17:53:13.912 24757 24757 I SemUiSupportService: getWindowAttributes()
08-07 17:53:13.912  1411  1411 D SecLightBarControlHelper: updateStatus(WHITE icon) NumLightStacks:0, NumStacks:1, IndexLightStack:-1, StatusBarMode:0, StatusBarState:SHD, NeedDarkFontFromWallpaper:false, isWhiteKeyguardStatusBarBySettings:false
08-07 17:53:13.915   628   628 E SurfaceFlinger: Attempt to update InputPolicyFlags without permission ACCESS_SURFACE_FLINGER
08-07 17:53:13.915   628   628 I Layer   : id=624657 Destroyed Surface(name=cc3f67a StatusBar)/@0x6cfa557 - animation-leash of insets_animation#1
08-07 17:53:13.915   952  2595 I MediaSessionMonitor: Media session stopped : controllerList empty
08-07 17:53:13.915   628   628 I Layer   : id=624658 Destroyed Surface(name=5b03b71 NavigationBar0)/@0xbaf262 - animation-leash of insets_animation#1
08-07 17:53:13.917  8085  8085 I Utils   : HomePackage : com.sec.android.app.launcher, resumePackageName : com.example.lunchtray
08-07 17:53:13.917   952  3370 V WindowManager: Relayout Window{82f2704 u0 com.samsung.android.spay.pay.HintService}: viewVisibility=8 req=521x63 d0
08-07 17:53:13.920   952  3370 V WindowManager: Relayout hash=82f2704, pid=24757: mAttrs={(0,0)(521x63) gr=BOTTOM CENTER sim={adjust=pan} layoutInDisplayCutoutMode=shortEdges ty=NAVIGATION_BAR_PANEL fmt=TRANSLUCENT
08-07 17:53:13.920   952  3370 V WindowManager:   fl=1800308
08-07 17:53:13.920   952  3370 V WindowManager:   pfl=12000000
08-07 17:53:13.920   952  3370 V WindowManager:   bhv=DEFAULT
08-07 17:53:13.920   952  3370 V WindowManager:   fitTypes=NAVIGATION_BARS
08-07 17:53:13.920   952  3370 V WindowManager:   fitSides=LEFT RIGHT naviIconColor=0}
08-07 17:53:13.920   628   628 D SurfaceFlinger: Display 0 HWC layers:
08-07 17:53:13.920   628   628 D SurfaceFlinger:      DEVICE | 0x78e3e0a3d0 | 0100 | RGBx_8888    |   50.0    0.0 1130.0 2280.0 |    0    0 1080 2280 | Wallpaper BBQ wrapper#0
08-07 17:53:13.920   628   628 D SurfaceFlinger:      DEVICE | 0x78e3e05630 | 0100 | RGBA_8888    |    0.0    0.0 1080.0 2280.0 |    0    0 1080 2280 | com.sec.android.app.launcher/com.sec[...].activities.LauncherActivity$_2001#0
08-07 17:53:13.920   628   628 D SurfaceFlinger:      DEVICE | 0x78e3e03110 | 0100 | RGBA_8888    |    0.0    0.0 1080.0 2280.0 |   76  159 1004 2121 | Splash Screen com.example.lunchtray$_1411#0
08-07 17:53:13.920   628   628 D SurfaceFlinger:      DEVICE | 0x78e3e0f170 | 0100 | RGBA_8888    |    0.0    0.0 1080.0  112.0 |    0    0 1080  112 | StatusBar$_1411#0
08-07 17:53:13.920   628   628 D SurfaceFlinger:      DEVICE | 0x78e3e1bd10 | 0100 | RGBA_8888    |    0.0    0.0   67.0  457.0 |    0  410   67  867 | com.samsung.android.app.cocktailbars[...]arservice.CocktailBarService$_8085#0
08-07 17:53:13.920   628   628 D SurfaceFlinger:      DEVICE | 0x78e3e00f50 | 0100 | RGBA_8888    |    0.0    0.0 1080.0  126.0 |    0 2154 1080 2280 | NavigationBar0$_1411#0
08-07 17:53:13.920   628   628 D SurfaceFlinger:      DEVICE | 0x78e3e1e6b0 | 0100 | RGBA_8888    |    0.0    0.0  521.0   63.0 |  279 2217  800 2280 | com.samsung.and
08-07 17:53:13.920   628   628 D SurfaceFlinger: roid.spay.pay.HintService$_24757#0
08-07 17:53:13.920   628   628 D SurfaceFlinger:
08-07 17:53:13.921   952  3370 V WindowManager: Relayout Window{13616e6 u0 NotificationShade}: viewVisibility=4 req=1080x2280 d0
08-07 17:53:13.922 24757 24757 I ViewRootImpl@2325f75[HintService]: Relayout returned: old=(279,2217,800,2280) new=(279,2217,800,2280) req=(521,63)8 dur=3 res=0x5 s={false 0} ch=true fn=2
08-07 17:53:13.922   952  3370 V WindowManager: Relayout hash=13616e6, pid=1411: mAttrs={(0,0)(fillxfill) gr=TOP CENTER_VERTICAL sim={adjust=resize} layoutInDisplayCutoutMode=always ty=2040 fmt=TRANSLUCENT
08-07 17:53:13.922   952  3370 V WindowManager:   fl=81840048
08-07 17:53:13.922   952  3370 V WindowManager:   pfl=1b000000
08-07 17:53:13.922   952  3370 V WindowManager:   bhv=SHOW_TRANSIENT_BARS_BY_SWIPE naviIconColor=0
08-07 17:53:13.922   952  3370 V WindowManager:   sfl=42000}
08-07 17:53:13.922   952  2550 W NetlinkSocket: maximum read
08-07 17:53:13.923  1411  1411 I ViewRootImpl@edc7ce0[NotificationShade]: Relayout returned: old=(0,0,1080,2280) new=(0,0,1080,2280) req=(1080,2280)4 dur=3 res=0x1 s={false 0} ch=false fn=-1
08-07 17:53:13.923  7881  7881 I DecorView: [INFO] isPopOver=false, config=true
08-07 17:53:13.923  7881  7881 I DecorView: updateCaptionType >> DecorView@b164e30[], isFloating=false, isApplication=true, hasWindowControllerCallback=true, hasWindowDecorCaption=false
08-07 17:53:13.924  7881  7881 D DecorView: setCaptionType = 0, this = DecorView@b164e30[]
08-07 17:53:13.927  7881  7881 I DecorView: getCurrentDensityDpi: from real metrics. densityDpi=420 msg=resources_loaded
08-07 17:53:13.927  1411  1411 D KeyguardBottomAreaShortcutView: updateCameraVisibility isCameraDisabled:false visible:true
08-07 17:53:13.928  1411  1411 D KeyguardUsimTextView: updateText(simState): READY
08-07 17:53:13.928  1411  1411 D KeyguardBottomAreaShortcutView: mIndicationArea margin start : 163, end : 163, bottom : 405
08-07 17:53:13.928  7881  7881 D LifecycleMonitor: Lifecycle status change: androidx.test.core.app.InstrumentationActivityInvoker$BootstrapActivity@9dbcfe2 in: CREATED
08-07 17:53:13.928  1411  1411 D QS      : setQSExpansion 0.0 -118.475
08-07 17:53:13.928  1411  1411 D QS      : setQSExpansion 0.0 -118.475
08-07 17:53:13.928  1411  1411 D MediaControlPanel: mActionButtonNumCollapsed = 3, mActionButtonNumExpand = 4
08-07 17:53:13.929  7881  7881 V ActivityScenario: Activity lifecycle changed event received but ignored because the intent does not match. startActivityIntent=Intent { act=android.intent.action.MAIN cat=[android.intent.category.LAUNCHER] cmp=com.example.lunchtray/.MainActivity }, activity.getIntent()=Intent { act=android.intent.action.MAIN cat=[android.intent.category.LAUNCHER] flg=0x10008000 cmp=com.example.lunchtray/androidx.test.core.app.InstrumentationActivityInvoker$BootstrapActivity (has extras) }, activity=androidx.test.core.app.InstrumentationActivityInvoker$BootstrapActivity@9dbcfe2
08-07 17:53:13.929  7881  7881 V ActivityScenario: Activity lifecycle changed event received but ignored because the intent does not match. startActivityIntent=Intent { act=android.intent.action.MAIN cat=[android.intent.category.LAUNCHER] cmp=com.example.lunchtray/.MainActivity }, activity.getIntent()=Intent { act=android.intent.action.MAIN cat=[android.intent.category.LAUNCHER] flg=0x10008000 cmp=com.example.lunchtray/androidx.test.core.app.InstrumentationActivityInvoker$BootstrapActivity (has extras) }, activity=androidx.test.core.app.InstrumentationActivityInvoker$BootstrapActivity@9dbcfe2
08-07 17:53:13.930  1411  1411 D IndicatorGardenInputProperty: updateRotation() prv:-1 >> new:0
08-07 17:53:13.930  1411  1411 D DeviceState: getDeviceResolutionPixelSize - currentDensity = 420 deviceDensity = 420 initialDisplaySizeFactor = 1440 currentDisplaySizeFactor = 1080 initialDisplayDensity = 560 proportionalDensity = 420 proportionalPixel = 66
08-07 17:53:13.930  1411  1411 D DeviceState: getDeviceResolutionPixelSize - currentDensity = 420 deviceDensity = 420 initialDisplaySizeFactor = 1440 currentDisplaySizeFactor = 1080 initialDisplayDensity = 560 proportionalDensity = 420 proportionalPixel = 27
08-07 17:53:13.930  1411  1411 D DeviceState: getDeviceResolutionPixelSize - currentDensity = 420 deviceDensity = 420 initialDisplaySizeFactor = 1440 currentDisplaySizeFactor = 1080 initialDisplayDensity = 560 proportionalDensity = 420 proportionalPixel = 24
08-07 17:53:13.930  7881  7881 V ActivityScenario: Activity lifecycle changed event received but ignored because the intent does not match. startActivityIntent=Intent { act=android.intent.action.MAIN cat=[android.intent.category.LAUNCHER] cmp=com.example.lunchtray/.MainActivity }, activity.getIntent()=Intent { act=android.intent.action.MAIN cat=[android.intent.category.LAUNCHER] flg=0x10008000 cmp=com.example.lunchtray/androidx.test.core.app.InstrumentationActivityInvoker$BootstrapActivity (has extras) }, activity=androidx.test.core.app.InstrumentationActivityInvoker$BootstrapActivity@9dbcfe2
08-07 17:53:13.932   628   628 I Layer   : id=624665 removeFromCurrentState com.samsung.android.spay.pay.HintService$_24757#0 (131)
08-07 17:53:13.932   628   628 I SurfaceFlinger: id=624665 Removed com.samsung.android.spay.pay.HintService$_24757#0 (131)
08-07 17:53:13.933  7881  7881 D LifecycleMonitor: Lifecycle status change: androidx.test.core.app.InstrumentationActivityInvoker$BootstrapActivity@9dbcfe2 in: STARTED
08-07 17:53:13.934   628   628 I Layer   : id=624665 Destroyed com.samsung.android.spay.pay.HintService$_24757#0
08-07 17:53:13.934  7881  7881 V ActivityScenario: Activity lifecycle changed event received but ignored because the intent does not match. startActivityIntent=Intent { act=android.intent.action.MAIN cat=[android.intent.category.LAUNCHER] cmp=com.example.lunchtray/.MainActivity }, activity.getIntent()=Intent { act=android.intent.action.MAIN cat=[android.intent.category.LAUNCHER] flg=0x10008000 cmp=com.example.lunchtray/androidx.test.core.app.InstrumentationActivityInvoker$BootstrapActivity (has extras) }, activity=androidx.test.core.app.InstrumentationActivityInvoker$BootstrapActivity@9dbcfe2
08-07 17:53:13.935  7881  7881 V ActivityScenario: Activity lifecycle changed event received but ignored because the intent does not match. startActivityIntent=Intent { act=android.intent.action.MAIN cat=[android.intent.category.LAUNCHER] cmp=com.example.lunchtray/.MainActivity }, activity.getIntent()=Intent { act=android.intent.action.MAIN cat=[android.intent.category.LAUNCHER] flg=0x10008000 cmp=com.example.lunchtray/androidx.test.core.app.InstrumentationActivityInvoker$BootstrapActivity (has extras) }, activity=androidx.test.core.app.InstrumentationActivityInvoker$BootstrapActivity@9dbcfe2
08-07 17:53:13.935  1411  1411 D MediaControlPanel: mActionButtonNumCollapsed = 3, mActionButtonNumExpand = 4
08-07 17:53:13.935   628   628 D SurfaceFlinger: Display 0 HWC layers:
08-07 17:53:13.935   628   628 D SurfaceFlinger:      DEVICE | 0x78e3e0a3d0 | 0100 | RGBx_8888    |   50.0    0.0 1130.0 2280.0 |    0    0 1080 2280 | Wallpaper BBQ wrapper#0
08-07 17:53:13.935   628   628 D SurfaceFlinger:      DEVICE | 0x78e3e05630 | 0100 | RGBA_8888    |    0.0    0.0 1080.0 2280.0 |    0    0 1080 2280 | com.sec.android.app.launcher/com.sec[...].activities.LauncherActivity$_2001#0
08-07 17:53:13.935   628   628 D SurfaceFlinger:      DEVICE | 0x78e3e03110 | 0100 | RGBA_8888    |    0.0    0.0 1080.0 2280.0 |   67  142 1013 2138 | Splash Screen com.example.lunchtray$_1411#0
08-07 17:53:13.935   628   628 D SurfaceFlinger:      DEVICE | 0x78e3dfd3b0 | 0100 | RGBA_8888    |    0.0    0.0 1080.0  112.0 |    0    0 1080  112 | StatusBar$_1411#0
08-07 17:53:13.935   628   628 D SurfaceFlinger:      DEVICE | 0x78e3e1bd10 | 0100 | RGBA_8888    |    0.0    0.0   67.0  457.0 |    0  410   67  867 | com.samsung.android.app.cocktailbars[...]arservice.CocktailBarService$_8085#0
08-07 17:53:13.935   628   628 D SurfaceFlinger:      DEVICE | 0x78e3e02930 | 0100 | RGBA_8888    |    0.0    0.0 1080.0  126.0 |    0 2154 1080 2280 | NavigationBar0$_1411#0
08-07 17:53:13.935   628   628 D SurfaceFlinger:
08-07 17:53:13.936  7881  7881 V ActivityScenario: Activity lifecycle changed event received but ignored because the intent does not match. startActivityIntent=Intent { act=android.intent.action.MAIN cat=[android.intent.category.LAUNCHER] cmp=com.example.lunchtray/.MainActivity }, activity.getIntent()=Intent { act=android.intent.action.MAIN cat=[android.intent.category.LAUNCHER] flg=0x10008000 cmp=com.example.lunchtray/androidx.test.core.app.InstrumentationActivityInvoker$BootstrapActivity (has extras) }, activity=androidx.test.core.app.InstrumentationActivityInvoker$BootstrapActivity@9dbcfe2
08-07 17:53:13.939   628   642 I SurfaceFlinger: id=624675 createSurf (0x0),-1 flag=80004, ActivityRecord{b6befd3 u0 com.example.lunchtray/.MainActivity t8208}#0
08-07 17:53:13.942  1411  4678 I ViewRootImpl@ba06132[lunchtray]: Resizing android.view.ViewRootImpl@dac7ef5: frame=[0,0][1080,2280] reportDraw=false forceLayout=false backDropFrame=Rect(0, 0 - 1080, 2280)
08-07 17:53:13.942  1411  1558 I ViewRootImpl@ba06132[lunchtray]: handleResized, msg = 4 frames=ClientWindowFrames{frame=[0,0][1080,2280] display=[0,0][1080,2280] backdrop=[0,0][1080,2280]} forceNextWindowRelayout=false displayId=0 frameChanged=false backdropFrameChanged=false configChanged=false displayChanged=false mNextDrawUseBlastSync=false mergedConfiguration={mGlobalConfig={1.1 450mcc8mnc [ko_KR,en_US] ldltr sw411dp w411dp h777dp 420dpi nrml long port finger -keyb/v/h -nav/h winConfig={ mBounds=Rect(0, 0 - 1080, 2280) mAppBounds=Rect(0, 112 - 1080, 2154) mMaxBounds=Rect(0, 0 - 1080, 2280) mWindowingMode=fullscreen mDisplayWindowingMode=fullscreen mActivityType=undefined mAlwaysOnTop=undefined mRotation=ROTATION_0 mPopOver=undefined mFreeformTaskPinningState=undefined} as.76 s.53109 fontWeightAdjustment=0 ff=0 bf=0 bts=0 desktop/d dm/n ?dc ?dcui ?dcaf enb/d themeSeq=0} mOverrideConfig={1.1 450mcc8mnc [ko_KR,en_US] ldltr sw411dp w411dp h777dp 420dpi nrml long port finger -keyb/v/h -nav/h winConfig={ mBounds=Rect(0, 0 - 1080, 2280) mAppBounds=Rect(0, 112 - 1080, 2154) mMaxBounds=Rect(0, 0 - 1080, 2280) mWindowingMode=fullscreen mDisplayWindowingMode=fullscreen mActivityType=standard mAlwaysOnTop=undefined mRotation=ROTATION_0 mPopOver=off mFreeformTaskPinningState=unpinned} as.76 s.1 fontWeightAdjustment=0 ff=0 bf=0 bts=0 desktop/d dm/n dc/d ?dcui ?dcaf enb/d themeSeq=0}}
08-07 17:53:13.943   952  2550 W NetlinkSocket: maximum read
08-07 17:53:13.942  7881  7881 D LifecycleMonitor: Lifecycle status change: androidx.test.core.app.InstrumentationActivityInvoker$BootstrapActivity@9dbcfe2 in: RESUMED
08-07 17:53:13.943   952  1034 D PersonaActivityHelper: Activity not in resumed state, do not run immediate lock
08-07 17:53:13.943  7881  7881 V ActivityScenario: Activity lifecycle changed event received but ignored because the intent does not match. startActivityIntent=Intent { act=android.intent.action.MAIN cat=[android.intent.category.LAUNCHER] cmp=com.example.lunchtray/.MainActivity }, activity.getIntent()=Intent { act=android.intent.action.MAIN cat=[android.intent.category.LAUNCHER] flg=0x10008000 cmp=com.example.lunchtray/androidx.test.core.app.InstrumentationActivityInvoker$BootstrapActivity (has extras) }, activity=androidx.test.core.app.InstrumentationActivityInvoker$BootstrapActivity@9dbcfe2
08-07 17:53:13.944  7881  7881 V ActivityScenario: Activity lifecycle changed event received but ignored because the intent does not match. startActivityIntent=Intent { act=android.intent.action.MAIN cat=[android.intent.category.LAUNCHER] cmp=com.example.lunchtray/.MainActivity }, activity.getIntent()=Intent { act=android.intent.action.MAIN cat=[android.intent.category.LAUNCHER] flg=0x10008000 cmp=com.example.lunchtray/androidx.test.core.app.InstrumentationActivityInvoker$BootstrapActivity (has extras) }, activity=androidx.test.core.app.InstrumentationActivityInvoker$BootstrapActivity@9dbcfe2
08-07 17:53:13.945  7881  7881 V ActivityScenario: Activity lifecycle changed event received but ignored because the intent does not match. startActivityIntent=Intent { act=android.intent.action.MAIN cat=[android.intent.category.LAUNCHER] cmp=com.example.lunchtray/.MainActivity }, activity.getIntent()=Intent { act=android.intent.action.MAIN cat=[android.intent.category.LAUNCHER] flg=0x10008000 cmp=com.example.lunchtray/androidx.test.core.app.InstrumentationActivityInvoker$BootstrapActivity (has extras) }, activity=androidx.test.core.app.InstrumentationActivityInvoker$BootstrapActivity@9dbcfe2
08-07 17:53:13.947  7881  7881 D LifecycleMonitor: Lifecycle status change: androidx.test.core.app.InstrumentationActivityInvoker$BootstrapActivity@9dbcfe2 in: PAUSED
08-07 17:53:13.947  7881  7881 V ActivityScenario: Activity lifecycle changed event received but ignored because the intent does not match. startActivityIntent=Intent { act=android.intent.action.MAIN cat=[android.intent.category.LAUNCHER] cmp=com.example.lunchtray/.MainActivity }, activity.getIntent()=Intent { act=android.intent.action.MAIN cat=[android.intent.category.LAUNCHER] flg=0x10008000 cmp=com.example.lunchtray/androidx.test.core.app.InstrumentationActivityInvoker$BootstrapActivity (has extras) }, activity=androidx.test.core.app.InstrumentationActivityInvoker$BootstrapActivity@9dbcfe2
08-07 17:53:13.947  7881  7881 V ActivityScenario: Activity lifecycle changed event received but ignored because the intent does not match. startActivityIntent=Intent { act=android.intent.action.MAIN cat=[android.intent.category.LAUNCHER] cmp=com.example.lunchtray/.MainActivity }, activity.getIntent()=Intent { act=android.intent.action.MAIN cat=[android.intent.category.LAUNCHER] flg=0x10008000 cmp=com.example.lunchtray/androidx.test.core.app.InstrumentationActivityInvoker$BootstrapActivity (has extras) }, activity=androidx.test.core.app.InstrumentationActivityInvoker$BootstrapActivity@9dbcfe2
08-07 17:53:13.947  7881  7881 V ActivityScenario: Activity lifecycle changed event received but ignored because the intent does not match. startActivityIntent=Intent { act=android.intent.action.MAIN cat=[android.intent.category.LAUNCHER] cmp=com.example.lunchtray/.MainActivity }, activity.getIntent()=Intent { act=android.intent.action.MAIN cat=[android.intent.category.LAUNCHER] flg=0x10008000 cmp=com.example.lunchtray/androidx.test.core.app.InstrumentationActivityInvoker$BootstrapActivity (has extras) }, activity=androidx.test.core.app.InstrumentationActivityInvoker$BootstrapActivity@9dbcfe2
08-07 17:53:13.957   952  3370 D InputDispatcher: Focused application set to (0): b6befd3
08-07 17:53:13.962   952  1034 I SemPersonaManager: SecureFolder personaId = 150
08-07 17:53:13.968  7881  7881 D LifecycleMonitor: Lifecycle status change: com.example.lunchtray.MainActivity@428b865 in: PRE_ON_CREATE
08-07 17:53:13.969  7881  7881 V ActivityScenario: Activity lifecycle changed event received but ignored because the reported transition was not ON_CREATE while the last known transition was DESTROYED
08-07 17:53:13.969   952  1307 D SemNscXgbMsL1: Probability - Cloud gaming: [0.06149397]
08-07 17:53:13.969  7881  7881 V ActivityScenario: Activity lifecycle changed event received but ignored because the reported transition was not ON_CREATE while the last known transition was DESTROYED
08-07 17:53:13.970   952  1307 D SemNscXgbMsL1: Probability - Real time: [0.1043271]
08-07 17:53:13.970   952  1307 D SemNscXgbMsL1: Probability - Non real time: [0.9490234]
08-07 17:53:13.970   952  1307 D SemNscXgbMsL1: 1 sample inference time: 0.576885 msecs
08-07 17:53:13.970  7881  7881 V ActivityScenario: Activity lifecycle changed event received but ignored because the reported transition was not ON_CREATE while the last known transition was PRE_ON_CREATE
08-07 17:53:13.971   952  1307 D SemNscXgbL2Rt: L2 RT 1 sample inference time: 1.136231 msecs
08-07 17:53:13.972   952  1307 D SemNscXgbL2Nrt: L2 NRT 1 sample inference time: 0.794731 msecs
08-07 17:53:13.981  7881  7881 I DecorView: [INFO] isPopOver=false, config=true
08-07 17:53:13.981  7881  7881 I DecorView: updateCaptionType >> DecorView@5a36866[], isFloating=false, isApplication=true, hasWindowControllerCallback=true, hasWindowDecorCaption=false
08-07 17:53:13.981  7881  7881 D DecorView: setCaptionType = 0, this = DecorView@5a36866[]
08-07 17:53:13.982   952  1034 D EnterpriseDeviceManagerService: isMdmAdminPresentInternal() : MDM Admin Found - com.samsung.knox.securefolder
08-07 17:53:13.982  7881  7881 I DecorView: getCurrentDensityDpi: from real metrics. densityDpi=420 msg=resources_loaded
08-07 17:53:13.985  8085  8085 I Utils   : HomePackage : com.sec.android.app.launcher, resumePackageName : com.example.lunchtray
08-07 17:53:13.986   952  2595 I MediaSessionMonitor: Media session stopped : controllerList empty
08-07 17:53:13.989   952  2550 W NetlinkSocket: maximum read
08-07 17:53:13.991  7881  7881 D LifecycleMonitor: Lifecycle status change: com.example.lunchtray.MainActivity@428b865 in: CREATED
08-07 17:53:13.992  7881  7881 V ActivityScenario: Update currentActivityStage to CREATED, currentActivity=com.example.lunchtray.MainActivity@428b865
08-07 17:53:13.992  7881  7881 V ActivityScenario: Update currentActivityStage to CREATED, currentActivity=com.example.lunchtray.MainActivity@428b865
08-07 17:53:13.992  7881  7881 V ActivityScenario: Update currentActivityStage to CREATED, currentActivity=com.example.lunchtray.MainActivity@428b865
08-07 17:53:14.000  7881  7881 D LifecycleMonitor: Lifecycle status change: com.example.lunchtray.MainActivity@428b865 in: STARTED
08-07 17:53:14.001  7881  7881 V ActivityScenario: Update currentActivityStage to STARTED, currentActivity=com.example.lunchtray.MainActivity@428b865
08-07 17:53:14.001  7881  7881 V ActivityScenario: Update currentActivityStage to STARTED, currentActivity=com.example.lunchtray.MainActivity@428b865
08-07 17:53:14.001  7881  7881 V ActivityScenario: Update currentActivityStage to STARTED, currentActivity=com.example.lunchtray.MainActivity@428b865
08-07 17:53:14.002  7881  7881 D LifecycleMonitor: Lifecycle status change: com.example.lunchtray.MainActivity@428b865 in: RESUMED
08-07 17:53:14.002  7881  7881 V ActivityScenario: Update currentActivityStage to RESUMED, currentActivity=com.example.lunchtray.MainActivity@428b865
08-07 17:53:14.003  7881  7881 V ActivityScenario: Update currentActivityStage to RESUMED, currentActivity=com.example.lunchtray.MainActivity@428b865
08-07 17:53:14.003  7881  7881 V ActivityScenario: Update currentActivityStage to RESUMED, currentActivity=com.example.lunchtray.MainActivity@428b865
08-07 17:53:14.007   952  3348 D InputTransport: Input channel constructed: '935aed4', fd=1914
08-07 17:53:14.007   952  3348 D InputTransport: Input channel constructed: '935aed4', fd=1952
08-07 17:53:14.007   952  3348 D InputTransport: Input channel constructed: '935aed4', fd=1973
08-07 17:53:14.007   628   963 I SurfaceFlinger: id=624676 createSurf (0x0),-1 flag=80004, 935aed4 com.example.lunchtray/com.example.lunchtray.MainActivity#0
08-07 17:53:14.007   952  3348 D InputTransport: Input channel destroyed: '935aed4', fd=1973
08-07 17:53:14.009  7881  7881 I ViewRootImpl@8fb427c[MainActivity]: setView = com.android.internal.policy.DecorView@5a36866 TM=true
08-07 17:53:14.010   952  1095 D AnalyticsContainerHandler: handleMessage : { when=0 what=1 target=com.android.server.knox.KnoxAnalyticsContainer$AnalyticsHandler }
08-07 17:53:14.022   952  3348 V WindowManager: Relayout Window{935aed4 u0 com.example.lunchtray/com.example.lunchtray.MainActivity}: viewVisibility=0 req=1080x2280 d0
08-07 17:53:14.022   628   641 I SurfaceFlinger: id=624677 createSurf (1x1),-3 flag=40004, com.example.lunchtray/com.example.lunchtray.MainActivity$_7881#0
08-07 17:53:14.024   628   641 I SurfaceFlinger: id=624678 createSurf (0x0),-1 flag=24000, Surface(name=cc3f67a StatusBar)/@0x6cfa557 - animation-leash of insets_animation#1
08-07 17:53:14.025   628   641 I SurfaceFlinger: id=624679 createSurf (0x0),-1 flag=24000, Surface(name=5b03b71 NavigationBar0)/@0xbaf262 - animation-leash of insets_animation#1
08-07 17:53:14.027   952  3348 V WindowManager: Relayout hash=935aed4, pid=7881: mAttrs={(0,0)(fillxfill) sim={adjust=pan forwardNavigation} ty=BASE_APPLICATION wanim=0x1030303
08-07 17:53:14.027   952  3348 V WindowManager:   fl=81810100
08-07 17:53:14.027   952  3348 V WindowManager:   pfl=12020040
08-07 17:53:14.027   952  3348 V WindowManager:   apr=LIGHT_NAVIGATION_BARS
08-07 17:53:14.027   952  3348 V WindowManager:   bhv=DEFAULT
08-07 17:53:14.027   952  3348 V WindowManager:   fitSides= naviIconColor=0
08-07 17:53:14.027   952  3348 V WindowManager:   sfl=100000}
08-07 17:53:14.029  7881  7881 I ViewRootImpl@8fb427c[MainActivity]: Relayout returned: old=(0,0,1080,2280) new=(0,0,1080,2280) req=(1080,2280)0 dur=7 res=0x7 s={true 512217371536} ch=true fn=-1
08-07 17:53:14.030  7881  7915 D OpenGLRenderer: eglCreateWindowSurface
08-07 17:53:14.032  7881  7881 I ViewRootImpl@8fb427c[MainActivity]: [DP] dp(1) 1 android.view.ViewRootImpl.reportNextDraw:11442 android.view.ViewRootImpl.performTraversals:4198 android.view.ViewRootImpl.doTraversal:2924
08-07 17:53:14.032  7881  7881 D ViewRootImpl@8fb427c[MainActivity]: Creating frameDrawingCallback nextDrawUseBlastSync=false reportNextDraw=true hasBlurUpdates=false
08-07 17:53:14.032  7881  7881 D ViewRootImpl@8fb427c[MainActivity]: Creating frameCompleteCallback
08-07 17:53:14.038  7881  7930 D ViewRootImpl@8fb427c[MainActivity]: Received frameDrawingCallback frameNum=1. Creating transactionCompleteCallback=false
08-07 17:53:14.039  7881  7915 D ViewRootImpl@8fb427c[MainActivity]: Received frameCompleteCallback  lastAcquiredFrameNum=1 lastAttemptedDrawFrameNum=1
08-07 17:53:14.040  7881  7881 I ViewRootImpl@8fb427c[MainActivity]: [DP] pdf(0) 1 android.view.ViewRootImpl.lambda$addFrameCompleteCallbackIfNeeded$3$ViewRootImpl:5000 android.view.ViewRootImpl$$ExternalSyntheticLambda16.run:6 android.os.Handler.handleCallback:938
08-07 17:53:14.040  7881  7881 I ViewRootImpl@8fb427c[MainActivity]: [DP] rdf()
08-07 17:53:14.040  7881  7881 D ViewRootImpl@8fb427c[MainActivity]: reportDrawFinished (fn: -1)
08-07 17:53:14.042   952  1031 I PkgPredictorService-SecIpmManagerServiceImpl: reportToNAP uid:10704 com.example.lunchtray/com.example.lunchtray.MainActivity thisTime:189
08-07 17:53:14.043   628   642 I SurfaceFlinger: id=624680 createSurf (0x0),-1 flag=24000, Surface(name=935aed4 com.example.lunchtray/com.example.lunchtray.MainActivity)/@0x24c891f - animation-leash of starting_reveal#0
08-07 17:53:14.044   952  1031 I ActivityTaskManager: Displayed com.example.lunchtray/.MainActivity: +189ms
08-07 17:53:14.044  2654  2654 E pageboostd: Received HALT command code 2
08-07 17:53:14.044  7881  7881 D InsetsSourceConsumer: ensureControlAlpha: for ITYPE_NAVIGATION_BAR on com.example.lunchtray/com.example.lunchtray.MainActivity
08-07 17:53:14.045  7881  7881 D InsetsSourceConsumer: ensureControlAlpha: for ITYPE_STATUS_BAR on com.example.lunchtray/com.example.lunchtray.MainActivity
08-07 17:53:14.046  7881  7881 D RootViewPicker: Root not ready - waiting: 10ms for one to appear.
08-07 17:53:14.047   952  3348 I SemDvfsHyPerManager: acquire hyper - AMS_RESUME_TAIL/952@18, type = -999
08-07 17:53:14.047   952  3348 I SemDvfsHyPerManager: acquire hyper - AMS_ACT_LAZY/952@19, type = -999
08-07 17:53:14.047   568   614 I HYPER-HAL: [RequestManager.cpp]acquire(): Acquired ID : 470953  [952 / 18]    HINT : AMS_RESUME_TAIL    list :
08-07 17:53:14.047   534   541 E statsd  : Predicate -7037417284711607308 dropping data for dimension key (10)0x2010101->10704[I] (10)0x30000->*launch*[S]
08-07 17:53:14.048   534   541 E statsd  : Predicate 5980654721335871649 dropping data for dimension key (10)0x2010101->10704[I] (10)0x30000->*launch*[S]
08-07 17:53:14.048   568   614 I HYPER-HAL: [RequestManager.cpp]releaseLocked(): Released ID : 469012
08-07 17:53:14.049   628   628 I Layer   : id=624673 removeFromCurrentState Surface(name=cc3f67a StatusBar)/@0x6cfa557 - animation-leash of insets_animation#0 (136)
08-07 17:53:14.049   628   628 I Layer   : id=624674 removeFromCurrentState Surface(name=5b03b71 NavigationBar0)/@0xbaf262 - animation-leash of insets_animation#0 (136)
08-07 17:53:14.050   628   628 E SurfaceFlinger: Attempt to update InputPolicyFlags without permission ACCESS_SURFACE_FLINGER
08-07 17:53:14.050   628   628 I SurfaceFlinger: id=624673 Removed Surface(name=cc3f67a StatusBar)/@0x6cfa557 - animation-leash of insets_animation#0 (136)
08-07 17:53:14.050   628   628 I SurfaceFlinger: id=624674 Removed Surface(name=5b03b71 NavigationBar0)/@0xbaf262 - animation-leash of insets_animation#0 (136)
08-07 17:53:14.050   628   628 I Layer   : id=624673 Destroyed Surface(name=cc3f67a StatusBar)/@0x6cfa557 - animation-leash of insets_animation#0
08-07 17:53:14.050   628   628 I Layer   : id=624674 Destroyed Surface(name=5b03b71 NavigationBar0)/@0xbaf262 - animation-leash of insets_animation#0
08-07 17:53:14.050  1411  2198 I ViewRootImpl@ba06132[lunchtray]: mWNT: t = android.view.SurfaceControl$Transaction@5058afb fN = 2 android.view.SyncRtSurfaceTransactionApplier.applyTransaction:94 android.view.SyncRtSurfaceTransactionApplier.lambda$scheduleApply$0$SyncRtSurfaceTransactionApplier:71 android.view.SyncRtSurfaceTransactionApplier$$ExternalSyntheticLambda0.onFrameDraw:4
08-07 17:53:14.050  1411  2198 I ViewRootImpl@ba06132[lunchtray]: mWNT: merge t to BBQ
08-07 17:53:14.051  1411  2198 I ViewRootImpl@ba06132[lunchtray]: mWNT: t = android.view.SurfaceControl$Transaction@cd6d718 fN = 2 android.view.SyncRtSurfaceTransactionApplier.applyTransaction:94 android.view.SyncRtSurfaceTransactionApplier.lambda$scheduleApply$0$SyncRtSurfaceTransactionApplier:71 android.view.SyncRtSurfaceTransactionApplier$$ExternalSyntheticLambda0.onFrameDraw:4
08-07 17:53:14.051  1411  2198 I ViewRootImpl@ba06132[lunchtray]: mWNT: merge t to BBQ
08-07 17:53:14.052   952  3348 D InputDispatcher: Focus entered window (0): 935aed4 com.example.lunchtray/com.example.lunchtray.MainActivity
08-07 17:53:14.052  7881  7881 I ViewRootImpl@8fb427c[MainActivity]: MSG_WINDOW_FOCUS_CHANGED 1 1
08-07 17:53:14.057  7881  7881 D InputMethodManager: startInputInner - Id : 0
08-07 17:53:14.057  7881  7881 I InputMethodManager: startInputInner - mService.startInputOrWindowGainedFocus
08-07 17:53:14.057   628   628 D SurfaceFlinger: Display 0 HWC layers:
08-07 17:53:14.057   628   628 D SurfaceFlinger:      DEVICE | 0x78e3e0a3d0 | 0100 | RGBx_8888    |   50.0    0.0 1130.0 2280.0 |    0    0 1080 2280 | Wallpaper BBQ wrapper#0
08-07 17:53:14.057   628   628 D SurfaceFlinger:      DEVICE | 0x78e3e05630 | 0100 | RGBA_8888    |    0.0    0.0 1080.0 2280.0 |    0    0 1080 2280 | com.sec.android.app.launcher/com.sec[...].activities.LauncherActivity$_2001#0
08-07 17:53:14.057   628   628 D SurfaceFlinger:      DEVICE | 0x78e3dfb310 | 0102 | RGBA_8888    |    0.0    0.0 1080.0 2280.0 |   18   38 1062 2242 | com.example.lunchtray/com.example.lunchtray.MainActivity$_7881#0
08-07 17:53:14.057   628   628 D SurfaceFlinger:      DEVICE | 0x78e3e03110 | 0100 | RGBA_8888    |    0.0    0.0 1080.0 2280.0 |   18   38 1062 2242 | Splash Screen com.example.lunchtray$_1411#0
08-07 17:53:14.057   628   628 D SurfaceFlinger:      DEVICE | 0x78e3e110f0 | 0100 | RGBA_8888    |    0.0    0.0 1080.0  112.0 |    0    0 1080  112 | StatusBar$_1411#0
08-07 17:53:14.057   628   628 D SurfaceFlinger:      DEVICE | 0x78e3e1bd10 | 0100 | RGBA_8888    |    0.0    0.0   67.0  457.0 |    0  410   67  867 | com.samsung.android.app.cocktailbars[...]arservice.CocktailBarService$_8085#0
08-07 17:53:14.057   628   628 D SurfaceFlinger:      DEVICE | 0x78e3e19b50 | 0100 | RGBA_8888    |    0.0    0.0 1080.0  126
08-07 17:53:14.057   628   628 D SurfaceFlinger: .0 |    0 2154 1080 2280 | NavigationBar0$_1411#0
08-07 17:53:14.057   628   628 D SurfaceFlinger:
08-07 17:53:14.058   952  3348 D InputMethodManagerService: DESKTOP MODE! : 2
08-07 17:53:14.058   952  3348 D InputMethodManagerService: NOT IN KNOX DESKTOP MODE!
08-07 17:53:14.058   952  3348 V InputMethodManagerService: getDisplayIdOfInputMethodWindowToBeAdded : 0
08-07 17:53:14.058   952  3348 D InputMethodManagerService: checkDisplayOfStartInputAndUpdateKeyboard display Id 0last 0
08-07 17:53:14.058   952  3348 D InputTransport: Input channel constructed: 'ClientS', fd=1973
08-07 17:53:14.058   952  3348 D InputTransport: Input channel destroyed: 'ClientS', fd=1973
08-07 17:53:14.060  6011  6011 I HBD     : HoneyBoardService onFinishInput
08-07 17:53:14.060   628  2111 I SurfaceFlinger: id=624681 createSurf (0x0),-1 flag=24004, Surface(name=7cc30f4 InputMethod)/@0xe76f292 - animation-leash of insets_animation#1
08-07 17:53:14.060  6011  6011 I HBD     : a IC have been unbinding,  InputConnectionWrapper{idHash=#6804b8f mMissingMethods=}
08-07 17:53:14.060  6011  6011 I HBD     : HoneyBoardService [PF_CL][onFinishInput]  357461 ns
08-07 17:53:14.060  6011  6011 I HBD     : HoneyBoardService [IMI] onStartInput - caller pid : 7881 , caller uid : 10704
08-07 17:53:14.060  6011  6011 I HBD     : j updateConfigs
08-07 17:53:14.060  6011  6011 I HBD     : j isEnabledNightMode : false
08-07 17:53:14.060  6011  6011 I HBD     : a IC have been binding, InputConnectionWrapper{idHash=#a6d1a25 mMissingMethods=}
08-07 17:53:14.061  6011  6011 I HBD     : h [EditorInputType]setPrivateImeOptionsToTable privateImeOptions ( null )
08-07 17:53:14.061  6011  6011 I HBD     : b incognitoMode : false
08-07 17:53:14.061  6011  6011 I HBD     : a needOff = true , isForceOff = false, isNullInputClass : true
08-07 17:53:14.061  6011  6011 I HBD     : h getDefaultInputRange : UNKNOWN
08-07 17:53:14.061  6011  6011 I HBD     : h getDefaultInputRange : UNKNOWN
08-07 17:53:14.061  6011  6011 I HBD     : h getDefaultInputRange : UNKNOWN
08-07 17:53:14.061   952  3370 D DARUtil : Device owner status not updated yet...
08-07 17:53:14.061   952  3370 D DARUtil : Not an enterprise user : 0
08-07 17:53:14.061   952  3370 D DARUtil : Device owner status not updated yet...
08-07 17:53:14.061   952  3370 D DARUtil : Not an enterprise user : 0
08-07 17:53:14.063  2001 19839 I RecentModel: onTaskStackChangedBackground
