08-07 17:53:10.992   568   614 I HYPER-HAL: [RequestManager.cpp]acquire(): Acquired ID : 5562804  [3311 / 24]    HINT :      list : [TABoost / 20] [TIMEOUT / 1500]
08-07 17:53:10.992   952  1032 I GestureDetector: obtain mCurrentDownEvent. id: -830703326 caller: com.android.server.wm.SystemGesturesPointerEventListener.onPointerEvent:179 com.android.server.wm.PointerEventDispatcher.onInputEvent:71 android.view.InputEventReceiver.dispatchInputEvent:259
08-07 17:53:10.993   952  1032 I GestureDetector: obtain mCurrentDownEvent. id: -830703326 caller: com.android.server.wm.SystemPerformancePointerEventListener.onPointerEvent:89 com.android.server.wm.PointerEventDispatcher.onInputEvent:71 android.view.InputEventReceiver.dispatchInputEvent:259
08-07 17:53:10.993  7881  7881 I ViewRootImpl@3c912ad[MainActivity]: ViewPostIme pointer 0
08-07 17:53:10.993  3311  3311 I SemDvfsHyPerManager: acquire hyper - BaseTABoost/3311@22, type = 1090523139
08-07 17:53:10.993  3311  3311 I SemDvfsHyPerManager: acquire hyper - BaseTAToouchBoost/3311@24, type = 1090523139
08-07 17:53:10.993   568   614 I HYPER-HAL: [RequestManager.cpp]acquire(): Acquired ID : 5556133  [3311 / 22]    HINT :      list : [TABoost / 5]
08-07 17:53:10.993   568   614 I HYPER-HAL: [RequestManager.cpp]acquire(): Acquired ID : 5562804  [3311 / 24]    HINT :      list : [TABoost / 20] [TIMEOUT / 1500]
08-07 17:53:11.002   628   628 E SurfaceFlinger: Attempt to update InputPolicyFlags without permission ACCESS_SURFACE_FLINGER
08-07 17:53:11.004  1411  2198 I ViewRootImpl@f94ab3b[lunchtray]: mWNT: t = android.view.SurfaceControl$Transaction@2d3c79c fN = 4 android.view.SyncRtSurfaceTransactionApplier.applyTransaction:94 android.view.SyncRtSurfaceTransactionApplier.lambda$scheduleApply$0$SyncRtSurfaceTransactionApplier:71 android.view.SyncRtSurfaceTransactionApplier$$ExternalSyntheticLambda0.onFrameDraw:4
08-07 17:53:11.004  1411  2198 I ViewRootImpl@f94ab3b[lunchtray]: mWNT: merge t to BBQ
08-07 17:53:11.018   628   628 E SurfaceFlinger: Attempt to update InputPolicyFlags without permission ACCESS_SURFACE_FLINGER
08-07 17:53:11.020  1411  1640 D OpenGLRenderer: setSurface called with nullptr
08-07 17:53:11.020  1411  1640 D OpenGLRenderer: setSurface() destroyed EGLSurface
08-07 17:53:11.020  1411  1640 D OpenGLRenderer: destroyEglSurface
08-07 17:53:11.021   952   975 V WindowManager: Relayout Window{37165da u0 Splash Screen com.example.lunchtray}: viewVisibility=8 req=1080x2280 d0
08-07 17:53:11.022   628   641 I SurfaceFlinger: id=624655 createSurf (0x0),-1 flag=24000, Surface(name=37165da Splash Screen com.example.lunchtray)/@0xca697a7 - animation-leash of window_animation#0
08-07 17:53:11.024   952   975 V WindowManager: Relayout hash=37165da, pid=1411: mAttrs={(0,0)(fillxfill) sim={adjust=pan} ty=APPLICATION_STARTING fmt=TRANSLUCENT wanim=0x1030001
08-07 17:53:11.024   952   975 V WindowManager:   fl=81030118
08-07 17:53:11.024   952   975 V WindowManager:   pfl=36000010
08-07 17:53:11.024   952   975 V WindowManager:   bhv=DEFAULT
08-07 17:53:11.024   952   975 V WindowManager:   fitSides= naviIconColor=0}
08-07 17:53:11.025  1411  1558 I ViewRootImpl@f94ab3b[lunchtray]: Relayout returned: old=(0,0,1080,2280) new=(0,0,1080,2280) req=(1080,2280)8 dur=3 res=0x5 s={false 0} ch=true fn=5
08-07 17:53:11.025  1411  1558 I ViewRootImpl@f94ab3b[lunchtray]: dispatchDetachedFromWindow
08-07 17:53:11.025   952   975 D InputTransport: Input channel destroyed: '37165da', fd=1977
08-07 17:53:11.025   952   975 W InputManager-JNI: Input channel object '37165da Splash Screen com.example.lunchtray (client)' was disposed without first being removed with the input manager!
08-07 17:53:11.025   952   975 D InputTransport: Input channel destroyed: '37165da', fd=1991
08-07 17:53:11.026  1411  1558 D InputTransport: Input channel destroyed: '37165da', fd=259
08-07 17:53:11.033   952   975 D InputDispatcher: Inject motion (7881): action=0x1, time=2262184343000000, f=0x0, d=0
08-07 17:53:11.033   952  1207 I InputDispatcher: Delivering touch to (7881): action: 0x1, f=0x0, d=0, 'b14f8d8', t=1 +(-11,-26)*1.02
08-07 17:53:11.034  7881  7881 I ViewRootImpl@3c912ad[MainActivity]: ViewPostIme pointer 1
08-07 17:53:11.034   952  1032 I GestureDetector: obtain mCurrentMotionEventRaw. action: 1 id: -663606264
08-07 17:53:11.034   952  1032 I GestureDetector: obtain mCurrentMotionEventRaw. action: 1 id: -663606264
08-07 17:53:11.035   628   628 E SurfaceFlinger: Attempt to update InputPolicyFlags without permission ACCESS_SURFACE_FLINGER
08-07 17:53:11.035   628   628 I Layer   : id=624653 removeFromCurrentState Surface(name=b14f8d8 com.example.lunchtray/com.example.lunchtray.MainActivity)/@0xf7c4733 - animation-leash of starting_reveal#0 (135)
08-07 17:53:11.040  7881  7881 D ScrollView: initGoToTop
08-07 17:53:11.069   628   628 E SurfaceFlinger: Attempt to update InputPolicyFlags without permission ACCESS_SURFACE_FLINGER
08-07 17:53:11.081   952  3370 V WindowManager: Relayout Window{b14f8d8 u0 com.example.lunchtray/com.example.lunchtray.MainActivity}: viewVisibility=0 req=1080x2280 d0
08-07 17:53:11.083   952  3370 V WindowManager: Relayout hash=b14f8d8, pid=7881: mAttrs={(0,0)(fillxfill) sim={adjust=resize} ty=BASE_APPLICATION wanim=0x1030303
08-07 17:53:11.083   952  3370 V WindowManager:   fl=81810100
08-07 17:53:11.083   952  3370 V WindowManager:   pfl=12020040
08-07 17:53:11.083   952  3370 V WindowManager:   apr=LIGHT_NAVIGATION_BARS
08-07 17:53:11.083   952  3370 V WindowManager:   bhv=DEFAULT
08-07 17:53:11.083   952  3370 V WindowManager:   fitSides= naviIconColor=0
08-07 17:53:11.083   952  3370 V WindowManager:   sfl=100000}
08-07 17:53:11.084  7881  7881 I ViewRootImpl@3c912ad[MainActivity]: Relayout returned: old=(0,0,1080,2280) new=(0,0,1080,2280) req=(1080,2280)0 dur=3 res=0x1 s={true 512217327936} ch=false fn=8
08-07 17:53:11.085  7881  7881 D ScrollView:  onsize change changed
08-07 17:53:11.086   628   628 E SurfaceFlinger: Attempt to update InputPolicyFlags without permission ACCESS_SURFACE_FLINGER
08-07 17:53:11.089  1411  1411 D NavigationBar: onSystemBarAttributesChanged() -  displayId:0, appearance:16 (APPEARANCE_LIGHT_NAVIGATION_BARS ), navbarColorManagedByIme:false
08-07 17:53:11.089  1411  1411 V Navbar.Store: handleEvent [EventType] GET_BOOL_REGION_SAMPLING_ENABLED [Module] LightBarController  KEYS_DEFAULT=false
08-07 17:53:11.089  1411  1411 V Navbar.Store: --[Band]COLOR_PACK_GET_REGION_SAMPLING_ENABLED
08-07 17:53:11.089  1411  1411 V Navbar.Store: ----getValue(BOOL_REGION_SAMPLING_ENABLED)=false
08-07 17:53:11.103   628   628 I Layer   : id=624643 removeFromCurrentState Splash Screen com.example.lunchtray$_1411#0 (135)
08-07 17:53:11.103   628   628 I Layer   : id=624642 removeFromCurrentState 37165da Splash Screen com.example.lunchtray#0 (135)
08-07 17:53:11.103   628   628 I Layer   : id=624655 removeFromCurrentState Surface(name=37165da Splash Screen com.example.lunchtray)/@0xca697a7 - animation-leash of window_animation#0 (135)
08-07 17:53:11.103   628   628 E SurfaceFlinger: Attempt to update InputPolicyFlags without permission ACCESS_SURFACE_FLINGER
08-07 17:53:11.103   628   628 I SurfaceFlinger: id=624642 Removed 37165da Splash Screen com.example.lunchtray#0 (135)
08-07 17:53:11.103   628   628 I SurfaceFlinger: id=624643 Removed Splash Screen com.example.lunchtray$_1411#0 (135)
08-07 17:53:11.103   628   628 I SurfaceFlinger: id=624655 Removed Surface(name=37165da Splash Screen com.example.lunchtray)/@0xca697a7 - animation-leash of window_animation#0 (135)
08-07 17:53:11.104   628   628 I Layer   : id=624655 Destroyed Surface(name=37165da Splash Screen com.example.lunchtray)/@0xca697a7 - animation-leash of window_animation#0
08-07 17:53:11.104   628   628 I Layer   : id=624642 Destroyed 37165da Splash Screen com.example.lunchtray#0
08-07 17:53:11.105   628   628 I Layer   : id=624643 Destroyed Splash Screen com.example.lunchtray$_1411#0
08-07 17:53:11.106   628   628 D SurfaceFlinger: Display 0 HWC layers:
08-07 17:53:11.106   628   628 D SurfaceFlinger:      DEVICE | 0x78e3e0a3d0 | 0100 | RGBx_8888    |   50.0    0.0 1130.0 2280.0 |    0    0 1080 2280 | Wallpaper BBQ wrapper#0
08-07 17:53:11.106   628   628 D SurfaceFlinger:      DEVICE | 0x78e3e168b0 | 0100 | RGBA_8888    |    0.0    0.0 1080.0 2280.0 |    0    0 1080 2280 | com.sec.android.app.launcher/com.sec[...].activities.LauncherActivity$_2001#0
08-07 17:53:11.106   628   628 D SurfaceFlinger:      DEVICE | 0x78e3dea3f0 | 0102 | RGBA_8888    |    0.0    0.0 1080.0 2280.0 |    2    5 1078 2275 | com.example.lunchtray/com.example.lunchtray.MainActivity$_7881#0
08-07 17:53:11.106   628   628 D SurfaceFlinger:      DEVICE | 0x78e3dfd3b0 | 0100 | RGBA_8888    |    0.0    0.0 1080.0  112.0 |    0    0 1080  112 | StatusBar$_1411#0
08-07 17:53:11.106   628   628 D SurfaceFlinger:      DEVICE | 0x78e3e1bd10 | 0100 | RGBA_8888    |    0.0    0.0   67.0  457.0 |    0  410   67  867 | com.samsung.android.app.cocktailbars[...]arservice.CocktailBarService$_8085#0
08-07 17:53:11.106   628   628 D SurfaceFlinger:      DEVICE | 0x78e3e19b50 | 0100 | RGBA_8888    |    0.0    0.0 1080.0  126.0 |    0 2154 1080 2280 | NavigationBar0$_1411#0
08-07 17:53:11.106   628   628 D SurfaceFlinger:
08-07 17:53:11.119   628   628 E SurfaceFlinger: Attempt to update InputPolicyFlags without permission ACCESS_SURFACE_FLINGER
08-07 17:53:11.123   952  1317 D WifiConnectivityMonitor.NetworkStatsAnalyzer: Backhaul result - RSSI:-52, CE:15, PE:14, TI:24, PTI:23, TW:1, PTW:0, Tx:376, Rx:260, TxS:375, RxS:256, RESULT:true, IC:0, ICT:5, WC:0, WCT:5, R:2, RC:0, IE:0, EC:0
08-07 17:53:11.131   952  1311 W SemWifiTransportLayerUtils: getApplicationCategory - IOException com.example.lunchtray
08-07 17:53:11.131   952  1311 W System.err: java.io.FileNotFoundException: https://play.google.com/store/apps/details?id=com.example.lunchtray&hl=en
08-07 17:53:11.131   952  1311 W System.err: 	at com.android.okhttp.internal.huc.HttpURLConnectionImpl.getInputStream(HttpURLConnectionImpl.java:255)
08-07 17:53:11.131   952  1311 W System.err: 	at com.android.okhttp.internal.huc.DelegatingHttpsURLConnection.getInputStream(DelegatingHttpsURLConnection.java:211)
08-07 17:53:11.131   952  1311 W System.err: 	at com.android.okhttp.internal.huc.HttpsURLConnectionImpl.getInputStream(HttpsURLConnectionImpl.java:30)
08-07 17:53:11.131   952  1311 W System.err: 	at com.samsung.android.server.wifi.tcp.SemWifiTransportLayerUtils.getApplicationCategory(SemWifiTransportLayerUtils.java:104)
08-07 17:53:11.131   952  1311 W System.err: 	at com.samsung.android.server.wifi.tcp.SemWifiTransportLayerMonitor$TcpMonitorHandler.handleMessage(SemWifiTransportLayerMonitor.java:244)
08-07 17:53:11.131   952  1311 W System.err: 	at android.os.Handler.dispatchMessage(Handler.java:106)
08-07 17:53:11.131   952  1311 W System.err: 	at android.os.Looper.loopOnce(Looper.java:226)
08-07 17:53:11.131   952  1311 W System.err: 	at android.os.Looper.loop(Looper.java:313)
08-07 17:53:11.131   952  1311 W System.err: 	at android.os.HandlerThread.run(HandlerThread.java:67)
08-07 17:53:11.132   952  1311 D SemWifiPackageInfo: isSkipCategory - skip:FAILED
08-07 17:53:11.132   952  1311 D SemWifiTransportLayerMonitor.TcpMonitorHandler: MSG_SAVE_PACKAGE_INFO
08-07 17:53:11.132   952  1311 D SemWifiTransportLayerFileManager: saveWifiPackageInfoToFile
08-07 17:53:11.132   952  1311 D SemWifiTransportLayerFileManager: writeWifiPackageInfoList
08-07 17:53:11.168   568  7973 I HYPER-HAL: [RequestManager.cpp]releaseLocked(): Released ID : 473872
08-07 17:53:11.171  2001  2001 I ViewRootImpl@67bf432[LauncherActivity]: handleAppVisibility mAppVisible=true visible=false
08-07 17:53:11.172  1411  4678 D WallpaperService: dispatchAppVisibility onVisibilityChanged(): false
08-07 17:53:11.172  1411  1635 I ImageWallpaper:  onVisibilityChanged false , 0
08-07 17:53:11.172  1411  1411 D WallpaperService: reportVisibility onVisibilityChanged visible: false
08-07 17:53:11.172   628   628 D SurfaceFlinger: Display 0 HWC layers:
08-07 17:53:11.172   628   628 D SurfaceFlinger:      DEVICE | 0x78e3e01cd0 | 0102 | RGBA_8888    |    0.0    0.0 1080.0 2280.0 |    0    0 1080 2280 | com.example.lunchtray/com.example.lunchtray.MainActivity$_7881#0
08-07 17:53:11.172   628   628 D SurfaceFlinger:      DEVICE | 0x78e3dfd3b0 | 0100 | RGBA_8888    |    0.0    0.0 1080.0  112.0 |    0    0 1080  112 | StatusBar$_1411#0
08-07 17:53:11.172   628   628 D SurfaceFlinger:      DEVICE | 0x78e3e1bd10 | 0100 | RGBA_8888    |    0.0    0.0   67.0  457.0 |    0  410   67  867 | com.samsung.android.app.cocktailbars[...]arservice.CocktailBarService$_8085#0
08-07 17:53:11.172   628   628 D SurfaceFlinger:      DEVICE | 0x78e3e00f50 | 0100 | RGBA_8888    |    0.0    0.0 1080.0  126.0 |    0 2154 1080 2280 | NavigationBar0$_1411#0
08-07 17:53:11.172   628   628 D SurfaceFlinger:
08-07 17:53:11.185  7881  7881 D LifecycleMonitor: Lifecycle status change: androidx.test.core.app.InstrumentationActivityInvoker$BootstrapActivity@890f65b in: STOPPED
08-07 17:53:11.186  7881  7881 V ActivityScenario: Activity lifecycle changed event received but ignored because the intent does not match. startActivityIntent=Intent { act=android.intent.action.MAIN cat=[android.intent.category.LAUNCHER] cmp=com.example.lunchtray/.MainActivity }, activity.getIntent()=Intent { act=android.intent.action.MAIN cat=[android.intent.category.LAUNCHER] flg=0x10008000 cmp=com.example.lunchtray/androidx.test.core.app.InstrumentationActivityInvoker$BootstrapActivity (has extras) }, activity=androidx.test.core.app.InstrumentationActivityInvoker$BootstrapActivity@890f65b
08-07 17:53:11.186   628   628 I Layer   : id=624644 removeFromCurrentState Surface(name=Task=1)/@0x71397ea - animation-leash of app_transition#0 (132)
08-07 17:53:11.187  7881  7881 V ActivityScenario: Activity lifecycle changed event received but ignored because the intent does not match. startActivityIntent=Intent { act=android.intent.action.MAIN cat=[android.intent.category.LAUNCHER] cmp=com.example.lunchtray/.MainActivity }, activity.getIntent()=Intent { act=android.intent.action.MAIN cat=[android.intent.category.LAUNCHER] flg=0x10008000 cmp=com.example.lunchtray/androidx.test.core.app.InstrumentationActivityInvoker$BootstrapActivity (has extras) }, activity=androidx.test.core.app.InstrumentationActivityInvoker$BootstrapActivity@890f65b
08-07 17:53:11.187   628   628 I Layer   : id=624645 removeFromCurrentState Surface(name=Task=8207)/@0x9417418 - animation-leash of app_transition#0 (132)
08-07 17:53:11.187   628   628 I SurfaceFlinger: id=624645 Removed Surface(name=Task=8207)/@0x9417418 - animation-leash of app_transition#0 (132)
08-07 17:53:11.187   628   628 I SurfaceFlinger: id=624644 Removed Surface(name=Task=1)/@0x71397ea - animation-leash of app_transition#0 (132)
08-07 17:53:11.187   628   628 I Layer   : id=624644 Destroyed Surface(name=Task=1)/@0x71397ea - animation-leash of app_transition#0
08-07 17:53:11.187   628   628 I Layer   : id=624645 Destroyed Surface(name=Task=8207)/@0x9417418 - animation-leash of app_transition#0
08-07 17:53:11.190   952  3370 V WindowManager: Relayout Window{72e35ce u0 com.sec.android.app.launcher/com.sec.android.app.launcher.activities.LauncherActivity}: viewVisibility=8 req=1080x2280 d0
08-07 17:53:11.192   952  3370 V WindowManager: Relayout hash=72e35ce, pid=2001: mAttrs={(0,0)(fillxfill) sim={adjust=nothing} layoutInDisplayCutoutMode=shortEdges ty=BASE_APPLICATION fmt=TRANSPARENT wanim=0x10302f2
08-07 17:53:11.192   952  3370 V WindowManager:   fl=81910100
08-07 17:53:11.192   952  3370 V WindowManager:   pfl=1e020040
08-07 17:53:11.192   952  3370 V WindowManager:   vsysui=1700
08-07 17:53:11.192   952  3370 V WindowManager:   apr=LIGHT_STATUS_BARS LIGHT_NAVIGATION_BARS
08-07 17:53:11.192   952  3370 V WindowManager:   bhv=SHOW_TRANSIENT_BARS_BY_SWIPE
08-07 17:53:11.192   952  3370 V WindowManager:   fitSides= naviIconColor=0}
08-07 17:53:11.193  2001  2001 I ViewRootImpl@67bf432[LauncherActivity]: Relayout returned: old=(0,0,1080,2280) new=(0,0,1080,2280) req=(1080,2280)8 dur=2 res=0x5 s={false 0} ch=true fn=20
08-07 17:53:11.193  2001  2001 I ViewRootImpl@67bf432[LauncherActivity]: stopped(true) old=false
08-07 17:53:11.194  2001  2001 I BaseActivity: removeActivityFlags, flags : 17
08-07 17:53:11.195  2001  2001 I StateManager: goToState isInState Normal
08-07 17:53:11.195  2001  2001 W LauncherAppWidgetHost: setShouldListenFlag, mFlags:7 flag:start on:false isFront:false
08-07 17:53:11.195  2001  2079 I IMM_LC  : hsifw() - flags=0, caller=android.view.inputmethod.InputMethodManager.hideSoftInputFromWindow:1858 android.view.inputmethod.InputMethodManager.hideSoftInputFromWindow:1827 com.android.launcher3.util.UiThreadHelper$UiCallbacks.handleMessage:103 android.os.Handler.dispatchMessage:102 android.os.Looper.loopOnce:226
08-07 17:53:11.195  2001  2079 I IMM_LC  : hideSoftInputFromWindow - mService.hideSoftInput
08-07 17:53:11.195   952   975 I AppWidgetServiceImpl: stopListening callbacks : null
08-07 17:53:11.196  2001  2001 W LauncherAppWidgetHost: stopListening, mFlags:2 isFront:false
08-07 17:53:11.196  2001  2001 W Launcher.NotificationListener: removeNotificationsChangedListener
08-07 17:53:11.196  2001  2001 I BadgeCountUpdaterImpl: onNotificationsChangedDisConnected
08-07 17:53:11.196  2001  2001 I Launcher.NotificationListener: unregisterObserver, this is not notificationService!!
08-07 17:53:11.196  2001  2079 I LiveIconUpdateEventHandler: LiveIcon onStop
08-07 17:53:11.196  2001  2079 I LiveIconUpdateEventHandler: cancelMinuteChangeAlarm
08-07 17:53:11.197  2001  2079 I LiveIconUpdateEventHandler: cancelDateChangeAlarm
08-07 17:53:11.198  2001  2079 I LiveIconUpdateEventHandler: unregisterReceiver
08-07 17:53:11.203   628   628 I SurfaceFlinger: id=624632 Removed OneUiHome-BlurLayer#0 (130)
08-07 17:53:11.207  8085  8085 I Utils   : isCurrentUser current = 0, ownerId = 0
08-07 17:53:11.208  8085  8085 I TrayVisibilityController: getComputedTrayVisible : keyguardState = 1
08-07 17:53:11.208  8085  8085 I TrayVisibilityController: updateTrayVisible: State=1 visible=1 mCurrentVisible=1 specificMode=0
08-07 17:53:11.208  8085  8085 I TrayStateController: onNotifyUpdateTray: state=0
08-07 17:53:11.208   628  2718 I SurfaceFlinger: id=624653 Removed Surface(name=b14f8d8 com.example.lunchtray/com.example.lunchtray.MainActivity)/@0xf7c4733 - animation-leash of starting_reveal#0 (130)
08-07 17:53:11.210 24757 24769 I SAMSUNGWALLET: [Hint_ProcessStatusChange] fg Change, pid : 2001 , isNotify : true , isForeground : false , fg list : [7881]
08-07 17:53:11.210 24757 25074 I SAMSUNGWALLET: [ResetData] getSAResetDialogFlag : false
08-07 17:53:11.213 24757 25074 I SAMSUNGWALLET: [Hint_bxa] isHomePackageRunning topPkgName = com.example.lunchtray, topClsName = com.example.lunchtray.MainActivity, return false , se : false
08-07 17:53:11.213 24757 24757 I SAMSUNGWALLET: [Hint_PayHintService] Hint Status - already invisible, skip hide : Home Package Not Running
08-07 17:53:11.220   628   628 I Layer   : id=624629 removeFromCurrentState com.sec.android.app.launcher/com.sec.android.app.launcher.activities.LauncherActivity$_2001#0 (130)
08-07 17:53:11.220   628   628 I Layer   : id=624632 removeFromCurrentState OneUiHome-BlurLayer#0 (130)
08-07 17:53:11.221   628   628 I SurfaceFlinger: id=624629 Removed com.sec.android.app.launcher/com.sec.android.app.launcher.activities.LauncherActivity$_2001#0 (130)
08-07 17:53:11.221   628   628 I Layer   : id=624653 Destroyed Surface(name=b14f8d8 com.example.lunchtray/com.example.lunchtray.MainActivity)/@0xf7c4733 - animation-leash of starting_reveal#0
08-07 17:53:11.221   628   628 I Layer   : id=624629 Destroyed com.sec.android.app.launcher/com.sec.android.app.launcher.activities.LauncherActivity$_2001#0
08-07 17:53:11.221   628   628 I Layer   : id=624632 Destroyed OneUiHome-BlurLayer#0
08-07 17:53:11.227  1411  1640 D OpenGLRenderer: setSurface called with nullptr
08-07 17:53:11.239  1393  1552 D BtGatt.GattService: onScanResult to scannerId: 17- eventType=0x13, addressType=1, address=C4A009_2, primaryPhy=1, secondaryPhy=0, advertisingSid=0xff, txPower=127, rssi=-64, periodicAdvInt=0x0
08-07 17:53:11.240   628  2111 I SurfaceFlinger: id=624626 Removed Surface(name=9c00d76 com.example.lunchtray/com.example.lunchtray.MainActivity)/@0xe21466f - animation-leash of starting_reveal#0 (127)
08-07 17:53:11.254  1411  1640 D OpenGLRenderer: setSurface called with nullptr
08-07 17:53:11.254   628   628 I Layer   : id=624626 Destroyed Surface(name=9c00d76 com.example.lunchtray/com.example.lunchtray.MainActivity)/@0xe21466f - animation-leash of starting_reveal#0
08-07 17:53:11.266   628  2111 I SurfaceFlinger: id=624599 Removed Surface(name=f9c9b8b com.example.lunchtray/androidx.fragment.app.testing.FragmentScenario$EmptyFragmentActivity)/@0x8819a5f - animation-leash of starting_reveal#0 (126)
08-07 17:53:11.270   628   628 I Layer   : id=624599 Destroyed Surface(name=f9c9b8b com.example.lunchtray/androidx.fragment.app.testing.FragmentScenario$EmptyFragmentActivity)/@0x8819a5f - animation-leash of starting_reveal#0
08-07 17:53:11.274   568  7987 I HYPER-HAL: [RequestManager.cpp]releaseLocked(): Released ID : 470953
08-07 17:53:11.280  1411  1640 D OpenGLRenderer: setSurface called with nullptr
08-07 17:53:11.289  1411  1427 W System  : A resource failed to call close.
08-07 17:53:11.290  5104  5104 I dnwd    : onPause
08-07 17:53:11.293   952   952 I GestureDetector: handleMessage TAP
08-07 17:53:11.293   952  1032 I GestureDetector: handleMessage TAP
08-07 17:53:11.293  8447  8447 I gkox    : (REDACTED) received broadcast: %s
08-07 17:53:11.294  8447  8600 I gkpa    : (REDACTED) received broadcast: %s
08-07 17:53:11.294  8447  8600 I gkkn    : (REDACTED) #onConfigUpdate. requester: %s
08-07 17:53:11.294  8447  8600 I gkkn    : #onConfigUpdate inside sequencer
08-07 17:53:11.294  8447  8600 I gkhl    : (REDACTED) Voice Match (Speaker-id) supported : %b
08-07 17:53:11.294  8447  8600 I gkhl    : (REDACTED) hotword enrollment state is enrolled:  %b, speakerId model exist: %b. Voice Match supported : %b
08-07 17:53:11.294  8447  8600 I gkhl    : (REDACTED) isHotwordAvailable():  %b, isHotwordEnabled() %b
08-07 17:53:11.294  8447  8600 I gkhl    : (REDACTED) isHotwordAvailable():  %b, isHotwordEnabled() %b
08-07 17:53:11.294  8447  8600 I gkhl    : (REDACTED) Hotword enrollment state : %s.
08-07 17:53:11.294  8447  8600 I gkhl    : (REDACTED) Voice Match (Speaker-id) supported : %b
08-07 17:53:11.294  8447  8600 I gkhl    : (REDACTED) Voice Match (Speaker-id) supported : %b
08-07 17:53:11.294  8447  8600 I gkhl    : (REDACTED) hotword enrollment state is enrolled:  %b, speakerId model exist: %b, voice match supported : %b
08-07 17:53:11.294  8447  8600 I gkhl    : (REDACTED) Hotword isNonVoiceMatchHotwordEnabled: %b, isHotwordAvailable : %b, isHotwordEnabled : %b, isVoiceMatchSupported: %b, isHotwordEnrolled: %b.
08-07 17:53:11.294  8447  8600 I gkkn    : (REDACTED) Ignore the legacy hotword request. voice match enabled %b, isHotwordSupported %b, isIncompleteEnrollmentState %b, nonVoiceMatchHotwordEnabled %b
08-07 17:53:11.298  1411  1427 W System  : A resource failed to call release.
08-07 17:53:11.304  1411  1427 W System  : A resource failed to call close.
08-07 17:53:11.309  1411  1427 W System  : A resource failed to call release.
08-07 17:53:11.309   628  2111 I SurfaceFlinger: id=624586 Removed Task=8205#0 (125)
08-07 17:53:11.314  7881  7881 I ViewInteraction: Performing 'single click' action on view view.getId() is <2131230844/com.example.lunchtray:id/cauliflower>
08-07 17:53:11.315   952  1409 D InputDispatcher: Inject motion (7881): action=0x0, time=2262184624000000, f=0x0, d=0
08-07 17:53:11.315   952  1207 I InputDispatcher: Delivering touch to (1411): action: 0x4, f=0x0, d=0, '5b03b71', t=0
08-07 17:53:11.315   952  1207 I InputDispatcher: Delivering touch to (7881): action: 0x0, f=0x0, d=0, 'b14f8d8', t=0
08-07 17:53:11.316  3311  3311 I SemDvfsHyPerManager: acquire hyper - BaseTABoost/3311@22, type = 1090523139
08-07 17:53:11.316  3311  3311 I SemDvfsHyPerManager: acquire hyper - BaseTAToouchBoost/3311@24, type = 1090523139
08-07 17:53:11.316  7881  7881 I ViewRootImpl@3c912ad[MainActivity]: ViewPostIme pointer 0
08-07 17:53:11.316   568   614 I HYPER-HAL: [RequestManager.cpp]acquire(): Acquired ID : 5556133  [3311 / 22]    HINT :      list : [TABoost / 5]
08-07 17:53:11.316   568   614 I HYPER-HAL: [RequestManager.cpp]acquire(): Acquired ID : 5562804  [3311 / 24]    HINT :      list : [TABoost / 20] [TIMEOUT / 1500]
08-07 17:53:11.316   952  1032 I GestureDetector: obtain mCurrentDownEvent. id: -179839078 caller: com.android.server.wm.SystemGesturesPointerEventListener.onPointerEvent:179 com.android.server.wm.PointerEventDispatcher.onInputEvent:71 android.view.InputEventReceiver.dispatchInputEvent:259
08-07 17:53:11.317   952  1032 I GestureDetector: obtain mCurrentDownEvent. id: -179839078 caller: com.android.server.wm.SystemPerformancePointerEventListener.onPointerEvent:89 com.android.server.wm.PointerEventDispatcher.onInputEvent:71 android.view.InputEventReceiver.dispatchInputEvent:259
08-07 17:53:11.320   628   628 I Layer   : id=624586 Destroyed Task=8205#0
08-07 17:53:11.345  1393  1552 D BtGatt.GattService: onScanResult to scannerId: 17- eventType=0x13, addressType=1, address=C4A009_2, primaryPhy=1, secondaryPhy=0, advertisingSid=0xff, txPower=127, rssi=-64, periodicAdvInt=0x0
08-07 17:53:11.356   952  1409 D InputDispatcher: Inject motion (7881): action=0x1, time=2262184665000000, f=0x0, d=0
08-07 17:53:11.356   952  1207 I InputDispatcher: Delivering touch to (7881): action: 0x1, f=0x0, d=0, 'b14f8d8', t=1
08-07 17:53:11.356  7881  7881 I ViewRootImpl@3c912ad[MainActivity]: ViewPostIme pointer 1
08-07 17:53:11.356   952  1032 I GestureDetector: obtain mCurrentMotionEventRaw. action: 1 id: -960688218
08-07 17:53:11.357   952  1032 I GestureDetector: obtain mCurrentMotionEventRaw. action: 1 id: -960688218
08-07 17:53:11.387   628   628 E SurfaceFlinger: Attempt to update InputPolicyFlags without permission ACCESS_SURFACE_FLINGER
08-07 17:53:11.404   628   628 E SurfaceFlinger: Attempt to update InputPolicyFlags without permission ACCESS_SURFACE_FLINGER
08-07 17:53:11.420   628   628 E SurfaceFlinger: Attempt to update InputPolicyFlags without permission ACCESS_SURFACE_FLINGER
08-07 17:53:11.437   952  1307 D SemNscXgbMsL1: Probability - Cloud gaming: [0.06180128]
08-07 17:53:11.438   952  1307 D SemNscXgbMsL1: Probability - Real time: [0.12398361]
08-07 17:53:11.438   952  1307 D SemNscXgbMsL1: Probability - Non real time: [0.95526195]
08-07 17:53:11.438   952  1307 D SemNscXgbMsL1: 1 sample inference time: 0.204962 msecs
08-07 17:53:11.438   952  1307 D SemNscXgbL2Rt: L2 RT 1 sample inference time: 0.47873 msecs
08-07 17:53:11.439   952  1307 D SemNscXgbL2Nrt: L2 NRT 1 sample inference time: 0.406308 msecs
08-07 17:53:11.448  1393  1552 D BtGatt.GattService: onScanResult to scannerId: 17- eventType=0x13, addressType=1, address=C4A009_2, primaryPhy=1, secondaryPhy=0, advertisingSid=0xff, txPower=127, rssi=-62, periodicAdvInt=0x0
08-07 17:53:11.454   628   628 E SurfaceFlinger: Attempt to update InputPolicyFlags without permission ACCESS_SURFACE_FLINGER
08-07 17:53:11.471   628   628 E SurfaceFlinger: Attempt to update InputPolicyFlags without permission ACCESS_SURFACE_FLINGER
08-07 17:53:11.484   952  1297 D SemCellularStateManager: onSignalStrengthsChanged: mCellularSignalLevel=4
08-07 17:53:11.484  1411  1612 D MobileStatusTracker(0/2): onSignalStrengthsChanged signalStrength=SignalStrength:{mCdma=Invalid,mGsm=Invalid,mWcdma=Invalid,mTdscdma=Invalid,mLte=CellSignalStrengthLte: rssi=-65 rsrp=-80 rsrq=-8 rssnr=12 cqiTableIndex=2147483647 cqi=15 ta=2147483647 level=4 parametersUseForLevel=0,mNr=Invalid,SignalBarInfo{ lteLevel=4 },rat=14,primary=CellSignalStrengthLte} level=4
08-07 17:53:11.484  1411  1612 D NetworkController: SignalStrength from intent slotId=0
08-07 17:53:11.487   628   628 E SurfaceFlinger: Attempt to update InputPolicyFlags without permission ACCESS_SURFACE_FLINGER
08-07 17:53:11.501   952  1409 W TelephonyManager: requestModemActivityInfo: Received an invalid ModemActivityInfo
08-07 17:53:11.504   628   628 E SurfaceFlinger: Attempt to update InputPolicyFlags without permission ACCESS_SURFACE_FLINGER
08-07 17:53:11.521   628   628 E SurfaceFlinger: Attempt to update InputPolicyFlags without permission ACCESS_SURFACE_FLINGER
08-07 17:53:11.538   628   628 E SurfaceFlinger: Attempt to update InputPolicyFlags without permission ACCESS_SURFACE_FLINGER
08-07 17:53:11.554   628   628 E SurfaceFlinger: Attempt to update InputPolicyFlags without permission ACCESS_SURFACE_FLINGER
08-07 17:53:11.571   628   628 E SurfaceFlinger: Attempt to update InputPolicyFlags without permission ACCESS_SURFACE_FLINGER
08-07 17:53:11.588   628   628 E SurfaceFlinger: Attempt to update InputPolicyFlags without permission ACCESS_SURFACE_FLINGER
08-07 17:53:11.596  5104  5104 I dnwd    : onStop
08-07 17:53:11.604   535   660 D IptablesRestoreController: [iptables debug]iptables-restore execute *filter
08-07 17:53:11.604   535   660 D IptablesRestoreController: -nvx -L tetherctrl_counters
08-07 17:53:11.604   535   660 D IptablesRestoreController: COMMIT
08-07 17:53:11.605   628   628 E SurfaceFlinger: Attempt to update InputPolicyFlags without permission ACCESS_SURFACE_FLINGER
08-07 17:53:11.605   535   660 D IptablesRestoreController: [iptables debug]iptables-restore execute done, res : 0
08-07 17:53:11.605   535   660 D IptablesRestoreController: [iptables debug]iptables-restore execute *filter
08-07 17:53:11.605   535   660 D IptablesRestoreController: -nvx -L tetherctrl_counters
08-07 17:53:11.605   535   660 D IptablesRestoreController: COMMIT
08-07 17:53:11.606   535   660 D IptablesRestoreController: [iptables debug]iptables-restore execute done, res : 0
08-07 17:53:11.611   952  1041 E JavaBinder: !!! FAILED BINDER TRANSACTION !!!  (parcel size = 526396)
08-07 17:53:11.616   952  1032 I GestureDetector: handleMessage TAP
08-07 17:53:11.616   952   952 I GestureDetector: handleMessage TAP
08-07 17:53:11.621   628   628 E SurfaceFlinger: Attempt to update InputPolicyFlags without permission ACCESS_SURFACE_FLINGER
08-07 17:53:11.626  7881  7881 I ViewInteraction: Performing 'single click' action on view view.getId() is <2131231081/com.example.lunchtray:id/next_button>
08-07 17:53:11.628   952   975 D InputDispatcher: Inject motion (7881): action=0x0, time=2262184937000000, f=0x0, d=0
08-07 17:53:11.628   952  1207 I InputDispatcher: Delivering touch to (1411): action: 0x4, f=0x0, d=0, '5b03b71', t=0
08-07 17:53:11.628   952  1207 I InputDispatcher: Delivering touch to (7881): action: 0x0, f=0x0, d=0, 'b14f8d8', t=0
08-07 17:53:11.629   952  1032 I GestureDetector: obtain mCurrentDownEvent. id: -974702708 caller: com.android.server.wm.SystemGesturesPointerEventListener.onPointerEvent:179 com.android.server.wm.PointerEventDispatcher.onInputEvent:71 android.view.InputEventReceiver.dispatchInputEvent:259
08-07 17:53:11.629  3311  3311 I SemDvfsHyPerManager: acquire hyper - BaseTABoost/3311@22, type = 1090523139
08-07 17:53:11.629  3311  3311 I SemDvfsHyPerManager: acquire hyper - BaseTAToouchBoost/3311@24, type = 1090523139
08-07 17:53:11.629   952  1032 I GestureDetector: obtain mCurrentDownEvent. id: -974702708 caller: com.android.server.wm.SystemPerformancePointerEventListener.onPointerEvent:89 com.android.server.wm.PointerEventDispatcher.onInputEvent:71 android.view.InputEventReceiver.dispatchInputEvent:259
08-07 17:53:11.629  7881  7881 I ViewRootImpl@3c912ad[MainActivity]: ViewPostIme pointer 0
08-07 17:53:11.629   568   614 I HYPER-HAL: [RequestManager.cpp]acquire(): Acquired ID : 5556133  [3311 / 22]    HINT :      list : [TABoost / 5]
08-07 17:53:11.629   568   614 I HYPER-HAL: [RequestManager.cpp]acquire(): Acquired ID : 5562804  [3311 / 24]    HINT :      list : [TABoost / 20] [TIMEOUT / 1500]
08-07 17:53:11.638   628   628 E SurfaceFlinger: Attempt to update InputPolicyFlags without permission ACCESS_SURFACE_FLINGER
08-07 17:53:11.655   628   628 E SurfaceFlinger: Attempt to update InputPolicyFlags without permission ACCESS_SURFACE_FLINGER
08-07 17:53:11.669   952   975 D InputDispatcher: Inject motion (7881): action=0x1, time=2262184978000000, f=0x0, d=0
08-07 17:53:11.669   952  1207 I InputDispatcher: Delivering touch to (7881): action: 0x1, f=0x0, d=0, 'b14f8d8', t=1
08-07 17:53:11.670  7881  7881 I ViewRootImpl@3c912ad[MainActivity]: ViewPostIme pointer 1
08-07 17:53:11.670   952  1032 I GestureDetector: obtain mCurrentMotionEventRaw. action: 1 id: -455651674
08-07 17:53:11.670   952  1032 I GestureDetector: obtain mCurrentMotionEventRaw. action: 1 id: -455651674
08-07 17:53:11.672   628   628 E SurfaceFlinger: Attempt to update InputPolicyFlags without permission ACCESS_SURFACE_FLINGER
08-07 17:53:11.679  7881  7881 D ScrollView: initGoToTop
08-07 17:53:11.688   628   628 E SurfaceFlinger: Attempt to update InputPolicyFlags without permission ACCESS_SURFACE_FLINGER
08-07 17:53:11.705   628   628 E SurfaceFlinger: Attempt to update InputPolicyFlags without permission ACCESS_SURFACE_FLINGER
08-07 17:53:11.718  7881  7881 D ScrollView:  onsize change changed
08-07 17:53:11.722   628   628 E SurfaceFlinger: Attempt to update InputPolicyFlags without permission ACCESS_SURFACE_FLINGER
08-07 17:53:11.739   628   628 E SurfaceFlinger: Attempt to update InputPolicyFlags without permission ACCESS_SURFACE_FLINGER
08-07 17:53:11.755   628   628 E SurfaceFlinger: Attempt to update InputPolicyFlags without permission ACCESS_SURFACE_FLINGER
08-07 17:53:11.794   568  7980 I HYPER-HAL: [RequestManager.cpp]releaseLocked(): Released ID : 469982
08-07 17:53:11.930   952   952 I GestureDetector: handleMessage TAP
08-07 17:53:11.931   952  1032 I GestureDetector: handleMessage TAP
08-07 17:53:11.942   952  1307 D SemNscXgbMsL1: Probability - Cloud gaming: [0.056008175]
08-07 17:53:11.942   952  1307 D SemNscXgbMsL1: Probability - Real time: [0.03379669]
08-07 17:53:11.943   952  1307 D SemNscXgbMsL1: Probability - Non real time: [0.94693905]
08-07 17:53:11.943   952  1307 D SemNscXgbMsL1: 1 sample inference time: 1.1445 msecs
08-07 17:53:11.945   952  1307 D SemNscXgbL2Rt: L2 RT 1 sample inference time: 2.013616 msecs
08-07 17:53:11.947   952  1307 D SemNscXgbL2Nrt: L2 NRT 1 sample inference time: 2.201692 msecs
08-07 17:53:11.949  7881  7881 I ViewInteraction: Performing 'single click' action on view view.getId() is <2131231138/com.example.lunchtray:id/salad>
08-07 17:53:11.952   952   975 D InputDispatcher: Inject motion (7881): action=0x0, time=2262185260000000, f=0x0, d=0
08-07 17:53:11.953   952  1207 I InputDispatcher: Delivering touch to (1411): action: 0x4, f=0x0, d=0, '5b03b71', t=0
08-07 17:53:11.953   952  1207 I InputDispatcher: Delivering touch to (7881): action: 0x0, f=0x0, d=0, 'b14f8d8', t=0
08-07 17:53:11.954  7881  7881 I ViewRootImpl@3c912ad[MainActivity]: ViewPostIme pointer 0
08-07 17:53:11.955   952  1032 I GestureDetector: obtain mCurrentDownEvent. id: -226525415 caller: com.android.server.wm.SystemGesturesPointerEventListener.onPointerEvent:179 com.android.server.wm.PointerEventDispatcher.onInputEvent:71 android.view.InputEventReceiver.dispatchInputEvent:259
08-07 17:53:11.955   952  1032 I GestureDetector: obtain mCurrentDownEvent. id: -226525415 caller: com.android.server.wm.SystemPerformancePointerEventListener.onPointerEvent:89 com.android.server.wm.PointerEventDispatcher.onInputEvent:71 android.view.InputEventReceiver.dispatchInputEvent:259
08-07 17:53:11.956  3311  3311 I SemDvfsHyPerManager: acquire hyper - BaseTABoost/3311@22, type = 1090523139
08-07 17:53:11.956  3311  3311 I SemDvfsHyPerManager: acquire hyper - BaseTAToouchBoost/3311@24, type = 1090523139
08-07 17:53:11.957   568   614 I HYPER-HAL: [RequestManager.cpp]acquire(): Acquired ID : 5556133  [3311 / 22]    HINT :      list : [TABoost / 5]
08-07 17:53:11.957   568   614 I HYPER-HAL: [RequestManager.cpp]acquire(): Acquired ID : 5562804  [3311 / 24]    HINT :      list : [TABoost / 20] [TIMEOUT / 1500]
08-07 17:53:11.993   952   975 D InputDispatcher: Inject motion (7881): action=0x1, time=2262185301000000, f=0x0, d=0
08-07 17:53:11.993   952  1207 I InputDispatcher: Delivering touch to (7881): action: 0x1, f=0x0, d=0, 'b14f8d8', t=1
08-07 17:53:11.994  7881  7881 I ViewRootImpl@3c912ad[MainActivity]: ViewPostIme pointer 1
08-07 17:53:11.995   952  1032 I GestureDetector: obtain mCurrentMotionEventRaw. action: 1 id: -92266922
08-07 17:53:11.995   952  1032 I GestureDetector: obtain mCurrentMotionEventRaw. action: 1 id: -92266922
08-07 17:53:12.023   628   628 E SurfaceFlinger: Attempt to update InputPolicyFlags without permission ACCESS_SURFACE_FLINGER
08-07 17:53:12.040   628   628 E SurfaceFlinger: Attempt to update InputPolicyFlags without permission ACCESS_SURFACE_FLINGER
08-07 17:53:12.057   628   628 E SurfaceFlinger: Attempt to update InputPolicyFlags without permission ACCESS_SURFACE_FLINGER
08-07 17:53:12.090   628   628 E SurfaceFlinger: Attempt to update InputPolicyFlags without permission ACCESS_SURFACE_FLINGER
08-07 17:53:12.107   628   628 E SurfaceFlinger: Attempt to update InputPolicyFlags without permission ACCESS_SURFACE_FLINGER
08-07 17:53:12.124   628   628 E SurfaceFlinger: Attempt to update InputPolicyFlags without permission ACCESS_SURFACE_FLINGER
08-07 17:53:12.141   628   628 E SurfaceFlinger: Attempt to update InputPolicyFlags without permission ACCESS_SURFACE_FLINGER
08-07 17:53:12.158   628   628 E SurfaceFlinger: Attempt to update InputPolicyFlags without permission ACCESS_SURFACE_FLINGER
08-07 17:53:12.174   628   628 E SurfaceFlinger: Attempt to update InputPolicyFlags without permission ACCESS_SURFACE_FLINGER
08-07 17:53:12.192   628   628 E SurfaceFlinger: Attempt to update InputPolicyFlags without permission ACCESS_SURFACE_FLINGER
08-07 17:53:12.208   628   628 E SurfaceFlinger: Attempt to update InputPolicyFlags without permission ACCESS_SURFACE_FLINGER
08-07 17:53:12.224   628   628 E SurfaceFlinger: Attempt to update InputPolicyFlags without permission ACCESS_SURFACE_FLINGER
08-07 17:53:12.241   628   628 E SurfaceFlinger: Attempt to update InputPolicyFlags without permission ACCESS_SURFACE_FLINGER
08-07 17:53:12.255   952   952 I GestureDetector: handleMessage TAP
08-07 17:53:12.255   952  1032 I GestureDetector: handleMessage TAP
08-07 17:53:12.258   628   628 E SurfaceFlinger: Attempt to update InputPolicyFlags without permission ACCESS_SURFACE_FLINGER
08-07 17:53:12.266  7881  7881 I ViewInteraction: Checking 'MatchesViewAssertion{viewMatcher=an instance of android.widget.TextView and view.getText() with or without transformation to match: a string containing "Subtotal: 10"}' assertion on view view.getId() is <2131231217/com.example.lunchtray:id/subtotal>
08-07 17:53:12.270  7881  7881 I ViewInteraction: Performing 'single click' action on view view.getId() is <2131231081/com.example.lunchtray:id/next_button>
08-07 17:53:12.272   952  1409 D InputDispatcher: Inject motion (7881): action=0x0, time=2262185580000000, f=0x0, d=0
08-07 17:53:12.272   952  1207 I InputDispatcher: Delivering touch to (1411): action: 0x4, f=0x0, d=0, '5b03b71', t=0
08-07 17:53:12.273   952  1207 I InputDispatcher: Delivering touch to (7881): action: 0x0, f=0x0, d=0, 'b14f8d8', t=0
08-07 17:53:12.273  7881  7881 I ViewRootImpl@3c912ad[MainActivity]: ViewPostIme pointer 0
08-07 17:53:12.274   952  1032 I GestureDetector: obtain mCurrentDownEvent. id: -77619220 caller: com.android.server.wm.SystemGesturesPointerEventListener.onPointerEvent:179 com.android.server.wm.PointerEventDispatcher.onInputEvent:71 android.view.InputEventReceiver.dispatchInputEvent:259
08-07 17:53:12.275   628   628 E SurfaceFlinger: Attempt to update InputPolicyFlags without permission ACCESS_SURFACE_FLINGER
08-07 17:53:12.275   952  1032 I GestureDetector: obtain mCurrentDownEvent. id: -77619220 caller: com.android.server.wm.SystemPerformancePointerEventListener.onPointerEvent:89 com.android.server.wm.PointerEventDispatcher.onInputEvent:71 android.view.InputEventReceiver.dispatchInputEvent:259
08-07 17:53:12.275  3311  3311 I SemDvfsHyPerManager: acquire hyper - BaseTABoost/3311@22, type = 1090523139
08-07 17:53:12.275  3311  3311 I SemDvfsHyPerManager: acquire hyper - BaseTAToouchBoost/3311@24, type = 1090523139
08-07 17:53:12.276   568   614 I HYPER-HAL: [RequestManager.cpp]acquire(): Acquired ID : 5556133  [3311 / 22]    HINT :      list : [TABoost / 5]
08-07 17:53:12.276   568   614 I HYPER-HAL: [RequestManager.cpp]acquire(): Acquired ID : 5562804  [3311 / 24]    HINT :      list : [TABoost / 20] [TIMEOUT / 1500]
08-07 17:53:12.286   568  7974 I HYPER-HAL: [RequestManager.cpp]releaseLocked(): Released ID : 5526163
08-07 17:53:12.292   628   628 E SurfaceFlinger: Attempt to update InputPolicyFlags without permission ACCESS_SURFACE_FLINGER
08-07 17:53:12.308   628   628 E SurfaceFlinger: Attempt to update InputPolicyFlags without permission ACCESS_SURFACE_FLINGER
08-07 17:53:12.316   952  1409 D InputDispatcher: Inject motion (7881): action=0x1, time=2262185624000000, f=0x0, d=0
08-07 17:53:12.317   952  1207 I InputDispatcher: Delivering touch to (7881): action: 0x1, f=0x0, d=0, 'b14f8d8', t=1
08-07 17:53:12.317  7881  7881 I ViewRootImpl@3c912ad[MainActivity]: ViewPostIme pointer 1
08-07 17:53:12.318   952  1032 I GestureDetector: obtain mCurrentMotionEventRaw. action: 1 id: -319789739
08-07 17:53:12.318   952  1032 I GestureDetector: obtain mCurrentMotionEventRaw. action: 1 id: -319789739
08-07 17:53:12.325   628   628 E SurfaceFlinger: Attempt to update InputPolicyFlags without permission ACCESS_SURFACE_FLINGER
08-07 17:53:12.338  7881  7881 D ScrollView: initGoToTop
08-07 17:53:12.341   628   628 E SurfaceFlinger: Attempt to update InputPolicyFlags without permission ACCESS_SURFACE_FLINGER
08-07 17:53:12.358   628   628 E SurfaceFlinger: Attempt to update InputPolicyFlags without permission ACCESS_SURFACE_FLINGER
08-07 17:53:12.379  7881  7881 D ScrollView:  onsize change changed
08-07 17:53:12.392   628   628 E SurfaceFlinger: Attempt to update InputPolicyFlags without permission ACCESS_SURFACE_FLINGER
08-07 17:53:12.408   628   628 E SurfaceFlinger: Attempt to update InputPolicyFlags without permission ACCESS_SURFACE_FLINGER
08-07 17:53:12.431  2001  2079 I QuickstepModelDelegate: Widget predictions updated
08-07 17:53:12.449   952  1307 D SemNscXgbMsL1: Probability - Cloud gaming: [0.056621723]
08-07 17:53:12.451   952  1307 D SemNscXgbMsL1: Probability - Real time: [0.10840482]
08-07 17:53:12.451   952  1307 D SemNscXgbMsL1: Probability - Non real time: [0.9478847]
08-07 17:53:12.451   952  1307 D SemNscXgbMsL1: 1 sample inference time: 1.852423 msecs
08-07 17:53:12.452   952  1307 D SemNscXgbL2Rt: L2 RT 1 sample inference time: 1.239269 msecs
08-07 17:53:12.453   952  1307 D SemNscXgbL2Nrt: L2 NRT 1 sample inference time: 1.007154 msecs
08-07 17:53:12.454  2001  2082 I WidgetsPredictionUpdateTask: execute(), info: PendingAddWidgetInfo(id=-1 type=WIDGET container=# com.android.launcher3.logger.LauncherAtom$ContainerInfo@7ba6f targetComponent=ComponentInfo{com.kakao.talk/com.kakao.talk.kakaopay.PayAppWidget} screen=-1 cell(-1,-1) span(4,2) minSpan(4,2) rank=0 rankOfList=-1 user=UserHandle{0} title=null hidden=0 screenType=0 componentName=ComponentInfo{com.kakao.talk/com.kakao.talk.kakaopay.PayAppWidget}), info: PendingAddWidgetInfo(id=-1 type=WIDGET container=# com.android.launcher3.logger.LauncherAtom$ContainerInfo@7ba6f targetComponent=ComponentInfo{com.samsung.android.app.notes/com.samsung.android.app.notes.widget.WidgetToolBarProvider} screen=-1 cell(-1,-1) span(4,1) minSpan(4,1) rank=0 rankOfList=-1 user=UserHandle{0} title=null hidden=0 screenType=0 componentName=ComponentInfo{com.samsung.android.app.notes/com.samsung.android.app.notes.widget.WidgetToolBarProvider}), info: PendingAddWidgetInfo(id=-1 type=WIDGET container=# com.android.launcher3.logger.LauncherAtom$ContainerInfo@7ba6f targetComponent=ComponentInfo{com.kbstar.kbbank/com.kbstar.kbbank.implementation.presentation.widget.KBWidget1} screen=-1 cell(-1,-1) span(4,1) minSpan(4,1) rank=0 rankOfList=-1 user=UserHandle{0} title=null hidden=0 screenType=0 componentName=ComponentInfo{com.kbstar.kbbank/com.kbstar.kbbank.implementation.presentation.widget.KBWidget1}), info: PendingAddWidgetInfo(id=-1 type=WIDGET container=# com.android.launcher3.logger.LauncherAtom$ContainerInfo@7ba6f targetComponent=ComponentInfo{viva.republica.toss/viva.republica.toss.tossfeed.widget.TossFeedWidgetProvider} screen=-1 cell(-1,-1) span(4,2) minSpan(4,2) rank=0 rankOfList=-1 user=UserHandle{0} title=null hidden=0 screenType=0 componentName=ComponentInfo{viva.republica.toss/viva.republica.toss.tossfeed.widget.TossFeedWidgetProvider}), info: PendingAddWidgetInfo(id=-1 type=WIDGET container=# com.android.launcher3.logger.LauncherAtom$ContainerInfo@7ba6f targetComponent=ComponentInfo{net.daum.android.map/net.daum.ma.map.android.appwidget.busstop.BusStop1x1Type0Provider} screen=-1 cell(-1,-1) span(1,1) minSpan(1,1) rank=0 rankOfList=-1 user=UserHandle{0} title=null hidden=0 screenType=0 componentName=ComponentInfo{net.daum.android.map/net.daum.ma.map.android.appwidget.busstop.BusStop1x1Type0Provider}), info: PendingAddWidgetInfo(id=-1 type=WIDGET container=# com.android.launcher3.logger.LauncherAtom$ContainerInfo@7ba6f targetComponent=ComponentInfo{com.cgv.android.movieapp/com.cjs.cgv.movieapp.widget.kit.provider.KitOneByOneProvider} screen=-1 cell(-1,-1) span(1,1) minSpan(1,1) rank=0 rankOfList=-1 user=UserHandle{0} title=null hidden=0 screenType=0 componentName=ComponentInfo{com.cgv.android.movieapp/com.cjs.cgv.movieapp.widget.kit.provider.KitOneByOneProvider}), info: PendingAddWidgetInfo(id=-1 type=WIDGET container=# com.android.launcher3.logger.LauncherAtom$ContainerInfo@7ba6f targetComponent=ComponentInfo{com.google.android.youtube/com.google.android.apps.youtube.app.widget.YtQuickActionsWidgetProvider} screen=-1 cell(-1,-1) span(3,2) minSpan(3,1) rank=0 rankOfList=-1 user=UserHandle{0} title=null hidden=0 screenType=0 componentName=ComponentInfo{com.google.android.youtube/com.google.android.apps.youtube.app.widget.YtQuickActionsWidgetProvider}), info: PendingAddWidgetInfo(id=-1 type=WIDGET container=# com.android.launcher3.logger.LauncherAtom$ContainerInfo@7ba6f targetComponent=ComponentInfo{com.samsung.android.calendar/com.android.calendar.widget.month.MonthWidgetProvider} screen=-1 cell(-1,-1) span(4,5) minSpan(4,4) rank=0 rankOfList=-1 user=UserHandle{0} title=null hidden=0 screenType=0 componentName=ComponentInfo{com.samsung.android.calendar/com.android.calendar.widget.month.MonthWidgetProvider}), info: PendingAddWidgetInfo(id=-1 type=WIDGET container=# com.android.launcher3.logger.LauncherAtom$ContainerInfo@7ba6f targetComponent=ComponentInfo{com.nhn.android.search/com.nhn.android.search.ui.widget.provider.SearchWidgetProvider} screen=-1 cell(-1,-1) span(4,1) minSpan(4,1) rank=0 rankOfList=-1 user=UserHandle{0} ti
08-07 17:53:12.574   952   952 I GestureDetector: handleMessage TAP
08-07 17:53:12.575   952  1032 I GestureDetector: handleMessage TAP
08-07 17:53:12.609  7881  7881 I ViewInteraction: Performing 'single click' action on view view.getId() is <2131230835/com.example.lunchtray:id/bread>
08-07 17:53:12.723   952   971 I system_server: Background young concurrent copying GC freed 385434(17MB) AllocSpace objects, 188(5800KB) LOS objects, 12% free, 161MB/184MB, paused 1.625ms,212us total 109.499ms
08-07 17:53:12.732   952   973 W System  : A resource failed to call end.
08-07 17:53:12.738   952   973 W System  : A resource failed to call release.
08-07 17:53:12.738   952   973 W System  : A resource failed to call close.
08-07 17:53:12.740   952   973 W System  : A resource failed to call end.
08-07 17:53:12.743   952   973 W System  : A resource failed to call release.
08-07 17:53:12.744   952   973 W System  : A resource failed to call close.
08-07 17:53:12.744   628  2718 I SurfaceFlinger: id=624613 Removed Task=8206#0 (124)
08-07 17:53:12.760   628   628 I Layer   : id=624613 Destroyed Task=8206#0
08-07 17:53:12.798   952  1409 D InputDispatcher: Inject motion (7881): action=0x0, time=2262185919000000, f=0x0, d=0
08-07 17:53:12.798   952  1207 I InputDispatcher: Delivering touch to (1411): action: 0x4, f=0x0, d=0, '5b03b71', t=0
08-07 17:53:12.799   952  1207 I InputDispatcher: Delivering touch to (7881): action: 0x0, f=0x0, d=0, 'b14f8d8', t=0
08-07 17:53:12.799  7881  7881 I ViewRootImpl@3c912ad[MainActivity]: ViewPostIme pointer 0
08-07 17:53:12.800   952  1032 I GestureDetector: obtain mCurrentDownEvent. id: -767947461 caller: com.android.server.wm.SystemGesturesPointerEventListener.onPointerEvent:179 com.android.server.wm.PointerEventDispatcher.onInputEvent:71 android.view.InputEventReceiver.dispatchInputEvent:259
08-07 17:53:12.800   952  1032 I GestureDetector: obtain mCurrentDownEvent. id: -767947461 caller: com.android.server.wm.SystemPerformancePointerEventListener.onPointerEvent:89 com.android.server.wm.PointerEventDispatcher.onInputEvent:71 android.view.InputEventReceiver.dispatchInputEvent:259
08-07 17:53:12.800  3311  3311 I SemDvfsHyPerManager: acquire hyper - BaseTABoost/3311@22, type = 1090523139
08-07 17:53:12.801  3311  3311 I SemDvfsHyPerManager: acquire hyper - BaseTAToouchBoost/3311@24, type = 1090523139
08-07 17:53:12.801   568   614 I HYPER-HAL: [RequestManager.cpp]acquire(): Acquired ID : 5556133  [3311 / 22]    HINT :      list : [TABoost / 5]
08-07 17:53:12.801   568   614 I HYPER-HAL: [RequestManager.cpp]acquire(): Acquired ID : 5562804  [3311 / 24]    HINT :      list : [TABoost / 20] [TIMEOUT / 1500]
