08-07 17:53:09.746   628   628 E SurfaceFlinger: Attempt to update InputPolicyFlags without permission ACCESS_SURFACE_FLINGER
08-07 17:53:09.763   628   628 E SurfaceFlinger: Attempt to update InputPolicyFlags without permission ACCESS_SURFACE_FLINGER
08-07 17:53:09.780   628   628 E SurfaceFlinger: Attempt to update InputPolicyFlags without permission ACCESS_SURFACE_FLINGER
08-07 17:53:09.915   556   579 D BatteryDump: wait_for_battery_event : occurred : change@/devices/platform/battery/power_supply/battery
08-07 17:53:09.925   952  1307 D SemNscXgbMsL1: Probability - Cloud gaming: [0.057886027]
08-07 17:53:09.925   952  1307 D SemNscXgbMsL1: Probability - Real time: [0.10260026]
08-07 17:53:09.926   952  1307 D SemNscXgbMsL1: Probability - Non real time: [0.95009065]
08-07 17:53:09.926   952  1307 D SemNscXgbMsL1: 1 sample inference time: 1.173154 msecs
08-07 17:53:09.929   952  1307 D SemNscXgbL2Rt: L2 RT 1 sample inference time: 2.597308 msecs
08-07 17:53:09.931   952  1307 D SemNscXgbL2Nrt: L2 NRT 1 sample inference time: 1.889885 msecs
08-07 17:53:09.940   556   556 I android.hardware.health@2.1-service-samsung: updateLrpSysfs: write: 303
08-07 17:53:09.949   952  1198 D MotionRecognitionService: [SAR]  onReceive : ACTION_BATTERY_CHANGED, Plugged: 2
08-07 17:53:09.949   952  1198 I MotionRecognitionService: [TA] In/out: true, curr state: 1
08-07 17:53:09.949   952  1198 I MotionRecognitionService: [TA] Before receiving the SAR request for Main. Return.
08-07 17:53:09.958   952  1032 I GestureDetector: handleMessage TAP
08-07 17:53:09.958   952   952 I GestureDetector: handleMessage TAP
08-07 17:53:09.965   952   952 D SemWifiApBroadcastReceiver: Received : android.intent.action.BATTERY_CHANGED
08-07 17:53:09.966  1377  1377 D SemBigDataInfoController: Intent : android.intent.action.BATTERY_CHANGED
08-07 17:53:09.967  1411  1411 D KeyguardUpdateMonitor: received broadcast android.intent.action.BATTERY_CHANGED
08-07 17:53:09.972  1411  1411 I PowerUI : mBootCompleted = true |  mFullyConnected = true
08-07 17:53:09.972  1411  1411 D PowerUI : priorPlugType = 2 mPlugType = 2 priorBatteryStatus = 2 mBatteryStatus = 2
08-07 17:53:09.972  1411  1411 I PowerUI : oldMisalign : false, curMisalign : false
08-07 17:53:09.975 24757 24757 I SAMSUNGWALLET: [ld1] onReceive() action=android.intent.action.BATTERY_CHANGED
08-07 17:53:09.976  1411  1411 D PowerUI.Notification: showChargingNotice oldChargingType : 8 / currentChargingType : 8, oldChargingTime : 2904000 / mChargingTime : 2940000
08-07 17:53:09.976  1411  1411 D PowerUI.Notification: showChargingNotification()
08-07 17:53:09.977  7881  7881 I ViewInteraction: Performing 'single click' action on view view.getId() is <2131231208/com.example.lunchtray:id/start_order_btn>
08-07 17:53:09.981   952  3368 D InputDispatcher: Inject motion (7881): action=0x0, time=2262183288000000, f=0x0, d=0
08-07 17:53:09.981   952  1682 D SLocation: SPManager - SP is not support Q OS upgrade model!
08-07 17:53:09.982   952  1207 I InputDispatcher: Delivering touch to (1411): action: 0x4, f=0x0, d=0, '5b03b71', t=0
08-07 17:53:09.982   952  1207 I InputDispatcher: Delivering touch to (7881): action: 0x0, f=0x0, d=0, '9c00d76', t=0
08-07 17:53:09.983  7881  7881 I ViewRootImpl@d3f350c[MainActivity]: ViewPostIme pointer 0
08-07 17:53:09.983   952  1032 I GestureDetector: obtain mCurrentDownEvent. id: -205453687 caller: com.android.server.wm.SystemGesturesPointerEventListener.onPointerEvent:179 com.android.server.wm.PointerEventDispatcher.onInputEvent:71 android.view.InputEventReceiver.dispatchInputEvent:259
08-07 17:53:09.983   952  1032 I GestureDetector: obtain mCurrentDownEvent. id: -205453687 caller: com.android.server.wm.SystemPerformancePointerEventListener.onPointerEvent:89 com.android.server.wm.PointerEventDispatcher.onInputEvent:71 android.view.InputEventReceiver.dispatchInputEvent:259
08-07 17:53:09.985  1411 26133 D PowerUI.Notification: 1. restoreScreenTimeOut - saved_value : :
08-07 17:53:09.985  1411 26133 E PowerUI.Notification: no saved value, so we do nothing !!
08-07 17:53:09.985  3311  3311 I SemDvfsHyPerManager: acquire hyper - BaseTABoost/3311@22, type = 1090523139
08-07 17:53:09.985  3311  3311 I SemDvfsHyPerManager: acquire hyper - BaseTAToouchBoost/3311@24, type = 1090523139
08-07 17:53:09.985   568   614 I HYPER-HAL: [RequestManager.cpp]acquire(): Acquired ID : 5556133  [3311 / 22]    HINT :      list : [TABoost / 5]
08-07 17:53:09.985   568   614 I HYPER-HAL: [RequestManager.cpp]acquire(): Acquired ID : 5562804  [3311 / 24]    HINT :      list : [TABoost / 20] [TIMEOUT / 1500]
08-07 17:53:09.988   952  3366 D ApplicationPolicy: isStatusBarNotificationAllowedAsUser: packageName = com.android.systemui,userId = 0
08-07 17:53:09.989   952  3366 D ApplicationPolicy: isStatusBarNotificationAllowedAsUser: packageName = com.android.systemui,userId = -1
08-07 17:53:09.989   952  3366 D ApplicationPolicy: isStatusBarNotificationAllowedAsUser: converting userId from USER_ALLto 0
08-07 17:53:09.990  1411  1411 D PowerUI : Battery swelling mode - priorBatterySwellingMode = 0 mBatterySwellingMode = 0 mBatteryStatus = 2
08-07 17:53:09.990  1411  1411 I PowerUI : mBatteryMiscEvent = 65536
08-07 17:53:09.991  1411  1411 D KeyguardUpdateMonitor: handleBatteryUpdate
08-07 17:53:09.995  1411  1411 D KeyguardSecIndicationController: addIndicationTimeout() returned - unlocking
08-07 17:53:09.996  1411  1411 D KeyguardSecIndicationController: addIndication() returned - unlocking
08-07 17:53:09.996  1411  1411 D KeyguardSecIndicationController: addBatteryIndication() status = BatteryStatus{status=2,level=92,plugged=2,health=2,maxChargingWattage=-1,remaining=2940000ultraFastCharger=0}
08-07 17:53:10.002   952  3368 D ApplicationPolicy: isStatusBarNotificationAllowedAsUser: packageName = com.estsoft.alyac,userId = 0
08-07 17:53:10.003   952  3368 D ApplicationPolicy: isStatusBarNotificationAllowedAsUser: packageName = com.estsoft.alyac,userId = 0
08-07 17:53:10.005  1411  1411 D QS      : setQSExpansion 0.0 -118.475
08-07 17:53:10.008  1411  1411 D QS      : setQSExpansion 0.0 -118.475
08-07 17:53:10.008  1411  1411 V SecQSFragmentAnimatorBase: setQsExpansionPosition 0.0
08-07 17:53:10.008  1411  1411 V QsExpandAnimator: setQsExpansionPosition 0.0 0
08-07 17:53:10.008  1411  1411 D QS      : setQSExpansion 0.0 -118.475
08-07 17:53:10.009  1411  1411 D MediaControlPanel: mActionButtonNumCollapsed = 3, mActionButtonNumExpand = 4
08-07 17:53:10.013  1411  1411 I AODBatteryManager: updateBatteryData: ACTION_BATTERY_CHANGED
08-07 17:53:10.014  1411  1411 I AODBatteryManager: saveBatteryData : AOD BatteryData [mBatteryLevel=92, mBatteryStatus=CHARGING, mBatteryPlugType=USB, mBatteryPlugged=true, mRemainingChargeTime=2940000, mBatteryChargingType=1, mBatteryChargerType=NORMAL, mBatteryOnline=NOT_DEFINED, mBatterySwellingMode=NONE, mBatteryProtectMode=false]
08-07 17:53:10.014  1411  1411 I ChargingInfoManager: updateChargingInfo: newState = AOD ChargingInfo [mState=BATTERY_AND_REMAIN_TIME, mIsCharging=true, mIsFullyCharged=false, mIsBatteryProtectMode=false], oldState = AOD ChargingInfo [mState=BATTERY_AND_REMAIN_TIME, mIsCharging=true, mIsFullyCharged=false, mIsBatteryProtectMode=false]
08-07 17:53:10.014   628   628 E SurfaceFlinger: Attempt to update InputPolicyFlags without permission ACCESS_SURFACE_FLINGER
08-07 17:53:10.021   952  3368 D InputDispatcher: Inject motion (7881): action=0x1, time=2262183329000000, f=0x0, d=0
08-07 17:53:10.021   952  1207 I InputDispatcher: Delivering touch to (7881): action: 0x1, f=0x0, d=0, '9c00d76', t=1
08-07 17:53:10.022   952  1032 I GestureDetector: obtain mCurrentMotionEventRaw. action: 1 id: -689552870
08-07 17:53:10.022  7881  7881 I ViewRootImpl@d3f350c[MainActivity]: ViewPostIme pointer 1
08-07 17:53:10.022   952  1032 I GestureDetector: obtain mCurrentMotionEventRaw. action: 1 id: -689552870
08-07 17:53:10.031   628   628 E SurfaceFlinger: Attempt to update InputPolicyFlags without permission ACCESS_SURFACE_FLINGER
08-07 17:53:10.035  7881  7881 D ScrollView: initGoToTop
08-07 17:53:10.048   628   628 E SurfaceFlinger: Attempt to update InputPolicyFlags without permission ACCESS_SURFACE_FLINGER
08-07 17:53:10.064   628   628 E SurfaceFlinger: Attempt to update InputPolicyFlags without permission ACCESS_SURFACE_FLINGER
08-07 17:53:10.081   628   628 E SurfaceFlinger: Attempt to update InputPolicyFlags without permission ACCESS_SURFACE_FLINGER
08-07 17:53:10.090   952  3368 V WindowManager: Relayout Window{9c00d76 u0 com.example.lunchtray/com.example.lunchtray.MainActivity}: viewVisibility=0 req=1080x2280 d0
08-07 17:53:10.094   952  3368 V WindowManager: Relayout hash=9c00d76, pid=7881: mAttrs={(0,0)(fillxfill) sim={adjust=resize} ty=BASE_APPLICATION wanim=0x1030303
08-07 17:53:10.094   952  3368 V WindowManager:   fl=81810100
08-07 17:53:10.094   952  3368 V WindowManager:   pfl=12020040
08-07 17:53:10.094   952  3368 V WindowManager:   apr=LIGHT_NAVIGATION_BARS
08-07 17:53:10.094   952  3368 V WindowManager:   bhv=DEFAULT
08-07 17:53:10.094   952  3368 V WindowManager:   fitSides= naviIconColor=0
08-07 17:53:10.094   952  3368 V WindowManager:   sfl=100000}
08-07 17:53:10.096  7881  7881 I ViewRootImpl@d3f350c[MainActivity]: Relayout returned: old=(0,0,1080,2280) new=(0,0,1080,2280) req=(1080,2280)0 dur=5 res=0x1 s={true 512217319216} ch=false fn=95
08-07 17:53:10.097  7881  7881 D ScrollView:  onsize change changed
08-07 17:53:10.098   628   628 E SurfaceFlinger: Attempt to update InputPolicyFlags without permission ACCESS_SURFACE_FLINGER
08-07 17:53:10.114   628   628 E SurfaceFlinger: Attempt to update InputPolicyFlags without permission ACCESS_SURFACE_FLINGER
08-07 17:53:10.131   628   628 E SurfaceFlinger: Attempt to update InputPolicyFlags without permission ACCESS_SURFACE_FLINGER
08-07 17:53:10.224  8085  8085 I Edge.badge: updateBadge item = com.android.systemui:-1 1
08-07 17:53:10.225  4446  4446 I NotiProvider-Moden: NotificationListener.onNotificationPosted - com.android.systemui[ -1 / 2131428820 ] : charging_state
08-07 17:53:10.226  1411  1411 D InterruptionStateProvider: No bubble up: not allowed to bubble: -1|com.android.systemui|2131428820|charging_state|10009
08-07 17:53:10.228  4446  4446 I HMApplication: getWearableConnectionMgr() - sWConnectionMgr: com.samsung.android.hostmanager.connection.WearableConnectionManager@569c783
08-07 17:53:10.228  4446  4446 I WearableConnectionManager: getConnectedBTAddress() :null
08-07 17:53:10.228  4446  4446 W NotiProvider-Moden: NotificationListener.checkAndSendNotificationAhead() [ABORT] - isIsPeerAvailable == false
08-07 17:53:10.228  1411  1411 D InterruptionStateProvider:  no Heads up : edgelighting enabled app. -1|com.android.systemui|2131428820|charging_state|10009
08-07 17:53:10.230  2001  2001 I Launcher.NotificationListener: onNotificationPosted : com.android.systemui number : 0
08-07 17:53:10.232  8085  8085 I Edge.badge: updateBadge item = com.estsoft.alyac:0 1
08-07 17:53:10.232  2001  2001 I Launcher.NotificationListener: onNotificationPosted : com.estsoft.alyac number : 0
08-07 17:53:10.233  4446  4446 I NotiProvider-Moden: NotificationListener.onNotificationPosted - com.estsoft.alyac[ 0 / 1000 ] : null
08-07 17:53:10.235  4446  4446 I HMApplication: getWearableConnectionMgr() - sWConnectionMgr: com.samsung.android.hostmanager.connection.WearableConnectionManager@569c783
08-07 17:53:10.235  4446  4446 I WearableConnectionManager: getConnectedBTAddress() :null
08-07 17:53:10.235  4446  4446 W NotiProvider-Moden: NotificationListener.checkAndSendNotificationAhead() [ABORT] - isIsPeerAvailable == false
08-07 17:53:10.242  1411  1612 D PeopleSpaceWidgetMgr: Sbn doesn't contain valid PeopleTileKey: null/-1/com.android.systemui
08-07 17:53:10.249  1411  1411 D QS      : setQSExpansion 0.0 -118.475
08-07 17:53:10.250  1411  1411 D QS      : setQSExpansion 0.0 -118.475
08-07 17:53:10.250  1411  1411 D MediaControlPanel: mActionButtonNumCollapsed = 3, mActionButtonNumExpand = 4
08-07 17:53:10.256  1411  1411 D InterruptionStateProvider: No bubble up: not allowed to bubble: 0|com.estsoft.alyac|1000|null|10372
08-07 17:53:10.257  1411  1411 D InterruptionStateProvider:  no Heads up : edgelighting enabled app. 0|com.estsoft.alyac|1000|null|10372
08-07 17:53:10.262  1411  1612 D PeopleSpaceWidgetMgr: Sbn doesn't contain valid PeopleTileKey: null/0/com.estsoft.alyac
08-07 17:53:10.266  1411  1411 D QS      : setQSExpansion 0.0 -118.475
08-07 17:53:10.266  1411  1411 D QS      : setQSExpansion 0.0 -118.475
08-07 17:53:10.266  1411  1411 D MediaControlPanel: mActionButtonNumCollapsed = 3, mActionButtonNumExpand = 4
08-07 17:53:10.283   952  1032 I GestureDetector: handleMessage TAP
08-07 17:53:10.284   952   952 I GestureDetector: handleMessage TAP
08-07 17:53:10.301  1411  1411 D QS      : setQSExpansion 0.0 -118.475
08-07 17:53:10.301  1411  1411 D QS      : setQSExpansion 0.0 -118.475
08-07 17:53:10.301  1411  1411 D MediaControlPanel: mActionButtonNumCollapsed = 3, mActionButtonNumExpand = 4
08-07 17:53:10.330  7881  7881 I ViewInteraction: Checking 'MatchesViewAssertion{viewMatcher=(view has effective visibility <VISIBLE> and view.getGlobalVisibleRect() to return non-empty rectangle)}' assertion on view an instance of android.widget.TextView and view.getText() with or without transformation to match: is "Subtotal: 0"
08-07 17:53:10.331  7881  7906 I TestRunner: finished: order_reset_after_cancel_from_accompaniment_menu(com.example.lunchtray.OrderFunctionalityTests)
