08-07 17:53:26.520  7881  7881 V ActivityScenario: Activity lifecycle changed event received but ignored because the intent does not match. startActivityIntent=Intent { act=android.intent.action.MAIN cat=[android.intent.category.LAUNCHER] cmp=com.example.lunchtray/.MainActivity }, activity.getIntent()=Intent { act=android.intent.action.MAIN cat=[android.intent.category.LAUNCHER] cmp=com.example.lunchtray/androidx.fragment.app.testing.FragmentScenario$EmptyFragmentActivity (has extras) }, activity=androidx.fragment.app.testing.FragmentScenario$EmptyFragmentActivity@8dc08b7
08-07 17:53:26.520  7881  7881 V ActivityScenario: Activity lifecycle changed event received but ignored because the intent does not match. startActivityIntent=Intent { act=android.intent.action.MAIN cat=[android.intent.category.LAUNCHER] cmp=com.example.lunchtray/.MainActivity }, activity.getIntent()=Intent { act=android.intent.action.MAIN cat=[android.intent.category.LAUNCHER] cmp=com.example.lunchtray/androidx.fragment.app.testing.FragmentScenario$EmptyFragmentActivity (has extras) }, activity=androidx.fragment.app.testing.FragmentScenario$EmptyFragmentActivity@8dc08b7
08-07 17:53:26.520  7881  7881 V ActivityScenario: Activity lifecycle changed event received but ignored because the intent does not match. startActivityIntent=Intent { act=android.intent.action.MAIN cat=[android.intent.category.LAUNCHER] cmp=com.example.lunchtray/.MainActivity }, activity.getIntent()=Intent { act=android.intent.action.MAIN cat=[android.intent.category.LAUNCHER] cmp=com.example.lunchtray/androidx.fragment.app.testing.FragmentScenario$EmptyFragmentActivity (has extras) }, activity=androidx.fragment.app.testing.FragmentScenario$EmptyFragmentActivity@8dc08b7
08-07 17:53:26.521  7881  7881 V ActivityScenario: Activity lifecycle changed event received but ignored because the intent does not match. startActivityIntent=Intent { act=android.intent.action.MAIN cat=[android.intent.category.LAUNCHER] cmp=com.example.lunchtray/.MainActivity }, activity.getIntent()=Intent { act=android.intent.action.MAIN cat=[android.intent.category.LAUNCHER] cmp=com.example.lunchtray/androidx.fragment.app.testing.FragmentScenario$EmptyFragmentActivity (has extras) }, activity=androidx.fragment.app.testing.FragmentScenario$EmptyFragmentActivity@8dc08b7
08-07 17:53:26.521  7881  7881 V ActivityScenario: Activity lifecycle changed event received but ignored because the intent does not match. startActivityIntent=Intent { act=android.intent.action.MAIN cat=[android.intent.category.LAUNCHER] cmp=com.example.lunchtray/.MainActivity }, activity.getIntent()=Intent { act=android.intent.action.MAIN cat=[android.intent.category.LAUNCHER] cmp=com.example.lunchtray/androidx.fragment.app.testing.FragmentScenario$EmptyFragmentActivity (has extras) }, activity=androidx.fragment.app.testing.FragmentScenario$EmptyFragmentActivity@8dc08b7
08-07 17:53:26.521  7881  7881 V ActivityScenario: Activity lifecycle changed event received but ignored because the reported transition was not ON_CREATE while the last known transition was DESTROYED
08-07 17:53:26.521  7881  7881 V ActivityScenario: Activity lifecycle changed event received but ignored because the intent does not match. startActivityIntent=Intent { act=android.intent.action.MAIN cat=[android.intent.category.LAUNCHER] cmp=com.example.lunchtray/.MainActivity }, activity.getIntent()=Intent { act=android.intent.action.MAIN cat=[android.intent.category.LAUNCHER] cmp=com.example.lunchtray/androidx.fragment.app.testing.FragmentScenario$EmptyFragmentActivity (has extras) }, activity=androidx.fragment.app.testing.FragmentScenario$EmptyFragmentActivity@8dc08b7
08-07 17:53:26.522  7881  7881 V ActivityScenario: Activity lifecycle changed event received but ignored because the reported transition was not ON_CREATE while the last known transition was PRE_ON_CREATE
08-07 17:53:26.527  7881  7881 I DecorView: [INFO] isPopOver=false, config=true
08-07 17:53:26.527  7881  7881 I DecorView: updateCaptionType >> DecorView@4a32290[], isFloating=false, isApplication=true, hasWindowControllerCallback=true, hasWindowDecorCaption=false
08-07 17:53:26.527  7881  7881 D DecorView: setCaptionType = 0, this = DecorView@4a32290[]
08-07 17:53:26.528  7881  7881 I DecorView: getCurrentDensityDpi: from real metrics. densityDpi=420 msg=resources_loaded
08-07 17:53:26.529  7881  7881 D LifecycleMonitor: Lifecycle status change: androidx.fragment.app.testing.FragmentScenario$EmptyFragmentActivity@8dc08b7 in: CREATED
08-07 17:53:26.530  7881  7881 V ActivityScenario: Activity lifecycle changed event received but ignored because the intent does not match. startActivityIntent=Intent { act=android.intent.action.MAIN cat=[android.intent.category.LAUNCHER] cmp=com.example.lunchtray/.MainActivity }, activity.getIntent()=Intent { act=android.intent.action.MAIN cat=[android.intent.category.LAUNCHER] cmp=com.example.lunchtray/androidx.fragment.app.testing.FragmentScenario$EmptyFragmentActivity (has extras) }, activity=androidx.fragment.app.testing.FragmentScenario$EmptyFragmentActivity@8dc08b7
08-07 17:53:26.530  7881  7881 V ActivityScenario: Activity lifecycle changed event received but ignored because the intent does not match. startActivityIntent=Intent { act=android.intent.action.MAIN cat=[android.intent.category.LAUNCHER] cmp=com.example.lunchtray/.MainActivity }, activity.getIntent()=Intent { act=android.intent.action.MAIN cat=[android.intent.category.LAUNCHER] cmp=com.example.lunchtray/androidx.fragment.app.testing.FragmentScenario$EmptyFragmentActivity (has extras) }, activity=androidx.fragment.app.testing.FragmentScenario$EmptyFragmentActivity@8dc08b7
08-07 17:53:26.530  7881  7881 V ActivityScenario: Activity lifecycle changed event received but ignored because the intent does not match. startActivityIntent=Intent { act=android.intent.action.MAIN cat=[android.intent.category.LAUNCHER] cmp=com.example.lunchtray/.MainActivity }, activity.getIntent()=Intent { act=android.intent.action.MAIN cat=[android.intent.category.LAUNCHER] cmp=com.example.lunchtray/androidx.fragment.app.testing.FragmentScenario$EmptyFragmentActivity (has extras) }, activity=androidx.fragment.app.testing.FragmentScenario$EmptyFragmentActivity@8dc08b7
08-07 17:53:26.530  7881  7881 V ActivityScenario: Activity lifecycle changed event received but ignored because the intent does not match. startActivityIntent=Intent { act=android.intent.action.MAIN cat=[android.intent.category.LAUNCHER] cmp=com.example.lunchtray/.MainActivity }, activity.getIntent()=Intent { act=android.intent.action.MAIN cat=[android.intent.category.LAUNCHER] cmp=com.example.lunchtray/androidx.fragment.app.testing.FragmentScenario$EmptyFragmentActivity (has extras) }, activity=androidx.fragment.app.testing.FragmentScenario$EmptyFragmentActivity@8dc08b7
08-07 17:53:26.530  7881  7881 V ActivityScenario: Activity lifecycle changed event received but ignored because the intent does not match. startActivityIntent=Intent { act=android.intent.action.MAIN cat=[android.intent.category.LAUNCHER] cmp=com.example.lunchtray/.MainActivity }, activity.getIntent()=Intent { act=android.intent.action.MAIN cat=[android.intent.category.LAUNCHER] cmp=com.example.lunchtray/androidx.fragment.app.testing.FragmentScenario$EmptyFragmentActivity (has extras) }, activity=androidx.fragment.app.testing.FragmentScenario$EmptyFragmentActivity@8dc08b7
08-07 17:53:26.530  7881  7881 V ActivityScenario: Update currentActivityStage to CREATED, currentActivity=androidx.fragment.app.testing.FragmentScenario$EmptyFragmentActivity@8dc08b7
08-07 17:53:26.530  7881  7881 V ActivityScenario: Activity lifecycle changed event received but ignored because the intent does not match. startActivityIntent=Intent { act=android.intent.action.MAIN cat=[android.intent.category.LAUNCHER] cmp=com.example.lunchtray/.MainActivity }, activity.getIntent()=Intent { act=android.intent.action.MAIN cat=[android.intent.category.LAUNCHER] cmp=com.example.lunchtray/androidx.fragment.app.testing.FragmentScenario$EmptyFragmentActivity (has extras) }, activity=androidx.fragment.app.testing.FragmentScenario$EmptyFragmentActivity@8dc08b7
08-07 17:53:26.530  7881  7881 V ActivityScenario: Update currentActivityStage to CREATED, currentActivity=androidx.fragment.app.testing.FragmentScenario$EmptyFragmentActivity@8dc08b7
08-07 17:53:26.532   952  1034 D EnterpriseDeviceManagerService: isMdmAdminPresentInternal() : MDM Admin Found - com.samsung.knox.securefolder
08-07 17:53:26.532  7881  7881 D LifecycleMonitor: Lifecycle status change: androidx.fragment.app.testing.FragmentScenario$EmptyFragmentActivity@8dc08b7 in: STARTED
08-07 17:53:26.532  7881  7881 V ActivityScenario: Activity lifecycle changed event received but ignored because the intent does not match. startActivityIntent=Intent { act=android.intent.action.MAIN cat=[android.intent.category.LAUNCHER] cmp=com.example.lunchtray/.MainActivity }, activity.getIntent()=Intent { act=android.intent.action.MAIN cat=[android.intent.category.LAUNCHER] cmp=com.example.lunchtray/androidx.fragment.app.testing.FragmentScenario$EmptyFragmentActivity (has extras) }, activity=androidx.fragment.app.testing.FragmentScenario$EmptyFragmentActivity@8dc08b7
08-07 17:53:26.533  7881  7881 V ActivityScenario: Activity lifecycle changed event received but ignored because the intent does not match. startActivityIntent=Intent { act=android.intent.action.MAIN cat=[android.intent.category.LAUNCHER] cmp=com.example.lunchtray/.MainActivity }, activity.getIntent()=Intent { act=android.intent.action.MAIN cat=[android.intent.category.LAUNCHER] cmp=com.example.lunchtray/androidx.fragment.app.testing.FragmentScenario$EmptyFragmentActivity (has extras) }, activity=androidx.fragment.app.testing.FragmentScenario$EmptyFragmentActivity@8dc08b7
08-07 17:53:26.533  7881  7881 V ActivityScenario: Activity lifecycle changed event received but ignored because the intent does not match. startActivityIntent=Intent { act=android.intent.action.MAIN cat=[android.intent.category.LAUNCHER] cmp=com.example.lunchtray/.MainActivity }, activity.getIntent()=Intent { act=android.intent.action.MAIN cat=[android.intent.category.LAUNCHER] cmp=com.example.lunchtray/androidx.fragment.app.testing.FragmentScenario$EmptyFragmentActivity (has extras) }, activity=androidx.fragment.app.testing.FragmentScenario$EmptyFragmentActivity@8dc08b7
08-07 17:53:26.533  7881  7881 V ActivityScenario: Activity lifecycle changed event received but ignored because the intent does not match. startActivityIntent=Intent { act=android.intent.action.MAIN cat=[android.intent.category.LAUNCHER] cmp=com.example.lunchtray/.MainActivity }, activity.getIntent()=Intent { act=android.intent.action.MAIN cat=[android.intent.category.LAUNCHER] cmp=com.example.lunchtray/androidx.fragment.app.testing.FragmentScenario$EmptyFragmentActivity (has extras) }, activity=androidx.fragment.app.testing.FragmentScenario$EmptyFragmentActivity@8dc08b7
08-07 17:53:26.533  7881  7881 V ActivityScenario: Activity lifecycle changed event received but ignored because the intent does not match. startActivityIntent=Intent { act=android.intent.action.MAIN cat=[android.intent.category.LAUNCHER] cmp=com.example.lunchtray/.MainActivity }, activity.getIntent()=Intent { act=android.intent.action.MAIN cat=[android.intent.category.LAUNCHER] cmp=com.example.lunchtray/androidx.fragment.app.testing.FragmentScenario$EmptyFragmentActivity (has extras) }, activity=androidx.fragment.app.testing.FragmentScenario$EmptyFragmentActivity@8dc08b7
08-07 17:53:26.533  7881  7881 V ActivityScenario: Update currentActivityStage to STARTED, currentActivity=androidx.fragment.app.testing.FragmentScenario$EmptyFragmentActivity@8dc08b7
08-07 17:53:26.533  7881  7881 V ActivityScenario: Activity lifecycle changed event received but ignored because the intent does not match. startActivityIntent=Intent { act=android.intent.action.MAIN cat=[android.intent.category.LAUNCHER] cmp=com.example.lunchtray/.MainActivity }, activity.getIntent()=Intent { act=android.intent.action.MAIN cat=[android.intent.category.LAUNCHER] cmp=com.example.lunchtray/androidx.fragment.app.testing.FragmentScenario$EmptyFragmentActivity (has extras) }, activity=androidx.fragment.app.testing.FragmentScenario$EmptyFragmentActivity@8dc08b7
08-07 17:53:26.533  7881  7881 V ActivityScenario: Update currentActivityStage to STARTED, currentActivity=androidx.fragment.app.testing.FragmentScenario$EmptyFragmentActivity@8dc08b7
08-07 17:53:26.534  8085  8085 I Utils   : HomePackage : com.sec.android.app.launcher, resumePackageName : com.example.lunchtray
08-07 17:53:26.534  7881  7881 D LifecycleMonitor: Lifecycle status change: androidx.fragment.app.testing.FragmentScenario$EmptyFragmentActivity@8dc08b7 in: RESUMED
08-07 17:53:26.534   952  2595 I MediaSessionMonitor: Media session stopped : controllerList empty
08-07 17:53:26.535  7881  7881 V ActivityScenario: Activity lifecycle changed event received but ignored because the intent does not match. startActivityIntent=Intent { act=android.intent.action.MAIN cat=[android.intent.category.LAUNCHER] cmp=com.example.lunchtray/.MainActivity }, activity.getIntent()=Intent { act=android.intent.action.MAIN cat=[android.intent.category.LAUNCHER] cmp=com.example.lunchtray/androidx.fragment.app.testing.FragmentScenario$EmptyFragmentActivity (has extras) }, activity=androidx.fragment.app.testing.FragmentScenario$EmptyFragmentActivity@8dc08b7
08-07 17:53:26.535  7881  7881 V ActivityScenario: Activity lifecycle changed event received but ignored because the intent does not match. startActivityIntent=Intent { act=android.intent.action.MAIN cat=[android.intent.category.LAUNCHER] cmp=com.example.lunchtray/.MainActivity }, activity.getIntent()=Intent { act=android.intent.action.MAIN cat=[android.intent.category.LAUNCHER] cmp=com.example.lunchtray/androidx.fragment.app.testing.FragmentScenario$EmptyFragmentActivity (has extras) }, activity=androidx.fragment.app.testing.FragmentScenario$EmptyFragmentActivity@8dc08b7
08-07 17:53:26.535  7881  7881 V ActivityScenario: Activity lifecycle changed event received but ignored because the intent does not match. startActivityIntent=Intent { act=android.intent.action.MAIN cat=[android.intent.category.LAUNCHER] cmp=com.example.lunchtray/.MainActivity }, activity.getIntent()=Intent { act=android.intent.action.MAIN cat=[android.intent.category.LAUNCHER] cmp=com.example.lunchtray/androidx.fragment.app.testing.FragmentScenario$EmptyFragmentActivity (has extras) }, activity=androidx.fragment.app.testing.FragmentScenario$EmptyFragmentActivity@8dc08b7
08-07 17:53:26.535  7881  7881 V ActivityScenario: Activity lifecycle changed event received but ignored because the intent does not match. startActivityIntent=Intent { act=android.intent.action.MAIN cat=[android.intent.category.LAUNCHER] cmp=com.example.lunchtray/.MainActivity }, activity.getIntent()=Intent { act=android.intent.action.MAIN cat=[android.intent.category.LAUNCHER] cmp=com.example.lunchtray/androidx.fragment.app.testing.FragmentScenario$EmptyFragmentActivity (has extras) }, activity=androidx.fragment.app.testing.FragmentScenario$EmptyFragmentActivity@8dc08b7
08-07 17:53:26.535  7881  7881 V ActivityScenario: Activity lifecycle changed event received but ignored because the intent does not match. startActivityIntent=Intent { act=android.intent.action.MAIN cat=[android.intent.category.LAUNCHER] cmp=com.example.lunchtray/.MainActivity }, activity.getIntent()=Intent { act=android.intent.action.MAIN cat=[android.intent.category.LAUNCHER] cmp=com.example.lunchtray/androidx.fragment.app.testing.FragmentScenario$EmptyFragmentActivity (has extras) }, activity=androidx.fragment.app.testing.FragmentScenario$EmptyFragmentActivity@8dc08b7
08-07 17:53:26.535  7881  7881 V ActivityScenario: Update currentActivityStage to RESUMED, currentActivity=androidx.fragment.app.testing.FragmentScenario$EmptyFragmentActivity@8dc08b7
08-07 17:53:26.536  7881  7881 V ActivityScenario: Activity lifecycle changed event received but ignored because the intent does not match. startActivityIntent=Intent { act=android.intent.action.MAIN cat=[android.intent.category.LAUNCHER] cmp=com.example.lunchtray/.MainActivity }, activity.getIntent()=Intent { act=android.intent.action.MAIN cat=[android.intent.category.LAUNCHER] cmp=com.example.lunchtray/androidx.fragment.app.testing.FragmentScenario$EmptyFragmentActivity (has extras) }, activity=androidx.fragment.app.testing.FragmentScenario$EmptyFragmentActivity@8dc08b7
08-07 17:53:26.536  7881  7881 V ActivityScenario: Update currentActivityStage to RESUMED, currentActivity=androidx.fragment.app.testing.FragmentScenario$EmptyFragmentActivity@8dc08b7
08-07 17:53:26.537   952  2550 W NetlinkSocket: maximum read
08-07 17:53:26.537   952  2550 W NetlinkSocket: maximum read
08-07 17:53:26.540   952  3366 D InputTransport: Input channel constructed: 'edc9819', fd=1977
08-07 17:53:26.541   952  3366 D InputTransport: Input channel constructed: 'edc9819', fd=1985
08-07 17:53:26.541   952  3366 D InputTransport: Input channel constructed: 'edc9819', fd=1987
08-07 17:53:26.541   628  2718 I SurfaceFlinger: id=624811 createSurf (0x0),-1 flag=80004, edc9819 com.example.lunchtray/androidx.fragment.app.testing.FragmentScenario$EmptyFragmentActivity#0
08-07 17:53:26.542   952  3366 D InputTransport: Input channel destroyed: 'edc9819', fd=1987
08-07 17:53:26.545  7881  7881 I ViewRootImpl@b49dec1[FragmentScenario$EmptyFragmentActivity]: setView = com.android.internal.policy.DecorView@4a32290 TM=true
08-07 17:53:26.546   952  1095 D AnalyticsContainerHandler: handleMessage : { when=0 what=1 target=com.android.server.knox.KnoxAnalyticsContainer$AnalyticsHandler }
08-07 17:53:26.560   952  3366 V WindowManager: Relayout Window{edc9819 u0 com.example.lunchtray/androidx.fragment.app.testing.FragmentScenario$EmptyFragmentActivity}: viewVisibility=0 req=1080x2280 d0
08-07 17:53:26.560   628   963 I SurfaceFlinger: id=624812 createSurf (1x1),-3 flag=40004, com.example.lunchtray/androidx.fragment.app.testing.FragmentScenario$EmptyFragmentActivity$_7881#0
08-07 17:53:26.562   628   641 I SurfaceFlinger: id=624813 createSurf (0x0),-1 flag=24000, Surface(name=cc3f67a StatusBar)/@0x6cfa557 - animation-leash of insets_animation#0
08-07 17:53:26.563   628   963 I SurfaceFlinger: id=624814 createSurf (0x0),-1 flag=24000, Surface(name=5b03b71 NavigationBar0)/@0xbaf262 - animation-leash of insets_animation#0
08-07 17:53:26.564   952  3366 V WindowManager: Relayout hash=edc9819, pid=7881: mAttrs={(0,0)(fillxfill) sim={adjust=pan forwardNavigation} ty=BASE_APPLICATION wanim=0x1030303
08-07 17:53:26.564   952  3366 V WindowManager:   fl=81810100
08-07 17:53:26.564   952  3366 V WindowManager:   pfl=12020040
08-07 17:53:26.564   952  3366 V WindowManager:   apr=LIGHT_NAVIGATION_BARS
08-07 17:53:26.564   952  3366 V WindowManager:   bhv=DEFAULT
08-07 17:53:26.564   952  3366 V WindowManager:   fitSides= naviIconColor=0
08-07 17:53:26.564   952  3366 V WindowManager:   sfl=100000}
08-07 17:53:26.566   952  8082 D WifiConnectivityMonitor.DnsPingerHandler: setCurrentLinkProperties: lp={InterfaceName: wlan0 LinkAddresses: [ fe80::a878:2de6:860c:2cbc/64,172.27.187.30/24 ] DnsAddresses: [ /172.30.1.15,/172.30.1.16 ] Domains: null MTU: 0 ServerAddress: /172.30.1.61 TcpBufferSizes: 524288,1048576,4194304,524288,1048576,4194304 Routes: [ fe80::/64 -> :: wlan0 mtu 0,172.27.187.0/24 -> 0.0.0.0 wlan0 mtu 0,0.0.0.0/0 -> 172.27.187.1 wlan0 mtu 0 ]}
08-07 17:53:26.567  7881  7881 I ViewRootImpl@b49dec1[FragmentScenario$EmptyFragmentActivity]: Relayout returned: old=(0,0,1080,2280) new=(0,0,1080,2280) req=(1080,2280)0 dur=6 res=0x7 s={true 512217476176} ch=true fn=-1
08-07 17:53:26.568  7881  7915 D OpenGLRenderer: eglCreateWindowSurface
08-07 17:53:26.569  7881  7881 I ViewRootImpl@b49dec1[FragmentScenario$EmptyFragmentActivity]: [DP] dp(1) 1 android.view.ViewRootImpl.reportNextDraw:11442 android.view.ViewRootImpl.performTraversals:4198 android.view.ViewRootImpl.doTraversal:2924
08-07 17:53:26.569  7881  7881 D ViewRootImpl@b49dec1[FragmentScenario$EmptyFragmentActivity]: Creating frameDrawingCallback nextDrawUseBlastSync=false reportNextDraw=true hasBlurUpdates=false
08-07 17:53:26.569  7881  7881 D ViewRootImpl@b49dec1[FragmentScenario$EmptyFragmentActivity]: Creating frameCompleteCallback
08-07 17:53:26.570  7881  7929 D ViewRootImpl@b49dec1[FragmentScenario$EmptyFragmentActivity]: Received frameDrawingCallback frameNum=1. Creating transactionCompleteCallback=false
08-07 17:53:26.573  7881  7915 D ViewRootImpl@b49dec1[FragmentScenario$EmptyFragmentActivity]: Received frameCompleteCallback  lastAcquiredFrameNum=1 lastAttemptedDrawFrameNum=1
08-07 17:53:26.573   628   628 E SurfaceFlinger: Attempt to update InputPolicyFlags without permission ACCESS_SURFACE_FLINGER
08-07 17:53:26.575  7881  7881 I ViewRootImpl@b49dec1[FragmentScenario$EmptyFragmentActivity]: [DP] pdf(0) 1 android.view.ViewRootImpl.lambda$addFrameCompleteCallbackIfNeeded$3$ViewRootImpl:5000 android.view.ViewRootImpl$$ExternalSyntheticLambda16.run:6 android.os.Handler.handleCallback:938
08-07 17:53:26.575  7881  7881 I ViewRootImpl@b49dec1[FragmentScenario$EmptyFragmentActivity]: [DP] rdf()
08-07 17:53:26.575  7881  7881 D ViewRootImpl@b49dec1[FragmentScenario$EmptyFragmentActivity]: reportDrawFinished (fn: -1)
08-07 17:53:26.577   952  3368 I SemDvfsHyPerManager: acquire hyper - AMS_RESUME_TAIL/952@18, type = -999
08-07 17:53:26.577   952  3368 I SemDvfsHyPerManager: acquire hyper - AMS_ACT_LAZY/952@19, type = -999
08-07 17:53:26.577   568   614 I HYPER-HAL: [RequestManager.cpp]acquire(): Acquired ID : 470953  [952 / 18]    HINT : AMS_RESUME_TAIL    list :
08-07 17:53:26.577  7881  7881 D InsetsSourceConsumer: ensureControlAlpha: for ITYPE_NAVIGATION_BAR on com.example.lunchtray/androidx.fragment.app.testing.FragmentScenario$EmptyFragmentActivity
08-07 17:53:26.578   568   614 I HYPER-HAL: [RequestManager.cpp]releaseLocked(): Released ID : 469012
08-07 17:53:26.578  7881  7881 D InsetsSourceConsumer: ensureControlAlpha: for ITYPE_STATUS_BAR on com.example.lunchtray/androidx.fragment.app.testing.FragmentScenario$EmptyFragmentActivity
08-07 17:53:26.582   534   541 E statsd  : Predicate -7037417284711607308 dropping data for dimension key (10)0x2010101->10704[I] (10)0x30000->*launch*[S]
08-07 17:53:26.583   534   541 E statsd  : Predicate 5980654721335871649 dropping data for dimension key (10)0x2010101->10704[I] (10)0x30000->*launch*[S]
08-07 17:53:26.583   952  1031 I PkgPredictorService-SecIpmManagerServiceImpl: reportToNAP uid:10704 com.example.lunchtray/androidx.fragment.app.testing.FragmentScenario$EmptyFragmentActivity thisTime:183
08-07 17:53:26.585  7881  7881 D ScrollView: initGoToTop
08-07 17:53:26.587   628   641 I SurfaceFlinger: id=624815 createSurf (0x0),-1 flag=24000, Surface(name=edc9819 com.example.lunchtray/androidx.fragment.app.testing.FragmentScenario$EmptyFragmentActivity)/@0x2a6b989 - animation-leash of starting_reveal#0
08-07 17:53:26.589   628   628 I Layer   : id=624808 removeFromCurrentState Surface(name=cc3f67a StatusBar)/@0x6cfa557 - animation-leash of insets_animation#1 (141)
08-07 17:53:26.589   628   628 I Layer   : id=624809 removeFromCurrentState Surface(name=5b03b71 NavigationBar0)/@0xbaf262 - animation-leash of insets_animation#1 (141)
08-07 17:53:26.590   628   628 I SurfaceFlinger: id=624808 Removed Surface(name=cc3f67a StatusBar)/@0x6cfa557 - animation-leash of insets_animation#1 (141)
08-07 17:53:26.590   628   628 I SurfaceFlinger: id=624809 Removed Surface(name=5b03b71 NavigationBar0)/@0xbaf262 - animation-leash of insets_animation#1 (141)
08-07 17:53:26.590   628   628 I Layer   : id=624808 Destroyed Surface(name=cc3f67a StatusBar)/@0x6cfa557 - animation-leash of insets_animation#1
08-07 17:53:26.590   628   628 I Layer   : id=624809 Destroyed Surface(name=5b03b71 NavigationBar0)/@0xbaf262 - animation-leash of insets_animation#1
08-07 17:53:26.591   952  1031 I ActivityTaskManager: Displayed com.example.lunchtray/androidx.fragment.app.testing.FragmentScenario$EmptyFragmentActivity: +183ms
08-07 17:53:26.591   952  3394 D InputDispatcher: Focus entered window (0): edc9819 com.example.lunchtray/androidx.fragment.app.testing.FragmentScenario$EmptyFragmentActivity
08-07 17:53:26.591  1411  2198 I ViewRootImpl@565b879[lunchtray]: mWNT: t = android.view.SurfaceControl$Transaction@87e2296 fN = 2 android.view.SyncRtSurfaceTransactionApplier.applyTransaction:94 android.view.SyncRtSurfaceTransactionApplier.lambda$scheduleApply$0$SyncRtSurfaceTransactionApplier:71 android.view.SyncRtSurfaceTransactionApplier$$ExternalSyntheticLambda0.onFrameDraw:4
08-07 17:53:26.591  1411  2198 I ViewRootImpl@565b879[lunchtray]: mWNT: merge t to BBQ
08-07 17:53:26.591  1411  2198 I ViewRootImpl@565b879[lunchtray]: mWNT: t = android.view.SurfaceControl$Transaction@2429e17 fN = 2 android.view.SyncRtSurfaceTransactionApplier.applyTransaction:94 android.view.SyncRtSurfaceTransactionApplier.lambda$scheduleApply$0$SyncRtSurfaceTransactionApplier:71 android.view.SyncRtSurfaceTransactionApplier$$ExternalSyntheticLambda0.onFrameDraw:4
08-07 17:53:26.592  1411  2198 I ViewRootImpl@565b879[lunchtray]: mWNT: merge t to BBQ
08-07 17:53:26.594  2654  2654 E pageboostd: Received HALT command code 2
08-07 17:53:26.596   628   628 D SurfaceFlinger: Display 0 HWC layers:
08-07 17:53:26.596   628   628 D SurfaceFlinger:      DEVICE | 0x78e3e0a3d0 | 0100 | RGBx_8888    |   50.0    0.0 1130.0 2280.0 |    0    0 1080 2280 | Wallpaper BBQ wrapper#0
08-07 17:53:26.596   628   628 D SurfaceFlinger:      DEVICE | 0x78e3e18dd0 | 0100 | RGBA_8888    |    0.0    0.0 1080.0 2280.0 |    0    0 1080 2280 | com.sec.android.app.launcher/com.sec[...].activities.LauncherActivity$_2001#0
08-07 17:53:26.596   628   628 D SurfaceFlinger:      DEVICE | 0x78e3e0fdd0 | 0102 | RGBA_8888    |    0.0    0.0 1080.0 2280.0 |   22   46 1058 2234 | com.example.lunchtray/androidx.fragm[...]enario$EmptyFragmentActivity$_7881#0
08-07 17:53:26.596   628   628 D SurfaceFlinger:      DEVICE | 0x78e3e1bad0 | 0100 | RGBA_8888    |    0.0    0.0 1080.0 2280.0 |   22   46 1058 2234 | Splash Screen com.example.lunchtray$_1411#0
08-07 17:53:26.596   628   628 D SurfaceFlinger:      DEVICE | 0x78e3dfd3b0 | 0100 | RGBA_8888    |    0.0    0.0 1080.0  112.0 |    0    0 1080  112 | StatusBar$_1411#0
08-07 17:53:26.596   628   628 D SurfaceFlinger:      DEVICE | 0x78e3e1bd10 | 0100 | RGBA_8888    |    0.0    0.0   67.0  457.0 |    0  410   67  867 | com.samsung.android.app.cocktailbars[...]arservice.CocktailBarService$_8085#0
08-07 17:53:26.596   628   628 D SurfaceFlinger:      DEVICE | 0x78e3e02930 | 0100 | RGBA_8888    |    0.0    0.
08-07 17:53:26.596   628   628 D SurfaceFlinger: 0 1080.0  126.0 |    0 2154 1080 2280 | NavigationBar0$_1411#0
08-07 17:53:26.596   628   628 D SurfaceFlinger:
08-07 17:53:26.603  7881  7915 D OpenGLRenderer: setSurface called with nullptr
08-07 17:53:26.607  7881  7915 D OpenGLRenderer: setSurface called with nullptr
08-07 17:53:26.608  1411  2199 I ViewRootImpl@565b879[lunchtray]: mWNT: t = android.view.SurfaceControl$Transaction@f528204 fN = 3 android.view.SyncRtSurfaceTransactionApplier.applyTransaction:94 android.view.SyncRtSurfaceTransactionApplier.lambda$scheduleApply$0$SyncRtSurfaceTransactionApplier:71 android.view.SyncRtSurfaceTransactionApplier$$ExternalSyntheticLambda0.onFrameDraw:4
08-07 17:53:26.608  1411  2199 I ViewRootImpl@565b879[lunchtray]: mWNT: merge t to BBQ
08-07 17:53:26.612  2001  4884 I RecentModel: onTaskStackChangedBackground
08-07 17:53:26.613  2001  4884 I RecentTasksList: getTaskKeys, numTasks :3 callback : com.android.quickstep.-$$Lambda$RecentsModel$k1Mm-BV64Bc89eJHYugywZmW_Js@44d0f7f
08-07 17:53:26.613  7881  7915 D OpenGLRenderer: setSurface called with nullptr
08-07 17:53:26.614  3311  3719 I SemDvfsHyPerManager: acquire hyper - BaseTABoost/3311@22, type = 1090523139
08-07 17:53:26.615  3311  3719 I SemDvfsHyPerManager: acquire hyper - BaseTAToouchBoost/3311@24, type = 1090523139
08-07 17:53:26.615  7881  7915 D OpenGLRenderer: setSurface called with nullptr
08-07 17:53:26.616   568   614 I HYPER-HAL: [RequestManager.cpp]acquire(): Acquired ID : 5556133  [3311 / 22]    HINT :      list : [TABoost / 5]
08-07 17:53:26.617   568   614 I HYPER-HAL: [RequestManager.cpp]acquire(): Acquired ID : 5562804  [3311 / 24]    HINT :      list : [TABoost / 20] [TIMEOUT / 1500]
08-07 17:53:26.617  7881  7915 D OpenGLRenderer: setSurface called with nullptr
08-07 17:53:26.618  2001  2079 I RecentTasksList: loadTasksInBackground() task id : 8213
08-07 17:53:26.620  7881  7915 D OpenGLRenderer: setSurface called with nullptr
08-07 17:53:26.622  7881  7915 D OpenGLRenderer: setSurface called with nullptr
08-07 17:53:26.622  7881  7915 D OpenGLRenderer: setSurface called with nullptr
08-07 17:53:26.624  1411  2198 I ViewRootImpl@565b879[lunchtray]: mWNT: t = android.view.SurfaceControl$Transaction@cd6c3ed fN = 4 android.view.SyncRtSurfaceTransactionApplier.applyTransaction:94 android.view.SyncRtSurfaceTransactionApplier.lambda$scheduleApply$0$SyncRtSurfaceTransactionApplier:71 android.view.SyncRtSurfaceTransactionApplier$$ExternalSyntheticLambda0.onFrameDraw:4
08-07 17:53:26.624  1411  2198 I ViewRootImpl@565b879[lunchtray]: mWNT: merge t to BBQ
08-07 17:53:26.634   952  3366 V WindowManager: Relayout Window{edc9819 u0 com.example.lunchtray/androidx.fragment.app.testing.FragmentScenario$EmptyFragmentActivity}: viewVisibility=0 req=1080x2280 d0
08-07 17:53:26.636   952  3366 V WindowManager: Relayout hash=edc9819, pid=7881: mAttrs={(0,0)(fillxfill) sim={adjust=resize forwardNavigation} ty=BASE_APPLICATION wanim=0x1030303
08-07 17:53:26.636   952  3366 V WindowManager:   fl=81810100
08-07 17:53:26.636   952  3366 V WindowManager:   pfl=12020040
08-07 17:53:26.636   952  3366 V WindowManager:   apr=LIGHT_NAVIGATION_BARS
08-07 17:53:26.636   952  3366 V WindowManager:   bhv=DEFAULT
08-07 17:53:26.636   952  3366 V WindowManager:   fitSides= naviIconColor=0
08-07 17:53:26.636   952  3366 V WindowManager:   sfl=100000}
08-07 17:53:26.639  7881  7881 I ViewRootImpl@b49dec1[FragmentScenario$EmptyFragmentActivity]: Relayout returned: old=(0,0,1080,2280) new=(0,0,1080,2280) req=(1080,2280)0 dur=5 res=0x1 s={true 512217476176} ch=false fn=2
08-07 17:53:26.639  7881  7881 D ScrollView:  onsize change changed
08-07 17:53:26.642  1411  1640 D OpenGLRenderer: setSurface called with nullptr
08-07 17:53:26.642  1411  1640 D OpenGLRenderer: setSurface() destroyed EGLSurface
08-07 17:53:26.642  1411  1640 D OpenGLRenderer: destroyEglSurface
08-07 17:53:26.644   952  3366 V WindowManager: Relayout Window{2c94fb3 u0 Splash Screen com.example.lunchtray}: viewVisibility=8 req=1080x2280 d0
08-07 17:53:26.644  7881  7881 I ViewRootImpl@b49dec1[FragmentScenario$EmptyFragmentActivity]: MSG_WINDOW_FOCUS_CHANGED 1 1
08-07 17:53:26.646   628   963 I SurfaceFlinger: id=624816 createSurf (0x0),-1 flag=24000, Surface(name=2c94fb3 Splash Screen com.example.lunchtray)/@0x773b13a - animation-leash of window_animation#0
08-07 17:53:26.646  7881  7881 D InputMethodManager: startInputInner - Id : 0
08-07 17:53:26.646  7881  7881 I InputMethodManager: startInputInner - mService.startInputOrWindowGainedFocus
08-07 17:53:26.649   952  3368 D InputMethodManagerService: DESKTOP MODE! : 2
08-07 17:53:26.649   952  3368 D InputMethodManagerService: NOT IN KNOX DESKTOP MODE!
08-07 17:53:26.649   952  3368 V InputMethodManagerService: getDisplayIdOfInputMethodWindowToBeAdded : 0
08-07 17:53:26.649   952  3366 V WindowManager: Relayout hash=2c94fb3, pid=1411: mAttrs={(0,0)(fillxfill) sim={adjust=pan} ty=APPLICATION_STARTING fmt=TRANSLUCENT wanim=0x1030001
08-07 17:53:26.649   952  3366 V WindowManager:   fl=81030118
08-07 17:53:26.649   952  3366 V WindowManager:   pfl=36000010
08-07 17:53:26.649   952  3366 V WindowManager:   bhv=DEFAULT
08-07 17:53:26.649   952  3366 V WindowManager:   fitSides= naviIconColor=0}
08-07 17:53:26.649   952  3368 D InputMethodManagerService: checkDisplayOfStartInputAndUpdateKeyboard display Id 0last 0
08-07 17:53:26.649   952  3368 D InputTransport: Input channel constructed: 'ClientS', fd=1989
08-07 17:53:26.649   952  3368 D InputTransport: Input channel destroyed: 'ClientS', fd=1989
08-07 17:53:26.651  6011  6011 I HBD     : HoneyBoardService onFinishInput
08-07 17:53:26.651  1411  1558 I ViewRootImpl@565b879[lunchtray]: Relayout returned: old=(0,0,1080,2280) new=(0,0,1080,2280) req=(1080,2280)8 dur=6 res=0x5 s={false 0} ch=true fn=5
08-07 17:53:26.651  1411  1558 I ViewRootImpl@565b879[lunchtray]: dispatchDetachedFromWindow
08-07 17:53:26.651  6011  6011 I HBD     : a IC have been unbinding,  InputConnectionWrapper{idHash=#64cbb9b mMissingMethods=}
08-07 17:53:26.651  6011  6011 I HBD     : HoneyBoardService [PF_CL][onFinishInput]  330769 ns
08-07 17:53:26.652  6011  6011 I HBD     : HoneyBoardService [IMI] onStartInput - caller pid : 7881 , caller uid : 10704
08-07 17:53:26.652  6011  6011 I HBD     : j updateConfigs
08-07 17:53:26.652  6011  6011 I HBD     : j isEnabledNightMode : false
08-07 17:53:26.652  6011  6011 I HBD     : a IC have been binding, InputConnectionWrapper{idHash=#464711 mMissingMethods=}
08-07 17:53:26.652   628   963 I SurfaceFlinger: id=624817 createSurf (0x0),-1 flag=24004, Surface(name=7cc30f4 InputMethod)/@0xe76f292 - animation-leash of insets_animation#1
08-07 17:53:26.652  6011  6011 I HBD     : h [EditorInputType]setPrivateImeOptionsToTable privateImeOptions ( null )
08-07 17:53:26.652  6011  6011 I HBD     : b incognitoMode : false
08-07 17:53:26.652  6011  6011 I HBD     : a needOff = true , isForceOff = false, isNullInputClass : true
08-07 17:53:26.652  6011  6011 I HBD     : h getDefaultInputRange : UNKNOWN
08-07 17:53:26.652  6011  6011 I HBD     : h getDefaultInputRange : UNKNOWN
08-07 17:53:26.652  6011  6011 I HBD     : h getDefaultInputRange : UNKNOWN
08-07 17:53:26.653   952  3394 D DARUtil : Device owner status not updated yet...
08-07 17:53:26.653   952  3394 D DARUtil : Not an enterprise user : 0
08-07 17:53:26.653   952  3394 D DARUtil : Device owner status not updated yet...
08-07 17:53:26.653   952  3394 D DARUtil : Not an enterprise user : 0
08-07 17:53:26.654  7881  7881 I ViewInteraction: Performing 'single click' action on view view.getId() is <2131230844/com.example.lunchtray:id/cauliflower>
08-07 17:53:26.657   628   628 E SurfaceFlinger: Attempt to update InputPolicyFlags without permission ACCESS_SURFACE_FLINGER
08-07 17:53:26.657   952  3368 D InputDispatcher: Inject motion (7881): action=0x0, time=2262199965000000, f=0x0, d=0
08-07 17:53:26.657   628   628 I Layer   : id=624800 removeFromCurrentState Surface(name=7cc30f4 InputMethod)/@0xe76f292 - animation-leash of insets_animation#0 (141)
08-07 17:53:26.657   952  3366 D InputTransport: Input channel destroyed: '2c94fb3', fd=1778
08-07 17:53:26.657   952  3366 W InputManager-JNI: Input channel object '2c94fb3 Splash Screen com.example.lunchtray (client)' was disposed without first being removed with the input manager!
08-07 17:53:26.657   952  1207 I InputDispatcher: Delivering touch to (1411): action: 0x4, f=0x0, d=0, '5b03b71', t=0
08-07 17:53:26.657   952  1207 I InputDispatcher: Delivering touch to (7881): action: 0x0, f=0x0, d=0, 'edc9819', t=0 +(-11,-26)*1.02
08-07 17:53:26.657  6011  6011 I HBD     : a needOff = true , isForceOff = false, isNullInputClass : true
08-07 17:53:26.657  6011  6011 I HBD     : a update cached prediction status : false
08-07 17:53:26.657  6011  6011 I HBD     : h getDefaultInputRange : UNKNOWN
08-07 17:53:26.657  6011  6011 I HBD     : h getDefaultInputRange : UNKNOWN
08-07 17:53:26.658  6011  6011 I HBD     : a currentState : 0
08-07 17:53:26.658   952  1032 I GestureDetector: obtain mCurrentDownEvent. id: -345862073 caller: com.android.server.wm.SystemGesturesPointerEventListener.onPointerEvent:179 com.android.server.wm.PointerEventDispatcher.onInputEvent:71 android.view.InputEventReceiver.dispatchInputEvent:259
08-07 17:53:26.658  7881  7881 I ViewRootImpl@b49dec1[FragmentScenario$EmptyFragmentActivity]: ViewPostIme pointer 0
08-07 17:53:26.658   952  1032 I GestureDetector: obtain mCurrentDownEvent. id: -345862073 caller: com.android.server.wm.SystemPerformancePointerEventListener.onPointerEvent:89 com.android.server.wm.PointerEventDispatcher.onInputEvent:71 android.view.InputEventReceiver.dispatchInputEvent:259
08-07 17:53:26.658   628   641 I SurfaceFlinger: id=624800 Removed Surface(name=7cc30f4 InputMethod)/@0xe76f292 - animation-leash of insets_animation#0 (141)
08-07 17:53:26.658  3311  3311 I SemDvfsHyPerManager: acquire hyper - BaseTABoost/3311@22, type = 1090523139
08-07 17:53:26.659  3311  3311 I SemDvfsHyPerManager: acquire hyper - BaseTAToouchBoost/3311@24, type = 1090523139
08-07 17:53:26.659   568   614 I HYPER-HAL: [RequestManager.cpp]acquire(): Acquired ID : 5556133  [3311 / 22]    HINT :      list : [TABoost / 5]
08-07 17:53:26.659   568   614 I HYPER-HAL: [RequestManager.cpp]acquire(): Acquired ID : 5562804  [3311 / 24]    HINT :      list : [TABoost / 20] [TIMEOUT / 1500]
08-07 17:53:26.659  6011  6011 I HBD     : h load selected json path : /data/user/0/com.samsung.android.honeyboard/files/selected.json
08-07 17:53:26.659  6011  6011 I HBD     : h load selected json info : {"version":"1.0","currentLanguageOrder":0,"selected":[{"activeOptionList":["auto_spacing"],"engName":"Korean","id":4521984,"inputType":"phonepad","isUsed":true},{"activeOptionList":["auto_replace","auto_spacing","writing_assistant"],"engName":"English","id":65537,"inputType":"qwerty","isUsed":true}]}
08-07 17:53:26.660   952  3348 D InputMethodManagerServicePhysicalKey: isConnectedDexOnPC false
08-07 17:53:26.660   952  3366 D InputTransport: Input channel destroyed: '2c94fb3', fd=1792
08-07 17:53:26.663  1411  1558 D InputTransport: Input channel destroyed: '2c94fb3', fd=173
08-07 17:53:26.664   952  3348 D InputMethodManagerService: isImeSwitcherDisabledPackage : false
08-07 17:53:26.664  6011  6011 I HBD     : a [UpdatePolicy] [post] a: 0 cl: 4521984 kit: [1/0] vt: 0 ir: 1
08-07 17:53:26.665  6011  6011 I HBD     : HoneyBoardService [PF_OP][onStartInput]  13314154 ns
08-07 17:53:26.674   628   628 E SurfaceFlinger: Attempt to update InputPolicyFlags without permission ACCESS_SURFACE_FLINGER
08-07 17:53:26.674   628   628 I Layer   : id=624815 removeFromCurrentState Surface(name=edc9819 com.example.lunchtray/androidx.fragment.app.testing.FragmentScenario$EmptyFragmentActivity)/@0x2a6b989 - animation-leash of starting_reveal#0 (141)
08-07 17:53:26.675   628   628 I Layer   : id=624800 Destroyed Surface(name=7cc30f4 InputMethod)/@0xe76f292 - animation-leash of insets_animation#0
08-07 17:53:26.697   952  3348 D InputDispatcher: Inject motion (7881): action=0x1, time=2262200006000000, f=0x0, d=0
08-07 17:53:26.697   952  1207 I InputDispatcher: Delivering touch to (7881): action: 0x1, f=0x0, d=0, 'edc9819', t=1 +(-4,-10)*1.01
08-07 17:53:26.697  7881  7881 I ViewRootImpl@b49dec1[FragmentScenario$EmptyFragmentActivity]: ViewPostIme pointer 1
08-07 17:53:26.698   952  1032 I GestureDetector: obtain mCurrentMotionEventRaw. action: 1 id: -30508507
08-07 17:53:26.698   952  1032 I GestureDetector: obtain mCurrentMotionEventRaw. action: 1 id: -30508507
08-07 17:53:26.710  1411  1411 D NavigationBar: onSystemBarAttributesChanged() -  displayId:0, appearance:16 (APPEARANCE_LIGHT_NAVIGATION_BARS ), navbarColorManagedByIme:false
08-07 17:53:26.710  1411  1411 V Navbar.Store: handleEvent [EventType] GET_BOOL_REGION_SAMPLING_ENABLED [Module] LightBarController  KEYS_DEFAULT=false
08-07 17:53:26.710  1411  1411 V Navbar.Store: --[Band]COLOR_PACK_GET_REGION_SAMPLING_ENABLED
08-07 17:53:26.710  1411  1411 V Navbar.Store: ----getValue(BOOL_REGION_SAMPLING_ENABLED)=false
08-07 17:53:26.724   628   628 I Layer   : id=624805 removeFromCurrentState Splash Screen com.example.lunchtray$_1411#0 (140)
08-07 17:53:26.724   628   628 I Layer   : id=624804 removeFromCurrentState 2c94fb3 Splash Screen com.example.lunchtray#0 (140)
08-07 17:53:26.724   628   628 I Layer   : id=624816 removeFromCurrentState Surface(name=2c94fb3 Splash Screen com.example.lunchtray)/@0x773b13a - animation-leash of window_animation#0 (140)
08-07 17:53:26.725   628   628 E SurfaceFlinger: Attempt to update InputPolicyFlags without permission ACCESS_SURFACE_FLINGER
08-07 17:53:26.725   628   628 I SurfaceFlinger: id=624804 Removed 2c94fb3 Splash Screen com.example.lunchtray#0 (140)
08-07 17:53:26.725   628   628 I SurfaceFlinger: id=624805 Removed Splash Screen com.example.lunchtray$_1411#0 (140)
08-07 17:53:26.725   628   628 I SurfaceFlinger: id=624816 Removed Surface(name=2c94fb3 Splash Screen com.example.lunchtray)/@0x773b13a - animation-leash of window_animation#0 (140)
08-07 17:53:26.725   628   628 I Layer   : id=624816 Destroyed Surface(name=2c94fb3 Splash Screen com.example.lunchtray)/@0x773b13a - animation-leash of window_animation#0
08-07 17:53:26.725   628   628 I Layer   : id=624804 Destroyed 2c94fb3 Splash Screen com.example.lunchtray#0
08-07 17:53:26.727   628   628 I Layer   : id=624805 Destroyed Splash Screen com.example.lunchtray$_1411#0
08-07 17:53:26.728   628   628 D SurfaceFlinger: Display 0 HWC layers:
08-07 17:53:26.728   628   628 D SurfaceFlinger:      DEVICE | 0x78e3e0a3d0 | 0100 | RGBx_8888    |   50.0    0.0 1130.0 2280.0 |    0    0 1080 2280 | Wallpaper BBQ wrapper#0
08-07 17:53:26.728   628   628 D SurfaceFlinger:      DEVICE | 0x78e3e18dd0 | 0100 | RGBA_8888    |    0.0    0.0 1080.0 2280.0 |    0    0 1080 2280 | com.sec.android.app.launcher/com.sec[...].activities.LauncherActivity$_2001#0
08-07 17:53:26.728   628   628 D SurfaceFlinger:      DEVICE | 0x78e3e0fdd0 | 0102 | RGBA_8888    |    0.0    0.0 1080.0 2280.0 |    2    5 1078 2275 | com.example.lunchtray/androidx.fragm[...]enario$EmptyFragmentActivity$_7881#0
08-07 17:53:26.728   628   628 D SurfaceFlinger:      DEVICE | 0x78e3e0f170 | 0100 | RGBA_8888    |    0.0    0.0 1080.0  112.0 |    0    0 1080  112 | StatusBar$_1411#0
08-07 17:53:26.728   628   628 D SurfaceFlinger:      DEVICE | 0x78e3e1bd10 | 0100 | RGBA_8888    |    0.0    0.0   67.0  457.0 |    0  410   67  867 | com.samsung.android.app.cocktailbars[...]arservice.CocktailBarService$_8085#0
08-07 17:53:26.728   628   628 D SurfaceFlinger:      DEVICE | 0x78e3e00f50 | 0100 | RGBA_8888    |    0.0    0.0 1080.0  126.0 |    0 2154 1080 2280 | NavigationBar0$_1411#0
08-07 17:53:26.728   628   628 D SurfaceFlinger:
08-07 17:53:26.740   628   628 E SurfaceFlinger: Attempt to update InputPolicyFlags without permission ACCESS_SURFACE_FLINGER
08-07 17:53:26.757   628   628 E SurfaceFlinger: Attempt to update InputPolicyFlags without permission ACCESS_SURFACE_FLINGER
08-07 17:53:26.774   628   628 E SurfaceFlinger: Attempt to update InputPolicyFlags without permission ACCESS_SURFACE_FLINGER
08-07 17:53:26.790   628   628 E SurfaceFlinger: Attempt to update InputPolicyFlags without permission ACCESS_SURFACE_FLINGER
08-07 17:53:26.791  2001  2001 I ViewRootImpl@67bf432[LauncherActivity]: handleAppVisibility mAppVisible=true visible=false
08-07 17:53:26.792  1411  1565 D WallpaperService: dispatchAppVisibility onVisibilityChanged(): false
08-07 17:53:26.793  1411  1411 D WallpaperService: reportVisibility onVisibilityChanged visible: false
08-07 17:53:26.793   568  8073 I HYPER-HAL: [RequestManager.cpp]releaseLocked(): Released ID : 473872
08-07 17:53:26.793  1411  1635 I ImageWallpaper:  onVisibilityChanged false , 0
08-07 17:53:26.793   628   628 D SurfaceFlinger: Display 0 HWC layers:
08-07 17:53:26.793   628   628 D SurfaceFlinger:      DEVICE | 0x78e3e21b90 | 0102 | RGBA_8888    |    0.0    0.0 1080.0 2280.0 |    0    0 1080 2280 | com.example.lunchtray/androidx.fragm[...]enario$EmptyFragmentActivity$_7881#0
08-07 17:53:26.793   628   628 D SurfaceFlinger:      DEVICE | 0x78e3e0f170 | 0100 | RGBA_8888    |    0.0    0.0 1080.0  112.0 |    0    0 1080  112 | StatusBar$_1411#0
08-07 17:53:26.793   628   628 D SurfaceFlinger:      DEVICE | 0x78e3e1bd10 | 0100 | RGBA_8888    |    0.0    0.0   67.0  457.0 |    0  410   67  867 | com.samsung.android.app.cocktailbars[...]arservice.CocktailBarService$_8085#0
08-07 17:53:26.793   628   628 D SurfaceFlinger:      DEVICE | 0x78e3e02930 | 0100 | RGBA_8888    |    0.0    0.0 1080.0  126.0 |    0 2154 1080 2280 | NavigationBar0$_1411#0
08-07 17:53:26.793   628   628 D SurfaceFlinger:
08-07 17:53:26.796  7881  7881 D LifecycleMonitor: Lifecycle status change: androidx.test.core.app.InstrumentationActivityInvoker$BootstrapActivity@2f2738c in: STOPPED
08-07 17:53:26.797  7881  7881 V ActivityScenario: Activity lifecycle changed event received but ignored because the intent does not match. startActivityIntent=Intent { act=android.intent.action.MAIN cat=[android.intent.category.LAUNCHER] cmp=com.example.lunchtray/androidx.fragment.app.testing.FragmentScenario$EmptyFragmentActivity (has extras) }, activity.getIntent()=Intent { act=android.intent.action.MAIN cat=[android.intent.category.LAUNCHER] flg=0x10008000 cmp=com.example.lunchtray/androidx.test.core.app.InstrumentationActivityInvoker$BootstrapActivity (has extras) }, activity=androidx.test.core.app.InstrumentationActivityInvoker$BootstrapActivity@2f2738c
08-07 17:53:26.808   628   628 I Layer   : id=624806 removeFromCurrentState Surface(name=Task=1)/@0x71397ea - animation-leash of app_transition#0 (137)
08-07 17:53:26.808   628   628 E SurfaceFlinger: Attempt to update InputPolicyFlags without permission ACCESS_SURFACE_FLINGER
08-07 17:53:26.808   628   628 I SurfaceFlinger: id=624806 Removed Surface(name=Task=1)/@0x71397ea - animation-leash of app_transition#0 (137)
08-07 17:53:26.808   628   628 I Layer   : id=624806 Destroyed Surface(name=Task=1)/@0x71397ea - animation-leash of app_transition#0
08-07 17:53:26.813   952  3348 V WindowManager: Relayout Window{72e35ce u0 com.sec.android.app.launcher/com.sec.android.app.launcher.activities.LauncherActivity}: viewVisibility=8 req=1080x2280 d0
08-07 17:53:26.814   952  3348 V WindowManager: Relayout hash=72e35ce, pid=2001: mAttrs={(0,0)(fillxfill) sim={adjust=nothing} layoutInDisplayCutoutMode=shortEdges ty=BASE_APPLICATION fmt=TRANSPARENT wanim=0x10302f2
08-07 17:53:26.814   952  3348 V WindowManager:   fl=81910100
08-07 17:53:26.814   952  3348 V WindowManager:   pfl=1e020040
08-07 17:53:26.814   952  3348 V WindowManager:   vsysui=1700
08-07 17:53:26.814   952  3348 V WindowManager:   apr=LIGHT_STATUS_BARS LIGHT_NAVIGATION_BARS
08-07 17:53:26.814   952  3348 V WindowManager:   bhv=SHOW_TRANSIENT_BARS_BY_SWIPE
08-07 17:53:26.814   952  3348 V WindowManager:   fitSides= naviIconColor=0}
08-07 17:53:26.815  2001  2001 I ViewRootImpl@67bf432[LauncherActivity]: Relayout returned: old=(0,0,1080,2280) new=(0,0,1080,2280) req=(1080,2280)8 dur=2 res=0x5 s={false 0} ch=true fn=19
08-07 17:53:26.815  2001  2001 I ViewRootImpl@67bf432[LauncherActivity]: stopped(true) old=false
08-07 17:53:26.816  2001  2001 I BaseActivity: removeActivityFlags, flags : 17
08-07 17:53:26.816  2001  2001 I StateManager: goToState isInState Normal
08-07 17:53:26.816  2001  2001 W LauncherAppWidgetHost: setShouldListenFlag, mFlags:7 flag:start on:false isFront:false
08-07 17:53:26.816  2001  2079 I IMM_LC  : hsifw() - flags=0, caller=android.view.inputmethod.InputMethodManager.hideSoftInputFromWindow:1858 android.view.inputmethod.InputMethodManager.hideSoftInputFromWindow:1827 com.android.launcher3.util.UiThreadHelper$UiCallbacks.handleMessage:103 android.os.Handler.dispatchMessage:102 android.os.Looper.loopOnce:226
08-07 17:53:26.816  2001  2079 I IMM_LC  : hideSoftInputFromWindow - mService.hideSoftInput
08-07 17:53:26.816   952  3348 I AppWidgetServiceImpl: stopListening callbacks : null
08-07 17:53:26.817  2001  2001 W LauncherAppWidgetHost: stopListening, mFlags:2 isFront:false
08-07 17:53:26.817  2001  2001 W Launcher.NotificationListener: removeNotificationsChangedListener
08-07 17:53:26.817  2001  2001 I BadgeCountUpdaterImpl: onNotificationsChangedDisConnected
08-07 17:53:26.817  2001  2001 I Launcher.NotificationListener: unregisterObserver, this is not notificationService!!
08-07 17:53:26.817  2001  2079 I LiveIconUpdateEventHandler: LiveIcon onStop
08-07 17:53:26.817  2001  2079 I LiveIconUpdateEventHandler: cancelMinuteChangeAlarm
08-07 17:53:26.818  2001  2079 I LiveIconUpdateEventHandler: cancelDateChangeAlarm
08-07 17:53:26.819  2001  2079 I LiveIconUpdateEventHandler: unregisterReceiver
08-07 17:53:26.824   628   628 I Layer   : id=624807 removeFromCurrentState Surface(name=Task=8213)/@0x2f4cfcd - animation-leash of app_transition#0 (136)
08-07 17:53:26.824   628   628 E SurfaceFlinger: Attempt to update InputPolicyFlags without permission ACCESS_SURFACE_FLINGER
08-07 17:53:26.824   628   628 I SurfaceFlinger: id=624794 Removed OneUiHome-BlurLayer#0 (136)
08-07 17:53:26.824   628   628 I SurfaceFlinger: id=624807 Removed Surface(name=Task=8213)/@0x2f4cfcd - animation-leash of app_transition#0 (136)
08-07 17:53:26.825   628   628 I Layer   : id=624807 Destroyed Surface(name=Task=8213)/@0x2f4cfcd - animation-leash of app_transition#0
08-07 17:53:26.829 24757 25275 I SAMSUNGWALLET: [Hint_ProcessStatusChange] fg Change, pid : 2001 , isNotify : true , isForeground : false , fg list : [7881]
08-07 17:53:26.830 24757 25074 I SAMSUNGWALLET: [ResetData] getSAResetDialogFlag : false
08-07 17:53:26.833 24757 25074 I SAMSUNGWALLET: [Hint_bxa] isHomePackageRunning topPkgName = com.example.lunchtray, topClsName = androidx.fragment.app.testing.FragmentScenario$EmptyFragmentActivity, return false , se : false
08-07 17:53:26.834 24757 24757 I SAMSUNGWALLET: [Hint_PayHintService] Hint Status - already invisible, skip hide : Home Package Not Running
