08-07 17:53:23.805  7881  7906 I TestRunner: started: order_reset_after_cancel_from_side_menu(com.example.lunchtray.OrderFunctionalityTests)
08-07 17:53:23.805  7881  7881 D LifecycleMonitor: Lifecycle status change: androidx.fragment.app.testing.FragmentScenario$EmptyFragmentActivity@4ec6fed in: DESTROYED
08-07 17:53:23.805  7881  7881 V ActivityScenario: Activity lifecycle changed event received but ignored because the intent does not match. startActivityIntent=Intent { act=android.intent.action.MAIN cat=[android.intent.category.LAUNCHER] cmp=com.example.lunchtray/.MainActivity }, activity.getIntent()=Intent { act=android.intent.action.MAIN cat=[android.intent.category.LAUNCHER] cmp=com.example.lunchtray/androidx.fragment.app.testing.FragmentScenario$EmptyFragmentActivity (has extras) }, activity=androidx.fragment.app.testing.FragmentScenario$EmptyFragmentActivity@4ec6fed
08-07 17:53:23.805  7881  7881 V ActivityScenario: Activity lifecycle changed event received but ignored because the intent does not match. startActivityIntent=Intent { act=android.intent.action.MAIN cat=[android.intent.category.LAUNCHER] cmp=com.example.lunchtray/.MainActivity }, activity.getIntent()=Intent { act=android.intent.action.MAIN cat=[android.intent.category.LAUNCHER] cmp=com.example.lunchtray/androidx.fragment.app.testing.FragmentScenario$EmptyFragmentActivity (has extras) }, activity=androidx.fragment.app.testing.FragmentScenario$EmptyFragmentActivity@4ec6fed
08-07 17:53:23.806  7881  7881 V ActivityScenario: Activity lifecycle changed event received but ignored because the intent does not match. startActivityIntent=Intent { act=android.intent.action.MAIN cat=[android.intent.category.LAUNCHER] cmp=com.example.lunchtray/.MainActivity }, activity.getIntent()=Intent { act=android.intent.action.MAIN cat=[android.intent.category.LAUNCHER] cmp=com.example.lunchtray/androidx.fragment.app.testing.FragmentScenario$EmptyFragmentActivity (has extras) }, activity=androidx.fragment.app.testing.FragmentScenario$EmptyFragmentActivity@4ec6fed
08-07 17:53:23.806  7881  7881 V ActivityScenario: Activity lifecycle changed event received but ignored because the intent does not match. startActivityIntent=Intent { act=android.intent.action.MAIN cat=[android.intent.category.LAUNCHER] cmp=com.example.lunchtray/.MainActivity }, activity.getIntent()=Intent { act=android.intent.action.MAIN cat=[android.intent.category.LAUNCHER] cmp=com.example.lunchtray/androidx.fragment.app.testing.FragmentScenario$EmptyFragmentActivity (has extras) }, activity=androidx.fragment.app.testing.FragmentScenario$EmptyFragmentActivity@4ec6fed
08-07 17:53:23.806  7881  7881 V ActivityScenario: Activity lifecycle changed event received but ignored because the intent does not match. startActivityIntent=Intent { act=android.intent.action.MAIN cat=[android.intent.category.LAUNCHER] cmp=com.example.lunchtray/.MainActivity }, activity.getIntent()=Intent { act=android.intent.action.MAIN cat=[android.intent.category.LAUNCHER] cmp=com.example.lunchtray/androidx.fragment.app.testing.FragmentScenario$EmptyFragmentActivity (has extras) }, activity=androidx.fragment.app.testing.FragmentScenario$EmptyFragmentActivity@4ec6fed
08-07 17:53:23.806  7881  7881 V ActivityScenario: Update currentActivityStage to DESTROYED, currentActivity=null
08-07 17:53:23.807  7881  7915 D OpenGLRenderer: setSurface called with nullptr
08-07 17:53:23.807  7881  7881 I ViewRootImpl@9770707[FragmentScenario$EmptyFragmentActivity]: dispatchDetachedFromWindow
08-07 17:53:23.807   952  1409 D InputTransport: Input channel destroyed: 'fcaadd ', fd=1987
08-07 17:53:23.807   952  1409 W InputManager-JNI: Input channel object 'fcaadd com.example.lunchtray/androidx.fragment.app.testing.FragmentScenario$EmptyFragmentActivity (client)' was disposed without first being removed with the input manager!
08-07 17:53:23.807   952  1409 D InputTransport: Input channel destroyed: 'fcaadd ', fd=1988
08-07 17:53:23.810  7881  7881 D InputTransport: Input channel destroyed: 'fcaadd ', fd=91
08-07 17:53:23.810   628   628 I Layer   : id=624758 removeFromCurrentState com.example.lunchtray/androidx.fragment.app.testing.FragmentScenario$EmptyFragmentActivity$_7881#0 (128)
08-07 17:53:23.811   628   628 I Layer   : id=624757 removeFromCurrentState fcaadd com.example.lunchtray/androidx.fragment.app.testing.FragmentScenario$EmptyFragmentActivity#0 (128)
08-07 17:53:23.811   628   628 I SurfaceFlinger: id=624757 Removed fcaadd com.example.lunchtray/androidx.fragment.app.testing.FragmentScenario$EmptyFragmentActivity#0 (128)
08-07 17:53:23.811   628   628 I SurfaceFlinger: id=624758 Removed com.example.lunchtray/androidx.fragment.app.testing.FragmentScenario$EmptyFragmentActivity$_7881#0 (128)
08-07 17:53:23.811   628   628 I Layer   : id=624757 Destroyed fcaadd com.example.lunchtray/androidx.fragment.app.testing.FragmentScenario$EmptyFragmentActivity#0
08-07 17:53:23.811   628   628 I Layer   : id=624758 Destroyed com.example.lunchtray/androidx.fragment.app.testing.FragmentScenario$EmptyFragmentActivity$_7881#0
08-07 17:53:23.812   628   642 I SurfaceFlinger: id=624774 createSurf (0x0),-1 flag=24004, Task=8211#1
08-07 17:53:23.814  2001  2001 I RecentsView: onTaskRemoved() taskId : 8211
08-07 17:53:23.814  2001  2001 I RecentsView: onTaskRemoved() taskId : 8211
08-07 17:53:23.814  2001  2001 I RecentsView: onTaskRemoved() taskId : 8211
08-07 17:53:23.814  2001  2001 I RecentsView: onTaskRemoved() taskId : 8211
08-07 17:53:23.822  7881  7906 W Settings: Setting always_finish_activities has moved from android.provider.Settings.System to android.provider.Settings.Global, returning read-only value.
08-07 17:53:23.826   952  2080 I SemDvfsHyPerManager: acquire hyper - AMS_APP_SWITCH/952@16, type = -999
08-07 17:53:23.826   952  2544 D PkgPredictorService-IpmAdcpController: create a new DexPreloadTask pkg:com.example.lunchtray  path:/data/app/~~6ZHKSOyH6C4aieMxQuPYLA==/com.example.lunchtray-clkp0OFoH3ds7cF62fs1rg==
08-07 17:53:23.826   628  2111 I SurfaceFlinger: id=624775 createSurf (0x0),-1 flag=24004, Task=8212#0
08-07 17:53:23.826   568   614 I HYPER-HAL: [RequestManager.cpp]acquire(): Acquired ID : 469012  [952 / 16]    HINT : AMS_APP_SWITCH    list :
08-07 17:53:23.827   628   628 I Layer   : id=624756 removeFromCurrentState ActivityRecord{f57bcf0 u0 com.example.lunchtray/androidx.fragment.app.testing.FragmentScenario$EmptyFragmentActivity t8211}#0 (128)
08-07 17:53:23.827   628   628 I Layer   : id=624748 removeFromCurrentState Task=8211#0 (128)
08-07 17:53:23.827   628   628 I Layer   : id=624774 removeFromCurrentState Task=8211#1 (128)
08-07 17:53:23.827  3311  3311 I SemDvfsHyPerManager: acquire hyper - APP_START_SHORT/3311@13, type = -999
08-07 17:53:23.827   628   628 I SurfaceFlinger: id=624756 Removed ActivityRecord{f57bcf0 u0 com.example.lunchtray/androidx.fragment.app.testing.FragmentScenario$EmptyFragmentActivity t8211}#0 (128)
08-07 17:53:23.827   628   628 I SurfaceFlinger: id=624774 Removed Task=8211#1 (128)
08-07 17:53:23.827   568   614 I HYPER-HAL: [RequestManager.cpp]acquire(): Acquired ID : 5526163  [3311 / 13]    HINT : APP_START    list : [TIMEOUT / 1500]
08-07 17:53:23.827   628   628 I Layer   : id=624774 Destroyed Task=8211#1
08-07 17:53:23.828   628   628 I Layer   : id=624756 Destroyed ActivityRecord{f57bcf0 u0 com.example.lunchtray/androidx.fragment.app.testing.FragmentScenario$EmptyFragmentActivity t8211}#0
08-07 17:53:23.828   628   963 I SurfaceFlinger: id=624776 createSurf (0x0),-1 flag=80004, ActivityRecord{19a70b3 u0 com.example.lunchtray/androidx.test.core.app.InstrumentationActivityInvoker$BootstrapActivity t8212}#0
08-07 17:53:23.831   534   541 E statsd  : Predicate -7037417284711607308 dropping data for dimension key (10)0x2010101->10704[I] (10)0x30000->*launch*[S]
08-07 17:53:23.832   534   541 E statsd  : Predicate 5980654721335871649 dropping data for dimension key (10)0x2010101->10704[I] (10)0x30000->*launch*[S]
08-07 17:53:23.832   952  1409 I SemDvfsHyPerManager: acquire hyper - AMS_APP_LAUNCH/952@17, type = -999
08-07 17:53:23.832   568   614 I HYPER-HAL: [RequestManager.cpp]acquire(): Acquired ID : 469982  [952 / 17]    HINT : AMS_APP_LAUNCH    list :
08-07 17:53:23.833  3311  3311 I SemDvfsHyPerManager: acquire hyper - APP_START/3311@14, type = -999
08-07 17:53:23.833   568   614 I HYPER-HAL: [RequestManager.cpp]acquire(): Acquired ID : 5529489  [3311 / 14]    HINT : APP_START    list :
08-07 17:53:23.834  2001  2001 I BaseActivity: removeActivityFlags, flags : 16
08-07 17:53:23.834  2001  2001 I BaseActivity: removeActivityFlags, flags : 6
08-07 17:53:23.834  2001  2001 I DragController: endDrag
08-07 17:53:23.834  2001  2001 W LauncherAppWidgetHost: setShouldListenFlag, mFlags:15 flag:resume on:false isFront:false
08-07 17:53:23.834  2001  2001 I DecorView: notifyKeepScreenOnChanged: keepScreenOn=false
08-07 17:53:23.835  2001  2001 I SPayUpdater: updateSpayHandler launcher activity is paused false
08-07 17:53:23.835  1411  1411 D PipMotionHelper: animateToOffset: originalBounds=Rect(533, 1828 - 1038, 2112) offset=0 callers=
08-07 17:53:23.835  1411  1411 D PipMotionHelper:     com.android.wm.shell.pip.phone.PipTouchHandler.onMovementBoundsChanged:482
08-07 17:53:23.835  1411  1411 D PipMotionHelper:     com.android.wm.shell.pip.phone.PipController.updateMovementBounds:721
08-07 17:53:23.835  1411  1411 D PipMotionHelper:     com.android.wm.shell.pip.phone.PipController.lambda$init$3:351
08-07 17:53:23.835  1411  1411 D PipMotionHelper:     com.android.wm.shell.pip.phone.PipController.$r8$lambda$u15Oj_b57njSWegfZTV6TpliGaw:0
08-07 17:53:23.835  1411  1411 D PipMotionHelper:     com.android.wm.shell.pip.phone.PipController$$ExternalSyntheticLambda0.accept:8
08-07 17:53:23.835   952  3394 D InputTransport: Input channel constructed: 'dc1650f', fd=1977
08-07 17:53:23.835   952  3394 D InputTransport: Input channel constructed: 'dc1650f', fd=1987
08-07 17:53:23.835   952  3394 D InputTransport: Input channel constructed: 'dc1650f', fd=1988
08-07 17:53:23.835   628   963 I SurfaceFlinger: id=624777 createSurf (0x0),-1 flag=80004, dc1650f Splash Screen com.example.lunchtray#0
08-07 17:53:23.836   952  3394 D InputTransport: Input channel destroyed: 'dc1650f', fd=1988
08-07 17:53:23.837  1411  1558 I ViewRootImpl@95abb0d[lunchtray]: setView = android.widget.FrameLayout@ae0f410 TM=true
08-07 17:53:23.846   952  3366 D InputDispatcher: Focused application set to (0): 19a70b3
08-07 17:53:23.853   952  3394 V WindowManager: Relayout Window{dc1650f u0 Splash Screen com.example.lunchtray}: viewVisibility=0 req=1080x2280 d0
08-07 17:53:23.854   628   963 I SurfaceFlinger: id=624778 createSurf (1080x2280),-3 flag=40004, Splash Screen com.example.lunchtray$_1411#0
08-07 17:53:23.855   952  3366 V WindowManager: Relayout Window{72e35ce u0 com.sec.android.app.launcher/com.sec.android.app.launcher.activities.LauncherActivity}: viewVisibility=0 req=1080x2280 d0
08-07 17:53:23.856   952  3394 V WindowManager: Relayout hash=dc1650f, pid=1411: mAttrs={(0,0)(fillxfill) sim={adjust=pan} ty=APPLICATION_STARTING fmt=TRANSLUCENT wanim=0x1030001
08-07 17:53:23.856   952  3394 V WindowManager:   fl=81030118
08-07 17:53:23.856   952  3394 V WindowManager:   pfl=36000010
08-07 17:53:23.856   952  3394 V WindowManager:   bhv=DEFAULT
08-07 17:53:23.856   952  3394 V WindowManager:   fitSides= naviIconColor=0}
08-07 17:53:23.857  1411  1558 I ViewRootImpl@95abb0d[lunchtray]: Relayout returned: old=(0,0,1080,2280) new=(0,0,1080,2280) req=(1080,2280)0 dur=11 res=0x7 s={true 512224330096} ch=true fn=-1
08-07 17:53:23.857  1411  1640 D OpenGLRenderer: eglCreateWindowSurface
08-07 17:53:23.858   952  3366 V WindowManager: Relayout hash=72e35ce, pid=2001: mAttrs={(0,0)(fillxfill) sim={adjust=nothing} layoutInDisplayCutoutMode=shortEdges ty=BASE_APPLICATION fmt=TRANSPARENT wanim=0x10302f2
08-07 17:53:23.858   952  3366 V WindowManager:   fl=81910100
08-07 17:53:23.858   952  3366 V WindowManager:   pfl=1e020040
08-07 17:53:23.858   952  3366 V WindowManager:   vsysui=1700
08-07 17:53:23.858   952  3366 V WindowManager:   apr=LIGHT_STATUS_BARS LIGHT_NAVIGATION_BARS
08-07 17:53:23.858   952  3366 V WindowManager:   bhv=SHOW_TRANSIENT_BARS_BY_SWIPE
08-07 17:53:23.858   952  3366 V WindowManager:   fitSides= naviIconColor=0}
08-07 17:53:23.859  2001  2001 I ViewRootImpl@67bf432[LauncherActivity]: Relayout returned: old=(0,0,1080,2280) new=(0,0,1080,2280) req=(1080,2280)0 dur=9 res=0x1 s={true 512217973216} ch=false fn=19
08-07 17:53:23.862   952  3348 D InputDispatcher: Focus left window (0): 72e35ce com.sec.android.app.launcher/com.sec.android.app.launcher.activities.LauncherActivity
08-07 17:53:23.862  2001  2001 I ViewRootImpl@67bf432[LauncherActivity]: MSG_WINDOW_FOCUS_CHANGED 0 1
08-07 17:53:23.862  2001  2001 I BaseActivity: removeActivityFlags, flags : 8
08-07 17:53:23.862  1411  1558 I ViewRootImpl@95abb0d[lunchtray]: [DP] dp(1) 0 android.view.ViewRootImpl.reportNextDraw:11442 android.view.ViewRootImpl.performTraversals:4198 android.view.ViewRootImpl.doTraversal:2924
08-07 17:53:23.862  1411  1558 D ViewRootImpl@95abb0d[lunchtray]: Creating frameDrawingCallback nextDrawUseBlastSync=false reportNextDraw=true hasBlurUpdates=false
08-07 17:53:23.862  1411  1558 D ViewRootImpl@95abb0d[lunchtray]: Creating frameCompleteCallback
08-07 17:53:23.864  1411  2199 D ViewRootImpl@95abb0d[lunchtray]: Received frameDrawingCallback frameNum=1. Creating transactionCompleteCallback=false
08-07 17:53:23.864  7881  7881 D LifecycleMonitor: Lifecycle status change: androidx.test.core.app.InstrumentationActivityInvoker$BootstrapActivity@b5171c4 in: PRE_ON_CREATE
08-07 17:53:23.865  7881  7881 V ActivityScenario: Activity lifecycle changed event received but ignored because the intent does not match. startActivityIntent=Intent { act=android.intent.action.MAIN cat=[android.intent.category.LAUNCHER] cmp=com.example.lunchtray/.MainActivity }, activity.getIntent()=Intent { act=android.intent.action.MAIN cat=[android.intent.category.LAUNCHER] flg=0x10008000 cmp=com.example.lunchtray/androidx.test.core.app.InstrumentationActivityInvoker$BootstrapActivity (has extras) }, activity=androidx.test.core.app.InstrumentationActivityInvoker$BootstrapActivity@b5171c4
08-07 17:53:23.865  7881  7881 V ActivityScenario: Activity lifecycle changed event received but ignored because the intent does not match. startActivityIntent=Intent { act=android.intent.action.MAIN cat=[android.intent.category.LAUNCHER] cmp=com.example.lunchtray/.MainActivity }, activity.getIntent()=Intent { act=android.intent.action.MAIN cat=[android.intent.category.LAUNCHER] flg=0x10008000 cmp=com.example.lunchtray/androidx.test.core.app.InstrumentationActivityInvoker$BootstrapActivity (has extras) }, activity=androidx.test.core.app.InstrumentationActivityInvoker$BootstrapActivity@b5171c4
08-07 17:53:23.865  7881  7881 V ActivityScenario: Activity lifecycle changed event received but ignored because the intent does not match. startActivityIntent=Intent { act=android.intent.action.MAIN cat=[android.intent.category.LAUNCHER] cmp=com.example.lunchtray/.MainActivity }, activity.getIntent()=Intent { act=android.intent.action.MAIN cat=[android.intent.category.LAUNCHER] flg=0x10008000 cmp=com.example.lunchtray/androidx.test.core.app.InstrumentationActivityInvoker$BootstrapActivity (has extras) }, activity=androidx.test.core.app.InstrumentationActivityInvoker$BootstrapActivity@b5171c4
08-07 17:53:23.865  7881  7881 V ActivityScenario: Activity lifecycle changed event received but ignored because the intent does not match. startActivityIntent=Intent { act=android.intent.action.MAIN cat=[android.intent.category.LAUNCHER] cmp=com.example.lunchtray/.MainActivity }, activity.getIntent()=Intent { act=android.intent.action.MAIN cat=[android.intent.category.LAUNCHER] flg=0x10008000 cmp=com.example.lunchtray/androidx.test.core.app.InstrumentationActivityInvoker$BootstrapActivity (has extras) }, activity=androidx.test.core.app.InstrumentationActivityInvoker$BootstrapActivity@b5171c4
08-07 17:53:23.865  7881  7881 V ActivityScenario: Activity lifecycle changed event received but ignored because the intent does not match. startActivityIntent=Intent { act=android.intent.action.MAIN cat=[android.intent.category.LAUNCHER] cmp=com.example.lunchtray/.MainActivity }, activity.getIntent()=Intent { act=android.intent.action.MAIN cat=[android.intent.category.LAUNCHER] flg=0x10008000 cmp=com.example.lunchtray/androidx.test.core.app.InstrumentationActivityInvoker$BootstrapActivity (has extras) }, activity=androidx.test.core.app.InstrumentationActivityInvoker$BootstrapActivity@b5171c4
08-07 17:53:23.865  7881  7881 V ActivityScenario: Activity lifecycle changed event received but ignored because the intent does not match. startActivityIntent=Intent { act=android.intent.action.MAIN cat=[android.intent.category.LAUNCHER] cmp=com.example.lunchtray/androidx.fragment.app.testing.FragmentScenario$EmptyFragmentActivity (has extras) }, activity.getIntent()=Intent { act=android.intent.action.MAIN cat=[android.intent.category.LAUNCHER] flg=0x10008000 cmp=com.example.lunchtray/androidx.test.core.app.InstrumentationActivityInvoker$BootstrapActivity (has extras) }, activity=androidx.test.core.app.InstrumentationActivityInvoker$BootstrapActivity@b5171c4
08-07 17:53:23.866  7881  7881 V ActivityScenario: Activity lifecycle changed event received but ignored because the intent does not match. startActivityIntent=Intent { act=android.intent.action.MAIN cat=[android.intent.category.LAUNCHER] cmp=com.example.lunchtray/.MainActivity }, activity.getIntent()=Intent { act=android.intent.action.MAIN cat=[android.intent.category.LAUNCHER] flg=0x10008000 cmp=com.example.lunchtray/androidx.test.core.app.InstrumentationActivityInvoker$BootstrapActivity (has extras) }, activity=androidx.test.core.app.InstrumentationActivityInvoker$BootstrapActivity@b5171c4
08-07 17:53:23.867   952  1034 I SemPersonaManager: SecureFolder personaId = 150
08-07 17:53:23.868  1411  1640 D ViewRootImpl@95abb0d[lunchtray]: Received frameCompleteCallback  lastAcquiredFrameNum=1 lastAttemptedDrawFrameNum=1
08-07 17:53:23.869  1411  1558 I ViewRootImpl@95abb0d[lunchtray]: [DP] pdf(0) 0 android.view.ViewRootImpl.lambda$addFrameCompleteCallbackIfNeeded$3$ViewRootImpl:5000 android.view.ViewRootImpl$$ExternalSyntheticLambda16.run:6 android.os.Handler.handleCallback:938
08-07 17:53:23.869  1411  1558 I ViewRootImpl@95abb0d[lunchtray]: [DP] rdf()
08-07 17:53:23.869  1411  1558 D ViewRootImpl@95abb0d[lunchtray]: reportDrawFinished (fn: -1)
08-07 17:53:23.872   628  2111 I SurfaceFlinger: id=624779 createSurf (0x0),-1 flag=24000, Surface(name=Task=1)/@0x71397ea - animation-leash of app_transition#0
08-07 17:53:23.873  1411  1411 D FullscreenTaskListener: Fullscreen Task Appeared: #8212, caller=com.android.wm.shell.ShellTaskOrganizer.onTaskAppeared:387 com.android.wm.shell.ShellTaskOrganizer.onTaskAppeared:376 android.window.TaskOrganizer$1.lambda$onTaskAppeared$4$TaskOrganizer$1:297
08-07 17:53:23.873  7881  7881 I DecorView: [INFO] isPopOver=false, config=true
08-07 17:53:23.874  7881  7881 I DecorView: updateCaptionType >> DecorView@d5e630[], isFloating=false, isApplication=true, hasWindowControllerCallback=true, hasWindowDecorCaption=false
08-07 17:53:23.874  7881  7881 D DecorView: setCaptionType = 0, this = DecorView@d5e630[]
08-07 17:53:23.875  7881  7881 I DecorView: getCurrentDensityDpi: from real metrics. densityDpi=420 msg=resources_loaded
08-07 17:53:23.876  7881  7881 D LifecycleMonitor: Lifecycle status change: androidx.test.core.app.InstrumentationActivityInvoker$BootstrapActivity@b5171c4 in: CREATED
08-07 17:53:23.876  7881  7881 V ActivityScenario: Activity lifecycle changed event received but ignored because the intent does not match. startActivityIntent=Intent { act=android.intent.action.MAIN cat=[android.intent.category.LAUNCHER] cmp=com.example.lunchtray/.MainActivity }, activity.getIntent()=Intent { act=android.intent.action.MAIN cat=[android.intent.category.LAUNCHER] flg=0x10008000 cmp=com.example.lunchtray/androidx.test.core.app.InstrumentationActivityInvoker$BootstrapActivity (has extras) }, activity=androidx.test.core.app.InstrumentationActivityInvoker$BootstrapActivity@b5171c4
08-07 17:53:23.876  7881  7881 V ActivityScenario: Activity lifecycle changed event received but ignored because the intent does not match. startActivityIntent=Intent { act=android.intent.action.MAIN cat=[android.intent.category.LAUNCHER] cmp=com.example.lunchtray/.MainActivity }, activity.getIntent()=Intent { act=android.intent.action.MAIN cat=[android.intent.category.LAUNCHER] flg=0x10008000 cmp=com.example.lunchtray/androidx.test.core.app.InstrumentationActivityInvoker$BootstrapActivity (has extras) }, activity=androidx.test.core.app.InstrumentationActivityInvoker$BootstrapActivity@b5171c4
08-07 17:53:23.876  7881  7881 V ActivityScenario: Activity lifecycle changed event received but ignored because the intent does not match. startActivityIntent=Intent { act=android.intent.action.MAIN cat=[android.intent.category.LAUNCHER] cmp=com.example.lunchtray/.MainActivity }, activity.getIntent()=Intent { act=android.intent.action.MAIN cat=[android.intent.category.LAUNCHER] flg=0x10008000 cmp=com.example.lunchtray/androidx.test.core.app.InstrumentationActivityInvoker$BootstrapActivity (has extras) }, activity=androidx.test.core.app.InstrumentationActivityInvoker$BootstrapActivity@b5171c4
08-07 17:53:23.876  7881  7881 V ActivityScenario: Activity lifecycle changed event received but ignored because the intent does not match. startActivityIntent=Intent { act=android.intent.action.MAIN cat=[android.intent.category.LAUNCHER] cmp=com.example.lunchtray/.MainActivity }, activity.getIntent()=Intent { act=android.intent.action.MAIN cat=[android.intent.category.LAUNCHER] flg=0x10008000 cmp=com.example.lunchtray/androidx.test.core.app.InstrumentationActivityInvoker$BootstrapActivity (has extras) }, activity=androidx.test.core.app.InstrumentationActivityInvoker$BootstrapActivity@b5171c4
08-07 17:53:23.877  7881  7881 V ActivityScenario: Activity lifecycle changed event received but ignored because the intent does not match. startActivityIntent=Intent { act=android.intent.action.MAIN cat=[android.intent.category.LAUNCHER] cmp=com.example.lunchtray/.MainActivity }, activity.getIntent()=Intent { act=android.intent.action.MAIN cat=[android.intent.category.LAUNCHER] flg=0x10008000 cmp=com.example.lunchtray/androidx.test.core.app.InstrumentationActivityInvoker$BootstrapActivity (has extras) }, activity=androidx.test.core.app.InstrumentationActivityInvoker$BootstrapActivity@b5171c4
08-07 17:53:23.877  7881  7881 V ActivityScenario: Activity lifecycle changed event received but ignored because the intent does not match. startActivityIntent=Intent { act=android.intent.action.MAIN cat=[android.intent.category.LAUNCHER] cmp=com.example.lunchtray/androidx.fragment.app.testing.FragmentScenario$EmptyFragmentActivity (has extras) }, activity.getIntent()=Intent { act=android.intent.action.MAIN cat=[android.intent.category.LAUNCHER] flg=0x10008000 cmp=com.example.lunchtray/androidx.test.core.app.InstrumentationActivityInvoker$BootstrapActivity (has extras) }, activity=androidx.test.core.app.InstrumentationActivityInvoker$BootstrapActivity@b5171c4
08-07 17:53:23.877   628   963 I SurfaceFlinger: id=624780 createSurf (0x0),-1 flag=24004, Surface(name=Task=8212)/@0x30e368a - animation-leash of app_transition#0
08-07 17:53:23.877  7881  7881 V ActivityScenario: Activity lifecycle changed event received but ignored because the intent does not match. startActivityIntent=Intent { act=android.intent.action.MAIN cat=[android.intent.category.LAUNCHER] cmp=com.example.lunchtray/.MainActivity }, activity.getIntent()=Intent { act=android.intent.action.MAIN cat=[android.intent.category.LAUNCHER] flg=0x10008000 cmp=com.example.lunchtray/androidx.test.core.app.InstrumentationActivityInvoker$BootstrapActivity (has extras) }, activity=androidx.test.core.app.InstrumentationActivityInvoker$BootstrapActivity@b5171c4
08-07 17:53:23.878  2001  2001 I BadgeRenderer: Invalid count : 0
08-07 17:53:23.879  7881  7881 D LifecycleMonitor: Lifecycle status change: androidx.test.core.app.InstrumentationActivityInvoker$BootstrapActivity@b5171c4 in: STARTED
08-07 17:53:23.879  7881  7881 V ActivityScenario: Activity lifecycle changed event received but ignored because the intent does not match. startActivityIntent=Intent { act=android.intent.action.MAIN cat=[android.intent.category.LAUNCHER] cmp=com.example.lunchtray/.MainActivity }, activity.getIntent()=Intent { act=android.intent.action.MAIN cat=[android.intent.category.LAUNCHER] flg=0x10008000 cmp=com.example.lunchtray/androidx.test.core.app.InstrumentationActivityInvoker$BootstrapActivity (has extras) }, activity=androidx.test.core.app.InstrumentationActivityInvoker$BootstrapActivity@b5171c4
08-07 17:53:23.879  7881  7881 V ActivityScenario: Activity lifecycle changed event received but ignored because the intent does not match. startActivityIntent=Intent { act=android.intent.action.MAIN cat=[android.intent.category.LAUNCHER] cmp=com.example.lunchtray/.MainActivity }, activity.getIntent()=Intent { act=android.intent.action.MAIN cat=[android.intent.category.LAUNCHER] flg=0x10008000 cmp=com.example.lunchtray/androidx.test.core.app.InstrumentationActivityInvoker$BootstrapActivity (has extras) }, activity=androidx.test.core.app.InstrumentationActivityInvoker$BootstrapActivity@b5171c4
08-07 17:53:23.879  7881  7881 V ActivityScenario: Activity lifecycle changed event received but ignored because the intent does not match. startActivityIntent=Intent { act=android.intent.action.MAIN cat=[android.intent.category.LAUNCHER] cmp=com.example.lunchtray/.MainActivity }, activity.getIntent()=Intent { act=android.intent.action.MAIN cat=[android.intent.category.LAUNCHER] flg=0x10008000 cmp=com.example.lunchtray/androidx.test.core.app.InstrumentationActivityInvoker$BootstrapActivity (has extras) }, activity=androidx.test.core.app.InstrumentationActivityInvoker$BootstrapActivity@b5171c4
08-07 17:53:23.879  2001  2001 I BadgeRenderer: Invalid count : 0
08-07 17:53:23.879  7881  7881 V ActivityScenario: Activity lifecycle changed event received but ignored because the intent does not match. startActivityIntent=Intent { act=android.intent.action.MAIN cat=[android.intent.category.LAUNCHER] cmp=com.example.lunchtray/.MainActivity }, activity.getIntent()=Intent { act=android.intent.action.MAIN cat=[android.intent.category.LAUNCHER] flg=0x10008000 cmp=com.example.lunchtray/androidx.test.core.app.InstrumentationActivityInvoker$BootstrapActivity (has extras) }, activity=androidx.test.core.app.InstrumentationActivityInvoker$BootstrapActivity@b5171c4
08-07 17:53:23.880  7881  7881 V ActivityScenario: Activity lifecycle changed event received but ignored because the intent does not match. startActivityIntent=Intent { act=android.intent.action.MAIN cat=[android.intent.category.LAUNCHER] cmp=com.example.lunchtray/.MainActivity }, activity.getIntent()=Intent { act=android.intent.action.MAIN cat=[android.intent.category.LAUNCHER] flg=0x10008000 cmp=com.example.lunchtray/androidx.test.core.app.InstrumentationActivityInvoker$BootstrapActivity (has extras) }, activity=androidx.test.core.app.InstrumentationActivityInvoker$BootstrapActivity@b5171c4
08-07 17:53:23.880  7881  7881 V ActivityScenario: Activity lifecycle changed event received but ignored because the intent does not match. startActivityIntent=Intent { act=android.intent.action.MAIN cat=[android.intent.category.LAUNCHER] cmp=com.example.lunchtray/androidx.fragment.app.testing.FragmentScenario$EmptyFragmentActivity (has extras) }, activity.getIntent()=Intent { act=android.intent.action.MAIN cat=[android.intent.category.LAUNCHER] flg=0x10008000 cmp=com.example.lunchtray/androidx.test.core.app.InstrumentationActivityInvoker$BootstrapActivity (has extras) }, activity=androidx.test.core.app.InstrumentationActivityInvoker$BootstrapActivity@b5171c4
08-07 17:53:23.880  7881  7881 V ActivityScenario: Activity lifecycle changed event received but ignored because the intent does not match. startActivityIntent=Intent { act=android.intent.action.MAIN cat=[android.intent.category.LAUNCHER] cmp=com.example.lunchtray/.MainActivity }, activity.getIntent()=Intent { act=android.intent.action.MAIN cat=[android.intent.category.LAUNCHER] flg=0x10008000 cmp=com.example.lunchtray/androidx.test.core.app.InstrumentationActivityInvoker$BootstrapActivity (has extras) }, activity=androidx.test.core.app.InstrumentationActivityInvoker$BootstrapActivity@b5171c4
08-07 17:53:23.881   628   642 I SurfaceFlinger: id=624781 createSurf (0x0),-1 flag=24000, Surface(name=cc3f67a StatusBar)/@0x6cfa557 - animation-leash of insets_animation#0
08-07 17:53:23.883   628   642 I SurfaceFlinger: id=624782 createSurf (0x0),-1 flag=24000, Surface(name=5b03b71 NavigationBar0)/@0xbaf262 - animation-leash of insets_animation#0
08-07 17:53:23.885  1411  1558 D InsetsSourceConsumer: ensureControlAlpha: for ITYPE_NAVIGATION_BAR on Splash Screen com.example.lunchtray
08-07 17:53:23.888  1411  1558 D InsetsSourceConsumer: ensureControlAlpha: for ITYPE_STATUS_BAR on Splash Screen com.example.lunchtray
08-07 17:53:23.889   628   963 I SurfaceFlinger: id=624783 createSurf (0x0),-1 flag=80004, ActivityRecord{8945330 u0 com.example.lunchtray/.MainActivity t8212}#0
08-07 17:53:23.894   628   628 E SurfaceFlinger: Attempt to update InputPolicyFlags without permission ACCESS_SURFACE_FLINGER
08-07 17:53:23.894   628   628 I Layer   : id=624765 removeFromCurrentState Surface(name=cc3f67a StatusBar)/@0x6cfa557 - animation-leash of insets_animation#1 (134)
08-07 17:53:23.894   628   628 I Layer   : id=624766 removeFromCurrentState Surface(name=5b03b71 NavigationBar0)/@0xbaf262 - animation-leash of insets_animation#1 (134)
08-07 17:53:23.894   628   628 I SurfaceFlinger: id=624765 Removed Surface(name=cc3f67a StatusBar)/@0x6cfa557 - animation-leash of insets_animation#1 (134)
08-07 17:53:23.894   628   628 I SurfaceFlinger: id=624766 Removed Surface(name=5b03b71 NavigationBar0)/@0xbaf262 - animation-leash of insets_animation#1 (134)
08-07 17:53:23.895   628   628 I Layer   : id=624765 Destroyed Surface(name=cc3f67a StatusBar)/@0x6cfa557 - animation-leash of insets_animation#1
08-07 17:53:23.895   628   628 I Layer   : id=624766 Destroyed Surface(name=5b03b71 NavigationBar0)/@0xbaf262 - animation-leash of insets_animation#1
08-07 17:53:23.896  7881  7881 D LifecycleMonitor: Lifecycle status change: androidx.test.core.app.InstrumentationActivityInvoker$BootstrapActivity@b5171c4 in: RESUMED
08-07 17:53:23.896  1411  1826 I ViewRootImpl@95abb0d[lunchtray]: Resizing android.view.ViewRootImpl@84fb09: frame=[0,0][1080,2280] reportDraw=false forceLayout=false backDropFrame=Rect(0, 0 - 1080, 2280)
08-07 17:53:23.896  1411  1558 I ViewRootImpl@95abb0d[lunchtray]: handleResized, msg = 4 frames=ClientWindowFrames{frame=[0,0][1080,2280] display=[0,0][1080,2280] backdrop=[0,0][1080,2280]} forceNextWindowRelayout=false displayId=0 frameChanged=false backdropFrameChanged=false configChanged=false displayChanged=false mNextDrawUseBlastSync=false mergedConfiguration={mGlobalConfig={1.1 450mcc8mnc [ko_KR,en_US] ldltr sw411dp w411dp h777dp 420dpi nrml long port finger -keyb/v/h -nav/h winConfig={ mBounds=Rect(0, 0 - 1080, 2280) mAppBounds=Rect(0, 112 - 1080, 2154) mMaxBounds=Rect(0, 0 - 1080, 2280) mWindowingMode=fullscreen mDisplayWindowingMode=fullscreen mActivityType=undefined mAlwaysOnTop=undefined mRotation=ROTATION_0 mPopOver=undefined mFreeformTaskPinningState=undefined} as.76 s.53109 fontWeightAdjustment=0 ff=0 bf=0 bts=0 desktop/d dm/n ?dc ?dcui ?dcaf enb/d themeSeq=0} mOverrideConfig={1.1 450mcc8mnc [ko_KR,en_US] ldltr sw411dp w411dp h777dp 420dpi nrml long port finger -keyb/v/h -nav/h winConfig={ mBounds=Rect(0, 0 - 1080, 2280) mAppBounds=Rect(0, 112 - 1080, 2154) mMaxBounds=Rect(0, 0 - 1080, 2280) mWindowingMode=fullscreen mDisplayWindowingMode=fullscreen mActivityType=standard mAlwaysOnTop=undefined mRotation=ROTATION_0 mPopOver=off mFreeformTaskPinningState=unpinned} as.76 s.1 fontWeightAdjustment=0 ff=0 bf=0 bts=0 desktop/d dm/n dc/d ?dcui ?dcaf enb/d themeSeq=0}}
08-07 17:53:23.896  7881  7881 V ActivityScenario: Activity lifecycle changed event received but ignored because the intent does not match. startActivityIntent=Intent { act=android.intent.action.MAIN cat=[android.intent.category.LAUNCHER] cmp=com.example.lunchtray/.MainActivity }, activity.getIntent()=Intent { act=android.intent.action.MAIN cat=[android.intent.category.LAUNCHER] flg=0x10008000 cmp=com.example.lunchtray/androidx.test.core.app.InstrumentationActivityInvoker$BootstrapActivity (has extras) }, activity=androidx.test.core.app.InstrumentationActivityInvoker$BootstrapActivity@b5171c4
08-07 17:53:23.896  7881  7881 V ActivityScenario: Activity lifecycle changed event received but ignored because the intent does not match. startActivityIntent=Intent { act=android.intent.action.MAIN cat=[android.intent.category.LAUNCHER] cmp=com.example.lunchtray/.MainActivity }, activity.getIntent()=Intent { act=android.intent.action.MAIN cat=[android.intent.category.LAUNCHER] flg=0x10008000 cmp=com.example.lunchtray/androidx.test.core.app.InstrumentationActivityInvoker$BootstrapActivity (has extras) }, activity=androidx.test.core.app.InstrumentationActivityInvoker$BootstrapActivity@b5171c4
08-07 17:53:23.896  7881  7881 V ActivityScenario: Activity lifecycle changed event received but ignored because the intent does not match. startActivityIntent=Intent { act=android.intent.action.MAIN cat=[android.intent.category.LAUNCHER] cmp=com.example.lunchtray/.MainActivity }, activity.getIntent()=Intent { act=android.intent.action.MAIN cat=[android.intent.category.LAUNCHER] flg=0x10008000 cmp=com.example.lunchtray/androidx.test.core.app.InstrumentationActivityInvoker$BootstrapActivity (has extras) }, activity=androidx.test.core.app.InstrumentationActivityInvoker$BootstrapActivity@b5171c4
08-07 17:53:23.896  7881  7881 V ActivityScenario: Activity lifecycle changed event received but ignored because the intent does not match. startActivityIntent=Intent { act=android.intent.action.MAIN cat=[android.intent.category.LAUNCHER] cmp=com.example.lunchtray/.MainActivity }, activity.getIntent()=Intent { act=android.intent.action.MAIN cat=[android.intent.category.LAUNCHER] flg=0x10008000 cmp=com.example.lunchtray/androidx.test.core.app.InstrumentationActivityInvoker$BootstrapActivity (has extras) }, activity=androidx.test.core.app.InstrumentationActivityInvoker$BootstrapActivity@b5171c4
08-07 17:53:23.897  7881  7881 V ActivityScenario: Activity lifecycle changed event received but ignored because the intent does not match. startActivityIntent=Intent { act=android.intent.action.MAIN cat=[android.intent.category.LAUNCHER] cmp=com.example.lunchtray/.MainActivity }, activity.getIntent()=Intent { act=android.intent.action.MAIN cat=[android.intent.category.LAUNCHER] flg=0x10008000 cmp=com.example.lunchtray/androidx.test.core.app.InstrumentationActivityInvoker$BootstrapActivity (has extras) }, activity=androidx.test.core.app.InstrumentationActivityInvoker$BootstrapActivity@b5171c4
08-07 17:53:23.897  7881  7881 V ActivityScenario: Activity lifecycle changed event received but ignored because the intent does not match. startActivityIntent=Intent { act=android.intent.action.MAIN cat=[android.intent.category.LAUNCHER] cmp=com.example.lunchtray/androidx.fragment.app.testing.FragmentScenario$EmptyFragmentActivity (has extras) }, activity.getIntent()=Intent { act=android.intent.action.MAIN cat=[android.intent.category.LAUNCHER] flg=0x10008000 cmp=com.example.lunchtray/androidx.test.core.app.InstrumentationActivityInvoker$BootstrapActivity (has extras) }, activity=androidx.test.core.app.InstrumentationActivityInvoker$BootstrapActivity@b5171c4
08-07 17:53:23.897  7881  7881 V ActivityScenario: Activity lifecycle changed event received but ignored because the intent does not match. startActivityIntent=Intent { act=android.intent.action.MAIN cat=[android.intent.category.LAUNCHER] cmp=com.example.lunchtray/.MainActivity }, activity.getIntent()=Intent { act=android.intent.action.MAIN cat=[android.intent.category.LAUNCHER] flg=0x10008000 cmp=com.example.lunchtray/androidx.test.core.app.InstrumentationActivityInvoker$BootstrapActivity (has extras) }, activity=androidx.test.core.app.InstrumentationActivityInvoker$BootstrapActivity@b5171c4
08-07 17:53:23.899 24757 25275 I SAMSUNGWALLET: [Hint_ProcessStatusChange] fg Change, pid : 7881 , isNotify : true , isForeground : true , fg list : [2001, 7881]
08-07 17:53:23.900  7881  7881 D LifecycleMonitor: Lifecycle status change: androidx.test.core.app.InstrumentationActivityInvoker$BootstrapActivity@b5171c4 in: PAUSED
08-07 17:53:23.900  7881  7881 V ActivityScenario: Activity lifecycle changed event received but ignored because the intent does not match. startActivityIntent=Intent { act=android.intent.action.MAIN cat=[android.intent.category.LAUNCHER] cmp=com.example.lunchtray/.MainActivity }, activity.getIntent()=Intent { act=android.intent.action.MAIN cat=[android.intent.category.LAUNCHER] flg=0x10008000 cmp=com.example.lunchtray/androidx.test.core.app.InstrumentationActivityInvoker$BootstrapActivity (has extras) }, activity=androidx.test.core.app.InstrumentationActivityInvoker$BootstrapActivity@b5171c4
08-07 17:53:23.901  7881  7881 V ActivityScenario: Activity lifecycle changed event received but ignored because the intent does not match. startActivityIntent=Intent { act=android.intent.action.MAIN cat=[android.intent.category.LAUNCHER] cmp=com.example.lunchtray/.MainActivity }, activity.getIntent()=Intent { act=android.intent.action.MAIN cat=[android.intent.category.LAUNCHER] flg=0x10008000 cmp=com.example.lunchtray/androidx.test.core.app.InstrumentationActivityInvoker$BootstrapActivity (has extras) }, activity=androidx.test.core.app.InstrumentationActivityInvoker$BootstrapActivity@b5171c4
08-07 17:53:23.900  1411  1411 D NavigationBar: onSystemBarAttributesChanged() -  displayId:0, appearance:0, navbarColorManagedByIme:false
08-07 17:53:23.901 24757 25074 I SAMSUNGWALLET: [ResetData] getSAResetDialogFlag : false
08-07 17:53:23.901  1411  1411 V Navbar.Store: handleEvent [EventType] GET_BOOL_REGION_SAMPLING_ENABLED [Module] LightBarController  KEYS_DEFAULT=false
08-07 17:53:23.901  1411  1411 V Navbar.Store: --[Band]COLOR_PACK_GET_REGION_SAMPLING_ENABLED
08-07 17:53:23.901   952  1034 D EnterpriseDeviceManagerService: isMdmAdminPresentInternal() : MDM Admin Found - com.samsung.knox.securefolder
08-07 17:53:23.901  1411  1411 V Navbar.Store: ----getValue(BOOL_REGION_SAMPLING_ENABLED)=false
08-07 17:53:23.901  7881  7881 V ActivityScenario: Activity lifecycle changed event received but ignored because the intent does not match. startActivityIntent=Intent { act=android.intent.action.MAIN cat=[android.intent.category.LAUNCHER] cmp=com.example.lunchtray/.MainActivity }, activity.getIntent()=Intent { act=android.intent.action.MAIN cat=[android.intent.category.LAUNCHER] flg=0x10008000 cmp=com.example.lunchtray/androidx.test.core.app.InstrumentationActivityInvoker$BootstrapActivity (has extras) }, activity=androidx.test.core.app.InstrumentationActivityInvoker$BootstrapActivity@b5171c4
08-07 17:53:23.901  7881  7881 V ActivityScenario: Activity lifecycle changed event received but ignored because the intent does not match. startActivityIntent=Intent { act=android.intent.action.MAIN cat=[android.intent.category.LAUNCHER] cmp=com.example.lunchtray/.MainActivity }, activity.getIntent()=Intent { act=android.intent.action.MAIN cat=[android.intent.category.LAUNCHER] flg=0x10008000 cmp=com.example.lunchtray/androidx.test.core.app.InstrumentationActivityInvoker$BootstrapActivity (has extras) }, activity=androidx.test.core.app.InstrumentationActivityInvoker$BootstrapActivity@b5171c4
08-07 17:53:23.902  7881  7881 V ActivityScenario: Activity lifecycle changed event received but ignored because the intent does not match. startActivityIntent=Intent { act=android.intent.action.MAIN cat=[android.intent.category.LAUNCHER] cmp=com.example.lunchtray/.MainActivity }, activity.getIntent()=Intent { act=android.intent.action.MAIN cat=[android.intent.category.LAUNCHER] flg=0x10008000 cmp=com.example.lunchtray/androidx.test.core.app.InstrumentationActivityInvoker$BootstrapActivity (has extras) }, activity=androidx.test.core.app.InstrumentationActivityInvoker$BootstrapActivity@b5171c4
08-07 17:53:23.902  7881  7881 V ActivityScenario: Activity lifecycle changed event received but ignored because the intent does not match. startActivityIntent=Intent { act=android.intent.action.MAIN cat=[android.intent.category.LAUNCHER] cmp=com.example.lunchtray/androidx.fragment.app.testing.FragmentScenario$EmptyFragmentActivity (has extras) }, activity.getIntent()=Intent { act=android.intent.action.MAIN cat=[android.intent.category.LAUNCHER] flg=0x10008000 cmp=com.example.lunchtray/androidx.test.core.app.InstrumentationActivityInvoker$BootstrapActivity (has extras) }, activity=androidx.test.core.app.InstrumentationActivityInvoker$BootstrapActivity@b5171c4
08-07 17:53:23.902 24757 25074 I SAMSUNGWALLET: [Hint_bxa] isHomePackageRunning topPkgName = com.example.lunchtray, topClsName = androidx.test.core.app.InstrumentationActivityInvoker$BootstrapActivity, return false , se : false
08-07 17:53:23.902  7881  7881 V ActivityScenario: Activity lifecycle changed event received but ignored because the intent does not match. startActivityIntent=Intent { act=android.intent.action.MAIN cat=[android.intent.category.LAUNCHER] cmp=com.example.lunchtray/.MainActivity }, activity.getIntent()=Intent { act=android.intent.action.MAIN cat=[android.intent.category.LAUNCHER] flg=0x10008000 cmp=com.example.lunchtray/androidx.test.core.app.InstrumentationActivityInvoker$BootstrapActivity (has extras) }, activity=androidx.test.core.app.InstrumentationActivityInvoker$BootstrapActivity@b5171c4
08-07 17:53:23.903 24757 24757 I SAMSUNGWALLET: [Hint_PayHintService] Hint Status - HIDE : Home Package Not Running
08-07 17:53:23.903 24757 24757 I SemUiSupportService: getWindowAttributes()
08-07 17:53:23.903  2001  4884 I TouchInteractionService: onSystemUiStateChanged, stateFlags : 131072
08-07 17:53:23.903  2001  2001 I TouchInteractionService: onSystemUiFlagsChanged, userUnlocked
08-07 17:53:23.904  1411  1411 D SecLightBarControlHelper: updateStatus(WHITE icon) NumLightStacks:0, NumStacks:1, IndexLightStack:-1, StatusBarMode:0, StatusBarState:SHD, NeedDarkFontFromWallpaper:false, isWhiteKeyguardStatusBarBySettings:false
08-07 17:53:23.905   952  3348 D InputDispatcher: Focused application set to (0): 8945330
08-07 17:53:23.909  8085  8085 I Utils   : HomePackage : com.sec.android.app.launcher, resumePackageName : com.example.lunchtray
08-07 17:53:23.909   952  2595 I MediaSessionMonitor: Media session stopped : controllerList empty
08-07 17:53:23.910   952  2550 W NetlinkSocket: maximum read
08-07 17:53:23.913   952  3348 V WindowManager: Relayout Window{82f2704 u0 com.samsung.android.spay.pay.HintService}: viewVisibility=8 req=521x63 d0
08-07 17:53:23.916   952  3348 V WindowManager: Relayout hash=82f2704, pid=24757: mAttrs={(0,0)(521x63) gr=BOTTOM CENTER sim={adjust=pan} layoutInDisplayCutoutMode=shortEdges ty=NAVIGATION_BAR_PANEL fmt=TRANSLUCENT
08-07 17:53:23.916   952  3348 V WindowManager:   fl=1800308
08-07 17:53:23.916   952  3348 V WindowManager:   pfl=12000000
08-07 17:53:23.916   952  3348 V WindowManager:   bhv=DEFAULT
08-07 17:53:23.916   952  3348 V WindowManager:   fitTypes=NAVIGATION_BARS
08-07 17:53:23.916   952  3348 V WindowManager:   fitSides=LEFT RIGHT naviIconColor=0}
08-07 17:53:23.916  7881  7881 D LifecycleMonitor: Lifecycle status change: com.example.lunchtray.MainActivity@4a6513a in: PRE_ON_CREATE
08-07 17:53:23.916  7881  7881 V ActivityScenario: Activity lifecycle changed event received but ignored because the reported transition was not ON_CREATE while the last known transition was DESTROYED
08-07 17:53:23.917  7881  7881 V ActivityScenario: Activity lifecycle changed event received but ignored because the reported transition was not ON_CREATE while the last known transition was DESTROYED
08-07 17:53:23.917 24757 24757 I ViewRootImpl@2325f75[HintService]: Relayout returned: old=(279,2217,800,2280) new=(279,2217,800,2280) req=(521,63)8 dur=3 res=0x5 s={false 0} ch=true fn=2
08-07 17:53:23.917  7881  7881 V ActivityScenario: Activity lifecycle changed event received but ignored because the reported transition was not ON_CREATE while the last known transition was DESTROYED
08-07 17:53:23.917   952  2550 W NetlinkSocket: maximum read
08-07 17:53:23.918  7881  7881 V ActivityScenario: Activity lifecycle changed event received but ignored because the reported transition was not ON_CREATE while the last known transition was DESTROYED
08-07 17:53:23.918  7881  7881 V ActivityScenario: Activity lifecycle changed event received but ignored because the reported transition was not ON_CREATE while the last known transition was DESTROYED
08-07 17:53:23.919   952  1034 I SemPersonaManager: SecureFolder personaId = 150
08-07 17:53:23.919  7881  7881 V ActivityScenario: Activity lifecycle changed event received but ignored because the intent does not match. startActivityIntent=Intent { act=android.intent.action.MAIN cat=[android.intent.category.LAUNCHER] cmp=com.example.lunchtray/androidx.fragment.app.testing.FragmentScenario$EmptyFragmentActivity (has extras) }, activity.getIntent()=Intent { act=android.intent.action.MAIN cat=[android.intent.category.LAUNCHER] cmp=com.example.lunchtray/.MainActivity }, activity=com.example.lunchtray.MainActivity@4a6513a
08-07 17:53:23.919  7881  7881 V ActivityScenario: Activity lifecycle changed event received but ignored because the reported transition was not ON_CREATE while the last known transition was PRE_ON_CREATE
08-07 17:53:23.921   952  3348 V WindowManager: Relayout Window{13616e6 u0 NotificationShade}: viewVisibility=4 req=1080x2280 d0
08-07 17:53:23.923   952  3348 V WindowManager: Relayout hash=13616e6, pid=1411: mAttrs={(0,0)(fillxfill) gr=TOP CENTER_VERTICAL sim={adjust=resize} layoutInDisplayCutoutMode=always ty=2040 fmt=TRANSLUCENT
08-07 17:53:23.923   952  3348 V WindowManager:   fl=81840048
08-07 17:53:23.923   952  3348 V WindowManager:   pfl=1b000000
08-07 17:53:23.923   952  3348 V WindowManager:   bhv=SHOW_TRANSIENT_BARS_BY_SWIPE naviIconColor=0
08-07 17:53:23.923   952  3348 V WindowManager:   sfl=42000}
08-07 17:53:23.924  1411  1411 I ViewRootImpl@edc7ce0[NotificationShade]: Relayout returned: old=(0,0,1080,2280) new=(0,0,1080,2280) req=(1080,2280)4 dur=2 res=0x1 s={false 0} ch=false fn=-1
08-07 17:53:23.927   628   628 I Layer   : id=624772 removeFromCurrentState com.samsung.android.spay.pay.HintService$_24757#0 (132)
08-07 17:53:23.928  1411  1411 D KeyguardBottomAreaShortcutView: updateCameraVisibility isCameraDisabled:false visible:true
08-07 17:53:23.928   628   628 I SurfaceFlinger: id=624772 Removed com.samsung.android.spay.pay.HintService$_24757#0 (132)
08-07 17:53:23.928  1411  1411 D KeyguardUsimTextView: updateText(simState): READY
08-07 17:53:23.928  1411  1411 D KeyguardBottomAreaShortcutView: mIndicationArea margin start : 163, end : 163, bottom : 405
08-07 17:53:23.929  1411  1411 D QS      : setQSExpansion 0.0 -118.475
08-07 17:53:23.929  1411  1411 D QS      : setQSExpansion 0.0 -118.475
08-07 17:53:23.930   628   628 I Layer   : id=624772 Destroyed com.samsung.android.spay.pay.HintService$_24757#0
08-07 17:53:23.930  1411  1411 D MediaControlPanel: mActionButtonNumCollapsed = 3, mActionButtonNumExpand = 4
08-07 17:53:23.931  7881  7881 I DecorView: [INFO] isPopOver=false, config=true
08-07 17:53:23.931  7881  7881 I DecorView: updateCaptionType >> DecorView@2d02fa7[], isFloating=false, isApplication=true, hasWindowControllerCallback=true, hasWindowDecorCaption=false
08-07 17:53:23.931  7881  7881 D DecorView: setCaptionType = 0, this = DecorView@2d02fa7[]
08-07 17:53:23.932  7881  7881 I DecorView: getCurrentDensityDpi: from real metrics. densityDpi=420 msg=resources_loaded
08-07 17:53:23.932  1411  1411 D IndicatorGardenInputProperty: updateRotation() prv:-1 >> new:0
08-07 17:53:23.932  1411  1411 D DeviceState: getDeviceResolutionPixelSize - currentDensity = 420 deviceDensity = 420 initialDisplaySizeFactor = 1440 currentDisplaySizeFactor = 1080 initialDisplayDensity = 560 proportionalDensity = 420 proportionalPixel = 66
08-07 17:53:23.932  1411  1411 D DeviceState: getDeviceResolutionPixelSize - currentDensity = 420 deviceDensity = 420 initialDisplaySizeFactor = 1440 currentDisplaySizeFactor = 1080 initialDisplayDensity = 560 proportionalDensity = 420 proportionalPixel = 27
08-07 17:53:23.932  1411  1411 D DeviceState: getDeviceResolutionPixelSize - currentDensity = 420 deviceDensity = 420 initialDisplaySizeFactor = 1440 currentDisplaySizeFactor = 1080 initialDisplayDensity = 560 proportionalDensity = 420 proportionalPixel = 24
08-07 17:53:23.932   628   628 D SurfaceFlinger: Display 0 HWC layers:
08-07 17:53:23.932   628   628 D SurfaceFlinger:      DEVICE | 0x78e3e0a3d0 | 0100 | RGBx_8888    |   50.0    0.0 1130.0 2280.0 |    0    0 1080 2280 | Wallpaper BBQ wrapper#0
08-07 17:53:23.932   628   628 D SurfaceFlinger:      DEVICE | 0x78e3e0c7d0 | 0100 | RGBA_8888    |    0.0    0.0 1080.0 2280.0 |    0    0 1080 2280 | com.sec.android.app.launcher/com.sec[...].activities.LauncherActivity$_2001#0
08-07 17:53:23.932   628   628 D SurfaceFlinger:      DEVICE | 0x78e3e16550 | 0100 | RGBA_8888    |    0.0    0.0 1080.0 2280.0 |   75  159 1005 2121 | Splash Screen com.example.lunchtray$_1411#0
