08-07 17:53:15.984   952  1207 I InputDispatcher: Delivering touch to (7881): action: 0x0, f=0x0, d=0, '935aed4', t=0
08-07 17:53:15.985  7881  7881 I ViewRootImpl@8fb427c[MainActivity]: ViewPostIme pointer 0
08-07 17:53:15.986   952  1032 I GestureDetector: obtain mCurrentDownEvent. id: -980723559 caller: com.android.server.wm.SystemGesturesPointerEventListener.onPointerEvent:179 com.android.server.wm.PointerEventDispatcher.onInputEvent:71 android.view.InputEventReceiver.dispatchInputEvent:259
08-07 17:53:15.986   952  1032 I GestureDetector: obtain mCurrentDownEvent. id: -980723559 caller: com.android.server.wm.SystemPerformancePointerEventListener.onPointerEvent:89 com.android.server.wm.PointerEventDispatcher.onInputEvent:71 android.view.InputEventReceiver.dispatchInputEvent:259
08-07 17:53:15.987  3311  3311 I SemDvfsHyPerManager: acquire hyper - BaseTABoost/3311@22, type = 1090523139
08-07 17:53:15.987  3311  3311 I SemDvfsHyPerManager: acquire hyper - BaseTAToouchBoost/3311@24, type = 1090523139
08-07 17:53:15.987   568   614 I HYPER-HAL: [RequestManager.cpp]acquire(): Acquired ID : 5556133  [3311 / 22]    HINT :      list : [TABoost / 5]
08-07 17:53:15.987   568   614 I HYPER-HAL: [RequestManager.cpp]acquire(): Acquired ID : 5562804  [3311 / 24]    HINT :      list : [TABoost / 20] [TIMEOUT / 1500]
08-07 17:53:15.991   628   628 E SurfaceFlinger: Attempt to update InputPolicyFlags without permission ACCESS_SURFACE_FLINGER
08-07 17:53:16.008   628   628 E SurfaceFlinger: Attempt to update InputPolicyFlags without permission ACCESS_SURFACE_FLINGER
08-07 17:53:16.022   952  3366 D InputDispatcher: Inject motion (7881): action=0x1, time=2262189331000000, f=0x0, d=0
08-07 17:53:16.023   952  1207 I InputDispatcher: Delivering touch to (7881): action: 0x1, f=0x0, d=0, '935aed4', t=1
08-07 17:53:16.023  7881  7881 I ViewRootImpl@8fb427c[MainActivity]: ViewPostIme pointer 1
08-07 17:53:16.024   952  1032 I GestureDetector: obtain mCurrentMotionEventRaw. action: 1 id: -1044789915
08-07 17:53:16.024   952  1032 I GestureDetector: obtain mCurrentMotionEventRaw. action: 1 id: -1044789915
08-07 17:53:16.025   628   628 E SurfaceFlinger: Attempt to update InputPolicyFlags without permission ACCESS_SURFACE_FLINGER
08-07 17:53:16.041   628   628 E SurfaceFlinger: Attempt to update InputPolicyFlags without permission ACCESS_SURFACE_FLINGER
08-07 17:53:16.043  7881  7881 D ScrollView: initGoToTop
08-07 17:53:16.058   628   628 E SurfaceFlinger: Attempt to update InputPolicyFlags without permission ACCESS_SURFACE_FLINGER
08-07 17:53:16.076  7881  7881 D ScrollView:  onsize change changed
08-07 17:53:16.092   628   628 E SurfaceFlinger: Attempt to update InputPolicyFlags without permission ACCESS_SURFACE_FLINGER
08-07 17:53:16.108   628   628 E SurfaceFlinger: Attempt to update InputPolicyFlags without permission ACCESS_SURFACE_FLINGER
08-07 17:53:16.208  1411  1411 D NetworkController.WifiSignalController: notifyListener: visible=true, enabled=true, connected=true, inetCondition=1, isDefault=true, receivedCR=true, receivedIC=-1, shouldForceHide=false, emptyConnected=false
08-07 17:53:16.286   952   952 I GestureDetector: handleMessage TAP
08-07 17:53:16.286   952  1032 I GestureDetector: handleMessage TAP
08-07 17:53:16.304  7881  7881 I ViewInteraction: Performing 'single click' action on view view.getId() is <2131231216/com.example.lunchtray:id/submit_button>
08-07 17:53:16.306   952  3370 D InputDispatcher: Inject motion (7881): action=0x0, time=2262189615000000, f=0x0, d=0
08-07 17:53:16.307   952  1207 I InputDispatcher: Delivering touch to (1411): action: 0x4, f=0x0, d=0, '5b03b71', t=0
08-07 17:53:16.307   952  1207 I InputDispatcher: Delivering touch to (7881): action: 0x0, f=0x0, d=0, '935aed4', t=0
08-07 17:53:16.308  7881  7881 I ViewRootImpl@8fb427c[MainActivity]: ViewPostIme pointer 0
08-07 17:53:16.308   952  1032 I GestureDetector: obtain mCurrentDownEvent. id: -315488290 caller: com.android.server.wm.SystemGesturesPointerEventListener.onPointerEvent:179 com.android.server.wm.PointerEventDispatcher.onInputEvent:71 android.view.InputEventReceiver.dispatchInputEvent:259
08-07 17:53:16.309   952  1032 I GestureDetector: obtain mCurrentDownEvent. id: -315488290 caller: com.android.server.wm.SystemPerformancePointerEventListener.onPointerEvent:89 com.android.server.wm.PointerEventDispatcher.onInputEvent:71 android.view.InputEventReceiver.dispatchInputEvent:259
08-07 17:53:16.310  3311  3311 I SemDvfsHyPerManager: acquire hyper - BaseTABoost/3311@22, type = 1090523139
08-07 17:53:16.310  3311  3311 I SemDvfsHyPerManager: acquire hyper - BaseTAToouchBoost/3311@24, type = 1090523139
08-07 17:53:16.311   568   614 I HYPER-HAL: [RequestManager.cpp]acquire(): Acquired ID : 5556133  [3311 / 22]    HINT :      list : [TABoost / 5]
08-07 17:53:16.311   568   614 I HYPER-HAL: [RequestManager.cpp]acquire(): Acquired ID : 5562804  [3311 / 24]    HINT :      list : [TABoost / 20] [TIMEOUT / 1500]
08-07 17:53:16.346   952  3370 D InputDispatcher: Inject motion (7881): action=0x1, time=2262189655000000, f=0x0, d=0
08-07 17:53:16.347   952  1207 I InputDispatcher: Delivering touch to (7881): action: 0x1, f=0x0, d=0, '935aed4', t=1
08-07 17:53:16.348  7881  7881 I ViewRootImpl@8fb427c[MainActivity]: ViewPostIme pointer 1
08-07 17:53:16.348   952  1032 I GestureDetector: obtain mCurrentMotionEventRaw. action: 1 id: -229794250
08-07 17:53:16.349   952  1032 I GestureDetector: obtain mCurrentMotionEventRaw. action: 1 id: -229794250
08-07 17:53:16.376   628   628 E SurfaceFlinger: Attempt to update InputPolicyFlags without permission ACCESS_SURFACE_FLINGER
08-07 17:53:16.393   628   628 E SurfaceFlinger: Attempt to update InputPolicyFlags without permission ACCESS_SURFACE_FLINGER
08-07 17:53:16.409   628   628 E SurfaceFlinger: Attempt to update InputPolicyFlags without permission ACCESS_SURFACE_FLINGER
08-07 17:53:16.414   952  3370 V WindowManager: Relayout Window{935aed4 u0 com.example.lunchtray/com.example.lunchtray.MainActivity}: viewVisibility=0 req=1080x2280 d0
08-07 17:53:16.417   952  3370 V WindowManager: Relayout hash=935aed4, pid=7881: mAttrs={(0,0)(fillxfill) sim={adjust=pan} ty=BASE_APPLICATION wanim=0x1030303
08-07 17:53:16.417   952  3370 V WindowManager:   fl=81810100
08-07 17:53:16.417   952  3370 V WindowManager:   pfl=12020040
08-07 17:53:16.417   952  3370 V WindowManager:   apr=LIGHT_NAVIGATION_BARS
08-07 17:53:16.417   952  3370 V WindowManager:   bhv=DEFAULT
08-07 17:53:16.417   952  3370 V WindowManager:   fitSides= naviIconColor=0
08-07 17:53:16.417   952  3370 V WindowManager:   sfl=100000}
08-07 17:53:16.419  7881  7881 I ViewRootImpl@8fb427c[MainActivity]: Relayout returned: old=(0,0,1080,2280) new=(0,0,1080,2280) req=(1080,2280)0 dur=6 res=0x1 s={true 512217371536} ch=false fn=79
08-07 17:53:16.426   628   628 E SurfaceFlinger: Attempt to update InputPolicyFlags without permission ACCESS_SURFACE_FLINGER
08-07 17:53:16.443   628   628 E SurfaceFlinger: Attempt to update InputPolicyFlags without permission ACCESS_SURFACE_FLINGER
08-07 17:53:16.460   628   628 E SurfaceFlinger: Attempt to update InputPolicyFlags without permission ACCESS_SURFACE_FLINGER
08-07 17:53:16.477   628   628 E SurfaceFlinger: Attempt to update InputPolicyFlags without permission ACCESS_SURFACE_FLINGER
08-07 17:53:16.493   628   628 E SurfaceFlinger: Attempt to update InputPolicyFlags without permission ACCESS_SURFACE_FLINGER
08-07 17:53:16.510   628   628 E SurfaceFlinger: Attempt to update InputPolicyFlags without permission ACCESS_SURFACE_FLINGER
08-07 17:53:16.527   628   628 E SurfaceFlinger: Attempt to update InputPolicyFlags without permission ACCESS_SURFACE_FLINGER
08-07 17:53:16.544   628   628 E SurfaceFlinger: Attempt to update InputPolicyFlags without permission ACCESS_SURFACE_FLINGER
08-07 17:53:16.561   628   628 E SurfaceFlinger: Attempt to update InputPolicyFlags without permission ACCESS_SURFACE_FLINGER
08-07 17:53:16.577   628   628 E SurfaceFlinger: Attempt to update InputPolicyFlags without permission ACCESS_SURFACE_FLINGER
08-07 17:53:16.594   628   628 E SurfaceFlinger: Attempt to update InputPolicyFlags without permission ACCESS_SURFACE_FLINGER
08-07 17:53:16.608   952  1032 I GestureDetector: handleMessage TAP
08-07 17:53:16.608   952   952 I GestureDetector: handleMessage TAP
08-07 17:53:16.650  7881  7881 I ViewInteraction: Checking 'MatchesViewAssertion{viewMatcher=(view has effective visibility <VISIBLE> and view.getGlobalVisibleRect() to return non-empty rectangle)}' assertion on view an instance of android.widget.TextView and view.getText() with or without transformation to match: a string containing "Order Submitted!"
08-07 17:53:16.651  7881  7906 I TestRunner: finished: order_snackbar(com.example.lunchtray.OrderFunctionalityTests)
